Reading timing models for corner nom_tt_025C_1v80…
Reading timing library for the 'nom_tt_025C_1v80' corner at '/home/naghul/.ciel/ciel/sky130/versions/8afc8346a57fe1ab7934ba5a6056ea8b43078e71/sky130A/libs.ref/sky130_fd_sc_hd/lib/sky130_fd_sc_hd__tt_025C_1v80.lib'…
Reading OpenROAD database at '/home/naghul/vlsi/projects/alu_pd/runs/RUN_2026-08-01_18-08-22/48-odb-reportdisconnectedpins/ALU.odb'…
Reading design constraints file at '/nix/store/ffl2vg3m80k0p74pyffnmai83fnv38mf-python3-3.13.9-env/lib/python3.13/site-packages/librelane/scripts/base.sdc'…
[WARNING STA-0366] port '__VIRTUAL_CLK__' not found.
[INFO] Using clock __VIRTUAL_CLK__…
[INFO] Setting output delay to: 2
[INFO] Setting input delay to: 2
[WARNING STA-0366] port '__VIRTUAL_CLK__' not found.
[INFO] Setting load to: 0.033442
[INFO] Setting clock uncertainty to: 0.25
[INFO] Setting clock transition to: 0.1499999999999999944488848768742172978818416595458984375
[WARNING STA-0419] transition time can not be specified for virtual clocks.
[INFO] Setting timing derate to: 5%
[WARNING STA-0450] virtual clock __VIRTUAL_CLK__ can not be propagated.
sky130_fd_sc_hd__decap_3 sky130_fd_sc_hd__fill_2 sky130_fd_sc_hd__fill_1
[INFO DPL-0001] Placed 2503 filler instances.
Setting global connections for newly added cells…
[INFO] Setting global connections...
[INFO ODB-0403] 10012 connections made, 0 conflicts skipped.
Updating metrics…
Cell type report:                       Count       Area
  Fill cell                              2609    8568.22
  Tap cell                                302     377.86
  Timing Repair Buffer                    304    2782.67
  Inverter                                 27     103.85
  Multi-Input combinational cell          831    8923.56
  Total                                  4073   20756.16
Writing OpenROAD database to '/home/naghul/vlsi/projects/alu_pd/runs/RUN_2026-08-01_18-08-22/52-openroad-fillinsertion/ALU.odb'…
Writing netlist to '/home/naghul/vlsi/projects/alu_pd/runs/RUN_2026-08-01_18-08-22/52-openroad-fillinsertion/ALU.nl.v'…
Writing powered netlist to '/home/naghul/vlsi/projects/alu_pd/runs/RUN_2026-08-01_18-08-22/52-openroad-fillinsertion/ALU.pnl.v'…
Writing layout to '/home/naghul/vlsi/projects/alu_pd/runs/RUN_2026-08-01_18-08-22/52-openroad-fillinsertion/ALU.def'…
Writing timing constraints to '/home/naghul/vlsi/projects/alu_pd/runs/RUN_2026-08-01_18-08-22/52-openroad-fillinsertion/ALU.sdc'…
