Clock: clk
Sources: clk 
Generated: no
Virtual: no
Propagated: no
Period: 10.000000

===========================================================================
report_clock_properties
============================================================================
Clock                   Period          Waveform
----------------------------------------------------
clk                  10.000000    0.000000  5.000000

===========================================================================
report_clock_latency
============================================================================
Clock clk
rise -> rise
    min     max
0.000000 0.000000 source latency
4.678248         network latency _5048_/CLK
        4.678248 network latency _5048_/CLK
---------------
4.678248 4.678248 latency
        0.000000 skew

fall -> fall
    min     max
0.000000 0.000000 source latency
1.978891         network latency _5048_/CLK
        1.978891 network latency _5048_/CLK
---------------
1.978891 1.978891 latency
        0.000000 skew



===========================================================================
report_clock_min_period
============================================================================
clk period_min = 0.00 fmax = inf
