
===========================================================================
 report_power
============================================================================
======================= nom_ff_n40C_1v95 Corner ===================================

Group                    Internal    Switching      Leakage        Total
                            Power        Power        Power        Power (Watts)
------------------------------------------------------------------------
Sequential           4.842430e-03 1.623737e-05 2.108031e-08 4.858688e-03  88.6%
Combinational        4.250626e-04 2.006407e-04 3.021451e-08 6.257335e-04  11.4%
Clock                0.000000e+00 0.000000e+00 0.000000e+00 0.000000e+00   0.0%
Macro                0.000000e+00 0.000000e+00 0.000000e+00 0.000000e+00   0.0%
Pad                  0.000000e+00 0.000000e+00 0.000000e+00 0.000000e+00   0.0%
------------------------------------------------------------------------
Total                5.267505e-03 2.168797e-04 5.129546e-08 5.484436e-03 100.0%
                            96.0%         4.0%         0.0%

