
===========================================================================
report_checks -unconstrained
===========================================================================
======================= max_tt_025C_1v80 Corner ===================================

Startpoint: control[0] (input port clocked by __VIRTUAL_CLK__)
Endpoint: zero (output port clocked by __VIRTUAL_CLK__)
Path Group: __VIRTUAL_CLK__
Path Type: max

Fanout         Cap        Slew       Delay        Time   Description
---------------------------------------------------------------------------------------------
                      0.000000    0.000000    0.000000   clock __VIRTUAL_CLK__ (rise edge)
                                  0.000000    0.000000   clock network delay (ideal)
                                  2.000000    2.000000 ^ input external delay
     1    0.003219    0.021543    0.011831    2.011831 ^ control[0] (in)
                                                         control[0] (net)
                      0.021551    0.000000    2.011831 ^ input65/A (sky130_fd_sc_hd__clkdlybuf4s25_1)
     5    0.021539    0.222721    0.363386    2.375217 ^ input65/X (sky130_fd_sc_hd__clkdlybuf4s25_1)
                                                         net65 (net)
                      0.222733    0.001841    2.377057 ^ fanout156/A (sky130_fd_sc_hd__buf_4)
    10    0.041664    0.122943    0.223810    2.600867 ^ fanout156/X (sky130_fd_sc_hd__buf_4)
                                                         net156 (net)
                      0.122980    0.002116    2.602983 ^ _0868_/A (sky130_fd_sc_hd__or2_2)
     5    0.022853    0.124718    0.197000    2.799984 ^ _0868_/X (sky130_fd_sc_hd__or2_2)
                                                         _0043_ (net)
                      0.124718    0.000432    2.800415 ^ _1104_/B (sky130_fd_sc_hd__or2_2)
     4    0.049768    0.257295    0.288425    3.088840 ^ _1104_/X (sky130_fd_sc_hd__or2_2)
                                                         _0278_ (net)
                      0.257347    0.003052    3.091892 ^ fanout107/A (sky130_fd_sc_hd__dlymetal6s2s_1)
    10    0.105076    0.998112    0.807167    3.899059 ^ fanout107/X (sky130_fd_sc_hd__dlymetal6s2s_1)
                                                         net107 (net)
                      0.998291    0.011260    3.910319 ^ _1152_/B1 (sky130_fd_sc_hd__a21oi_2)
     1    0.003012    0.148423    0.026478    3.936797 v _1152_/Y (sky130_fd_sc_hd__a21oi_2)
                                                         _0324_ (net)
                      0.148423    0.000208    3.937005 v _1153_/B1 (sky130_fd_sc_hd__o21a_2)
     1    0.002255    0.031781    0.153729    4.090734 v _1153_/X (sky130_fd_sc_hd__o21a_2)
                                                         _0325_ (net)
                      0.031781    0.000089    4.090823 v _1169_/A (sky130_fd_sc_hd__or4b_2)
     1    0.002924    0.098689    0.653537    4.744359 v _1169_/X (sky130_fd_sc_hd__or4b_2)
                                                         _0341_ (net)
                      0.098689    0.000203    4.744562 v _1170_/B1 (sky130_fd_sc_hd__a21o_2)
     2    0.006302    0.042326    0.212982    4.957544 v _1170_/X (sky130_fd_sc_hd__a21o_2)
                                                         net94 (net)
                      0.042326    0.000330    4.957873 v _1671_/C (sky130_fd_sc_hd__or4_4)
     1    0.006411    0.087755    0.479600    5.437473 v _1671_/X (sky130_fd_sc_hd__or4_4)
                                                         _0814_ (net)
                      0.087755    0.000502    5.437975 v _1672_/A (sky130_fd_sc_hd__or2_4)
     1    0.013701    0.059548    0.281116    5.719091 v _1672_/X (sky130_fd_sc_hd__or2_4)
                                                         _0815_ (net)
                      0.059632    0.001486    5.720578 v _1674_/C (sky130_fd_sc_hd__or4_4)
     1    0.026134    0.120488    0.541746    6.262324 v _1674_/X (sky130_fd_sc_hd__or4_4)
                                                         _0817_ (net)
                      0.120599    0.002202    6.264526 v _1677_/D (sky130_fd_sc_hd__or4_4)
     1    0.004025    0.082045    0.429612    6.694138 v _1677_/X (sky130_fd_sc_hd__or4_4)
                                                         _0820_ (net)
                      0.082046    0.000267    6.694405 v _1678_/C (sky130_fd_sc_hd__or4_4)
     1    0.009363    0.093067    0.503066    7.197471 v _1678_/X (sky130_fd_sc_hd__or4_4)
                                                         _0821_ (net)
                      0.093067    0.000703    7.198174 v _1682_/D (sky130_fd_sc_hd__nor4_4)
     1    0.005205    0.200948    0.151063    7.349237 ^ _1682_/Y (sky130_fd_sc_hd__nor4_4)
                                                         net101 (net)
                      0.200948    0.000247    7.349484 ^ output101/A (sky130_fd_sc_hd__buf_6)
     1    0.036362    0.082018    0.169911    7.519395 ^ output101/X (sky130_fd_sc_hd__buf_6)
                                                         zero (net)
                      0.082083    0.002088    7.521483 ^ zero (out)
                                              7.521483   data arrival time

                      0.000000   10.000000   10.000000   clock __VIRTUAL_CLK__ (rise edge)
                                  0.000000   10.000000   clock network delay (ideal)
                                 -0.250000    9.750000   clock uncertainty
                                  0.000000    9.750000   clock reconvergence pessimism
                                 -2.000000    7.750000   output external delay
                                              7.750000   data required time
---------------------------------------------------------------------------------------------
                                              7.750000   data required time
                                             -7.521483   data arrival time
---------------------------------------------------------------------------------------------
                                              0.228517   slack (MET)




===========================================================================
report_checks --slack_max -0.01
============================================================================
======================= max_tt_025C_1v80 Corner ===================================

No paths found.


===========================================================================
 report_check_types -max_slew -max_cap -max_fanout -violators
============================================================================
======================= max_tt_025C_1v80 Corner ===================================

max slew

Pin                                        Limit        Slew       Slack
------------------------------------------------------------------------
_1484_/B1                               0.750000    0.998923   -0.248923 (VIOLATED)
_1466_/C1                               0.750000    0.998919   -0.248919 (VIOLATED)
_1412_/C1                               0.750000    0.998910   -0.248910 (VIOLATED)
_1372_/B1                               0.750000    0.998824   -0.248824 (VIOLATED)
_1336_/C1                               0.750000    0.998739   -0.248739 (VIOLATED)
_1311_/B1                               0.750000    0.998661   -0.248661 (VIOLATED)
_1152_/B1                               0.750000    0.998291   -0.248291 (VIOLATED)
_1561_/A1                               0.750000    0.998222   -0.248222 (VIOLATED)
_1130_/B1                               0.750000    0.998171   -0.248171 (VIOLATED)
_1105_/B1                               0.750000    0.998149   -0.248149 (VIOLATED)
fanout107/X                             0.750000    0.998112   -0.248112 (VIOLATED)



===========================================================================
report_parasitic_annotation -report_unannotated
============================================================================
Found 0 unannotated drivers.
Found 0 partially unannotated drivers.

===========================================================================
max slew violation count 11
max fanout violation count 0
max cap violation count 0
============================================================================

===========================================================================
check_setup -verbose -unconstrained_endpoints -multiple_clock -no_clock -no_input_delay -loops -generated_clocks
===========================================================================
