
===========================================================================
 report_power
============================================================================
======================= max_tt_025C_1v80 Corner ===================================

Group                    Internal    Switching      Leakage        Total
                            Power        Power        Power        Power (Watts)
------------------------------------------------------------------------
Sequential           0.000000e+00 0.000000e+00 0.000000e+00 0.000000e+00   0.0%
Combinational        3.465873e-04 3.650908e-04 5.210567e-09 7.116834e-04 100.0%
Clock                0.000000e+00 0.000000e+00 6.460696e-09 6.460696e-09   0.0%
Macro                0.000000e+00 0.000000e+00 0.000000e+00 0.000000e+00   0.0%
Pad                  0.000000e+00 0.000000e+00 0.000000e+00 0.000000e+00   0.0%
------------------------------------------------------------------------
Total                3.465873e-04 3.650908e-04 1.167127e-08 7.116898e-04 100.0%
                            48.7%        51.3%         0.0%

