
===========================================================================
report_checks -unconstrained
===========================================================================
======================= nom_tt_025C_1v80 Corner ===================================

Startpoint: control[0] (input port clocked by __VIRTUAL_CLK__)
Endpoint: zero (output port clocked by __VIRTUAL_CLK__)
Path Group: __VIRTUAL_CLK__
Path Type: max

Fanout         Cap        Slew       Delay        Time   Description
---------------------------------------------------------------------------------------------
                      0.000000    0.000000    0.000000   clock __VIRTUAL_CLK__ (rise edge)
                                  0.000000    0.000000   clock network delay (ideal)
                                  2.000000    2.000000 ^ input external delay
     1    0.003169    0.021326    0.011611    2.011611 ^ control[0] (in)
                                                         control[0] (net)
                      0.021326    0.000000    2.011611 ^ input65/A (sky130_fd_sc_hd__clkdlybuf4s25_1)
     5    0.020538    0.212909    0.356997    2.368607 ^ input65/X (sky130_fd_sc_hd__clkdlybuf4s25_1)
                                                         net65 (net)
                      0.212909    0.000900    2.369507 ^ fanout156/A (sky130_fd_sc_hd__buf_4)
    10    0.040073    0.118213    0.219273    2.588780 ^ fanout156/X (sky130_fd_sc_hd__buf_4)
                                                         net156 (net)
                      0.118217    0.000913    2.589693 ^ _0868_/A (sky130_fd_sc_hd__or2_2)
     5    0.022436    0.122580    0.194142    2.783836 ^ _0868_/X (sky130_fd_sc_hd__or2_2)
                                                         _0043_ (net)
                      0.122580    0.000163    2.783998 ^ _1104_/B (sky130_fd_sc_hd__or2_2)
     4    0.047245    0.244575    0.280139    3.064138 ^ _1104_/X (sky130_fd_sc_hd__or2_2)
                                                         _0278_ (net)
                      0.244592    0.001675    3.065813 ^ fanout107/A (sky130_fd_sc_hd__dlymetal6s2s_1)
    10    0.098803    0.943290    0.768462    3.834274 ^ fanout107/X (sky130_fd_sc_hd__dlymetal6s2s_1)
                                                         net107 (net)
                      0.943328    0.005116    3.839391 ^ _1152_/B1 (sky130_fd_sc_hd__a21oi_2)
     1    0.002928    0.142335    0.028342    3.867733 v _1152_/Y (sky130_fd_sc_hd__a21oi_2)
                                                         _0324_ (net)
                      0.142335    0.000086    3.867819 v _1153_/B1 (sky130_fd_sc_hd__o21a_2)
     1    0.002180    0.031576    0.150816    4.018635 v _1153_/X (sky130_fd_sc_hd__o21a_2)
                                                         _0325_ (net)
                      0.031576    0.000046    4.018681 v _1169_/A (sky130_fd_sc_hd__or4b_2)
     1    0.002838    0.098255    0.652660    4.671341 v _1169_/X (sky130_fd_sc_hd__or4b_2)
                                                         _0341_ (net)
                      0.098255    0.000086    4.671427 v _1170_/B1 (sky130_fd_sc_hd__a21o_2)
     2    0.006086    0.041836    0.212146    4.883573 v _1170_/X (sky130_fd_sc_hd__a21o_2)
                                                         net94 (net)
                      0.041836    0.000156    4.883729 v _1671_/C (sky130_fd_sc_hd__or4_4)
     1    0.005916    0.086854    0.477723    5.361452 v _1671_/X (sky130_fd_sc_hd__or4_4)
                                                         _0814_ (net)
                      0.086854    0.000248    5.361700 v _1672_/A (sky130_fd_sc_hd__or2_4)
     1    0.013077    0.058388    0.279551    5.641251 v _1672_/X (sky130_fd_sc_hd__or2_4)
                                                         _0815_ (net)
                      0.058438    0.000852    5.642103 v _1674_/C (sky130_fd_sc_hd__or4_4)
     1    0.025796    0.119879    0.541129    6.183231 v _1674_/X (sky130_fd_sc_hd__or4_4)
                                                         _0817_ (net)
                      0.119897    0.000907    6.184138 v _1677_/D (sky130_fd_sc_hd__or4_4)
     1    0.003912    0.081768    0.428839    6.612978 v _1677_/X (sky130_fd_sc_hd__or4_4)
                                                         _0820_ (net)
                      0.081768    0.000124    6.613101 v _1678_/C (sky130_fd_sc_hd__or4_4)
     1    0.009173    0.092673    0.502395    7.115497 v _1678_/X (sky130_fd_sc_hd__or4_4)
                                                         _0821_ (net)
                      0.092673    0.000301    7.115798 v _1682_/D (sky130_fd_sc_hd__nor4_4)
     1    0.005190    0.200783    0.150820    7.266618 ^ _1682_/Y (sky130_fd_sc_hd__nor4_4)
                                                         net101 (net)
                      0.200783    0.000105    7.266724 ^ output101/A (sky130_fd_sc_hd__buf_6)
     1    0.036141    0.081325    0.170177    7.436900 ^ output101/X (sky130_fd_sc_hd__buf_6)
                                                         zero (net)
                      0.081341    0.001116    7.438016 ^ zero (out)
                                              7.438016   data arrival time

                      0.000000   10.000000   10.000000   clock __VIRTUAL_CLK__ (rise edge)
                                  0.000000   10.000000   clock network delay (ideal)
                                 -0.250000    9.750000   clock uncertainty
                                  0.000000    9.750000   clock reconvergence pessimism
                                 -2.000000    7.750000   output external delay
                                              7.750000   data required time
---------------------------------------------------------------------------------------------
                                              7.750000   data required time
                                             -7.438016   data arrival time
---------------------------------------------------------------------------------------------
                                              0.311983   slack (MET)




===========================================================================
report_checks --slack_max -0.01
============================================================================
======================= nom_tt_025C_1v80 Corner ===================================

No paths found.


===========================================================================
 report_check_types -max_slew -max_cap -max_fanout -violators
============================================================================
======================= nom_tt_025C_1v80 Corner ===================================

max slew

Pin                                        Limit        Slew       Slack
------------------------------------------------------------------------
_1484_/B1                               0.750000    0.943520   -0.193520 (VIOLATED)
_1466_/C1                               0.750000    0.943518   -0.193518 (VIOLATED)
_1412_/C1                               0.750000    0.943513   -0.193513 (VIOLATED)
_1372_/B1                               0.750000    0.943486   -0.193486 (VIOLATED)
_1336_/C1                               0.750000    0.943470   -0.193470 (VIOLATED)
_1311_/B1                               0.750000    0.943447   -0.193447 (VIOLATED)
_1152_/B1                               0.750000    0.943328   -0.193328 (VIOLATED)
_1561_/A1                               0.750000    0.943316   -0.193316 (VIOLATED)
_1130_/B1                               0.750000    0.943301   -0.193301 (VIOLATED)
_1105_/B1                               0.750000    0.943295   -0.193295 (VIOLATED)
fanout107/X                             0.750000    0.943290   -0.193290 (VIOLATED)



===========================================================================
report_parasitic_annotation -report_unannotated
============================================================================
Found 0 unannotated drivers.
Found 0 partially unannotated drivers.

===========================================================================
max slew violation count 11
max fanout violation count 0
max cap violation count 0
============================================================================

===========================================================================
check_setup -verbose -unconstrained_endpoints -multiple_clock -no_clock -no_input_delay -loops -generated_clocks
===========================================================================
