
===========================================================================
report_checks -unconstrained
===========================================================================
======================= max_ff_n40C_1v95 Corner ===================================

Startpoint: control[0] (input port clocked by __VIRTUAL_CLK__)
Endpoint: zero (output port clocked by __VIRTUAL_CLK__)
Path Group: __VIRTUAL_CLK__
Path Type: max

Fanout         Cap        Slew       Delay        Time   Description
---------------------------------------------------------------------------------------------
                      0.000000    0.000000    0.000000   clock __VIRTUAL_CLK__ (rise edge)
                                  0.000000    0.000000   clock network delay (ideal)
                                  2.000000    2.000000 ^ input external delay
     1    0.003259    0.015563    0.008487    2.008487 ^ control[0] (in)
                                                         control[0] (net)
                      0.015565    0.000000    2.008487 ^ input65/A (sky130_fd_sc_hd__clkdlybuf4s25_1)
     5    0.021871    0.168952    0.250236    2.258723 ^ input65/X (sky130_fd_sc_hd__clkdlybuf4s25_1)
                                                         net65 (net)
                      0.168972    0.001866    2.260588 ^ fanout156/A (sky130_fd_sc_hd__buf_4)
    10    0.042285    0.093464    0.140742    2.401330 ^ fanout156/X (sky130_fd_sc_hd__buf_4)
                                                         net156 (net)
                      0.093537    0.002149    2.403480 ^ _0868_/A (sky130_fd_sc_hd__or2_2)
     5    0.023112    0.095270    0.133284    2.536764 ^ _0868_/X (sky130_fd_sc_hd__or2_2)
                                                         _0043_ (net)
                      0.095271    0.000441    2.537205 ^ _1104_/B (sky130_fd_sc_hd__or2_2)
     4    0.050025    0.195515    0.201143    2.738348 ^ _1104_/X (sky130_fd_sc_hd__or2_2)
                                                         _0278_ (net)
                      0.195585    0.003072    2.741421 ^ fanout107/A (sky130_fd_sc_hd__dlymetal6s2s_1)
    10    0.105526    0.767504    0.584982    3.326403 ^ fanout107/X (sky130_fd_sc_hd__dlymetal6s2s_1)
                                                         net107 (net)
                      0.767742    0.011312    3.337714 ^ _1152_/B1 (sky130_fd_sc_hd__a21oi_2)
     1    0.003056    0.089396   -0.064601    3.273113 v _1152_/Y (sky130_fd_sc_hd__a21oi_2)
                                                         _0324_ (net)
                      0.089397    0.000211    3.273324 v _1153_/B1 (sky130_fd_sc_hd__o21a_2)
     1    0.002330    0.023464    0.091723    3.365047 v _1153_/X (sky130_fd_sc_hd__o21a_2)
                                                         _0325_ (net)
                      0.023464    0.000092    3.365140 v _1169_/A (sky130_fd_sc_hd__or4b_2)
     1    0.003018    0.065999    0.371416    3.736556 v _1169_/X (sky130_fd_sc_hd__or4b_2)
                                                         _0341_ (net)
                      0.065999    0.000210    3.736766 v _1170_/B1 (sky130_fd_sc_hd__a21o_2)
     2    0.006411    0.031386    0.102052    3.838818 v _1170_/X (sky130_fd_sc_hd__a21o_2)
                                                         net94 (net)
                      0.031386    0.000333    3.839150 v _1671_/C (sky130_fd_sc_hd__or4_4)
     1    0.006433    0.060840    0.285385    4.124535 v _1671_/X (sky130_fd_sc_hd__or4_4)
                                                         _0814_ (net)
                      0.060842    0.000504    4.125040 v _1672_/A (sky130_fd_sc_hd__or2_4)
     1    0.013697    0.042360    0.174772    4.299812 v _1672_/X (sky130_fd_sc_hd__or2_4)
                                                         _0815_ (net)
                      0.042434    0.001485    4.301297 v _1674_/C (sky130_fd_sc_hd__or4_4)
     1    0.026127    0.083832    0.323896    4.625193 v _1674_/X (sky130_fd_sc_hd__or4_4)
                                                         _0817_ (net)
                      0.083865    0.002200    4.627394 v _1677_/D (sky130_fd_sc_hd__or4_4)
     1    0.004021    0.057195    0.254779    4.882173 v _1677_/X (sky130_fd_sc_hd__or4_4)
                                                         _0820_ (net)
                      0.057195    0.000266    4.882439 v _1678_/C (sky130_fd_sc_hd__or4_4)
     1    0.009344    0.064371    0.299166    5.181605 v _1678_/X (sky130_fd_sc_hd__or4_4)
                                                         _0821_ (net)
                      0.064372    0.000702    5.182306 v _1682_/D (sky130_fd_sc_hd__nor4_4)
     1    0.005259    0.144581    0.100805    5.283112 ^ _1682_/Y (sky130_fd_sc_hd__nor4_4)
                                                         net101 (net)
                      0.144581    0.000250    5.283361 ^ output101/A (sky130_fd_sc_hd__buf_6)
     1    0.036362    0.061495    0.103558    5.386919 ^ output101/X (sky130_fd_sc_hd__buf_6)
                                                         zero (net)
                      0.061638    0.002087    5.389006 ^ zero (out)
                                              5.389006   data arrival time

                      0.000000   10.000000   10.000000   clock __VIRTUAL_CLK__ (rise edge)
                                  0.000000   10.000000   clock network delay (ideal)
                                 -0.250000    9.750000   clock uncertainty
                                  0.000000    9.750000   clock reconvergence pessimism
                                 -2.000000    7.750000   output external delay
                                              7.750000   data required time
---------------------------------------------------------------------------------------------
                                              7.750000   data required time
                                             -5.389006   data arrival time
---------------------------------------------------------------------------------------------
                                              2.360994   slack (MET)




===========================================================================
report_checks --slack_max -0.01
============================================================================
======================= max_ff_n40C_1v95 Corner ===================================

No paths found.


===========================================================================
 report_check_types -max_slew -max_cap -max_fanout -violators
============================================================================
======================= max_ff_n40C_1v95 Corner ===================================

max slew

Pin                                        Limit        Slew       Slack
------------------------------------------------------------------------
_1484_/B1                               0.750000    0.768582   -0.018582 (VIOLATED)
_1466_/C1                               0.750000    0.768577   -0.018577 (VIOLATED)
_1412_/C1                               0.750000    0.768564   -0.018564 (VIOLATED)
_1372_/B1                               0.750000    0.768450   -0.018450 (VIOLATED)
_1336_/C1                               0.750000    0.768336   -0.018336 (VIOLATED)
_1311_/B1                               0.750000    0.768232   -0.018232 (VIOLATED)
_1152_/B1                               0.750000    0.767742   -0.017742 (VIOLATED)
_1561_/A1                               0.750000    0.767649   -0.017649 (VIOLATED)
_1130_/B1                               0.750000    0.767583   -0.017583 (VIOLATED)
_1105_/B1                               0.750000    0.767553   -0.017553 (VIOLATED)
fanout107/X                             0.750000    0.767504   -0.017504 (VIOLATED)



===========================================================================
report_parasitic_annotation -report_unannotated
============================================================================
Found 0 unannotated drivers.
Found 0 partially unannotated drivers.

===========================================================================
max slew violation count 11
max fanout violation count 0
max cap violation count 0
============================================================================

===========================================================================
check_setup -verbose -unconstrained_endpoints -multiple_clock -no_clock -no_input_delay -loops -generated_clocks
===========================================================================
