Reading timing models for corner nom_tt_025C_1v80…
Reading timing library for the 'nom_tt_025C_1v80' corner at '/home/naghul/.ciel/ciel/sky130/versions/8afc8346a57fe1ab7934ba5a6056ea8b43078e71/sky130A/libs.ref/sky130_fd_sc_hd/lib/sky130_fd_sc_hd__tt_025C_1v80.lib'…
Reading OpenROAD database at '/home/naghul/vlsi/projects/alu_pd/runs/RUN_2026-08-01_18-08-22/37-openroad-resizertimingpostcts/ALU.odb'…
Reading design constraints file at '/nix/store/ffl2vg3m80k0p74pyffnmai83fnv38mf-python3-3.13.9-env/lib/python3.13/site-packages/librelane/scripts/base.sdc'…
[WARNING STA-0366] port '__VIRTUAL_CLK__' not found.
[INFO] Using clock __VIRTUAL_CLK__…
[INFO] Setting output delay to: 2
[INFO] Setting input delay to: 2
[WARNING STA-0366] port '__VIRTUAL_CLK__' not found.
[INFO] Setting load to: 0.033442
[INFO] Setting clock uncertainty to: 0.25
[INFO] Setting clock transition to: 0.1499999999999999944488848768742172978818416595458984375
[WARNING STA-0419] transition time can not be specified for virtual clocks.
[INFO] Setting timing derate to: 5%
[WARNING STA-0450] virtual clock __VIRTUAL_CLK__ can not be propagated.
[WARNING STA-0450] virtual clock __VIRTUAL_CLK__ can not be propagated.
[INFO] Setting signal min routing layer to: met1 and clock min routing layer to met1. 
[INFO] Setting signal max routing layer to: met5 and clock max routing layer to met5. 
+ global_route -congestion_iterations 50 -verbose
[INFO GRT-0020] Min routing layer: met1
[INFO GRT-0021] Max routing layer: met5
[INFO GRT-0022] Global adjustment: 30%
[INFO GRT-0023] Grid origin: (0, 0)
[INFO GRT-0088] Layer li1     Track-Pitch = 0.4600  line-2-Via Pitch: 0.3400
[INFO GRT-0088] Layer met1    Track-Pitch = 0.3400  line-2-Via Pitch: 0.3400
[INFO GRT-0088] Layer met2    Track-Pitch = 0.4600  line-2-Via Pitch: 0.3500
[INFO GRT-0088] Layer met3    Track-Pitch = 0.6800  line-2-Via Pitch: 0.6150
[INFO GRT-0088] Layer met4    Track-Pitch = 0.9200  line-2-Via Pitch: 1.0400
[INFO GRT-0088] Layer met5    Track-Pitch = 3.4000  line-2-Via Pitch: 3.1100
[INFO GRT-0003] Macros: 0
[INFO GRT-0004] Blockages: 825
[INFO GRT-0019] Found 0 clock nets.
[INFO GRT-0001] Minimum degree: 2
[INFO GRT-0002] Maximum degree: 11

[INFO GRT-0053] Routing resources analysis:
          Routing      Original      Derated      Resource
Layer     Direction    Resources     Resources    Reduction (%)
---------------------------------------------------------------
li1        Vertical            0             0          0.00%
met1       Horizontal       7612          5073          33.36%
met2       Vertical         7598          5066          33.32%
met3       Horizontal       5068          3475          31.43%
met4       Vertical         3799          2280          39.98%
met5       Horizontal        966           504          47.83%
---------------------------------------------------------------

[INFO GRT-0197] Via related to pin nodes: 7366
[INFO GRT-0198] Via related Steiner nodes: 161
[INFO GRT-0199] Via filling finished.
[INFO GRT-0111] Final number of vias: 9377
[INFO GRT-0112] Final usage 3D: 33438

[INFO GRT-0096] Final congestion report:
Layer         Resource        Demand        Usage (%)    Max H / Max V / Total Overflow
---------------------------------------------------------------------------------------
li1                  0             0            0.00%             0 /  0 /  0
met1              5073          2329           45.91%             0 /  0 /  0
met2              5066          2398           47.34%             0 /  0 /  0
met3              3475           306            8.81%             0 /  0 /  0
met4              2280           274           12.02%             0 /  0 /  0
met5               504             0            0.00%             0 /  0 /  0
---------------------------------------------------------------------------------------
Total            16398          5307           32.36%             0 /  0 /  0

[INFO GRT-0018] Total wirelength: 58815 um
[INFO GRT-0014] Routed nets: 1230
[INFO GRT-0303] Global routing runtime = 00:00:00
Setting global connections for newly added cells…
[INFO] Setting global connections...
[INFO ODB-0403] 0 connections made, 0 conflicts skipped.
Updating metrics…
Cell type report:                       Count       Area
  Fill cell                               106     397.88
  Tap cell                                302     377.86
  Timing Repair Buffer                    304    2782.67
  Inverter                                 27     103.85
  Multi-Input combinational cell          831    8923.56
  Total                                  1570   12585.82
Writing OpenROAD database to '/home/naghul/vlsi/projects/alu_pd/runs/RUN_2026-08-01_18-08-22/39-openroad-globalrouting/ALU.odb'…
Writing layout to '/home/naghul/vlsi/projects/alu_pd/runs/RUN_2026-08-01_18-08-22/39-openroad-globalrouting/ALU.def'…
