Reading timing models for corner nom_tt_025C_1v80…
Reading timing library for the 'nom_tt_025C_1v80' corner at '/root/.ciel/ciel/sky130/versions/8afc8346a57fe1ab7934ba5a6056ea8b43078e71/sky130A/libs.ref/sky130_fd_sc_hd/lib/sky130_fd_sc_hd__tt_025C_1v80.lib'…
Reading OpenROAD database at '/work/runs/RUN_2026-08-06_09-53-31/25-openroad-ioplacement/registerfile.odb'…
Reading design constraints file at '/nix/store/ffl2vg3m80k0p74pyffnmai83fnv38mf-python3-3.13.9-env/lib/python3.13/site-packages/librelane/scripts/base.sdc'…
[INFO] Using clock clk…
[INFO] Setting output delay to: 2
[INFO] Setting input delay to: 2
[INFO] Setting load to: 0.033442
[INFO] Setting clock uncertainty to: 0.25
[INFO] Setting clock transition to: 0.1499999999999999944488848768742172978818416595458984375
[INFO] Setting timing derate to: 5%
[INFO] Setting signal min routing layer to: met1 and clock min routing layer to met1. 
[INFO] Setting signal max routing layer to: met5 and clock max routing layer to met5. 
+ global_placement -density 0.6215579999999999 -routability_driven -pad_right 0 -pad_left 0 -init_wirelength_coef 0.25
[INFO GPL-0001] ---- Initialize GPL Main Data Structures
[INFO GPL-0002] DBU: 1000
[INFO GPL-0003] SiteSize: (  0.460  2.720 ) um
[INFO GPL-0004] CoreBBox: (  5.520 10.880 ) ( 323.380 326.400 ) um
[INFO GPL-0036] Movable instances area:      50535.968 um^2
[INFO GPL-0037] Total instances area:        53178.502 um^2
[INFO GPL-0035] Pin density area adjust:      6301.029 um^2
[INFO GPL-0032] ---- Initialize Region: Top-level
[INFO GPL-0006] Number of instances:              5228
[INFO GPL-0007] Movable instances:                3580
[INFO GPL-0008] Fixed instances:                  1648
[INFO GPL-0009] Dummy instances:                     0
[INFO GPL-0010] Number of nets:                   3630
[INFO GPL-0011] Number of pins:                  15491
[INFO GPL-0012] Die BBox:  (  0.000  0.000 ) ( 328.960 339.680 ) um
[INFO GPL-0013] Core BBox: (  5.520 10.880 ) ( 323.380 326.400 ) um
[INFO GPL-0016] Core area:                  100291.187 um^2
[INFO GPL-0014] Region name: top-level.
[INFO GPL-0015] Region area:                100291.187 um^2
[INFO GPL-0017] Fixed instances area:         2642.534 um^2
[INFO GPL-0018] Movable instances area:      56836.997 um^2
[INFO GPL-0019] Utilization:                    58.206 %
[INFO GPL-0020] Standard cells area:         56836.997 um^2
[INFO GPL-0021] Large instances area:            0.000 um^2
[INFO GPL-0005] ---- Execute Conjugate Gradient Initial Placement.
[INFO GPL-0051] Source of initial instance position counters:
	Odb location = 3580	Core center = 0	Region center = 0
[InitialPlace]  Iter: 1 conjugate gradient residual: 0.00010919 HPWL: 107433279
[InitialPlace]  Iter: 2 conjugate gradient residual: 0.00009467 HPWL: 83833375
[InitialPlace]  Iter: 3 conjugate gradient residual: 0.00006504 HPWL: 77733841
[InitialPlace]  Iter: 4 conjugate gradient residual: 0.00006629 HPWL: 74213145
[InitialPlace]  Iter: 5 conjugate gradient residual: 0.00010692 HPWL: 70883989
[InitialPlace]  Iter: 6 conjugate gradient residual: 0.00015059 HPWL: 69308187
[InitialPlace]  Iter: 7 conjugate gradient residual: 0.00008599 HPWL: 67477714
[InitialPlace]  Iter: 8 conjugate gradient residual: 0.00010386 HPWL: 66701847
[InitialPlace]  Iter: 9 conjugate gradient residual: 0.00004681 HPWL: 65848438
[InitialPlace]  Iter: 10 conjugate gradient residual: 0.00000357 HPWL: 65221559
[INFO GPL-0033] ---- Initialize Nesterov Region: Top-level
[INFO GPL-0023] Placement target density:       0.6216
[INFO GPL-0024] Movable insts average area:     15.876 um^2
[INFO GPL-0025] Ideal bin area:                 25.543 um^2
[INFO GPL-0026] Ideal bin count:                  3926
[INFO GPL-0027] Total bin area:             100291.187 um^2
[INFO GPL-0028] Bin count (X, Y):          32 ,     32
[INFO GPL-0029] Bin size (W * H):       9.933 *  9.860 um
[INFO GPL-0030] Number of bins:                   1024
[INFO GPL-0007] ---- Execute Nesterov Global Placement.
[INFO GPL-0031] HPWL: Half-Perimeter Wirelength
Iteration | Overflow |     HPWL (um) |  HPWL(%) |   Penalty | Group
---------------------------------------------------------------
        0 |   0.9683 |  4.151050e+04 |   +0.00% |  1.37e-15 |      
       10 |   0.9223 |  5.716919e+04 |  +37.72% |  2.23e-15 |      
       20 |   0.9087 |  5.864759e+04 |   +2.59% |  3.64e-15 |      
       30 |   0.9057 |  5.870401e+04 |   +0.10% |  5.92e-15 |      
       40 |   0.9083 |  5.849509e+04 |   -0.36% |  9.65e-15 |      
       50 |   0.9099 |  5.847630e+04 |   -0.03% |  1.57e-14 |      
       60 |   0.9094 |  5.855800e+04 |   +0.14% |  2.56e-14 |      
       70 |   0.9083 |  5.863162e+04 |   +0.13% |  4.17e-14 |      
       80 |   0.9083 |  5.864646e+04 |   +0.03% |  6.79e-14 |      
       90 |   0.9085 |  5.863224e+04 |   -0.02% |  1.11e-13 |      
      100 |   0.9082 |  5.864640e+04 |   +0.02% |  1.80e-13 |      
      110 |   0.9078 |  5.867896e+04 |   +0.06% |  2.94e-13 |      
      120 |   0.9075 |  5.869137e+04 |   +0.02% |  4.78e-13 |      
      130 |   0.9071 |  5.871373e+04 |   +0.04% |  7.79e-13 |      
      140 |   0.9059 |  5.878884e+04 |   +0.13% |  1.27e-12 |      
      150 |   0.9037 |  5.892011e+04 |   +0.22% |  2.07e-12 |      
      160 |   0.9009 |  5.912700e+04 |   +0.35% |  3.37e-12 |      
      170 |   0.8967 |  5.944489e+04 |   +0.54% |  5.48e-12 |      
      180 |   0.8906 |  5.989021e+04 |   +0.75% |  8.93e-12 |      
      190 |   0.8818 |  6.054661e+04 |   +1.10% |  1.45e-11 |      
      200 |   0.8700 |  6.145184e+04 |   +1.50% |  2.37e-11 |      
      210 |   0.8512 |  6.265909e+04 |   +1.96% |  3.86e-11 |      
      220 |   0.8312 |  6.415673e+04 |   +2.39% |  6.29e-11 |      
      230 |   0.8004 |  6.587326e+04 |   +2.68% |  1.02e-10 |      
      240 |   0.7706 |  6.764549e+04 |   +2.69% |  1.67e-10 |      
      250 |   0.7285 |  6.946999e+04 |   +2.70% |  2.71e-10 |      
      260 |   0.6859 |  7.112031e+04 |   +2.38% |  4.42e-10 |      
      270 |   0.6318 |  7.193115e+04 |   +1.14% |  7.20e-10 |      
[INFO GPL-0038] Routability snapshot saved at iter = 277
      276 |   0.5997 |  7.191362e+04 |          |           |      
      280 |   0.5735 |  7.162145e+04 |   -0.43% |  1.17e-09 |      
      290 |   0.5060 |  7.125186e+04 |   -0.52% |  1.91e-09 |      
      300 |   0.4630 |  7.271706e+04 |   +2.06% |  3.11e-09 |      
      310 |   0.4012 |  7.402122e+04 |   +1.79% |  5.07e-09 |      
      320 |   0.3645 |  7.513312e+04 |   +1.50% |  8.25e-09 |      
      330 |   0.3199 |  7.586003e+04 |   +0.97% |  1.28e-08 |      
[INFO GPL-0040] Routability iteration: 1
[WARNING GRT-0281] Net clk has a large fanout of 1025 terminals.
[INFO GPL-0041] Total routing overflow: 0.1047
[INFO GPL-0042] Number of overflowed tiles: 2 (0.09%)
[INFO GPL-0043] Average top 0.5% routing congestion: 0.9818
[INFO GPL-0044] Average top 1.0% routing congestion: 0.9477
[INFO GPL-0045] Average top 2.0% routing congestion: 0.9161
[INFO GPL-0046] Average top 5.0% routing congestion: 0.8740
[INFO GPL-0047] Routability iteration weighted routing congestion: 0.9647
[INFO GPL-0050] Weighted routing congestion is lower than target routing congestion(1.0100), end routability optimization.
[INFO GPL-0090] Routability finished. Target routing congestion achieved succesfully.
Iteration | Overflow |     HPWL (um) |  HPWL(%) |   Penalty | Group
---------------------------------------------------------------
      340 |   0.2905 |  7.618775e+04 |   +0.43% |  1.88e-08 |      
      350 |   0.2518 |  7.688587e+04 |   +0.92% |  2.77e-08 |      
      360 |   0.2261 |  7.711529e+04 |   +0.30% |  4.09e-08 |      
      370 |   0.1990 |  7.729652e+04 |   +0.24% |  6.02e-08 |      
      380 |   0.1801 |  7.770162e+04 |   +0.52% |  8.87e-08 |      
      390 |   0.1586 |  7.789184e+04 |   +0.24% |  1.31e-07 |      
      400 |   0.1375 |  7.812227e+04 |   +0.30% |  1.92e-07 |      
      410 |   0.1221 |  7.842395e+04 |   +0.39% |  2.83e-07 |      
      420 |   0.1011 |  7.868764e+04 |   +0.34% |  4.18e-07 |      
      421 |   0.0992 |  7.871220e+04 |          |  4.51e-07 |      
---------------------------------------------------------------
[INFO GPL-1001] Global placement finished at iteration 421
[INFO GPL-1003] Routability mode iteration count: 60
[INFO GPL-1005] Routability final weighted congestion: 0.9074
[INFO GPL-1002] Placed Cell Area            56836.9968
[INFO GPL-1003] Available Free Area         97648.6528
[INFO GPL-1004] Minimum Feasible Density        0.5900 (cell_area / free_area)
[INFO GPL-1006]   Suggested Target Densities:
[INFO GPL-1007]     - For 90% usage of free space: 0.6467
[INFO GPL-1008]     - For 80% usage of free space: 0.7276
[INFO GPL-1011] Original area (um^2): 56837.00
[INFO GPL-1012] Total routability artificial inflation: 0.00 (+0.00%)
[INFO GPL-1014] Final placement area: 56837.00 (+0.00%)
Setting global connections for newly added cells…
[INFO] Setting global connections...
[INFO ODB-0403] 0 connections made, 0 conflicts skipped.
Updating metrics…
Cell type report:                       Count       Area
  Fill cell                               232     870.84
  Tap cell                               1416    1771.70
  Inverter                                  4      15.01
  Sequential cell                        1024   21780.89
  Multi-Input combinational cell         2552   28740.06
  Total                                  5228   53178.50
Writing OpenROAD database to '/work/runs/RUN_2026-08-06_09-53-31/28-openroad-globalplacement/registerfile.odb'…
Writing netlist to '/work/runs/RUN_2026-08-06_09-53-31/28-openroad-globalplacement/registerfile.nl.v'…
Writing powered netlist to '/work/runs/RUN_2026-08-06_09-53-31/28-openroad-globalplacement/registerfile.pnl.v'…
Writing layout to '/work/runs/RUN_2026-08-06_09-53-31/28-openroad-globalplacement/registerfile.def'…
Writing timing constraints to '/work/runs/RUN_2026-08-06_09-53-31/28-openroad-globalplacement/registerfile.sdc'…
