Clock: clk
Sources: clk 
Generated: no
Virtual: yes
Propagated: no
Period: 10.000000

===========================================================================
report_clock_properties
============================================================================
Clock                   Period          Waveform
----------------------------------------------------
clk                  10.000000    0.000000  5.000000

===========================================================================
report_clock_latency
============================================================================
Clock clk
rise -> rise
    min     max
0.000000 0.000000 source latency
0.698631         network latency _5536_/CLK
        0.733893 network latency _6059_/CLK
---------------
0.698631 0.733893 latency
        0.035262 skew

fall -> fall
    min     max
0.000000 0.000000 source latency
0.569661         network latency _5536_/CLK
        0.594761 network latency _6059_/CLK
---------------
0.569661 0.594761 latency
        0.025100 skew



===========================================================================
report_clock_min_period
============================================================================
clk period_min = 1.03 fmax = 966.19
