[WARNING ORD-0039] .openroad ignored with -python
Unannotated report:
['report_parasitic_annotation -report_unannotated\n',
 '============================================================================\n',
 'Found 51 unannotated drivers.\n',
 ' clkload0/X\n',
 ' clkload1/X\n',
 ' clkload10/Y\n',
 ' clkload11/Y\n',
 ' clkload12/X\n',
 ' clkload13/X\n',
 ' clkload14/X\n',
 ' clkload15/X\n',
 ' clkload16/Y\n',
 ' clkload17/X\n',
 ' clkload18/X\n',
 ' clkload19/Y\n',
 ' clkload2/X\n',
 ' clkload20/X\n',
 ' clkload21/X\n',
 ' clkload22/X\n',
 ' clkload23/X\n',
 ' clkload24/X\n',
 ' clkload25/X\n',
 ' clkload26/X\n',
 ' clkload27/Y\n',
 ' clkload28/X\n',
 ' clkload29/X\n',
 ' clkload3/X\n',
 ' clkload30/Y\n',
 ' clkload31/X\n',
 ' clkload32/X\n',
 ' clkload33/Y\n',
 ' clkload34/Y\n',
 ' clkload35/X\n',
 ' clkload36/X\n',
 ' clkload37/X\n',
 ' clkload38/X\n',
 ' clkload39/X\n',
 ' clkload4/X\n',
 ' clkload40/Y\n',
 ' clkload41/Y\n',
 ' clkload42/Y\n',
 ' clkload43/Y\n',
 ' clkload44/Y\n',
 ' clkload45/X\n',
 ' clkload46/Y\n',
 ' clkload47/X\n',
 ' clkload48/Y\n',
 ' clkload49/Y\n',
 ' clkload5/X\n',
 ' clkload50/X\n',
 ' clkload6/X\n',
 ' clkload7/X\n',
 ' clkload8/X\n',
 ' clkload9/Y\n',
 'Found 0 partially unannotated drivers.\n',
 '\n']
Reported nets:
['clkload0/X',
 'clkload1/X',
 'clkload10/Y',
 'clkload11/Y',
 'clkload12/X',
 'clkload13/X',
 'clkload14/X',
 'clkload15/X',
 'clkload16/Y',
 'clkload17/X',
 'clkload18/X',
 'clkload19/Y',
 'clkload2/X',
 'clkload20/X',
 'clkload21/X',
 'clkload22/X',
 'clkload23/X',
 'clkload24/X',
 'clkload25/X',
 'clkload26/X',
 'clkload27/Y',
 'clkload28/X',
 'clkload29/X',
 'clkload3/X',
 'clkload30/Y',
 'clkload31/X',
 'clkload32/X',
 'clkload33/Y',
 'clkload34/Y',
 'clkload35/X',
 'clkload36/X',
 'clkload37/X',
 'clkload38/X',
 'clkload39/X',
 'clkload4/X',
 'clkload40/Y',
 'clkload41/Y',
 'clkload42/Y',
 'clkload43/Y',
 'clkload44/Y',
 'clkload45/X',
 'clkload46/Y',
 'clkload47/X',
 'clkload48/Y',
 'clkload49/Y',
 'clkload5/X',
 'clkload50/X',
 'clkload6/X',
 'clkload7/X',
 'clkload8/X',
 'clkload9/Y']
Filtered nets:
[]
done
