+ analyze_power_grid -net VPWR -voltage_file /work/runs/RUN_2026-08-06_09-53-31/56-openroad-irdropreport/net-VPWR.csv
[INFO PSM-0040] All shapes on net VPWR are connected.
########## IR report #################
Net              : VPWR
Corner           : nom_tt_025C_1v80
Total power      : 8.53e-03 W
Supply voltage   : 1.80e+00 V
Worstcase voltage: 1.80e+00 V
Average voltage  : 1.80e+00 V
Average IR drop  : 3.81e-04 V
Worstcase IR drop: 1.87e-03 V
Percentage drop  : 0.10 %
######################################
+ analyze_power_grid -net VGND -voltage_file /work/runs/RUN_2026-08-06_09-53-31/56-openroad-irdropreport/net-VGND.csv
[INFO PSM-0040] All shapes on net VGND are connected.
########## IR report #################
Net              : VGND
Corner           : nom_tt_025C_1v80
Total power      : 8.53e-03 W
Supply voltage   : 0.00e+00 V
Worstcase voltage: 1.60e-03 V
Average voltage  : 3.62e-04 V
Average IR drop  : 3.62e-04 V
Worstcase IR drop: 1.60e-03 V
Percentage drop  : 0.09 %
######################################
