
===========================================================================
report_checks -unconstrained
===========================================================================
======================= nom_ff_n40C_1v95 Corner ===================================

Startpoint: control[0] (input port clocked by __VIRTUAL_CLK__)
Endpoint: zero (output port clocked by __VIRTUAL_CLK__)
Path Group: __VIRTUAL_CLK__
Path Type: max

Fanout         Cap        Slew       Delay        Time   Description
---------------------------------------------------------------------------------------------
                      0.000000    0.000000    0.000000   clock __VIRTUAL_CLK__ (rise edge)
                                  0.000000    0.000000   clock network delay (ideal)
                                  2.000000    2.000000 ^ input external delay
     1    0.003209    0.015384    0.008312    2.008312 ^ control[0] (in)
                                                         control[0] (net)
                      0.015384    0.000000    2.008312 ^ input65/A (sky130_fd_sc_hd__clkdlybuf4s25_1)
     5    0.020870    0.161554    0.245635    2.253947 ^ input65/X (sky130_fd_sc_hd__clkdlybuf4s25_1)
                                                         net65 (net)
                      0.161557    0.000912    2.254859 ^ fanout156/A (sky130_fd_sc_hd__buf_4)
    10    0.040694    0.089836    0.139009    2.393868 ^ fanout156/X (sky130_fd_sc_hd__buf_4)
                                                         net156 (net)
                      0.089889    0.000928    2.394797 ^ _0868_/A (sky130_fd_sc_hd__or2_2)
     5    0.022695    0.093630    0.131629    2.526426 ^ _0868_/X (sky130_fd_sc_hd__or2_2)
                                                         _0043_ (net)
                      0.093630    0.000166    2.526592 ^ _1104_/B (sky130_fd_sc_hd__or2_2)
     4    0.047502    0.186538    0.195140    2.721732 ^ _1104_/X (sky130_fd_sc_hd__or2_2)
                                                         _0278_ (net)
                      0.186560    0.001686    2.723418 ^ fanout107/A (sky130_fd_sc_hd__dlymetal6s2s_1)
    10    0.099253    0.725912    0.558440    3.281859 ^ fanout107/X (sky130_fd_sc_hd__dlymetal6s2s_1)
                                                         net107 (net)
                      0.725963    0.005143    3.287001 ^ _1152_/B1 (sky130_fd_sc_hd__a21oi_2)
     1    0.002972    0.085552   -0.058837    3.228165 v _1152_/Y (sky130_fd_sc_hd__a21oi_2)
                                                         _0324_ (net)
                      0.085552    0.000088    3.228252 v _1153_/B1 (sky130_fd_sc_hd__o21a_2)
     1    0.002255    0.023314    0.089893    3.318145 v _1153_/X (sky130_fd_sc_hd__o21a_2)
                                                         _0325_ (net)
                      0.023314    0.000048    3.318193 v _1169_/A (sky130_fd_sc_hd__or4b_2)
     1    0.002932    0.065759    0.370941    3.689134 v _1169_/X (sky130_fd_sc_hd__or4b_2)
                                                         _0341_ (net)
                      0.065760    0.000089    3.689223 v _1170_/B1 (sky130_fd_sc_hd__a21o_2)
     2    0.006195    0.031048    0.101585    3.790808 v _1170_/X (sky130_fd_sc_hd__a21o_2)
                                                         net94 (net)
                      0.031048    0.000158    3.790966 v _1671_/C (sky130_fd_sc_hd__or4_4)
     1    0.005938    0.060217    0.284291    4.075258 v _1671_/X (sky130_fd_sc_hd__or4_4)
                                                         _0814_ (net)
                      0.060217    0.000249    4.075507 v _1672_/A (sky130_fd_sc_hd__or2_4)
     1    0.013073    0.041596    0.173824    4.249331 v _1672_/X (sky130_fd_sc_hd__or2_4)
                                                         _0815_ (net)
                      0.041619    0.000851    4.250182 v _1674_/C (sky130_fd_sc_hd__or4_4)
     1    0.025789    0.083400    0.323664    4.573845 v _1674_/X (sky130_fd_sc_hd__or4_4)
                                                         _0817_ (net)
                      0.083423    0.000906    4.574751 v _1677_/D (sky130_fd_sc_hd__or4_4)
     1    0.003908    0.057008    0.254333    4.829085 v _1677_/X (sky130_fd_sc_hd__or4_4)
                                                         _0820_ (net)
                      0.057009    0.000124    4.829209 v _1678_/C (sky130_fd_sc_hd__or4_4)
     1    0.009154    0.064106    0.298793    5.128002 v _1678_/X (sky130_fd_sc_hd__or4_4)
                                                         _0821_ (net)
                      0.064106    0.000301    5.128303 v _1682_/D (sky130_fd_sc_hd__nor4_4)
     1    0.005244    0.144469    0.100633    5.228936 ^ _1682_/Y (sky130_fd_sc_hd__nor4_4)
                                                         net101 (net)
                      0.144469    0.000107    5.229042 ^ output101/A (sky130_fd_sc_hd__buf_6)
     1    0.036141    0.060982    0.103910    5.332952 ^ output101/X (sky130_fd_sc_hd__buf_6)
                                                         zero (net)
                      0.061005    0.001116    5.334068 ^ zero (out)
                                              5.334068   data arrival time

                      0.000000   10.000000   10.000000   clock __VIRTUAL_CLK__ (rise edge)
                                  0.000000   10.000000   clock network delay (ideal)
                                 -0.250000    9.750000   clock uncertainty
                                  0.000000    9.750000   clock reconvergence pessimism
                                 -2.000000    7.750000   output external delay
                                              7.750000   data required time
---------------------------------------------------------------------------------------------
                                              7.750000   data required time
                                             -5.334068   data arrival time
---------------------------------------------------------------------------------------------
                                              2.415932   slack (MET)




===========================================================================
report_checks --slack_max -0.01
============================================================================
======================= nom_ff_n40C_1v95 Corner ===================================

No paths found.


===========================================================================
 report_check_types -max_slew -max_cap -max_fanout -violators
============================================================================
======================= nom_ff_n40C_1v95 Corner ===================================



===========================================================================
report_parasitic_annotation -report_unannotated
============================================================================
Found 0 unannotated drivers.
Found 0 partially unannotated drivers.

===========================================================================
max slew violation count 0
max fanout violation count 0
max cap violation count 0
============================================================================

===========================================================================
check_setup -verbose -unconstrained_endpoints -multiple_clock -no_clock -no_input_delay -loops -generated_clocks
===========================================================================
