
===========================================================================
 report_power
============================================================================
======================= nom_ff_n40C_1v95 Corner ===================================

Group                    Internal    Switching      Leakage        Total
                            Power        Power        Power        Power (Watts)
------------------------------------------------------------------------
Sequential           0.000000e+00 0.000000e+00 0.000000e+00 0.000000e+00   0.0%
Combinational        3.886572e-04 4.168277e-04 1.474458e-08 8.054996e-04 100.0%
Clock                0.000000e+00 0.000000e+00 7.581987e-09 7.581987e-09   0.0%
Macro                0.000000e+00 0.000000e+00 0.000000e+00 0.000000e+00   0.0%
Pad                  0.000000e+00 0.000000e+00 0.000000e+00 0.000000e+00   0.0%
------------------------------------------------------------------------
Total                3.886572e-04 4.168277e-04 2.232651e-08 8.055072e-04 100.0%
                            48.2%        51.7%         0.0%

