                                                                     Buffers by Cell Master                                                                     
┏━━━━━━━━━━━━━━━━━━━━━━━━━━━━━━━━━━━━━━━━━━━━━━━━━━━━━━━━━━━━━━━━━━━━━━━━━━━━━━━━━━━━━━━━━━━━━━━━━━━━━━━━━━━━━━━━━━━━━━━━━━━━━━━━━━━┳━━━━━━━━━━━━━━━━━━━━━━━━━━┓
┃ Buffer                                                                                                                            ┃ Count                    ┃
┡━━━━━━━━━━━━━━━━━━━━━━━━━━━━━━━━━━━━━━━━━━━━━━━━━━━━━━━━━━━━━━━━━━━━━━━━━━━━━━━━━━━━━━━━━━━━━━━━━━━━━━━━━━━━━━━━━━━━━━━━━━━━━━━━━━━╇━━━━━━━━━━━━━━━━━━━━━━━━━━┩
│ sky130_fd_sc_hd__buf_2                                                                                                            │ 56                       │
│ sky130_fd_sc_hd__buf_4                                                                                                            │ 165                      │
│ sky130_fd_sc_hd__buf_6                                                                                                            │ 19                       │
│ sky130_fd_sc_hd__clkbuf_16                                                                                                        │ 1                        │
│ sky130_fd_sc_hd__clkbuf_2                                                                                                         │ 99                       │
│ sky130_fd_sc_hd__clkbuf_4                                                                                                         │ 167                      │
│ sky130_fd_sc_hd__clkbuf_8                                                                                                         │ 147                      │
│ sky130_fd_sc_hd__clkdlybuf4s15_2                                                                                                  │ 3                        │
│ sky130_fd_sc_hd__clkdlybuf4s25_1                                                                                                  │ 540                      │
│ sky130_fd_sc_hd__dlygate4sd1_1                                                                                                    │ 6                        │
│ sky130_fd_sc_hd__dlygate4sd3_1                                                                                                    │ 1024                     │
│ sky130_fd_sc_hd__dlymetal6s2s_1                                                                                                   │ 41                       │
│ sky130_fd_sc_hd__dlymetal6s4s_1                                                                                                   │ 29                       │
└───────────────────────────────────────────────────────────────────────────────────────────────────────────────────────────────────┴──────────────────────────┘
