[WARNING ORD-0039] .openroad ignored with -python
                                Cells by Master                                 
┏━━━━━━━━━━━━━━━━━━━━━━━━━━━━━━━━━━━━━━━━━━━━━━━━━━━━━━━━━━━━━━━━┳━━━━━━━━━━━━━┓
┃ Cell                                                           ┃ Count       ┃
┡━━━━━━━━━━━━━━━━━━━━━━━━━━━━━━━━━━━━━━━━━━━━━━━━━━━━━━━━━━━━━━━━╇━━━━━━━━━━━━━┩
│ sky130_fd_sc_hd__a211o_2                                       │ 11          │
│ sky130_fd_sc_hd__a21o_2                                        │ 65          │
│ sky130_fd_sc_hd__a22o_2                                        │ 1092        │
│ sky130_fd_sc_hd__a311o_2                                       │ 1           │
│ sky130_fd_sc_hd__a31o_2                                        │ 36          │
│ sky130_fd_sc_hd__a32o_2                                        │ 26          │
│ sky130_fd_sc_hd__and2_2                                        │ 11          │
│ sky130_fd_sc_hd__and2b_2                                       │ 36          │
│ sky130_fd_sc_hd__and3_2                                        │ 5           │
│ sky130_fd_sc_hd__and4b_2                                       │ 2           │
│ sky130_fd_sc_hd__buf_2                                         │ 56          │
│ sky130_fd_sc_hd__buf_4                                         │ 165         │
│ sky130_fd_sc_hd__buf_6                                         │ 19          │
│ sky130_fd_sc_hd__bufinv_16                                     │ 5           │
│ sky130_fd_sc_hd__clkbuf_16                                     │ 1           │
│ sky130_fd_sc_hd__clkbuf_2                                      │ 99          │
│ sky130_fd_sc_hd__clkbuf_4                                      │ 167         │
│ sky130_fd_sc_hd__clkbuf_8                                      │ 147         │
│ sky130_fd_sc_hd__clkdlybuf4s15_2                               │ 3           │
│ sky130_fd_sc_hd__clkdlybuf4s25_1                               │ 540         │
│ sky130_fd_sc_hd__clkinv_2                                      │ 11          │
│ sky130_fd_sc_hd__clkinvlp_4                                    │ 1           │
│ sky130_fd_sc_hd__decap_3                                       │ 5652        │
│ sky130_fd_sc_hd__dfxtp_2                                       │ 1024        │
│ sky130_fd_sc_hd__diode_2                                       │ 47          │
│ sky130_fd_sc_hd__dlygate4sd1_1                                 │ 6           │
│ sky130_fd_sc_hd__dlygate4sd3_1                                 │ 1024        │
│ sky130_fd_sc_hd__dlymetal6s2s_1                                │ 41          │
│ sky130_fd_sc_hd__dlymetal6s4s_1                                │ 29          │
│ sky130_fd_sc_hd__fill_1                                        │ 1361        │
│ sky130_fd_sc_hd__fill_2                                        │ 1029        │
│ sky130_fd_sc_hd__inv_2                                         │ 4           │
│ sky130_fd_sc_hd__mux2_1                                        │ 472         │
│ sky130_fd_sc_hd__mux4_2                                        │ 280         │
│ sky130_fd_sc_hd__nand2_2                                       │ 4           │
│ sky130_fd_sc_hd__nand2b_2                                      │ 3           │
│ sky130_fd_sc_hd__nand2b_4                                      │ 1           │
│ sky130_fd_sc_hd__nand3b_2                                      │ 1           │
│ sky130_fd_sc_hd__nor2_1                                        │ 2           │
│ sky130_fd_sc_hd__nor2_2                                        │ 64          │
│ sky130_fd_sc_hd__nor2_4                                        │ 1           │
│ sky130_fd_sc_hd__o211a_2                                       │ 98          │
│ sky130_fd_sc_hd__o21a_2                                        │ 55          │
│ sky130_fd_sc_hd__o21ai_2                                       │ 6           │
│ sky130_fd_sc_hd__o221a_2                                       │ 7           │
│ sky130_fd_sc_hd__o22a_2                                        │ 136         │
│ sky130_fd_sc_hd__o31a_2                                        │ 24          │
│ sky130_fd_sc_hd__or2_2                                         │ 96          │
│ sky130_fd_sc_hd__or2_4                                         │ 1           │
│ sky130_fd_sc_hd__or3_2                                         │ 2           │
│ sky130_fd_sc_hd__or3b_2                                        │ 11          │
│ sky130_fd_sc_hd__or3b_4                                        │ 2           │
│ sky130_fd_sc_hd__or4b_2                                        │ 1           │
│ sky130_fd_sc_hd__tapvpwrvgnd_1                                 │ 1416        │
└────────────────────────────────────────────────────────────────┴─────────────┘
                               Cells by Function                                
┏━━━━━━━━━━━━━━━━━━━━━━━━━━━━━━━━━━━━━━━━━━━━━━━━━━━━━━━━━━━━━━━━┳━━━━━━━━━━━━━┓
┃ Cell Function                                                  ┃ Count       ┃
┡━━━━━━━━━━━━━━━━━━━━━━━━━━━━━━━━━━━━━━━━━━━━━━━━━━━━━━━━━━━━━━━━╇━━━━━━━━━━━━━┩
│ sky130_fd_sc_hd__a211o                                         │ 11          │
│ sky130_fd_sc_hd__a21o                                          │ 65          │
│ sky130_fd_sc_hd__a22o                                          │ 1092        │
│ sky130_fd_sc_hd__a311o                                         │ 1           │
│ sky130_fd_sc_hd__a31o                                          │ 36          │
│ sky130_fd_sc_hd__a32o                                          │ 26          │
│ sky130_fd_sc_hd__and2                                          │ 11          │
│ sky130_fd_sc_hd__and2b                                         │ 36          │
│ sky130_fd_sc_hd__and3                                          │ 5           │
│ sky130_fd_sc_hd__and4b                                         │ 2           │
│ sky130_fd_sc_hd__buf                                           │ 240         │
│ sky130_fd_sc_hd__bufinv                                        │ 5           │
│ sky130_fd_sc_hd__clkbuf                                        │ 414         │
│ sky130_fd_sc_hd__clkdlybuf4s15                                 │ 3           │
│ sky130_fd_sc_hd__clkdlybuf4s25                                 │ 540         │
│ sky130_fd_sc_hd__clkinv                                        │ 11          │
│ sky130_fd_sc_hd__clkinvlp                                      │ 1           │
│ sky130_fd_sc_hd__decap                                         │ 5652        │
│ sky130_fd_sc_hd__dfxtp                                         │ 1024        │
│ sky130_fd_sc_hd__diode                                         │ 47          │
│ sky130_fd_sc_hd__dlygate4sd1                                   │ 6           │
│ sky130_fd_sc_hd__dlygate4sd3                                   │ 1024        │
│ sky130_fd_sc_hd__dlymetal6s2s                                  │ 41          │
│ sky130_fd_sc_hd__dlymetal6s4s                                  │ 29          │
│ sky130_fd_sc_hd__fill                                          │ 2390        │
│ sky130_fd_sc_hd__inv                                           │ 4           │
│ sky130_fd_sc_hd__mux2                                          │ 472         │
│ sky130_fd_sc_hd__mux4                                          │ 280         │
│ sky130_fd_sc_hd__nand2                                         │ 4           │
│ sky130_fd_sc_hd__nand2b                                        │ 4           │
│ sky130_fd_sc_hd__nand3b                                        │ 1           │
│ sky130_fd_sc_hd__nor2                                          │ 67          │
│ sky130_fd_sc_hd__o211a                                         │ 98          │
│ sky130_fd_sc_hd__o21a                                          │ 55          │
│ sky130_fd_sc_hd__o21ai                                         │ 6           │
│ sky130_fd_sc_hd__o221a                                         │ 7           │
│ sky130_fd_sc_hd__o22a                                          │ 136         │
│ sky130_fd_sc_hd__o31a                                          │ 24          │
│ sky130_fd_sc_hd__or2                                           │ 97          │
│ sky130_fd_sc_hd__or3                                           │ 2           │
│ sky130_fd_sc_hd__or3b                                          │ 13          │
│ sky130_fd_sc_hd__or4b                                          │ 1           │
│ sky130_fd_sc_hd__tapvpwrvgnd                                   │ 1416        │
└────────────────────────────────────────────────────────────────┴─────────────┘
                                  Cells by SCL                                  
┏━━━━━━━━━━━━━━━━━━━━━━━━━━━━━━━━━━━━━━━━━━━━━━━━━━━━━━━┳━━━━━━━━━━━━━━━━━━━━━━┓
┃ SCL                                                   ┃ Count                ┃
┡━━━━━━━━━━━━━━━━━━━━━━━━━━━━━━━━━━━━━━━━━━━━━━━━━━━━━━━╇━━━━━━━━━━━━━━━━━━━━━━┩
│ sky130_fd_sc_hd                                       │ 15399                │
└───────────────────────────────────────────────────────┴──────────────────────┘
                             Buffers by Cell Master                             
┏━━━━━━━━━━━━━━━━━━━━━━━━━━━━━━━━━━━━━━━━━━━━━━━━━━━━━━━━━━━━━━━━┳━━━━━━━━━━━━━┓
┃ Buffer                                                         ┃ Count       ┃
┡━━━━━━━━━━━━━━━━━━━━━━━━━━━━━━━━━━━━━━━━━━━━━━━━━━━━━━━━━━━━━━━━╇━━━━━━━━━━━━━┩
│ sky130_fd_sc_hd__buf_2                                         │ 56          │
│ sky130_fd_sc_hd__buf_4                                         │ 165         │
│ sky130_fd_sc_hd__buf_6                                         │ 19          │
│ sky130_fd_sc_hd__clkbuf_16                                     │ 1           │
│ sky130_fd_sc_hd__clkbuf_2                                      │ 99          │
│ sky130_fd_sc_hd__clkbuf_4                                      │ 167         │
│ sky130_fd_sc_hd__clkbuf_8                                      │ 147         │
│ sky130_fd_sc_hd__clkdlybuf4s15_2                               │ 3           │
│ sky130_fd_sc_hd__clkdlybuf4s25_1                               │ 540         │
│ sky130_fd_sc_hd__dlygate4sd1_1                                 │ 6           │
│ sky130_fd_sc_hd__dlygate4sd3_1                                 │ 1024        │
│ sky130_fd_sc_hd__dlymetal6s2s_1                                │ 41          │
│ sky130_fd_sc_hd__dlymetal6s4s_1                                │ 29          │
└────────────────────────────────────────────────────────────────┴─────────────┘
