
===========================================================================
report_checks -unconstrained
===========================================================================
======================= nom_tt_025C_1v80 Corner ===================================

Startpoint: B[0] (input port clocked by __VIRTUAL_CLK__)
Endpoint: zero (output port clocked by __VIRTUAL_CLK__)
Path Group: __VIRTUAL_CLK__
Path Type: max

Fanout         Cap        Slew       Delay        Time   Description
---------------------------------------------------------------------------------------------
                      0.000000    0.000000    0.000000   clock __VIRTUAL_CLK__ (rise edge)
                                  0.000000    0.000000   clock network delay (ideal)
                                  2.000000    2.000000 v input external delay
     1    0.007457    0.018940    0.012054    2.012054 v B[0] (in)
                                                         B[0] (net)
                      0.018940    0.000000    2.012054 v input33/A (sky130_fd_sc_hd__buf_8)
     2    0.019100    0.030027    0.111972    2.124026 v input33/X (sky130_fd_sc_hd__buf_8)
                                                         net33 (net)
                      0.030028    0.000184    2.124210 v fanout192/A (sky130_fd_sc_hd__buf_8)
     2    0.011912    0.026099    0.111247    2.235458 v fanout192/X (sky130_fd_sc_hd__buf_8)
                                                         net192 (net)
                      0.026099    0.000296    2.235754 v fanout190/A (sky130_fd_sc_hd__buf_6)
     2    0.006553    0.022878    0.102946    2.338700 v fanout190/X (sky130_fd_sc_hd__buf_6)
                                                         net190 (net)
                      0.022878    0.000005    2.338705 v load_slew191/A (sky130_fd_sc_hd__buf_6)
     3    0.015110    0.029531    0.111046    2.449750 v load_slew191/X (sky130_fd_sc_hd__buf_6)
                                                         net191 (net)
                      0.029533    0.000295    2.450045 v fanout188/A (sky130_fd_sc_hd__buf_8)
     5    0.024146    0.033077    0.119969    2.570014 v fanout188/X (sky130_fd_sc_hd__buf_8)
                                                         net188 (net)
                      0.033077    0.000035    2.570049 v load_slew189/A (sky130_fd_sc_hd__buf_8)
     4    0.011613    0.025920    0.112414    2.682463 v load_slew189/X (sky130_fd_sc_hd__buf_8)
                                                         net189 (net)
                      0.025920    0.000073    2.682536 v _1070_/S0 (sky130_fd_sc_hd__mux4_2)
     2    0.009226    0.100266    0.442072    3.124608 v _1070_/X (sky130_fd_sc_hd__mux4_2)
                                                         _0244_ (net)
                      0.100266    0.000158    3.124766 v _1072_/A0 (sky130_fd_sc_hd__mux2_4)
     3    0.008937    0.057911    0.298998    3.423764 v _1072_/X (sky130_fd_sc_hd__mux2_4)
                                                         _0246_ (net)
                      0.057911    0.000034    3.423798 v _1079_/A0 (sky130_fd_sc_hd__mux2_4)
     1    0.004590    0.051635    0.271658    3.695456 v _1079_/X (sky130_fd_sc_hd__mux2_4)
                                                         _0253_ (net)
                      0.051635    0.000013    3.695469 v _1086_/A1 (sky130_fd_sc_hd__a22o_4)
     2    0.008749    0.044825    0.248533    3.944002 v _1086_/X (sky130_fd_sc_hd__a22o_4)
                                                         _0260_ (net)
                      0.044825    0.000111    3.944113 v _1435_/A2 (sky130_fd_sc_hd__o21a_4)
     1    0.006703    0.036966    0.191883    4.135995 v _1435_/X (sky130_fd_sc_hd__o21a_4)
                                                         _0593_ (net)
                      0.036966    0.000095    4.136090 v _1438_/C (sky130_fd_sc_hd__or4_4)
     1    0.003831    0.081585    0.466919    4.603010 v _1438_/X (sky130_fd_sc_hd__or4_4)
                                                         _0596_ (net)
                      0.081585    0.000023    4.603033 v _1445_/C (sky130_fd_sc_hd__or3_4)
     2    0.006491    0.069150    0.340492    4.943524 v _1445_/X (sky130_fd_sc_hd__or3_4)
                                                         net77 (net)
                      0.069150    0.000048    4.943572 v _1669_/A (sky130_fd_sc_hd__or4_4)
     1    0.007000    0.088752    0.543312    5.486884 v _1669_/X (sky130_fd_sc_hd__or4_4)
                                                         _0812_ (net)
                      0.088752    0.000092    5.486976 v _1674_/D (sky130_fd_sc_hd__or4_4)
     1    0.012731    0.098950    0.452759    5.939735 v _1674_/X (sky130_fd_sc_hd__or4_4)
                                                         _0817_ (net)
                      0.098950    0.000485    5.940219 v _1677_/D (sky130_fd_sc_hd__or4_4)
     1    0.003134    0.079916    0.418493    6.358712 v _1677_/X (sky130_fd_sc_hd__or4_4)
                                                         _0820_ (net)
                      0.079916    0.000012    6.358725 v _1678_/C (sky130_fd_sc_hd__or4_4)
     1    0.008422    0.091284    0.499143    6.857867 v _1678_/X (sky130_fd_sc_hd__or4_4)
                                                         _0821_ (net)
                      0.091284    0.000031    6.857898 v _1682_/D (sky130_fd_sc_hd__nor4_4)
     1    0.005366    0.204359    0.151909    7.009807 ^ _1682_/Y (sky130_fd_sc_hd__nor4_4)
                                                         net101 (net)
                      0.204359    0.000011    7.009818 ^ output101/A (sky130_fd_sc_hd__buf_6)
     1    0.034997    0.079398    0.169832    7.179650 ^ output101/X (sky130_fd_sc_hd__buf_6)
                                                         zero (net)
                      0.079398    0.000326    7.179976 ^ zero (out)
                                              7.179976   data arrival time

                      0.000000   10.000000   10.000000   clock __VIRTUAL_CLK__ (rise edge)
                                  0.000000   10.000000   clock network delay (ideal)
                                 -0.250000    9.750000   clock uncertainty
                                  0.000000    9.750000   clock reconvergence pessimism
                                 -2.000000    7.750000   output external delay
                                              7.750000   data required time
---------------------------------------------------------------------------------------------
                                              7.750000   data required time
                                             -7.179976   data arrival time
---------------------------------------------------------------------------------------------
                                              0.570024   slack (MET)




===========================================================================
report_checks --slack_max -0.01
============================================================================
======================= nom_tt_025C_1v80 Corner ===================================

No paths found.


===========================================================================
 report_check_types -max_slew -max_cap -max_fanout -violators
============================================================================
======================= nom_tt_025C_1v80 Corner ===================================



===========================================================================
report_parasitic_annotation -report_unannotated
============================================================================
Found 0 unannotated drivers.
Found 0 partially unannotated drivers.

===========================================================================
max slew violation count 0
Writing metric design__max_slew_violation__count__corner:nom_tt_025C_1v80: 0
max fanout violation count 0
Writing metric design__max_fanout_violation__count__corner:nom_tt_025C_1v80: 0
max cap violation count 0
Writing metric design__max_cap_violation__count__corner:nom_tt_025C_1v80: 0
============================================================================

===========================================================================
check_setup -verbose -unconstrained_endpoints -multiple_clock -no_clock -no_input_delay -loops -generated_clocks
===========================================================================
