┏━━━━━━━━━━━━━━━━━━━━━━┳━━━━━━━━━━┳━━━━━━━━━━┳━━━━━━━━━━┳━━━━━━━━━━┳━━━━━━━━━━━┳━━━━━━━━━━┳━━━━━━━━━━━┳━━━━━━━━━━┳━━━━━━━━━━━┳━━━━━━━━━━┳━━━━━━━━━━━┳━━━━━━━━━━┓
┃                      ┃ Hold     ┃ Reg to   ┃          ┃          ┃ of which  ┃ Setup    ┃           ┃          ┃           ┃ of which ┃           ┃          ┃
┃                      ┃ Worst    ┃ Reg      ┃          ┃ Hold Vio ┃ reg to    ┃ Worst    ┃ Reg to    ┃ Setup    ┃ Setup Vio ┃ reg to   ┃ Max Cap   ┃ Max Slew ┃
┃ Corner/Group         ┃ Slack    ┃ Paths    ┃ Hold TNS ┃ Count    ┃ reg       ┃ Slack    ┃ Reg Paths ┃ TNS      ┃ Count     ┃ reg      ┃ Violatio… ┃ Violati… ┃
┡━━━━━━━━━━━━━━━━━━━━━━╇━━━━━━━━━━╇━━━━━━━━━━╇━━━━━━━━━━╇━━━━━━━━━━╇━━━━━━━━━━━╇━━━━━━━━━━╇━━━━━━━━━━━╇━━━━━━━━━━╇━━━━━━━━━━━╇━━━━━━━━━━╇━━━━━━━━━━━╇━━━━━━━━━━┩
│ Overall              │ 0.0531   │ 0.0531   │ 0.0000   │ 0        │ 0         │ -7.2601  │ N/A       │ -419.02… │ 128       │ 0        │ 8         │ 4000     │
│ nom_tt_025C_1v80     │ 0.2290   │ 0.2290   │ 0.0000   │ 0        │ 0         │ -1.3370  │ N/A       │ -72.4899 │ 64        │ 0        │ 7         │ 3851     │
│ nom_ss_100C_1v60     │ 0.7397   │ 0.7397   │ 0.0000   │ 0        │ 0         │ -7.2601  │ N/A       │ -419.02… │ 64        │ 0        │ 7         │ 4000     │
│ nom_ff_n40C_1v95     │ 0.0531   │ 0.0531   │ 0.0000   │ 0        │ 0         │ 0.8654   │ N/A       │ 0.0000   │ 0         │ 0        │ 8         │ 1250     │
└──────────────────────┴──────────┴──────────┴──────────┴──────────┴───────────┴──────────┴───────────┴──────────┴───────────┴──────────┴───────────┴──────────┘
