Clock: clk
Sources: clk 
Generated: no
Virtual: yes
Propagated: no
Period: 10.000000

===========================================================================
report_clock_properties
============================================================================
Clock                   Period          Waveform
----------------------------------------------------
clk                  10.000000    0.000000  5.000000

===========================================================================
report_clock_latency
============================================================================
Clock clk
rise -> rise
    min     max
0.000000 0.000000 source latency
1.575724         network latency _5536_/CLK
        1.639494 network latency _6059_/CLK
---------------
1.575724 1.639494 latency
        0.063770 skew

fall -> fall
    min     max
0.000000 0.000000 source latency
1.333218         network latency _5536_/CLK
        1.380062 network latency _6059_/CLK
---------------
1.333218 1.380062 latency
        0.046843 skew



===========================================================================
report_clock_min_period
============================================================================
clk period_min = 2.78 fmax = 359.42
