
===========================================================================
Violator List
============================================================================
[setup in-out] rs1[3] -> rd1[16] : -1.989636
[setup in-out] rs1[3] -> rd1[5] : -1.910980
[setup in-out] rs1[3] -> rd1[13] : -1.882630
[setup in-out] rs1[3] -> rd1[11] : -1.865756
[setup in-reg] rst -> _5204_/D : -1.818655
[setup in-reg] rst -> _5184_/D : -1.814825
[setup in-reg] rst -> _5198_/D : -1.807906
[setup in-reg] rst -> _5199_/D : -1.802318
[setup in-reg] rst -> _5188_/D : -1.798943
[setup in-reg] rst -> _5200_/D : -1.797925
[setup in-reg] rst -> _5195_/D : -1.795908
[setup in-reg] rst -> _5176_/D : -1.792777
[setup in-reg] rst -> _5166_/D : -1.737870
[setup in-reg] rst -> _5152_/D : -1.737387
[setup in-reg] rst -> _5172_/D : -1.733373
[setup in-out] rs1[3] -> rd1[22] : -1.726468
[setup in-reg] rst -> _5167_/D : -1.723723
[setup in-reg] rst -> _5156_/D : -1.717677
[setup in-reg] rst -> _5168_/D : -1.716986
[setup in-reg] rst -> _5163_/D : -1.712434
[setup in-out] rs1[3] -> rd1[8] : -1.700795
[setup in-reg] rst -> _5144_/D : -1.694522
[setup in-reg] rst -> _5251_/D : -1.650177
[setup in-reg] rst -> _5257_/D : -1.634489
[setup in-reg] rst -> _5241_/D : -1.623840
[setup in-reg] rst -> _5244_/D : -1.619361
[setup in-reg] rst -> _5219_/D : -1.606420
[setup in-out] rs1[3] -> rd1[9] : -1.603053
[setup in-out] rs1[3] -> rd1[14] : -1.587009
[setup in-reg] rst -> _5225_/D : -1.579040
[setup in-reg] rst -> _5209_/D : -1.569703
[setup in-reg] rst -> _5212_/D : -1.561418
[setup in-out] rs1[3] -> rd1[27] : -1.548143
[setup in-reg] rst -> _5178_/D : -1.544994
[setup in-reg] rst -> _5179_/D : -1.541244
[setup in-reg] rst -> _5181_/D : -1.539744
[setup in-reg] rst -> _5205_/D : -1.535870
[setup in-reg] rst -> _5203_/D : -1.531396
[setup in-out] rs1[3] -> rd1[29] : -1.494861
[setup in-reg] rst -> _5149_/D : -1.493155
[setup in-reg] rst -> _5173_/D : -1.489621
[setup in-out] rs1[3] -> rd1[21] : -1.480583
[setup in-reg] rst -> _5146_/D : -1.480052
[setup in-reg] rst -> _5171_/D : -1.473238
[setup in-reg] rst -> _5147_/D : -1.467934
[setup in-out] rs2[3] -> rd2[0] : -1.466382
[setup in-reg] rst -> _5252_/D : -1.462987
[setup in-out] rs2[3] -> rd2[30] : -1.460650
[setup in-out] rs2[3] -> rd2[28] : -1.458710
[setup in-reg] rst -> _5240_/D : -1.457125
[setup in-reg] rst -> _5263_/D : -1.449495
[setup in-reg] rst -> _5264_/D : -1.438373
[setup in-reg] rst -> _5253_/D : -1.437464
[setup in-reg] rst -> _5268_/D : -1.436187
[setup in-out] rs2[3] -> rd2[24] : -1.431617
[setup in-reg] rst -> _5265_/D : -1.430897
[setup in-out] rs2[3] -> rd2[17] : -1.429958
[setup in-out] rs2[3] -> rd2[16] : -1.415184
[setup in-out] rs2[3] -> rd2[19] : -1.414589
[setup in-out] rs2[3] -> rd2[12] : -1.409398
[setup in-out] rs2[3] -> rd2[31] : -1.408774
[setup in-out] rs1[3] -> rd1[0] : -1.407613
[setup in-out] rs2[3] -> rd2[22] : -1.407241
[setup in-out] rs2[3] -> rd2[23] : -1.404010
[setup in-reg] rst -> _5201_/D : -1.396078
[setup in-out] rs2[3] -> rd2[11] : -1.393274
[setup in-reg] rst -> _5189_/D : -1.391118
[setup in-out] rs1[3] -> rd1[2] : -1.389393
[setup in-out] rs2[3] -> rd2[1] : -1.384271
[setup in-out] rs2[3] -> rd2[8] : -1.379259
[setup in-out] rs2[3] -> rd2[13] : -1.344804
[setup in-out] rs1[3] -> rd1[26] : -1.342049
[setup in-out] rs1[3] -> rd1[10] : -1.324267
[setup in-reg] rst -> _5157_/D : -1.316858
[setup in-out] rs2[3] -> rd2[29] : -1.312042
[setup in-reg] rst -> _5169_/D : -1.310605
[setup in-out] rs2[3] -> rd2[27] : -1.309408
[setup in-out] rs2[3] -> rd2[2] : -1.307618
[setup in-out] rs2[3] -> rd2[4] : -1.301287
[setup in-out] rs1[3] -> rd1[19] : -1.274866
[setup in-reg] rst -> _5220_/D : -1.269333
[setup in-out] rs1[2] -> rd1[1] : -1.267634
[setup in-out] rs1[3] -> rd1[3] : -1.261025
[setup in-reg] rst -> _5208_/D : -1.258821
[setup in-out] rs1[3] -> rd1[6] : -1.256963
[setup in-reg] rst -> _5232_/D : -1.251824
[setup in-reg] rst -> _5233_/D : -1.250801
[setup in-reg] rst -> _5231_/D : -1.246792
[setup in-reg] rst -> _5221_/D : -1.228842
[setup in-reg] rst -> _5236_/D : -1.222907
[setup in-out] rs1[3] -> rd1[12] : -1.218872
[setup in-reg] rst -> _5180_/D : -1.208455
[setup in-reg] rst -> _5187_/D : -1.207668
[setup in-reg] rst -> _5193_/D : -1.204226
[setup in-reg] rst -> _5192_/D : -1.185022
[setup in-reg] rst -> _5267_/D : -1.179078
[setup in-out] rs2[3] -> rd2[15] : -1.178683
[setup in-reg] rst -> _5177_/D : -1.176716
[setup in-out] rs2[3] -> rd2[26] : -1.169116
[setup in-reg] rst -> _5243_/D : -1.167415
[setup in-out] rs1[3] -> rd1[7] : -1.165983
[setup in-reg] rst -> _5242_/D : -1.165846
[setup in-reg] rst -> _5269_/D : -1.165780
[setup in-out] rs2[3] -> rd2[6] : -1.162455
[setup in-reg] rst -> _5155_/D : -1.158779
[setup in-reg] rst -> _5256_/D : -1.155647
[setup in-out] rs2[3] -> rd2[20] : -1.147249
[setup in-reg] rst -> _5210_/D : -1.144241
[setup in-reg] rst -> _5161_/D : -1.128628
[setup in-reg] rst -> _5237_/D : -1.126683
[setup in-reg] rst -> _5235_/D : -1.126102
[setup in-reg] rst -> _5145_/D : -1.124168
[setup in-reg] rst -> _5148_/D : -1.123055
[setup in-out] rs2[3] -> rd2[10] : -1.121762
[setup in-reg] rst -> _5211_/D : -1.115279
[setup in-reg] rst -> _5224_/D : -1.111281
[setup in-out] rs2[3] -> rd2[21] : -1.105047
[setup in-reg] rst -> _5160_/D : -1.104556
[setup in-out] rs1[3] -> rd1[31] : -1.101777
[setup in-out] rs2[3] -> rd2[5] : -1.100528
[setup in-reg] rst -> _5248_/D : -1.060079
[setup in-reg] rst -> _5262_/D : -1.053370
[setup in-reg] rst -> _5259_/D : -1.042770
[setup in-out] rs2[3] -> rd2[18] : -1.004366
[setup in-out] rs2[3] -> rd2[25] : -0.996998
[setup in-reg] rst -> _5191_/D : -0.959677
[setup in-out] rs1[2] -> rd1[17] : -0.957783
[setup in-reg] rst -> _5194_/D : -0.957325
[setup in-out] rs2[3] -> rd2[7] : -0.956315
[setup in-reg] rst -> _5182_/D : -0.955370
[setup in-reg] rst -> _5162_/D : -0.949425
[setup in-reg] rst -> _5164_/D : -0.948271
[setup in-out] rs2[3] -> rd2[3] : -0.947295
[setup in-reg] rst -> _5186_/D : -0.946715
[setup in-reg] rst -> _5183_/D : -0.944652
[setup in-out] rs2[3] -> rd2[14] : -0.943174
[setup in-reg] rst -> _5185_/D : -0.942188
[setup in-reg] rst -> _5196_/D : -0.942053
[setup in-reg] rst -> _5154_/D : -0.940102
[setup in-reg] rst -> _5207_/D : -0.939347
[setup in-reg] rst -> _5159_/D : -0.938482
[setup in-reg] rst -> _5153_/D : -0.937413
[setup in-reg] rst -> _5150_/D : -0.937248
[setup in-reg] rst -> _5151_/D : -0.934432
[setup in-reg] rst -> _5175_/D : -0.933198
[setup in-out] rs2[3] -> rd2[9] : -0.929492
[setup in-out] rs1[3] -> rd1[15] : -0.917803
[setup in-reg] rst -> _5230_/D : -0.853009
[setup in-reg] rst -> _5216_/D : -0.850170
[setup in-reg] rst -> _5227_/D : -0.848063
[setup in-reg] rst -> _5245_/D : -0.818142
[setup in-out] rs1[1] -> rd1[4] : -0.815255
[setup in-reg] rst -> _5258_/D : -0.800331
[setup in-reg] rst -> _5255_/D : -0.798675
[setup in-reg] rst -> _5250_/D : -0.794846
[setup in-reg] rst -> _5247_/D : -0.787146
[setup in-reg] rst -> _5260_/D : -0.776711
[setup in-reg] rst -> _5249_/D : -0.771246
[setup in-out] rs1[2] -> rd1[23] : -0.769129
[setup in-reg] rst -> _5213_/D : -0.766630
[setup in-reg] rst -> _5271_/D : -0.756423
[setup in-out] rs1[2] -> rd1[28] : -0.750620
[setup in-out] rs1[2] -> rd1[24] : -0.750063
[setup in-out] rs1[2] -> rd1[30] : -0.724122
[setup in-reg] rst -> _5494_/D : -0.714929
[setup in-reg] rst -> _6048_/D : -0.713558
[setup in-reg] rst -> _6062_/D : -0.712205
[setup in-reg] rst -> _6051_/D : -0.711482
[setup in-reg] rst -> _5487_/D : -0.708690
[setup in-reg] rst -> _5223_/D : -0.701806
[setup in-reg] rst -> _6067_/D : -0.699019
[setup in-reg] rst -> _5492_/D : -0.696977
[setup in-reg] rst -> _6044_/D : -0.695180
[setup in-reg] rst -> _5488_/D : -0.694245
[setup in-reg] rst -> _6041_/D : -0.692417
[setup in-reg] rst -> _6057_/D : -0.690900
[setup in-reg] rst -> _5476_/D : -0.683946
[setup in-reg] rst -> _5464_/D : -0.677783
[setup in-reg] rst -> _5226_/D : -0.673552
[setup in-reg] rst -> _5215_/D : -0.664738
[setup in-reg] rst -> _5217_/D : -0.655411
[setup in-reg] rst -> _5228_/D : -0.654961
[setup in-out] rs1[2] -> rd1[25] : -0.653767
[setup in-reg] rst -> _5239_/D : -0.649420
[setup in-reg] rst -> _5218_/D : -0.639917
[setup in-out] rs1[3] -> rd1[18] : -0.581962
[setup in-reg] rst -> _5519_/D : -0.579341
[setup in-reg] rst -> _5524_/D : -0.577018
[setup in-reg] rst -> _5526_/D : -0.576899
[setup in-reg] rst -> _5508_/D : -0.559676
[setup in-reg] rst -> _5426_/D : -0.555019
[setup in-reg] rst -> _5520_/D : -0.552931
[setup in-reg] rst -> _5405_/D : -0.552042
[setup in-reg] rst -> _5952_/D : -0.550736
[setup in-reg] rst -> _5961_/D : -0.542929
[setup in-reg] rst -> _5074_/D : -0.540116
[setup in-reg] rst -> _5407_/D : -0.537378
[setup in-reg] rst -> _5966_/D : -0.536623
[setup in-reg] rst -> _5421_/D : -0.536040
[setup in-reg] rst -> _5062_/D : -0.535759
[setup in-reg] rst -> _5955_/D : -0.535347
[setup in-reg] rst -> _5069_/D : -0.535267
[setup in-reg] rst -> _5206_/D : -0.534661
[setup in-reg] rst -> _5409_/D : -0.532751
[setup in-reg] rst -> _5054_/D : -0.531168
[setup in-reg] rst -> _5410_/D : -0.530826
[setup in-reg] rst -> _5971_/D : -0.530159
[setup in-reg] rst -> _5174_/D : -0.529744
[setup in-reg] rst -> _5496_/D : -0.529478
[setup in-reg] rst -> _5058_/D : -0.528939
[setup in-reg] rst -> _5945_/D : -0.525421
[setup in-reg] rst -> _5053_/D : -0.525111
[setup in-reg] rst -> _6054_/D : -0.519817
[setup in-reg] rst -> _5948_/D : -0.518208
[setup in-reg] rst -> _5051_/D : -0.516979
[setup in-reg] rst -> _5071_/D : -0.501846
[setup in-reg] rst -> _6066_/D : -0.499346
[setup in-reg] rst -> _6061_/D : -0.498423
[setup in-reg] rst -> _6050_/D : -0.496617
[setup in-reg] rst -> _6069_/D : -0.495592
[setup in-reg] rst -> _5048_/D : -0.495021
[setup in-reg] rst -> _6046_/D : -0.493483
[setup in-reg] rst -> _5076_/D : -0.490664
[setup in-reg] rst -> _5061_/D : -0.490625
[setup in-reg] rst -> _5078_/D : -0.488357
[setup in-reg] rst -> _5060_/D : -0.486796
[setup in-reg] rst -> _5067_/D : -0.471641
[setup in-reg] rst -> _5072_/D : -0.468232
[setup in-reg] rst -> _6056_/D : -0.467938
[setup in-reg] rst -> _6058_/D : -0.461265
[setup in-reg] rst -> _5975_/D : -0.450722
[setup in-reg] rst -> _6055_/D : -0.448118
[setup in-reg] rst -> _6071_/D : -0.446385
[setup in-reg] rst -> _6070_/D : -0.442680
[setup in-reg] rst -> _6063_/D : -0.442359
[setup in-reg] rst -> _5964_/D : -0.440995
[setup in-reg] rst -> _5960_/D : -0.440991
[setup in-reg] rst -> _5959_/D : -0.439355
[setup in-reg] rst -> _6060_/D : -0.438455
[setup in-reg] rst -> _5962_/D : -0.437248
[setup in-reg] rst -> _6052_/D : -0.434612
[setup in-reg] rst -> _6068_/D : -0.430917
[setup in-out] rs1[3] -> rd1[20] : -0.430846
[setup in-reg] rst -> _6040_/D : -0.428392
[setup in-reg] rst -> _6065_/D : -0.421777
[setup in-reg] rst -> _5969_/D : -0.419469
[setup in-reg] rst -> _6064_/D : -0.412423
[setup in-reg] rst -> _6059_/D : -0.411358
[setup in-reg] rst -> _5965_/D : -0.411046
[setup in-reg] rst -> _5958_/D : -0.410843
[setup in-reg] rst -> _5973_/D : -0.408787
[setup in-reg] rst -> _5954_/D : -0.401211
[setup in-reg] rst -> _5950_/D : -0.400970
[setup in-reg] rst -> _5974_/D : -0.400378
[setup in-reg] rst -> _5967_/D : -0.399195
[setup in-reg] rst -> _5970_/D : -0.396788
[setup in-reg] rst -> _5944_/D : -0.371981
[setup in-reg] rst -> _5972_/D : -0.367963
[setup in-reg] rst -> _5956_/D : -0.364645
[setup in-reg] rst -> _5968_/D : -0.355184
[setup in-reg] rst -> _5963_/D : -0.338686
[setup in-reg] rst -> _5359_/D : -0.301074
[setup in-reg] rst -> _6042_/D : -0.286815
[setup in-reg] rst -> _5364_/D : -0.286501
[setup in-reg] rst -> _5348_/D : -0.284057
[setup in-reg] rst -> _5270_/D : -0.283730
[setup in-reg] rst -> _5336_/D : -0.277544
[setup in-reg] rst -> _6045_/D : -0.274529
[setup in-reg] rst -> _5349_/D : -0.273492
[setup in-reg] rst -> _6043_/D : -0.262426
[setup in-reg] rst -> _5360_/D : -0.247912
[setup in-reg] rst -> _5481_/D : -0.235468
[setup in-reg] rst -> _5475_/D : -0.231503
[setup in-reg] rst -> _5465_/D : -0.224540
[setup in-reg] rst -> _5486_/D : -0.222140
[setup in-reg] rst -> _5468_/D : -0.218500
[setup in-reg] rst -> _5473_/D : -0.207129
[setup in-reg] rst -> _5352_/D : -0.203690
[setup in-reg] rst -> _5362_/D : -0.203111
[setup in-reg] rst -> _5497_/D : -0.199178
[setup in-reg] rst -> _5507_/D : -0.198994
[setup in-reg] rst -> _5288_/D : -0.198761
[setup in-reg] rst -> _5342_/D : -0.198047
[setup in-reg] rst -> _5513_/D : -0.196475
[setup in-reg] rst -> _5483_/D : -0.196055
[setup in-reg] rst -> _5500_/D : -0.195436
[setup in-reg] rst -> _5471_/D : -0.193049
[setup in-reg] rst -> _5479_/D : -0.192681
[setup in-reg] rst -> _5285_/D : -0.188407
[setup in-reg] rst -> _5346_/D : -0.184374
[setup in-reg] rst -> _5518_/D : -0.178213
[setup in-reg] rst -> _5238_/D : -0.176803
[setup in-reg] rst -> _5477_/D : -0.174208
[setup in-reg] rst -> _5365_/D : -0.172848
[setup in-reg] rst -> _5282_/D : -0.169621
[setup in-reg] rst -> _5935_/D : -0.167329
[setup in-reg] rst -> _5515_/D : -0.167219
[setup in-reg] rst -> _5298_/D : -0.164047
[setup in-reg] rst -> _5284_/D : -0.161647
[setup in-reg] rst -> _5411_/D : -0.158544
[setup in-reg] rst -> _5295_/D : -0.157251
[setup in-reg] rst -> _5278_/D : -0.156862
[setup in-reg] rst -> _5912_/D : -0.154030
[setup in-reg] rst -> _5924_/D : -0.153702
[setup in-reg] rst -> _5940_/D : -0.152251
[setup in-reg] rst -> _5301_/D : -0.150785
[setup in-reg] rst -> _5300_/D : -0.148987
[setup in-reg] rst -> _5936_/D : -0.148266
[setup in-reg] rst -> _5272_/D : -0.147483
[setup in-reg] rst -> _5413_/D : -0.146095
[setup in-reg] rst -> _5422_/D : -0.143319
[setup in-reg] rst -> _5401_/D : -0.142185
[setup in-reg] rst -> _5408_/D : -0.140185
[setup in-reg] rst -> _5400_/D : -0.139200
[setup in-reg] rst -> _5428_/D : -0.136985
[setup in-reg] rst -> _5920_/D : -0.136205
[setup in-reg] rst -> _5430_/D : -0.135402
[setup in-reg] rst -> _5320_/D : -0.135305
[setup in-reg] rst -> _5412_/D : -0.135222
[setup in-reg] rst -> _5333_/D : -0.130206
[setup in-reg] rst -> _5417_/D : -0.128473
[setup in-reg] rst -> _5423_/D : -0.125276
[setup in-reg] rst -> _5414_/D : -0.122489
[setup in-reg] rst -> _5931_/D : -0.121912
[setup in-reg] rst -> _5404_/D : -0.120647
[setup in-reg] rst -> _5296_/D : -0.117023
[setup in-reg] rst -> _5310_/D : -0.116742
[setup in-reg] rst -> _5416_/D : -0.116259
[setup in-reg] rst -> _5934_/D : -0.114285
[setup in-reg] rst -> _5406_/D : -0.113437
[setup in-reg] rst -> _5949_/D : -0.111562
[setup in-reg] rst -> _5946_/D : -0.107976
[setup in-reg] rst -> _5923_/D : -0.107131
[setup in-reg] rst -> _5314_/D : -0.106875
[setup in-reg] rst -> _5913_/D : -0.099225
[setup in-reg] rst -> _5929_/D : -0.097461
[setup in-reg] rst -> _5424_/D : -0.096475
[setup in-reg] rst -> _5419_/D : -0.096340
[setup in-reg] rst -> _5505_/D : -0.095389
[setup in-reg] rst -> _5916_/D : -0.095232
[setup in-reg] rst -> _5503_/D : -0.093284
[setup in-reg] rst -> _5511_/D : -0.088864
[setup in-reg] rst -> _5947_/D : -0.088662
[setup in-reg] rst -> _5775_/D : -0.087198
[setup in-reg] rst -> _5764_/D : -0.086275
[setup in-reg] rst -> _5780_/D : -0.086036
[setup in-reg] rst -> _5330_/D : -0.084952
[setup in-reg] rst -> _5190_/D : -0.084492
[setup in-reg] rst -> _5939_/D : -0.084419
[setup in-reg] rst -> _5509_/D : -0.082599
[setup in-reg] rst -> _5403_/D : -0.082006
[setup in-reg] rst -> _5752_/D : -0.079938
[setup in-reg] rst -> _5776_/D : -0.077526
[setup in-reg] rst -> _5771_/D : -0.073772
[setup in-reg] rst -> _5197_/D : -0.073350
[setup in-reg] rst -> _5760_/D : -0.065373
[setup in-reg] rst -> _5283_/D : -0.064421
[setup in-reg] rst -> _5202_/D : -0.063832
[setup in-reg] rst -> _5063_/D : -0.060449
[setup in-reg] rst -> _5276_/D : -0.060014
[setup in-reg] rst -> _5055_/D : -0.059901
[setup in-reg] rst -> _5774_/D : -0.058121
[setup in-reg] rst -> _5280_/D : -0.056576
[setup in-reg] rst -> _5763_/D : -0.054619
[setup in-reg] rst -> _5299_/D : -0.054413
[setup in-reg] rst -> _5474_/D : -0.053017
[setup in-reg] rst -> _5769_/D : -0.051057
[setup in-reg] rst -> _5289_/D : -0.047419
[setup in-reg] rst -> _5057_/D : -0.046478
[setup in-reg] rst -> _5273_/D : -0.046223
[setup in-reg] rst -> _5756_/D : -0.044971
[setup in-reg] rst -> _5779_/D : -0.043547
[setup in-reg] rst -> _5485_/D : -0.042944
[setup in-reg] rst -> _5469_/D : -0.041983
[setup in-reg] rst -> _5478_/D : -0.041348
[setup in-reg] rst -> _5753_/D : -0.041106
[setup in-reg] rst -> _5294_/D : -0.040331
[setup in-reg] rst -> _5344_/D : -0.040052
[setup in-reg] rst -> _5363_/D : -0.037496
[setup in-reg] rst -> _5347_/D : -0.035256
[setup in-reg] rst -> _5415_/D : -0.033941
[setup in-reg] rst -> _5418_/D : -0.032723
[setup in-reg] rst -> _5888_/D : -0.031106
[setup in-reg] rst -> _5353_/D : -0.028753
[setup in-reg] rst -> _5340_/D : -0.026552
[setup in-reg] rst -> _5431_/D : -0.024822
[setup in-reg] rst -> _5337_/D : -0.023322
[setup in-reg] rst -> _5420_/D : -0.022856
[setup in-reg] rst -> _5358_/D : -0.020727
[setup in-reg] rst -> _5165_/D : -0.018659
[setup in-reg] rst -> _5170_/D : -0.012767
[setup in-reg] rst -> _5506_/D : -0.011942
[setup in-reg] rst -> _5158_/D : -0.011228
[setup in-reg] rst -> _5903_/D : -0.009312
[setup in-reg] rst -> _5291_/D : -0.004464
[setup in-reg] rst -> _5891_/D : -0.000201
