Reading timing models for corner nom_tt_025C_1v80…
Reading timing library for the 'nom_tt_025C_1v80' corner at '/root/.ciel/ciel/sky130/versions/8afc8346a57fe1ab7934ba5a6056ea8b43078e71/sky130A/libs.ref/sky130_fd_sc_hd/lib/sky130_fd_sc_hd__tt_025C_1v80.lib'…
Reading OpenROAD database at '/work/runs/RUN_2026-08-06_09-53-31/24-openroad-globalplacementskipio/registerfile.odb'…
Reading design constraints file at '/nix/store/ffl2vg3m80k0p74pyffnmai83fnv38mf-python3-3.13.9-env/lib/python3.13/site-packages/librelane/scripts/base.sdc'…
[INFO] Using clock clk…
[INFO] Setting output delay to: 2
[INFO] Setting input delay to: 2
[INFO] Setting load to: 0.033442
[INFO] Setting clock uncertainty to: 0.25
[INFO] Setting clock transition to: 0.1499999999999999944488848768742172978818416595458984375
[INFO] Setting timing derate to: 5%
+ place_pins -hor_layers met3 -ver_layers met2
Found 0 macro blocks.
Using 2 tracks default min distance between IO pins.
[INFO PPL-0001] Number of available slots 1204
[INFO PPL-0002] Number of I/O             114
[INFO PPL-0003] Number of I/O w/sink      114
[INFO PPL-0004] Number of I/O w/o sink    0
[INFO PPL-0005] Slots per section         200
[INFO PPL-0008] Successfully assigned pins to sections.
[INFO PPL-0012] I/O nets HPWL: 16547.39 um.
Setting global connections for newly added cells…
[INFO] Setting global connections...
[INFO ODB-0403] 0 connections made, 0 conflicts skipped.
Updating metrics…
Cell type report:                       Count       Area
  Fill cell                               232     870.84
  Tap cell                               1416    1771.70
  Inverter                                  4      15.01
  Sequential cell                        1024   21780.89
  Multi-Input combinational cell         2552   28740.06
  Total                                  5228   53178.50
Writing OpenROAD database to '/work/runs/RUN_2026-08-06_09-53-31/25-openroad-ioplacement/registerfile.odb'…
Writing netlist to '/work/runs/RUN_2026-08-06_09-53-31/25-openroad-ioplacement/registerfile.nl.v'…
Writing powered netlist to '/work/runs/RUN_2026-08-06_09-53-31/25-openroad-ioplacement/registerfile.pnl.v'…
Writing layout to '/work/runs/RUN_2026-08-06_09-53-31/25-openroad-ioplacement/registerfile.def'…
Writing timing constraints to '/work/runs/RUN_2026-08-06_09-53-31/25-openroad-ioplacement/registerfile.sdc'…
