
===========================================================================
report_checks -unconstrained
===========================================================================
======================= max_ss_100C_1v60 Corner ===================================

Startpoint: control[0] (input port clocked by __VIRTUAL_CLK__)
Endpoint: zero (output port clocked by __VIRTUAL_CLK__)
Path Group: __VIRTUAL_CLK__
Path Type: max

Fanout         Cap        Slew       Delay        Time   Description
---------------------------------------------------------------------------------------------
                      0.000000    0.000000    0.000000   clock __VIRTUAL_CLK__ (rise edge)
                                  0.000000    0.000000   clock network delay (ideal)
                                  2.000000    2.000000 ^ input external delay
     1    0.003189    0.034827    0.017891    2.017891 ^ control[0] (in)
                                                         control[0] (net)
                      0.034827    0.000000    2.017891 ^ input65/A (sky130_fd_sc_hd__clkdlybuf4s25_1)
     5    0.021299    0.352956    0.652458    2.670350 ^ input65/X (sky130_fd_sc_hd__clkdlybuf4s25_1)
                                                         net65 (net)
                      0.352960    0.001824    2.672174 ^ fanout156/A (sky130_fd_sc_hd__buf_4)
    10    0.041188    0.194691    0.423345    3.095518 ^ fanout156/X (sky130_fd_sc_hd__buf_4)
                                                         net156 (net)
                      0.194710    0.002091    3.097609 ^ _0868_/A (sky130_fd_sc_hd__or2_2)
     5    0.022567    0.194274    0.348965    3.446574 ^ _0868_/X (sky130_fd_sc_hd__or2_2)
                                                         _0043_ (net)
                      0.194274    0.000422    3.446996 ^ _1104_/B (sky130_fd_sc_hd__or2_2)
     4    0.049613    0.402603    0.494758    3.941755 ^ _1104_/X (sky130_fd_sc_hd__or2_2)
                                                         _0278_ (net)
                      0.402750    0.003039    3.944794 ^ fanout107/A (sky130_fd_sc_hd__dlymetal6s2s_1)
    10    0.104945    1.542135    1.327042    5.271836 ^ fanout107/X (sky130_fd_sc_hd__dlymetal6s2s_1)
                                                         net107 (net)
                      1.542249    0.011249    5.283085 ^ _1152_/B1 (sky130_fd_sc_hd__a21oi_2)
     1    0.003042    0.257117    0.256140    5.539224 v _1152_/Y (sky130_fd_sc_hd__a21oi_2)
                                                         _0324_ (net)
                      0.257117    0.000210    5.539434 v _1153_/B1 (sky130_fd_sc_hd__o21a_2)
     1    0.002209    0.055742    0.290715    5.830150 v _1153_/X (sky130_fd_sc_hd__o21a_2)
                                                         _0325_ (net)
                      0.055742    0.000086    5.830235 v _1169_/A (sky130_fd_sc_hd__or4b_2)
     1    0.002987    0.214061    1.547733    7.377969 v _1169_/X (sky130_fd_sc_hd__or4b_2)
                                                         _0341_ (net)
                      0.214061    0.000208    7.378177 v _1170_/B1 (sky130_fd_sc_hd__a21o_2)
     2    0.006274    0.074216    0.415781    7.793958 v _1170_/X (sky130_fd_sc_hd__a21o_2)
                                                         net94 (net)
                      0.074216    0.000330    7.794288 v _1671_/C (sky130_fd_sc_hd__or4_4)
     1    0.006467    0.163184    0.968496    8.762785 v _1671_/X (sky130_fd_sc_hd__or4_4)
                                                         _0814_ (net)
                      0.163185    0.000508    8.763292 v _1672_/A (sky130_fd_sc_hd__or2_4)
     1    0.013734    0.103104    0.542558    9.305851 v _1672_/X (sky130_fd_sc_hd__or2_4)
                                                         _0815_ (net)
                      0.103178    0.001494    9.307344 v _1674_/C (sky130_fd_sc_hd__or4_4)
     1    0.026171    0.225781    1.090355   10.397699 v _1674_/X (sky130_fd_sc_hd__or4_4)
                                                         _0817_ (net)
                      0.225781    0.002209   10.399908 v _1677_/D (sky130_fd_sc_hd__or4_4)
     1    0.004058    0.150201    0.875726   11.275634 v _1677_/X (sky130_fd_sc_hd__or4_4)
                                                         _0820_ (net)
                      0.150201    0.000270   11.275904 v _1678_/C (sky130_fd_sc_hd__or4_4)
     1    0.009522    0.172012    1.014081   12.289986 v _1678_/X (sky130_fd_sc_hd__or4_4)
                                                         _0821_ (net)
                      0.172012    0.000717   12.290702 v _1682_/D (sky130_fd_sc_hd__nor4_4)
     1    0.005168    0.328729    0.273240   12.563942 ^ _1682_/Y (sky130_fd_sc_hd__nor4_4)
                                                         net101 (net)
                      0.328729    0.000245   12.564187 ^ output101/A (sky130_fd_sc_hd__buf_6)
     1    0.036362    0.130284    0.332773   12.896960 ^ output101/X (sky130_fd_sc_hd__buf_6)
                                                         zero (net)
                      0.130320    0.002091   12.899051 ^ zero (out)
                                             12.899051   data arrival time

                      0.000000   10.000000   10.000000   clock __VIRTUAL_CLK__ (rise edge)
                                  0.000000   10.000000   clock network delay (ideal)
                                 -0.250000    9.750000   clock uncertainty
                                  0.000000    9.750000   clock reconvergence pessimism
                                 -2.000000    7.750000   output external delay
                                              7.750000   data required time
---------------------------------------------------------------------------------------------
                                              7.750000   data required time
                                            -12.899051   data arrival time
---------------------------------------------------------------------------------------------
                                             -5.149051   slack (VIOLATED)




===========================================================================
report_checks --slack_max -0.01
============================================================================
======================= max_ss_100C_1v60 Corner ===================================

Startpoint: control[0] (input port clocked by __VIRTUAL_CLK__)
Endpoint: zero (output port clocked by __VIRTUAL_CLK__)
Path Group: __VIRTUAL_CLK__
Path Type: max

Fanout         Cap        Slew       Delay        Time   Description
---------------------------------------------------------------------------------------------
                      0.000000    0.000000    0.000000   clock __VIRTUAL_CLK__ (rise edge)
                                  0.000000    0.000000   clock network delay (ideal)
                                  2.000000    2.000000 ^ input external delay
     1    0.003189    0.034827    0.017891    2.017891 ^ control[0] (in)
                                                         control[0] (net)
                      0.034827    0.000000    2.017891 ^ input65/A (sky130_fd_sc_hd__clkdlybuf4s25_1)
     5    0.021299    0.352956    0.652458    2.670350 ^ input65/X (sky130_fd_sc_hd__clkdlybuf4s25_1)
                                                         net65 (net)
                      0.352960    0.001824    2.672174 ^ fanout156/A (sky130_fd_sc_hd__buf_4)
    10    0.041188    0.194691    0.423345    3.095518 ^ fanout156/X (sky130_fd_sc_hd__buf_4)
                                                         net156 (net)
                      0.194710    0.002091    3.097609 ^ _0868_/A (sky130_fd_sc_hd__or2_2)
     5    0.022567    0.194274    0.348965    3.446574 ^ _0868_/X (sky130_fd_sc_hd__or2_2)
                                                         _0043_ (net)
                      0.194274    0.000422    3.446996 ^ _1104_/B (sky130_fd_sc_hd__or2_2)
     4    0.049613    0.402603    0.494758    3.941755 ^ _1104_/X (sky130_fd_sc_hd__or2_2)
                                                         _0278_ (net)
                      0.402750    0.003039    3.944794 ^ fanout107/A (sky130_fd_sc_hd__dlymetal6s2s_1)
    10    0.104945    1.542135    1.327042    5.271836 ^ fanout107/X (sky130_fd_sc_hd__dlymetal6s2s_1)
                                                         net107 (net)
                      1.542249    0.011249    5.283085 ^ _1152_/B1 (sky130_fd_sc_hd__a21oi_2)
     1    0.003042    0.257117    0.256140    5.539224 v _1152_/Y (sky130_fd_sc_hd__a21oi_2)
                                                         _0324_ (net)
                      0.257117    0.000210    5.539434 v _1153_/B1 (sky130_fd_sc_hd__o21a_2)
     1    0.002209    0.055742    0.290715    5.830150 v _1153_/X (sky130_fd_sc_hd__o21a_2)
                                                         _0325_ (net)
                      0.055742    0.000086    5.830235 v _1169_/A (sky130_fd_sc_hd__or4b_2)
     1    0.002987    0.214061    1.547733    7.377969 v _1169_/X (sky130_fd_sc_hd__or4b_2)
                                                         _0341_ (net)
                      0.214061    0.000208    7.378177 v _1170_/B1 (sky130_fd_sc_hd__a21o_2)
     2    0.006274    0.074216    0.415781    7.793958 v _1170_/X (sky130_fd_sc_hd__a21o_2)
                                                         net94 (net)
                      0.074216    0.000330    7.794288 v _1671_/C (sky130_fd_sc_hd__or4_4)
     1    0.006467    0.163184    0.968496    8.762785 v _1671_/X (sky130_fd_sc_hd__or4_4)
                                                         _0814_ (net)
                      0.163185    0.000508    8.763292 v _1672_/A (sky130_fd_sc_hd__or2_4)
     1    0.013734    0.103104    0.542558    9.305851 v _1672_/X (sky130_fd_sc_hd__or2_4)
                                                         _0815_ (net)
                      0.103178    0.001494    9.307344 v _1674_/C (sky130_fd_sc_hd__or4_4)
     1    0.026171    0.225781    1.090355   10.397699 v _1674_/X (sky130_fd_sc_hd__or4_4)
                                                         _0817_ (net)
                      0.225781    0.002209   10.399908 v _1677_/D (sky130_fd_sc_hd__or4_4)
     1    0.004058    0.150201    0.875726   11.275634 v _1677_/X (sky130_fd_sc_hd__or4_4)
                                                         _0820_ (net)
                      0.150201    0.000270   11.275904 v _1678_/C (sky130_fd_sc_hd__or4_4)
     1    0.009522    0.172012    1.014081   12.289986 v _1678_/X (sky130_fd_sc_hd__or4_4)
                                                         _0821_ (net)
                      0.172012    0.000717   12.290702 v _1682_/D (sky130_fd_sc_hd__nor4_4)
     1    0.005168    0.328729    0.273240   12.563942 ^ _1682_/Y (sky130_fd_sc_hd__nor4_4)
                                                         net101 (net)
                      0.328729    0.000245   12.564187 ^ output101/A (sky130_fd_sc_hd__buf_6)
     1    0.036362    0.130284    0.332773   12.896960 ^ output101/X (sky130_fd_sc_hd__buf_6)
                                                         zero (net)
                      0.130320    0.002091   12.899051 ^ zero (out)
                                             12.899051   data arrival time

                      0.000000   10.000000   10.000000   clock __VIRTUAL_CLK__ (rise edge)
                                  0.000000   10.000000   clock network delay (ideal)
                                 -0.250000    9.750000   clock uncertainty
                                  0.000000    9.750000   clock reconvergence pessimism
                                 -2.000000    7.750000   output external delay
                                              7.750000   data required time
---------------------------------------------------------------------------------------------
                                              7.750000   data required time
                                            -12.899051   data arrival time
---------------------------------------------------------------------------------------------
                                             -5.149051   slack (VIOLATED)




===========================================================================
 report_check_types -max_slew -max_cap -max_fanout -violators
============================================================================
======================= max_ss_100C_1v60 Corner ===================================

max slew

Pin                                        Limit        Slew       Slack
------------------------------------------------------------------------
_1484_/B1                               0.750000    1.542652   -0.792652 (VIOLATED)
_1466_/C1                               0.750000    1.542649   -0.792649 (VIOLATED)
_1412_/C1                               0.750000    1.542644   -0.792644 (VIOLATED)
_1372_/B1                               0.750000    1.542589   -0.792589 (VIOLATED)
_1336_/C1                               0.750000    1.542535   -0.792535 (VIOLATED)
_1311_/B1                               0.750000    1.542485   -0.792485 (VIOLATED)
_1152_/B1                               0.750000    1.542249   -0.792250 (VIOLATED)
_1561_/A1                               0.750000    1.542205   -0.792205 (VIOLATED)
_1130_/B1                               0.750000    1.542173   -0.792173 (VIOLATED)
_1105_/B1                               0.750000    1.542159   -0.792159 (VIOLATED)
fanout107/X                             0.750000    1.542135   -0.792135 (VIOLATED)
_1402_/A1                               0.750000    1.175129   -0.425129 (VIOLATED)
_1351_/B                                0.750000    1.175117   -0.425117 (VIOLATED)
_1329_/A                                0.750000    1.175111   -0.425111 (VIOLATED)
_1325_/A2                               0.750000    1.175096   -0.425096 (VIOLATED)
_1307_/A1                               0.750000    1.175043   -0.425043 (VIOLATED)
_1253_/A                                0.750000    1.174972   -0.424972 (VIOLATED)
_1230_/A1                               0.750000    1.174886   -0.424886 (VIOLATED)
_1188_/A1                               0.750000    1.174843   -0.424843 (VIOLATED)
_1209_/B2                               0.750000    1.174805   -0.424805 (VIOLATED)
_1140_/A2                               0.750000    1.174452   -0.424452 (VIOLATED)
fanout102/X                             0.750000    1.174452   -0.424452 (VIOLATED)
_1513_/A1                               0.750000    1.102685   -0.352685 (VIOLATED)
_1460_/A1                               0.750000    1.102675   -0.352675 (VIOLATED)
_1444_/D1                               0.750000    1.102671   -0.352671 (VIOLATED)
_1401_/A1                               0.750000    1.102617   -0.352617 (VIOLATED)
_1353_/B1                               0.750000    1.102586   -0.352586 (VIOLATED)
_1306_/A1                               0.750000    1.102208   -0.352208 (VIOLATED)
_1290_/B1                               0.750000    1.102199   -0.352199 (VIOLATED)
_1231_/A1                               0.750000    1.102162   -0.352162 (VIOLATED)
_1190_/A1                               0.750000    1.102105   -0.352106 (VIOLATED)
_1209_/A1                               0.750000    1.102097   -0.352097 (VIOLATED)
fanout108/X                             0.750000    1.102094   -0.352094 (VIOLATED)
_1514_/A2                               0.750000    1.100326   -0.350326 (VIOLATED)
_1495_/A2                               0.750000    1.100325   -0.350325 (VIOLATED)
_1530_/A1                               0.750000    1.100306   -0.350306 (VIOLATED)
_1545_/A1                               0.750000    1.100298   -0.350298 (VIOLATED)
_1547_/B1                               0.750000    1.100256   -0.350256 (VIOLATED)
_1564_/C1                               0.750000    1.100255   -0.350255 (VIOLATED)
_1593_/A1                               0.750000    1.100243   -0.350243 (VIOLATED)
_1606_/A1                               0.750000    1.100239   -0.350239 (VIOLATED)
_1625_/A1                               0.750000    1.100230   -0.350230 (VIOLATED)
_1637_/A2                               0.750000    1.100222   -0.350222 (VIOLATED)
fanout103/X                             0.750000    1.100222   -0.350222 (VIOLATED)
_1284_/B2                               0.750000    0.980688   -0.230688 (VIOLATED)
_1374_/A                                0.750000    0.980686   -0.230686 (VIOLATED)
_1346_/B2                               0.750000    0.980684   -0.230684 (VIOLATED)
_1303_/B2                               0.750000    0.980680   -0.230680 (VIOLATED)
_1324_/A1                               0.750000    0.980653   -0.230653 (VIOLATED)
_1400_/A1                               0.750000    0.980629   -0.230629 (VIOLATED)
_1424_/A1                               0.750000    0.980596   -0.230596 (VIOLATED)
_1365_/A1                               0.750000    0.980259   -0.230259 (VIOLATED)
_0884_/A1                               0.750000    0.980225   -0.230225 (VIOLATED)
_1096_/C1                               0.750000    0.980225   -0.230225 (VIOLATED)
fanout124/X                             0.750000    0.980225   -0.230225 (VIOLATED)
_1491_/B2                               0.750000    0.971272   -0.221272 (VIOLATED)
_1504_/A1                               0.750000    0.971272   -0.221272 (VIOLATED)
_1520_/B2                               0.750000    0.971269   -0.221269 (VIOLATED)
_1536_/B2                               0.750000    0.971268   -0.221268 (VIOLATED)
_1555_/A1                               0.750000    0.971261   -0.221261 (VIOLATED)
_1584_/A1                               0.750000    0.971245   -0.221245 (VIOLATED)
_1628_/A1                               0.750000    0.971228   -0.221228 (VIOLATED)
_1097_/B1                               0.750000    0.971221   -0.221221 (VIOLATED)
_1643_/A1                               0.750000    0.971221   -0.221221 (VIOLATED)
_0873_/B1                               0.750000    0.971220   -0.221220 (VIOLATED)
fanout122/X                             0.750000    0.971220   -0.221220 (VIOLATED)
_1187_/S1                               0.750000    0.868945   -0.118945 (VIOLATED)
_1163_/A1                               0.750000    0.868942   -0.118942 (VIOLATED)
_1128_/A1                               0.750000    0.868937   -0.118937 (VIOLATED)
_1205_/S1                               0.750000    0.868935   -0.118935 (VIOLATED)
_1227_/A1                               0.750000    0.868931   -0.118931 (VIOLATED)
_1275_/A                                0.750000    0.868931   -0.118931 (VIOLATED)
_1096_/A1                               0.750000    0.868928   -0.118928 (VIOLATED)
_0863_/A1                               0.750000    0.868928   -0.118928 (VIOLATED)
_0881_/A                                0.750000    0.868928   -0.118928 (VIOLATED)
_1260_/A1                               0.750000    0.868928   -0.118928 (VIOLATED)
fanout149/X                             0.750000    0.868928   -0.118928 (VIOLATED)
_1398_/S                                0.750000    0.847218   -0.097218 (VIOLATED)
_1316_/S1                               0.750000    0.847217   -0.097217 (VIOLATED)
_1458_/S                                0.750000    0.847217   -0.097217 (VIOLATED)
_1472_/A                                0.750000    0.847215   -0.097215 (VIOLATED)
_1319_/S                                0.750000    0.847214   -0.097214 (VIOLATED)
_1301_/S                                0.750000    0.847210   -0.097210 (VIOLATED)
_1343_/S1                               0.750000    0.847206   -0.097206 (VIOLATED)
_1237_/S1                               0.750000    0.847200   -0.097200 (VIOLATED)
_1216_/S1                               0.750000    0.847198   -0.097198 (VIOLATED)
_1279_/S                                0.750000    0.847195   -0.097195 (VIOLATED)
fanout145/X                             0.750000    0.847195   -0.097195 (VIOLATED)
_1395_/A                                0.750000    0.829279   -0.079279 (VIOLATED)
_1416_/B                                0.750000    0.829276   -0.079276 (VIOLATED)
_1543_/A1                               0.750000    0.829276   -0.079276 (VIOLATED)
_1297_/A1                               0.750000    0.829275   -0.079275 (VIOLATED)
_1245_/B                                0.750000    0.829272   -0.079272 (VIOLATED)
_1196_/A1                               0.750000    0.829269   -0.079269 (VIOLATED)
_1079_/S                                0.750000    0.829267   -0.079267 (VIOLATED)
_1085_/S                                0.750000    0.829267   -0.079267 (VIOLATED)
_1197_/A1                               0.750000    0.829267   -0.079267 (VIOLATED)
_1244_/B                                0.750000    0.829267   -0.079267 (VIOLATED)
fanout161/X                             0.750000    0.829267   -0.079267 (VIOLATED)
_1567_/A0                               0.750000    0.824786   -0.074786 (VIOLATED)
_1074_/A0                               0.750000    0.824785   -0.074785 (VIOLATED)
_0843_/A1                               0.750000    0.824784   -0.074784 (VIOLATED)
_1586_/A1                               0.750000    0.824784   -0.074784 (VIOLATED)
_0917_/B                                0.750000    0.824774   -0.074774 (VIOLATED)
_1112_/A3                               0.750000    0.824774   -0.074774 (VIOLATED)
_0919_/B                                0.750000    0.824773   -0.074773 (VIOLATED)
_1142_/A2                               0.750000    0.824773   -0.074773 (VIOLATED)
_0918_/B                                0.750000    0.824760   -0.074760 (VIOLATED)
_0826_/A                                0.750000    0.824758   -0.074758 (VIOLATED)
input18/X                               0.750000    0.824742   -0.074742 (VIOLATED)
_1561_/B1                               0.750000    0.815023   -0.065023 (VIOLATED)
_1560_/Y                                0.750000    0.815005   -0.065005 (VIOLATED)
_1473_/A1                               0.750000    0.790610   -0.040610 (VIOLATED)
_1121_/B2                               0.750000    0.790605   -0.040605 (VIOLATED)
_1434_/A1                               0.750000    0.790605   -0.040605 (VIOLATED)
_1266_/A                                0.750000    0.790595   -0.040595 (VIOLATED)
_1267_/A1                               0.750000    0.790584   -0.040584 (VIOLATED)
_1268_/A1                               0.750000    0.790580   -0.040580 (VIOLATED)
_0845_/S                                0.750000    0.790575   -0.040575 (VIOLATED)
_1094_/C1                               0.750000    0.790571   -0.040571 (VIOLATED)
_1126_/C1                               0.750000    0.790571   -0.040571 (VIOLATED)
_1161_/C1                               0.750000    0.790571   -0.040571 (VIOLATED)
fanout162/X                             0.750000    0.790571   -0.040571 (VIOLATED)
_1186_/A3                               0.750000    0.771316   -0.021316 (VIOLATED)
_1139_/A3                               0.750000    0.771312   -0.021312 (VIOLATED)
_0883_/A3                               0.750000    0.771307   -0.021308 (VIOLATED)
_1604_/A1                               0.750000    0.771276   -0.021276 (VIOLATED)
_1611_/A1                               0.750000    0.771276   -0.021276 (VIOLATED)
_1632_/A3                               0.750000    0.771276   -0.021276 (VIOLATED)
fanout114/A                             0.750000    0.771276   -0.021276 (VIOLATED)
fanout115/X                             0.750000    0.771276   -0.021276 (VIOLATED)
_1262_/A1                               0.750000    0.768274   -0.018274 (VIOLATED)
fanout112/A                             0.750000    0.768248   -0.018248 (VIOLATED)
_1536_/A1_N                             0.750000    0.768242   -0.018242 (VIOLATED)
_1422_/A1                               0.750000    0.768241   -0.018241 (VIOLATED)
_1642_/A                                0.750000    0.768224   -0.018224 (VIOLATED)
_1098_/A1                               0.750000    0.768222   -0.018222 (VIOLATED)
_1659_/A                                0.750000    0.768210   -0.018210 (VIOLATED)
_0875_/X                                0.750000    0.768159   -0.018159 (VIOLATED)
_1121_/A1                               0.750000    0.756199   -0.006199 (VIOLATED)
_1269_/A2                               0.750000    0.756198   -0.006198 (VIOLATED)
_1276_/A3                               0.750000    0.756179   -0.006179 (VIOLATED)
_1543_/B2                               0.750000    0.756175   -0.006175 (VIOLATED)
_1313_/B                                0.750000    0.756175   -0.006175 (VIOLATED)
_1248_/B2                               0.750000    0.756174   -0.006174 (VIOLATED)
_1361_/A2                               0.750000    0.756172   -0.006172 (VIOLATED)
_1342_/A1                               0.750000    0.756165   -0.006165 (VIOLATED)
_1111_/Y                                0.750000    0.756158   -0.006158 (VIOLATED)
_1617_/A                                0.750000    0.753012   -0.003012 (VIOLATED)
_1620_/A                                0.750000    0.753011   -0.003011 (VIOLATED)
max_cap110/A                            0.750000    0.753009   -0.003009 (VIOLATED)
_1597_/A_N                              0.750000    0.753009   -0.003009 (VIOLATED)
_1596_/B1_N                             0.750000    0.753009   -0.003009 (VIOLATED)
_1603_/A2                               0.750000    0.753007   -0.003007 (VIOLATED)
_0911_/Y                                0.750000    0.753006   -0.003006 (VIOLATED)
_1142_/A3                               0.750000    0.751141   -0.001142 (VIOLATED)
_1585_/A2                               0.750000    0.751138   -0.001138 (VIOLATED)
_0914_/B                                0.750000    0.751130   -0.001130 (VIOLATED)
_0913_/B                                0.750000    0.751119   -0.001119 (VIOLATED)
_0912_/B                                0.750000    0.751116   -0.001116 (VIOLATED)
_0843_/A2                               0.750000    0.751073   -0.001073 (VIOLATED)
_1586_/A0                               0.750000    0.751043   -0.001043 (VIOLATED)
_1074_/A1                               0.750000    0.751014   -0.001014 (VIOLATED)
_1599_/A1                               0.750000    0.750753   -0.000753 (VIOLATED)
_1115_/A0                               0.750000    0.750743   -0.000743 (VIOLATED)
input19/X                               0.750000    0.750740   -0.000740 (VIOLATED)

max capacitance

Pin                                        Limit         Cap       Slack
------------------------------------------------------------------------
fanout107/X                             0.100718    0.104945   -0.004227 (VIOLATED)



===========================================================================
report_parasitic_annotation -report_unannotated
============================================================================
Found 0 unannotated drivers.
Found 0 partially unannotated drivers.

===========================================================================
max slew violation count 166
max fanout violation count 0
max cap violation count 1
============================================================================

===========================================================================
check_setup -verbose -unconstrained_endpoints -multiple_clock -no_clock -no_input_delay -loops -generated_clocks
===========================================================================
