Reading timing models for corner nom_tt_025C_1v80…
Reading timing library for the 'nom_tt_025C_1v80' corner at '/root/.ciel/ciel/sky130/versions/8afc8346a57fe1ab7934ba5a6056ea8b43078e71/sky130A/libs.ref/sky130_fd_sc_hd/lib/sky130_fd_sc_hd__tt_025C_1v80.lib'…
Reading OpenROAD database at '/work/runs/RUN_2026-08-06_09-53-31/42-openroad-repairantennas/1-openroad-diodeinsertion/registerfile.odb'…
Reading design constraints file at '/nix/store/ffl2vg3m80k0p74pyffnmai83fnv38mf-python3-3.13.9-env/lib/python3.13/site-packages/librelane/scripts/base.sdc'…
[INFO] Using clock clk…
[INFO] Setting output delay to: 2
[INFO] Setting input delay to: 2
[INFO] Setting load to: 0.033442
[INFO] Setting clock uncertainty to: 0.25
[INFO] Setting clock transition to: 0.1499999999999999944488848768742172978818416595458984375
[INFO] Setting timing derate to: 5%
[INFO ORD-0030] Using 16 thread(s).
+ detailed_route -droute_end_iter 64 -or_seed 42 -verbose 1 -output_drc /work/runs/RUN_2026-08-06_09-53-31/44-openroad-detailedrouting/drt-run-0/registerfile.drc
[INFO DRT-0149] Reading tech and libs.
[WARNING DRT-0349] LEF58_ENCLOSURE with no CUTCLASS is not supported. Skipping for layer mcon
[WARNING DRT-0349] LEF58_ENCLOSURE with no CUTCLASS is not supported. Skipping for layer mcon
[WARNING DRT-0349] LEF58_ENCLOSURE with no CUTCLASS is not supported. Skipping for layer via
[WARNING DRT-0349] LEF58_ENCLOSURE with no CUTCLASS is not supported. Skipping for layer via
[WARNING DRT-0349] LEF58_ENCLOSURE with no CUTCLASS is not supported. Skipping for layer via2
[WARNING DRT-0349] LEF58_ENCLOSURE with no CUTCLASS is not supported. Skipping for layer via2
[WARNING DRT-0349] LEF58_ENCLOSURE with no CUTCLASS is not supported. Skipping for layer via3
[WARNING DRT-0349] LEF58_ENCLOSURE with no CUTCLASS is not supported. Skipping for layer via3
[WARNING DRT-0349] LEF58_ENCLOSURE with no CUTCLASS is not supported. Skipping for layer via4
[WARNING DRT-0349] LEF58_ENCLOSURE with no CUTCLASS is not supported. Skipping for layer via4

Units:                1000
Number of layers:     13
Number of macros:     445
Number of vias:       29
Number of viarulegen: 25

[INFO DRT-0150] Reading design.

Design:                   registerfile
Die area:                 ( 0 0 ) ( 328960 339680 )
Number of track patterns: 12
Number of DEF vias:       0
Number of components:     7577
Number of terminals:      116
Number of snets:          2
Number of nets:           5893

[INFO DRT-0167] List of default vias:
  Layer via
    default via: M1M2_PR
  Layer via2
    default via: M2M3_PR
  Layer via3
    default via: M3M4_PR
  Layer via4
    default via: M4M5_PR
[INFO DRT-0162] Library cell analysis.
[INFO DRT-0163] Instance analysis.
[INFO DRT-0164] Number of unique instances = 94.
[INFO DRT-0168] Init region query.
[INFO DRT-0024]   Complete FR_MASTERSLICE.
[INFO DRT-0024]   Complete licon.
[INFO DRT-0024]   Complete li1.
[INFO DRT-0024]   Complete mcon.
[INFO DRT-0024]   Complete met1.
[INFO DRT-0024]   Complete via.
[INFO DRT-0024]   Complete met2.
[INFO DRT-0024]   Complete via2.
[INFO DRT-0024]   Complete met3.
[INFO DRT-0024]   Complete via3.
[INFO DRT-0024]   Complete met4.
[INFO DRT-0024]   Complete via4.
[INFO DRT-0024]   Complete met5.
[INFO DRT-0033] FR_MASTERSLICE shape region query size = 0.
[INFO DRT-0033] licon shape region query size = 0.
[INFO DRT-0033] li1 shape region query size = 212470.
[INFO DRT-0033] mcon shape region query size = 0.
[INFO DRT-0033] met1 shape region query size = 28177.
[INFO DRT-0033] via shape region query size = 1170.
[INFO DRT-0033] met2 shape region query size = 761.
[INFO DRT-0033] via2 shape region query size = 936.
[INFO DRT-0033] met3 shape region query size = 757.
[INFO DRT-0033] via3 shape region query size = 936.
[INFO DRT-0033] met4 shape region query size = 250.
[INFO DRT-0033] via4 shape region query size = 8.
[INFO DRT-0033] met5 shape region query size = 16.
[INFO DRT-0165] Start pin access.
[INFO DRT-0078]   Complete 669 pins.
[INFO DRT-0081]   Complete 94 unique inst patterns.
[INFO DRT-0084]   Complete 3149 groups.
#scanned instances     = 7577
#unique  instances     = 94
#stdCellGenAp          = 2185
#stdCellValidPlanarAp  = 28
#stdCellValidViaAp     = 1726
#stdCellPinNoAp        = 0
#stdCellPinCnt         = 19954
#instTermValidViaApCnt = 0
#macroGenAp            = 0
#macroValidPlanarAp    = 0
#macroValidViaAp       = 0
#macroNoAp             = 0
[INFO DRT-0166] Complete pin access.
[INFO DRT-0267] cpu time = 00:03:26, elapsed time = 00:00:13, memory = 171.38 (MB), peak = 183.43 (MB)

[INFO DRT-0157] Number of guides:     54639

[INFO DRT-0169] Post process guides.
[INFO DRT-0176] GCELLGRID X 0 DO 47 STEP 6900 ;
[INFO DRT-0177] GCELLGRID Y 0 DO 49 STEP 6900 ;
[INFO DRT-0028]   Complete FR_MASTERSLICE.
[INFO DRT-0028]   Complete licon.
[INFO DRT-0028]   Complete li1.
[INFO DRT-0028]   Complete mcon.
[INFO DRT-0028]   Complete met1.
[INFO DRT-0028]   Complete via.
[INFO DRT-0028]   Complete met2.
[INFO DRT-0028]   Complete via2.
[INFO DRT-0028]   Complete met3.
[INFO DRT-0028]   Complete via3.
[INFO DRT-0028]   Complete met4.
[INFO DRT-0028]   Complete via4.
[INFO DRT-0028]   Complete met5.
[INFO DRT-0178] Init guide query.
[INFO DRT-0035]   Complete FR_MASTERSLICE (guide).
[INFO DRT-0035]   Complete licon (guide).
[INFO DRT-0035]   Complete li1 (guide).
[INFO DRT-0035]   Complete mcon (guide).
[INFO DRT-0035]   Complete met1 (guide).
[INFO DRT-0035]   Complete via (guide).
[INFO DRT-0035]   Complete met2 (guide).
[INFO DRT-0035]   Complete via2 (guide).
[INFO DRT-0035]   Complete met3 (guide).
[INFO DRT-0035]   Complete via3 (guide).
[INFO DRT-0035]   Complete met4 (guide).
[INFO DRT-0035]   Complete via4 (guide).
[INFO DRT-0035]   Complete met5 (guide).
[INFO DRT-0036] FR_MASTERSLICE guide region query size = 0.
[INFO DRT-0036] licon guide region query size = 0.
[INFO DRT-0036] li1 guide region query size = 17271.
[INFO DRT-0036] mcon guide region query size = 0.
[INFO DRT-0036] met1 guide region query size = 16293.
[INFO DRT-0036] via guide region query size = 0.
[INFO DRT-0036] met2 guide region query size = 9311.
[INFO DRT-0036] via2 guide region query size = 0.
[INFO DRT-0036] met3 guide region query size = 1419.
[INFO DRT-0036] via3 guide region query size = 0.
[INFO DRT-0036] met4 guide region query size = 425.
[INFO DRT-0036] via4 guide region query size = 0.
[INFO DRT-0036] met5 guide region query size = 45.
[INFO DRT-0179] Init gr pin query.
[INFO DRT-0267] cpu time = 00:00:00, elapsed time = 00:00:00, memory = 190.35 (MB), peak = 188.76 (MB)
[INFO DRT-0245] skipped writing guide updates to database.
[INFO DRT-0185] Post process initialize RPin region query.
[INFO DRT-0181] Start track assignment.
[INFO DRT-0184] Done with 27007 vertical wires in 1 frboxes and 17757 horizontal wires in 1 frboxes.
[INFO DRT-0186] Done with 4408 vertical wires in 1 frboxes and 6999 horizontal wires in 1 frboxes.
[INFO DRT-0182] Complete track assignment.
[INFO DRT-0267] cpu time = 00:00:09, elapsed time = 00:00:02, memory = 251.81 (MB), peak = 250.26 (MB)
[INFO DRT-0187] Start routing data preparation.
[INFO DRT-0267] cpu time = 00:00:00, elapsed time = 00:00:00, memory = 251.89 (MB), peak = 250.38 (MB)
[INFO DRT-0194] Start detail routing.
[INFO DRT-0195] Start 0th optimization iteration.
    Completing 10% with 0 violations.
    elapsed time = 00:00:02, memory = 698.88 (MB).
    Completing 20% with 0 violations.
    elapsed time = 00:00:05, memory = 648.86 (MB).
    Completing 30% with 0 violations.
    elapsed time = 00:00:11, memory = 559.68 (MB).
    Completing 40% with 1492 violations.
    elapsed time = 00:00:16, memory = 830.62 (MB).
    Completing 50% with 1492 violations.
    elapsed time = 00:00:21, memory = 757.32 (MB).
    Completing 60% with 3055 violations.
    elapsed time = 00:00:27, memory = 833.51 (MB).
    Completing 70% with 3055 violations.
    elapsed time = 00:00:33, memory = 881.56 (MB).
    Completing 80% with 3055 violations.
    elapsed time = 00:00:38, memory = 881.56 (MB).
    Completing 90% with 4566 violations.
    elapsed time = 00:00:46, memory = 1007.66 (MB).
    Completing 100% with 6085 violations.
    elapsed time = 00:00:54, memory = 927.53 (MB).
[INFO DRT-0199]   Number of violations = 6496.
Viol/Layer         li1   mcon   met1    via   met2   met3   met4
Cut Spacing          0      8      0      0      0      0      0
Metal Spacing        0      0    833      0    200     18      1
Min Hole             0      0      1      0      0      0      0
Recheck              2      0    260      0    126     16      7
Short                0      0   4138      3    849     31      3
[INFO DRT-0267] cpu time = 00:05:34, elapsed time = 00:00:54, memory = 1229.09 (MB), peak = 1227.60 (MB)
Total wire length = 281185 um.
Total wire length on LAYER li1 = 0 um.
Total wire length on LAYER met1 = 104459 um.
Total wire length on LAYER met2 = 119180 um.
Total wire length on LAYER met3 = 40586 um.
Total wire length on LAYER met4 = 14961 um.
Total wire length on LAYER met5 = 1998 um.
Total number of vias = 50210.
Up-via summary (total 50210):

------------------------
 FR_MASTERSLICE        0
            li1    19995
           met1    25893
           met2     3325
           met3      918
           met4       79
------------------------
               50210


[INFO DRT-0195] Start 1st optimization iteration.
    Completing 10% with 6496 violations.
    elapsed time = 00:00:01, memory = 1316.98 (MB).
    Completing 20% with 6496 violations.
    elapsed time = 00:00:07, memory = 1387.11 (MB).
    Completing 30% with 5765 violations.
    elapsed time = 00:00:15, memory = 1367.70 (MB).
    Completing 40% with 5765 violations.
    elapsed time = 00:00:18, memory = 1409.42 (MB).
    Completing 50% with 5765 violations.
    elapsed time = 00:00:24, memory = 1413.19 (MB).
    Completing 60% with 5133 violations.
    elapsed time = 00:00:31, memory = 1439.30 (MB).
    Completing 70% with 5133 violations.
    elapsed time = 00:00:37, memory = 1453.48 (MB).
    Completing 80% with 4652 violations.
    elapsed time = 00:00:39, memory = 1417.07 (MB).
    Completing 90% with 4652 violations.
    elapsed time = 00:00:45, memory = 1434.01 (MB).
    Completing 100% with 4110 violations.
    elapsed time = 00:00:50, memory = 1425.07 (MB).
[INFO DRT-0199]   Number of violations = 4110.
Viol/Layer        met1    via   met2   met3   met4
Metal Spacing      458      0    203     10      2
Short             2866      1    554     15      1
[INFO DRT-0267] cpu time = 00:05:14, elapsed time = 00:00:51, memory = 1428.07 (MB), peak = 1451.94 (MB)
Total wire length = 279217 um.
Total wire length on LAYER li1 = 0 um.
Total wire length on LAYER met1 = 102959 um.
Total wire length on LAYER met2 = 118688 um.
Total wire length on LAYER met3 = 41151 um.
Total wire length on LAYER met4 = 14523 um.
Total wire length on LAYER met5 = 1894 um.
Total number of vias = 49667.
Up-via summary (total 49667):

------------------------
 FR_MASTERSLICE        0
            li1    19969
           met1    25372
           met2     3362
           met3      894
           met4       70
------------------------
               49667


[INFO DRT-0195] Start 2nd optimization iteration.
    Completing 10% with 4110 violations.
    elapsed time = 00:00:00, memory = 1508.08 (MB).
    Completing 20% with 4110 violations.
    elapsed time = 00:00:06, memory = 1510.58 (MB).
    Completing 30% with 3968 violations.
    elapsed time = 00:00:14, memory = 1451.46 (MB).
    Completing 40% with 3968 violations.
    elapsed time = 00:00:20, memory = 1468.44 (MB).
    Completing 50% with 3968 violations.
    elapsed time = 00:00:27, memory = 1462.15 (MB).
    Completing 60% with 3805 violations.
    elapsed time = 00:00:28, memory = 1462.15 (MB).
    Completing 70% with 3805 violations.
    elapsed time = 00:00:34, memory = 1464.87 (MB).
    Completing 80% with 3875 violations.
    elapsed time = 00:00:42, memory = 1464.87 (MB).
    Completing 90% with 3875 violations.
    elapsed time = 00:00:46, memory = 1464.87 (MB).
    Completing 100% with 3685 violations.
    elapsed time = 00:00:53, memory = 1464.87 (MB).
[INFO DRT-0199]   Number of violations = 3685.
Viol/Layer        mcon   met1   met2   met3   met4
Cut Spacing          1      0      0      0      0
Metal Spacing        0    355    147      3      0
Short                0   2624    540     14      1
[INFO DRT-0267] cpu time = 00:05:12, elapsed time = 00:00:53, memory = 1464.87 (MB), peak = 1517.03 (MB)
Total wire length = 278381 um.
Total wire length on LAYER li1 = 0 um.
Total wire length on LAYER met1 = 102350 um.
Total wire length on LAYER met2 = 118342 um.
Total wire length on LAYER met3 = 41255 um.
Total wire length on LAYER met4 = 14515 um.
Total wire length on LAYER met5 = 1917 um.
Total number of vias = 49360.
Up-via summary (total 49360):

------------------------
 FR_MASTERSLICE        0
            li1    19952
           met1    25168
           met2     3295
           met3      872
           met4       73
------------------------
               49360


[INFO DRT-0195] Start 3rd optimization iteration.
    Completing 10% with 3685 violations.
    elapsed time = 00:00:00, memory = 1464.94 (MB).
    Completing 20% with 3685 violations.
    elapsed time = 00:00:03, memory = 1465.64 (MB).
    Completing 30% with 3685 violations.
    elapsed time = 00:00:11, memory = 1465.64 (MB).
    Completing 40% with 2888 violations.
    elapsed time = 00:00:15, memory = 1490.64 (MB).
    Completing 50% with 2888 violations.
    elapsed time = 00:00:20, memory = 1492.74 (MB).
    Completing 60% with 2177 violations.
    elapsed time = 00:00:29, memory = 1485.06 (MB).
    Completing 70% with 2177 violations.
    elapsed time = 00:00:33, memory = 1500.29 (MB).
    Completing 80% with 2177 violations.
    elapsed time = 00:00:38, memory = 1492.95 (MB).
    Completing 90% with 1360 violations.
    elapsed time = 00:00:43, memory = 1503.95 (MB).
    Completing 100% with 559 violations.
    elapsed time = 00:00:54, memory = 1495.65 (MB).
[INFO DRT-0199]   Number of violations = 559.
Viol/Layer        mcon   met1    via   met2   met3
Cut Spacing          1      0      1      0      0
Metal Spacing        0    109      0     52      9
Short                0    283      0     99      5
[INFO DRT-0267] cpu time = 00:04:03, elapsed time = 00:00:54, memory = 1495.65 (MB), peak = 1517.03 (MB)
Total wire length = 277783 um.
Total wire length on LAYER li1 = 0 um.
Total wire length on LAYER met1 = 91254 um.
Total wire length on LAYER met2 = 115636 um.
Total wire length on LAYER met3 = 51510 um.
Total wire length on LAYER met4 = 17420 um.
Total wire length on LAYER met5 = 1962 um.
Total number of vias = 50784.
Up-via summary (total 50784):

------------------------
 FR_MASTERSLICE        0
            li1    19963
           met1    24984
           met2     4603
           met3     1162
           met4       72
------------------------
               50784


[INFO DRT-0195] Start 4th optimization iteration.
    Completing 10% with 559 violations.
    elapsed time = 00:00:00, memory = 1495.65 (MB).
    Completing 20% with 559 violations.
    elapsed time = 00:00:00, memory = 1495.65 (MB).
    Completing 30% with 440 violations.
    elapsed time = 00:00:07, memory = 1495.94 (MB).
    Completing 40% with 440 violations.
    elapsed time = 00:00:07, memory = 1495.94 (MB).
    Completing 50% with 440 violations.
    elapsed time = 00:00:09, memory = 1528.11 (MB).
    Completing 60% with 231 violations.
    elapsed time = 00:00:13, memory = 1495.94 (MB).
    Completing 70% with 231 violations.
    elapsed time = 00:00:13, memory = 1495.94 (MB).
    Completing 80% with 137 violations.
    elapsed time = 00:00:14, memory = 1495.94 (MB).
    Completing 90% with 137 violations.
    elapsed time = 00:00:14, memory = 1495.94 (MB).
    Completing 100% with 105 violations.
    elapsed time = 00:00:16, memory = 1495.94 (MB).
[INFO DRT-0199]   Number of violations = 105.
Viol/Layer        met1   met2
Metal Spacing       20     29
Short               17     39
[INFO DRT-0267] cpu time = 00:00:53, elapsed time = 00:00:16, memory = 1495.94 (MB), peak = 1526.32 (MB)
Total wire length = 277659 um.
Total wire length on LAYER li1 = 0 um.
Total wire length on LAYER met1 = 90682 um.
Total wire length on LAYER met2 = 115430 um.
Total wire length on LAYER met3 = 52014 um.
Total wire length on LAYER met4 = 17570 um.
Total wire length on LAYER met5 = 1962 um.
Total number of vias = 50768.
Up-via summary (total 50768):

------------------------
 FR_MASTERSLICE        0
            li1    19965
           met1    24954
           met2     4613
           met3     1164
           met4       72
------------------------
               50768


[INFO DRT-0195] Start 5th optimization iteration.
    Completing 10% with 105 violations.
    elapsed time = 00:00:00, memory = 1495.94 (MB).
    Completing 20% with 105 violations.
    elapsed time = 00:00:00, memory = 1495.94 (MB).
    Completing 30% with 39 violations.
    elapsed time = 00:00:01, memory = 1495.94 (MB).
    Completing 40% with 39 violations.
    elapsed time = 00:00:01, memory = 1495.94 (MB).
    Completing 50% with 39 violations.
    elapsed time = 00:00:01, memory = 1495.94 (MB).
    Completing 60% with 37 violations.
    elapsed time = 00:00:02, memory = 1495.94 (MB).
    Completing 70% with 37 violations.
    elapsed time = 00:00:02, memory = 1495.94 (MB).
    Completing 80% with 8 violations.
    elapsed time = 00:00:02, memory = 1495.94 (MB).
    Completing 90% with 8 violations.
    elapsed time = 00:00:02, memory = 1495.94 (MB).
    Completing 100% with 1 violations.
    elapsed time = 00:00:04, memory = 1495.95 (MB).
[INFO DRT-0199]   Number of violations = 1.
Viol/Layer        met2
Short                1
[INFO DRT-0267] cpu time = 00:00:18, elapsed time = 00:00:04, memory = 1495.95 (MB), peak = 1527.20 (MB)
Total wire length = 277648 um.
Total wire length on LAYER li1 = 0 um.
Total wire length on LAYER met1 = 90642 um.
Total wire length on LAYER met2 = 115342 um.
Total wire length on LAYER met3 = 52052 um.
Total wire length on LAYER met4 = 17649 um.
Total wire length on LAYER met5 = 1962 um.
Total number of vias = 50786.
Up-via summary (total 50786):

------------------------
 FR_MASTERSLICE        0
            li1    19965
           met1    24964
           met2     4615
           met3     1170
           met4       72
------------------------
               50786


[INFO DRT-0195] Start 6th guides tiles iteration.
    Completing 50% with 1 violations.
    elapsed time = 00:00:00, memory = 1495.95 (MB).
    Completing 100% with 0 violations.
    elapsed time = 00:00:00, memory = 1495.95 (MB).
[INFO DRT-0199]   Number of violations = 0.
[INFO DRT-0267] cpu time = 00:00:03, elapsed time = 00:00:00, memory = 1495.95 (MB), peak = 1527.20 (MB)
Total wire length = 277648 um.
Total wire length on LAYER li1 = 0 um.
Total wire length on LAYER met1 = 90642 um.
Total wire length on LAYER met2 = 115342 um.
Total wire length on LAYER met3 = 52052 um.
Total wire length on LAYER met4 = 17649 um.
Total wire length on LAYER met5 = 1962 um.
Total number of vias = 50786.
Up-via summary (total 50786):

------------------------
 FR_MASTERSLICE        0
            li1    19965
           met1    24964
           met2     4615
           met3     1170
           met4       72
------------------------
               50786


[INFO DRT-0198] Complete detail routing.
Total wire length = 277648 um.
Total wire length on LAYER li1 = 0 um.
Total wire length on LAYER met1 = 90642 um.
Total wire length on LAYER met2 = 115342 um.
Total wire length on LAYER met3 = 52052 um.
Total wire length on LAYER met4 = 17649 um.
Total wire length on LAYER met5 = 1962 um.
Total number of vias = 50786.
Up-via summary (total 50786):

------------------------
 FR_MASTERSLICE        0
            li1    19965
           met1    24964
           met2     4615
           met3     1170
           met4       72
------------------------
               50786


[INFO DRT-0267] cpu time = 00:21:21, elapsed time = 00:03:55, memory = 1496.03 (MB), peak = 1527.20 (MB)

[INFO DRT-0180] Post processing.
+ check_antennas 
[INFO ANT-0002] Found 7 net violations.
[INFO ANT-0001] Found 9 pin violations.
[INFO] Running antenna repair iteration 1…
+ repair_antennas sky130_fd_sc_hd__diode_2 -ratio_margin 10
[INFO GRT-0012] Found 9 antenna violations.
[INFO GRT-0015] Inserted 12 diodes.
+ detailed_route -droute_end_iter 64 -or_seed 42 -verbose 1 -output_drc /work/runs/RUN_2026-08-06_09-53-31/44-openroad-detailedrouting/drt-run-1/registerfile.drc
[INFO DRT-0024]   Complete FR_MASTERSLICE.
[INFO DRT-0024]   Complete licon.
[INFO DRT-0024]   Complete li1.
[INFO DRT-0024]   Complete mcon.
[INFO DRT-0024]   Complete met1.
[INFO DRT-0024]   Complete via.
[INFO DRT-0024]   Complete met2.
[INFO DRT-0024]   Complete via2.
[INFO DRT-0024]   Complete met3.
[INFO DRT-0024]   Complete via3.
[INFO DRT-0024]   Complete met4.
[INFO DRT-0024]   Complete via4.
[INFO DRT-0024]   Complete met5.
[INFO DRT-0165] Start pin access.
[INFO DRT-0078]   Complete 669 pins.
[INFO DRT-0081]   Complete 94 unique inst patterns.
[INFO DRT-0084]   Complete 3149 groups.
#scanned instances     = 7589
#unique  instances     = 94
#stdCellGenAp          = 2185
#stdCellValidPlanarAp  = 28
#stdCellValidViaAp     = 1726
#stdCellPinNoAp        = 0
#stdCellPinCnt         = 19954
#instTermValidViaApCnt = 0
#macroGenAp            = 0
#macroValidPlanarAp    = 0
#macroValidViaAp       = 0
#macroNoAp             = 0
[INFO DRT-0166] Complete pin access.
[INFO DRT-0267] cpu time = 00:03:31, elapsed time = 00:00:14, memory = 1497.58 (MB), peak = 1527.20 (MB)

[INFO DRT-0157] Number of guides:     54575

[INFO DRT-0169] Post process guides.
[INFO DRT-0176] GCELLGRID X 0 DO 47 STEP 6900 ;
[INFO DRT-0177] GCELLGRID Y 0 DO 49 STEP 6900 ;
[INFO DRT-0028]   Complete FR_MASTERSLICE.
[INFO DRT-0028]   Complete licon.
[INFO DRT-0028]   Complete li1.
[INFO DRT-0028]   Complete mcon.
[INFO DRT-0028]   Complete met1.
[INFO DRT-0028]   Complete via.
[INFO DRT-0028]   Complete met2.
[INFO DRT-0028]   Complete via2.
[INFO DRT-0028]   Complete met3.
[INFO DRT-0028]   Complete via3.
[INFO DRT-0028]   Complete met4.
[INFO DRT-0028]   Complete via4.
[INFO DRT-0028]   Complete met5.
[INFO DRT-0178] Init guide query.
[INFO DRT-0035]   Complete FR_MASTERSLICE (guide).
[INFO DRT-0035]   Complete licon (guide).
[INFO DRT-0035]   Complete li1 (guide).
[INFO DRT-0035]   Complete mcon (guide).
[INFO DRT-0035]   Complete met1 (guide).
[INFO DRT-0035]   Complete via (guide).
[INFO DRT-0035]   Complete met2 (guide).
[INFO DRT-0035]   Complete via2 (guide).
[INFO DRT-0035]   Complete met3 (guide).
[INFO DRT-0035]   Complete via3 (guide).
[INFO DRT-0035]   Complete met4 (guide).
[INFO DRT-0035]   Complete via4 (guide).
[INFO DRT-0035]   Complete met5 (guide).
[INFO DRT-0036] FR_MASTERSLICE guide region query size = 0.
[INFO DRT-0036] licon guide region query size = 0.
[INFO DRT-0036] li1 guide region query size = 17281.
[INFO DRT-0036] mcon guide region query size = 0.
[INFO DRT-0036] met1 guide region query size = 16295.
[INFO DRT-0036] via guide region query size = 0.
[INFO DRT-0036] met2 guide region query size = 9301.
[INFO DRT-0036] via2 guide region query size = 0.
[INFO DRT-0036] met3 guide region query size = 1399.
[INFO DRT-0036] via3 guide region query size = 0.
[INFO DRT-0036] met4 guide region query size = 407.
[INFO DRT-0036] via4 guide region query size = 0.
[INFO DRT-0036] met5 guide region query size = 39.
[INFO DRT-0179] Init gr pin query.
[INFO DRT-0267] cpu time = 00:00:00, elapsed time = 00:00:00, memory = 1497.58 (MB), peak = 1527.20 (MB)
[INFO DRT-0245] skipped writing guide updates to database.
[INFO DRT-0185] Post process initialize RPin region query.
[INFO DRT-0181] Start track assignment.
[INFO DRT-0184] Done with 26989 vertical wires in 1 frboxes and 17733 horizontal wires in 1 frboxes.
[INFO DRT-0186] Done with 4391 vertical wires in 1 frboxes and 6988 horizontal wires in 1 frboxes.
[INFO DRT-0182] Complete track assignment.
[INFO DRT-0267] cpu time = 00:00:09, elapsed time = 00:00:02, memory = 1497.95 (MB), peak = 1527.20 (MB)
[INFO DRT-0187] Start routing data preparation.
[INFO DRT-0267] cpu time = 00:00:00, elapsed time = 00:00:00, memory = 1497.95 (MB), peak = 1527.20 (MB)
[INFO DRT-0194] Start detail routing.
[INFO DRT-0195] Start 0th optimization iteration.
    Completing 10% with 0 violations.
    elapsed time = 00:00:00, memory = 1497.95 (MB).
    Completing 20% with 0 violations.
    elapsed time = 00:00:00, memory = 1497.95 (MB).
    Completing 30% with 0 violations.
    elapsed time = 00:00:02, memory = 1498.06 (MB).
    Completing 40% with 182 violations.
    elapsed time = 00:00:03, memory = 1498.06 (MB).
    Completing 50% with 182 violations.
    elapsed time = 00:00:04, memory = 1498.06 (MB).
    Completing 60% with 330 violations.
    elapsed time = 00:00:07, memory = 1498.06 (MB).
    Completing 70% with 330 violations.
    elapsed time = 00:00:08, memory = 1498.06 (MB).
    Completing 80% with 330 violations.
    elapsed time = 00:00:10, memory = 1498.06 (MB).
    Completing 90% with 523 violations.
    elapsed time = 00:00:11, memory = 1498.06 (MB).
    Completing 100% with 677 violations.
    elapsed time = 00:00:14, memory = 1498.06 (MB).
[INFO DRT-0199]   Number of violations = 738.
Viol/Layer        met1   met2   met3   met4
Metal Spacing       40     19      3      2
Recheck             22     30      9      0
Short              362    205     45      1
[INFO DRT-0267] cpu time = 00:01:08, elapsed time = 00:00:15, memory = 1607.96 (MB), peak = 1606.23 (MB)
Total wire length = 277859 um.
Total wire length on LAYER li1 = 0 um.
Total wire length on LAYER met1 = 91658 um.
Total wire length on LAYER met2 = 115915 um.
Total wire length on LAYER met3 = 51207 um.
Total wire length on LAYER met4 = 17152 um.
Total wire length on LAYER met5 = 1925 um.
Total number of vias = 50830.
Up-via summary (total 50830):

------------------------
 FR_MASTERSLICE        0
            li1    19981
           met1    25116
           met2     4540
           met3     1131
           met4       62
------------------------
               50830


[INFO DRT-0195] Start 1st optimization iteration.
    Completing 10% with 738 violations.
    elapsed time = 00:00:00, memory = 1639.97 (MB).
    Completing 20% with 738 violations.
    elapsed time = 00:00:00, memory = 1639.97 (MB).
    Completing 30% with 618 violations.
    elapsed time = 00:00:01, memory = 1607.97 (MB).
    Completing 40% with 618 violations.
    elapsed time = 00:00:02, memory = 1607.97 (MB).
    Completing 50% with 618 violations.
    elapsed time = 00:00:02, memory = 1607.97 (MB).
    Completing 60% with 534 violations.
    elapsed time = 00:00:05, memory = 1608.13 (MB).
    Completing 70% with 534 violations.
    elapsed time = 00:00:05, memory = 1611.57 (MB).
    Completing 80% with 393 violations.
    elapsed time = 00:00:06, memory = 1608.77 (MB).
    Completing 90% with 393 violations.
    elapsed time = 00:00:07, memory = 1608.77 (MB).
    Completing 100% with 251 violations.
    elapsed time = 00:00:08, memory = 1608.77 (MB).
[INFO DRT-0199]   Number of violations = 251.
Viol/Layer        met1   met2   met3   met4
Metal Spacing       29     18      3      0
Short              127     70      3      1
[INFO DRT-0267] cpu time = 00:00:56, elapsed time = 00:00:08, memory = 1608.90 (MB), peak = 1638.23 (MB)
Total wire length = 277697 um.
Total wire length on LAYER li1 = 0 um.
Total wire length on LAYER met1 = 91505 um.
Total wire length on LAYER met2 = 115819 um.
Total wire length on LAYER met3 = 51286 um.
Total wire length on LAYER met4 = 17173 um.
Total wire length on LAYER met5 = 1912 um.
Total number of vias = 50790.
Up-via summary (total 50790):

------------------------
 FR_MASTERSLICE        0
            li1    19981
           met1    25069
           met2     4546
           met3     1132
           met4       62
------------------------
               50790


[INFO DRT-0195] Start 2nd optimization iteration.
    Completing 10% with 251 violations.
    elapsed time = 00:00:00, memory = 1608.90 (MB).
    Completing 20% with 251 violations.
    elapsed time = 00:00:00, memory = 1608.90 (MB).
    Completing 30% with 246 violations.
    elapsed time = 00:00:04, memory = 1608.90 (MB).
    Completing 40% with 246 violations.
    elapsed time = 00:00:04, memory = 1608.90 (MB).
    Completing 50% with 246 violations.
    elapsed time = 00:00:05, memory = 1608.90 (MB).
    Completing 60% with 232 violations.
    elapsed time = 00:00:05, memory = 1608.90 (MB).
    Completing 70% with 232 violations.
    elapsed time = 00:00:06, memory = 1641.02 (MB).
    Completing 80% with 200 violations.
    elapsed time = 00:00:07, memory = 1608.90 (MB).
    Completing 90% with 200 violations.
    elapsed time = 00:00:08, memory = 1608.90 (MB).
    Completing 100% with 186 violations.
    elapsed time = 00:00:09, memory = 1608.90 (MB).
[INFO DRT-0199]   Number of violations = 186.
Viol/Layer        met1   met2   met3   met4
Metal Spacing       14     18      0      0
Short               97     50      6      1
[INFO DRT-0267] cpu time = 00:00:37, elapsed time = 00:00:09, memory = 1608.90 (MB), peak = 1639.93 (MB)
Total wire length = 277677 um.
Total wire length on LAYER li1 = 0 um.
Total wire length on LAYER met1 = 91461 um.
Total wire length on LAYER met2 = 115732 um.
Total wire length on LAYER met3 = 51323 um.
Total wire length on LAYER met4 = 17248 um.
Total wire length on LAYER met5 = 1912 um.
Total number of vias = 50795.
Up-via summary (total 50795):

------------------------
 FR_MASTERSLICE        0
            li1    19981
           met1    25062
           met2     4549
           met3     1141
           met4       62
------------------------
               50795


[INFO DRT-0195] Start 3rd optimization iteration.
    Completing 10% with 186 violations.
    elapsed time = 00:00:00, memory = 1608.90 (MB).
    Completing 20% with 186 violations.
    elapsed time = 00:00:00, memory = 1608.90 (MB).
    Completing 30% with 186 violations.
    elapsed time = 00:00:00, memory = 1614.62 (MB).
    Completing 40% with 151 violations.
    elapsed time = 00:00:01, memory = 1615.19 (MB).
    Completing 50% with 151 violations.
    elapsed time = 00:00:01, memory = 1615.19 (MB).
    Completing 60% with 122 violations.
    elapsed time = 00:00:04, memory = 1615.19 (MB).
    Completing 70% with 122 violations.
    elapsed time = 00:00:05, memory = 1615.19 (MB).
    Completing 80% with 122 violations.
    elapsed time = 00:00:09, memory = 1615.19 (MB).
    Completing 90% with 74 violations.
    elapsed time = 00:00:09, memory = 1615.19 (MB).
    Completing 100% with 54 violations.
    elapsed time = 00:00:19, memory = 1615.19 (MB).
[INFO DRT-0199]   Number of violations = 54.
Viol/Layer        met1   met2
Metal Spacing       11     15
Short               15     13
[INFO DRT-0267] cpu time = 00:00:43, elapsed time = 00:00:19, memory = 1618.07 (MB), peak = 1639.93 (MB)
Total wire length = 277671 um.
Total wire length on LAYER li1 = 0 um.
Total wire length on LAYER met1 = 90809 um.
Total wire length on LAYER met2 = 115550 um.
Total wire length on LAYER met3 = 51926 um.
Total wire length on LAYER met4 = 17472 um.
Total wire length on LAYER met5 = 1912 um.
Total number of vias = 50881.
Up-via summary (total 50881):

------------------------
 FR_MASTERSLICE        0
            li1    19982
           met1    25051
           met2     4626
           met3     1160
           met4       62
------------------------
               50881


[INFO DRT-0195] Start 4th guides tiles iteration.
    Completing 10% with 54 violations.
    elapsed time = 00:00:00, memory = 1672.23 (MB).
    Completing 20% with 54 violations.
    elapsed time = 00:00:00, memory = 1672.23 (MB).
    Completing 40% with 54 violations.
    elapsed time = 00:00:01, memory = 1672.23 (MB).
    Completing 50% with 54 violations.
    elapsed time = 00:00:03, memory = 1618.07 (MB).
    Completing 70% with 2 violations.
    elapsed time = 00:00:03, memory = 1618.07 (MB).
    Completing 80% with 2 violations.
    elapsed time = 00:00:03, memory = 1618.07 (MB).
    Completing 100% with 0 violations.
    elapsed time = 00:00:04, memory = 1618.07 (MB).
[INFO DRT-0199]   Number of violations = 0.
[INFO DRT-0267] cpu time = 00:00:12, elapsed time = 00:00:04, memory = 1618.07 (MB), peak = 1670.55 (MB)
Total wire length = 277628 um.
Total wire length on LAYER li1 = 0 um.
Total wire length on LAYER met1 = 90760 um.
Total wire length on LAYER met2 = 115359 um.
Total wire length on LAYER met3 = 51934 um.
Total wire length on LAYER met4 = 17661 um.
Total wire length on LAYER met5 = 1912 um.
Total number of vias = 50863.
Up-via summary (total 50863):

------------------------
 FR_MASTERSLICE        0
            li1    19982
           met1    25027
           met2     4626
           met3     1166
           met4       62
------------------------
               50863


[INFO DRT-0198] Complete detail routing.
Total wire length = 277628 um.
Total wire length on LAYER li1 = 0 um.
Total wire length on LAYER met1 = 90760 um.
Total wire length on LAYER met2 = 115359 um.
Total wire length on LAYER met3 = 51934 um.
Total wire length on LAYER met4 = 17661 um.
Total wire length on LAYER met5 = 1912 um.
Total number of vias = 50863.
Up-via summary (total 50863):

------------------------
 FR_MASTERSLICE        0
            li1    19982
           met1    25027
           met2     4626
           met3     1166
           met4       62
------------------------
               50863


[INFO DRT-0267] cpu time = 00:03:40, elapsed time = 00:00:57, memory = 1618.07 (MB), peak = 1670.55 (MB)

[INFO DRT-0180] Post processing.
+ check_antennas 
[INFO ANT-0002] Found 0 net violations.
[INFO ANT-0001] Found 0 pin violations.
Setting global connections for newly added cells…
[INFO] Setting global connections...
[INFO ODB-0403] 48 connections made, 0 conflicts skipped.
Updating metrics…
Cell type report:                       Count       Area
  Fill cell                               232     870.84
  Tap cell                               1416    1771.70
  Antenna cell                             47     117.61
  Clock buffer                            155    2100.76
  Timing Repair Buffer                   2142   20046.73
  Inverter                                  4      15.01
  Clock inverter                           17     212.70
  Sequential cell                        1024   21780.89
  Multi-Input combinational cell         2552   28752.58
  Total                                  7589   75668.82
Writing OpenROAD database to '/work/runs/RUN_2026-08-06_09-53-31/44-openroad-detailedrouting/registerfile.odb'…
Writing netlist to '/work/runs/RUN_2026-08-06_09-53-31/44-openroad-detailedrouting/registerfile.nl.v'…
Writing powered netlist to '/work/runs/RUN_2026-08-06_09-53-31/44-openroad-detailedrouting/registerfile.pnl.v'…
Writing layout to '/work/runs/RUN_2026-08-06_09-53-31/44-openroad-detailedrouting/registerfile.def'…
Writing timing constraints to '/work/runs/RUN_2026-08-06_09-53-31/44-openroad-detailedrouting/registerfile.sdc'…
