Clock: clk
Sources: clk 
Generated: no
Virtual: yes
Propagated: no
Period: 10.000000

===========================================================================
report_clock_properties
============================================================================
Clock                   Period          Waveform
----------------------------------------------------
clk                  10.000000    0.000000  5.000000

===========================================================================
report_clock_latency
============================================================================
Clock clk
rise -> rise
    min     max
0.000000 0.000000 source latency
7.401961         network latency _5876_/CLK
        7.519595 network latency _5165_/CLK
---------------
7.401961 7.519595 latency
        0.117633 skew

fall -> fall
    min     max
0.000000 0.000000 source latency
3.611770         network latency _5876_/CLK
        3.720140 network latency _5165_/CLK
---------------
3.611770 3.720140 latency
        0.108370 skew



===========================================================================
report_clock_min_period
============================================================================
clk period_min = 1.63 fmax = 611.93
