
===========================================================================
Violator List
============================================================================
[hold in-reg] wd[3] -> _6043_/D : -6.201582
[hold in-reg] wd[3] -> _5435_/D : -6.201535
[hold in-reg] wd[3] -> _5947_/D : -6.201168
[hold in-reg] wd[3] -> _5211_/D : -6.200425
[hold in-reg] wd[3] -> _5243_/D : -6.200426
[hold in-reg] wd[3] -> _5147_/D : -6.200411
[hold in-reg] wd[3] -> _5179_/D : -6.200412
[hold in-reg] wd[3] -> _5723_/D : -6.199230
[hold in-reg] wd[3] -> _5787_/D : -6.199232
[hold in-reg] wd[2] -> _5242_/D : -6.198716
[hold in-reg] wd[2] -> _5210_/D : -6.198680
[hold in-reg] wd[3] -> _5051_/D : -6.198599
[hold in-reg] wd[3] -> _5403_/D : -6.198600
[hold in-reg] wd[2] -> _5178_/D : -6.198542
[hold in-reg] wd[2] -> _5146_/D : -6.198516
[hold in-reg] wd[2] -> _5722_/D : -6.198182
[hold in-reg] wd[2] -> _5786_/D : -6.198184
[hold in-reg] wd[3] -> _5115_/D : -6.198031
[hold in-reg] wd[3] -> _6011_/D : -6.198017
[hold in-reg] wd[3] -> _5083_/D : -6.198002
[hold in-reg] wd[3] -> _5979_/D : -6.198005
[hold in-reg] wd[3] -> _5691_/D : -6.197255
[hold in-reg] wd[3] -> _5659_/D : -6.197021
[hold in-reg] wd[3] -> _5595_/D : -6.196741
[hold in-reg] wd[3] -> _5627_/D : -6.196728
[hold in-reg] wd[14] -> _5190_/D : -6.195853
[hold in-reg] wd[14] -> _5158_/D : -6.195842
[hold in-reg] wd[14] -> _5862_/D : -6.195748
[hold in-reg] wd[14] -> _5766_/D : -6.195728
[hold in-reg] wd[14] -> _5894_/D : -6.195709
[hold in-reg] wd[14] -> _5926_/D : -6.195677
[hold in-reg] wd[14] -> _5446_/D : -6.195606
[hold in-reg] wd[14] -> _5254_/D : -6.195567
[hold in-reg] wd[14] -> _5222_/D : -6.195548
[hold in-reg] wd[14] -> _6054_/D : -6.195481
[hold in-reg] wd[14] -> _5958_/D : -6.195418
[hold in-reg] wd[3] -> _5563_/D : -6.195315
[hold in-reg] wd[3] -> _5499_/D : -6.195298
[hold in-reg] wd[3] -> _5467_/D : -6.195286
[hold in-reg] wd[3] -> _5531_/D : -6.195289
[hold in-reg] wd[3] -> _5371_/D : -6.195085
[hold in-reg] wd[3] -> _5339_/D : -6.194999
[hold in-reg] wd[3] -> _5275_/D : -6.194850
[hold in-reg] wd[3] -> _5307_/D : -6.194839
[hold in-reg] wd[14] -> _5126_/D : -6.194642
[hold in-reg] wd[14] -> _5094_/D : -6.194633
[hold in-reg] wd[14] -> _5990_/D : -6.194583
[hold in-reg] wd[14] -> _6022_/D : -6.194552
[hold in-reg] wd[2] -> _5466_/D : -6.192388
[hold in-reg] wd[2] -> _5498_/D : -6.192385
[hold in-reg] wd[2] -> _5530_/D : -6.192376
[hold in-reg] wd[2] -> _5562_/D : -6.192378
[hold in-reg] wd[14] -> _5062_/D : -6.191288
[hold in-reg] wd[14] -> _5414_/D : -6.191293
[hold in-reg] wd[14] -> _5798_/D : -6.191186
[hold in-reg] wd[14] -> _5734_/D : -6.191149
[hold in-reg] wd[14] -> _5702_/D : -6.190483
[hold in-reg] wd[2] -> _5370_/D : -6.190467
[hold in-reg] wd[14] -> _5670_/D : -6.190334
[hold in-reg] wd[14] -> _5606_/D : -6.190133
[hold in-reg] wd[14] -> _5542_/D : -6.190089
[hold in-reg] wd[14] -> _5574_/D : -6.190085
[hold in-reg] wd[2] -> _5338_/D : -6.190076
[hold in-reg] wd[14] -> _5638_/D : -6.190016
[hold in-reg] wd[2] -> _5274_/D : -6.189762
[hold in-reg] wd[2] -> _5306_/D : -6.189707
[hold in-reg] wd[14] -> _5350_/D : -6.189418
[hold in-reg] wd[14] -> _5382_/D : -6.189409
[hold in-reg] wd[14] -> _5478_/D : -6.189348
[hold in-reg] wd[14] -> _5510_/D : -6.189323
[hold in-reg] wd[14] -> _5286_/D : -6.189170
[hold in-reg] wd[14] -> _5318_/D : -6.188848
[hold in-reg] wd[2] -> _5114_/D : -6.188198
[hold in-reg] wd[2] -> _5082_/D : -6.188047
[hold in-reg] wd[2] -> _5978_/D : -6.187961
[hold in-reg] wd[2] -> _6010_/D : -6.187904
[hold in-reg] wd[5] -> _5917_/D : -6.187723
[hold in-reg] wd[2] -> _5050_/D : -6.187706
[hold in-reg] wd[2] -> _5402_/D : -6.187707
[hold in-reg] wd[5] -> _5885_/D : -6.187697
[hold in-reg] wd[5] -> _5757_/D : -6.187676
[hold in-reg] wd[5] -> _5853_/D : -6.187595
[hold in-reg] wd[5] -> _5373_/D : -6.187521
[hold in-reg] wd[2] -> _5690_/D : -6.187477
[hold in-reg] wd[5] -> _5341_/D : -6.187442
[hold in-reg] wd[2] -> _5658_/D : -6.187398
[hold in-reg] wd[5] -> _5277_/D : -6.187291
[hold in-reg] wd[2] -> _5594_/D : -6.187276
[hold in-reg] wd[2] -> _5626_/D : -6.187250
[hold in-reg] wd[5] -> _5309_/D : -6.187165
[hold in-reg] wd[29] -> _5077_/D : -6.182464
[hold in-reg] wd[29] -> _5429_/D : -6.182465
[hold in-reg] wd[29] -> _5813_/D : -6.181895
[hold in-reg] wd[29] -> _5749_/D : -6.181881
[hold in-reg] wd[29] -> _5557_/D : -6.181520
[hold in-reg] wd[29] -> _5589_/D : -6.181521
[hold in-reg] wd[29] -> _5525_/D : -6.181155
[hold in-reg] wd[29] -> _5493_/D : -6.181132
[hold in-reg] wd[21] -> _6061_/D : -6.180426
[hold in-reg] wd[21] -> _5965_/D : -6.180164
[hold in-reg] wd[21] -> _5453_/D : -6.180122
[hold in-reg] wd[6] -> _5662_/D : -6.179073
[hold in-reg] wd[6] -> _5694_/D : -6.179071
[hold in-reg] wd[6] -> _5598_/D : -6.179021
[hold in-reg] wd[6] -> _5630_/D : -6.178943
[hold in-reg] wd[6] -> _5726_/D : -6.178830
[hold in-reg] wd[6] -> _5790_/D : -6.178833
[hold in-reg] wd[21] -> _5773_/D : -6.178591
[hold in-reg] wd[21] -> _5869_/D : -6.178591
[hold in-reg] wd[21] -> _5933_/D : -6.178574
[hold in-reg] wd[6] -> _5406_/D : -6.178564
[hold in-reg] wd[21] -> _5901_/D : -6.178563
[hold in-reg] wd[6] -> _5054_/D : -6.178556
[hold in-reg] wd[21] -> _5229_/D : -6.178143
[hold in-reg] wd[21] -> _5261_/D : -6.178142
[hold in-reg] wd[21] -> _5165_/D : -6.178019
[hold in-reg] wd[21] -> _5197_/D : -6.178012
[hold in-reg] wd[21] -> _6029_/D : -6.177964
[hold in-reg] wd[21] -> _5997_/D : -6.177912
[hold in-reg] wd[21] -> _5101_/D : -6.177679
[hold in-reg] wd[21] -> _5133_/D : -6.177667
[hold in-reg] wd[6] -> _5470_/D : -6.174616
[hold in-reg] wd[6] -> _5502_/D : -6.174620
[hold in-reg] wd[21] -> _5069_/D : -6.174535
[hold in-reg] wd[21] -> _5421_/D : -6.174539
[hold in-reg] wd[21] -> _5805_/D : -6.174506
[hold in-reg] wd[21] -> _5741_/D : -6.174496
[hold in-reg] wd[21] -> _5645_/D : -6.174305
[hold in-reg] wd[21] -> _5613_/D : -6.174289
[hold in-reg] wd[6] -> _5534_/D : -6.174269
[hold in-reg] wd[6] -> _5566_/D : -6.174270
[hold in-reg] wd[21] -> _5677_/D : -6.174228
[hold in-reg] wd[21] -> _5709_/D : -6.174210
[hold in-reg] wd[6] -> _5374_/D : -6.173604
[hold in-reg] wd[6] -> _5342_/D : -6.173428
[hold in-reg] wd[6] -> _5278_/D : -6.173212
[hold in-reg] wd[6] -> _5310_/D : -6.173043
[hold in-reg] wd[2] -> _6042_/D : -6.171754
[hold in-reg] wd[2] -> _5946_/D : -6.171719
[hold in-reg] wd[2] -> _5434_/D : -6.171669
[hold in-reg] wd[3] -> _5851_/D : -6.170905
[hold in-reg] wd[2] -> _5914_/D : -6.170743
[hold in-reg] wd[2] -> _5850_/D : -6.170737
[hold in-reg] wd[2] -> _5882_/D : -6.170733
[hold in-reg] wd[2] -> _5754_/D : -6.170727
[hold in-reg] wd[3] -> _5755_/D : -6.170717
[hold in-reg] wd[3] -> _5883_/D : -6.170657
[hold in-reg] wd[3] -> _5915_/D : -6.170650
[hold in-reg] wd[21] -> _5549_/D : -6.169041
[hold in-reg] wd[21] -> _5581_/D : -6.169041
[hold in-reg] wd[26] -> _5874_/D : -6.168923
[hold in-reg] wd[26] -> _5778_/D : -6.168870
[hold in-reg] wd[26] -> _5906_/D : -6.168800
[hold in-reg] wd[26] -> _5938_/D : -6.168748
[hold in-reg] wd[26] -> _5970_/D : -6.168651
[hold in-reg] wd[26] -> _6066_/D : -6.168654
[hold in-reg] wd[26] -> _5458_/D : -6.168448
[hold in-reg] wd[21] -> _5485_/D : -6.168303
[hold in-reg] wd[21] -> _5517_/D : -6.168302
[hold in-reg] wd[21] -> _5389_/D : -6.168219
[hold in-reg] wd[21] -> _5357_/D : -6.167694
[hold in-reg] wd[26] -> _6002_/D : -6.167283
[hold in-reg] wd[26] -> _6034_/D : -6.167289
[hold in-reg] wd[26] -> _5234_/D : -6.167256
[hold in-reg] wd[26] -> _5266_/D : -6.167252
[hold in-reg] wd[26] -> _5138_/D : -6.167068
[hold in-reg] wd[16] -> _5256_/D : -6.167066
[hold in-reg] wd[26] -> _5106_/D : -6.167053
[hold in-reg] wd[16] -> _5224_/D : -6.167032
[hold in-reg] wd[21] -> _5293_/D : -6.166988
[hold in-reg] wd[26] -> _5170_/D : -6.166837
[hold in-reg] wd[26] -> _5202_/D : -6.166834
[hold in-reg] wd[21] -> _5325_/D : -6.166663
[hold in-reg] wd[29] -> _5877_/D : -6.165880
[hold in-reg] wd[29] -> _5781_/D : -6.165787
[hold in-reg] wd[29] -> _6069_/D : -6.165699
[hold in-reg] wd[29] -> _5461_/D : -6.165689
[hold in-reg] wd[29] -> _5909_/D : -6.165695
[hold in-reg] wd[29] -> _5941_/D : -6.165634
[hold in-reg] wd[16] -> _5160_/D : -6.165557
[hold in-reg] wd[16] -> _5192_/D : -6.165560
[hold in-reg] wd[29] -> _5973_/D : -6.165420
[hold in-reg] wd[26] -> _5522_/D : -6.165041
[hold in-reg] wd[26] -> _5490_/D : -6.164988
[hold in-reg] wd[6] -> _5438_/D : -6.164761
[hold in-reg] wd[6] -> _5950_/D : -6.164747
[hold in-reg] wd[6] -> _6046_/D : -6.164746
[hold in-reg] wd[6] -> _5918_/D : -6.164658
[hold in-reg] wd[6] -> _5886_/D : -6.164624
[hold in-reg] wd[6] -> _5758_/D : -6.164576
[hold in-reg] wd[6] -> _5854_/D : -6.164555
[hold in-reg] wd[26] -> _5394_/D : -6.163954
[hold in-reg] wd[26] -> _5362_/D : -6.163860
[hold in-reg] wd[26] -> _5298_/D : -6.163773
[hold in-reg] wd[22] -> _5262_/D : -6.163720
[hold in-reg] wd[16] -> _5128_/D : -6.163699
[hold in-reg] wd[26] -> _5330_/D : -6.163684
[hold in-reg] wd[22] -> _5230_/D : -6.163671
[hold in-reg] wd[16] -> _5096_/D : -6.163360
[hold in-reg] wd[16] -> _5992_/D : -6.162891
[hold in-reg] wd[16] -> _6024_/D : -6.162650
[hold in-reg] wd[27] -> _5875_/D : -6.162637
[hold in-reg] wd[27] -> _5779_/D : -6.162618
[hold in-reg] wd[27] -> _5939_/D : -6.162602
[hold in-reg] wd[27] -> _5907_/D : -6.162577
[hold in-reg] wd[29] -> _5205_/D : -6.161888
[hold in-reg] wd[29] -> _5269_/D : -6.161876
[hold in-reg] wd[29] -> _5173_/D : -6.161869
[hold in-reg] wd[29] -> _5237_/D : -6.161856
[hold in-reg] wd[26] -> _5586_/D : -6.161445
[hold in-reg] wd[26] -> _5074_/D : -6.161428
[hold in-reg] wd[26] -> _5426_/D : -6.161430
[hold in-reg] wd[26] -> _5554_/D : -6.161434
[hold in-reg] wd[26] -> _5650_/D : -6.161129
[hold in-reg] wd[26] -> _5618_/D : -6.161105
[hold in-reg] wd[26] -> _5682_/D : -6.161068
[hold in-reg] wd[26] -> _5810_/D : -6.161067
[hold in-reg] wd[26] -> _5746_/D : -6.161054
[hold in-reg] wd[26] -> _5714_/D : -6.161035
[hold in-reg] wd[1] -> _5433_/D : -6.160569
[hold in-reg] wd[1] -> _6041_/D : -6.160501
[hold in-reg] wd[1] -> _5945_/D : -6.160488
[hold in-reg] wd[29] -> _5109_/D : -6.159925
[hold in-reg] wd[29] -> _5141_/D : -6.159915
[hold in-reg] wd[29] -> _6005_/D : -6.159889
[hold in-reg] wd[29] -> _6037_/D : -6.159874
[hold in-reg] wd[1] -> _5849_/D : -6.159856
[hold in-reg] wd[1] -> _5753_/D : -6.159798
[hold in-reg] wd[1] -> _5913_/D : -6.159639
[hold in-reg] wd[1] -> _5881_/D : -6.159621
[hold in-reg] wd[27] -> _5171_/D : -6.159427
[hold in-reg] wd[27] -> _5235_/D : -6.159423
[hold in-reg] wd[27] -> _5267_/D : -6.159423
[hold in-reg] wd[27] -> _5203_/D : -6.159412
[hold in-reg] wd[27] -> _5459_/D : -6.159225
[hold in-reg] wd[27] -> _6067_/D : -6.159217
[hold in-reg] wd[27] -> _5971_/D : -6.159179
[hold in-reg] wd[1] -> _5209_/D : -6.159142
[hold in-reg] wd[1] -> _5241_/D : -6.159137
[hold in-reg] wd[16] -> _5416_/D : -6.159064
[hold in-reg] wd[16] -> _5064_/D : -6.158992
[hold in-reg] wd[16] -> _5736_/D : -6.158923
[hold in-reg] wd[16] -> _5800_/D : -6.158911
[hold in-reg] wd[16] -> _5544_/D : -6.158705
[hold in-reg] wd[16] -> _5576_/D : -6.158708
[hold in-reg] wd[16] -> _5480_/D : -6.158645
[hold in-reg] wd[16] -> _5512_/D : -6.158647
[hold in-reg] wd[1] -> _5113_/D : -6.158573
[hold in-reg] wd[1] -> _5145_/D : -6.158578
[hold in-reg] wd[1] -> _5177_/D : -6.158578
[hold in-reg] wd[1] -> _5081_/D : -6.158469
[hold in-reg] wd[29] -> _5717_/D : -6.158380
[hold in-reg] wd[1] -> _5977_/D : -6.158357
[hold in-reg] wd[1] -> _6009_/D : -6.158306
[hold in-reg] wd[29] -> _5621_/D : -6.158295
[hold in-reg] wd[29] -> _5653_/D : -6.158282
[hold in-reg] wd[29] -> _5685_/D : -6.158288
[hold in-reg] wd[16] -> _5384_/D : -6.158096
[hold in-reg] wd[8] -> _5248_/D : -6.158020
[hold in-reg] wd[27] -> _5075_/D : -6.158002
[hold in-reg] wd[8] -> _5216_/D : -6.158005
[hold in-reg] wd[27] -> _5427_/D : -6.158005
[hold in-reg] wd[16] -> _5352_/D : -6.157900
[hold in-reg] wd[1] -> _5529_/D : -6.157780
[hold in-reg] wd[27] -> _5139_/D : -6.157770
[hold in-reg] wd[1] -> _5561_/D : -6.157770
[hold in-reg] wd[27] -> _5107_/D : -6.157630
[hold in-reg] wd[27] -> _6003_/D : -6.157575
[hold in-reg] wd[27] -> _6035_/D : -6.157547
[hold in-reg] wd[16] -> _5288_/D : -6.157500
[hold in-reg] wd[16] -> _5320_/D : -6.157307
[hold in-reg] wd[19] -> _5483_/D : -6.157227
[hold in-reg] wd[19] -> _5515_/D : -6.157213
[hold in-reg] wd[4] -> _5180_/D : -6.157066
[hold in-reg] wd[4] -> _5148_/D : -6.157019
[hold in-reg] wd[4] -> _5244_/D : -6.156992
[hold in-reg] wd[1] -> _5593_/D : -6.156948
[hold in-reg] wd[4] -> _5436_/D : -6.156940
[hold in-reg] wd[22] -> _5166_/D : -6.156913
[hold in-reg] wd[22] -> _5198_/D : -6.156912
[hold in-reg] wd[1] -> _5497_/D : -6.156895
[hold in-reg] wd[1] -> _5465_/D : -6.156877
[hold in-reg] wd[4] -> _5212_/D : -6.156850
[hold in-reg] wd[4] -> _6044_/D : -6.156842
[hold in-reg] wd[8] -> _5184_/D : -6.156771
[hold in-reg] wd[1] -> _5625_/D : -6.156767
[hold in-reg] wd[8] -> _5152_/D : -6.156759
[hold in-reg] wd[1] -> _5657_/D : -6.156725
[hold in-reg] wd[4] -> _5948_/D : -6.156730
[hold in-reg] wd[1] -> _5689_/D : -6.156672
[hold in-reg] wd[22] -> _5134_/D : -6.156651
[hold in-reg] wd[4] -> _5916_/D : -6.156592
[hold in-reg] wd[4] -> _5884_/D : -6.156581
[hold in-reg] wd[1] -> _5721_/D : -6.156569
[hold in-reg] wd[1] -> _5785_/D : -6.156569
[hold in-reg] wd[22] -> _5102_/D : -6.156415
[hold in-reg] wd[22] -> _5998_/D : -6.156403
[hold in-reg] wd[22] -> _6030_/D : -6.156391
[hold in-reg] wd[4] -> _5756_/D : -6.156362
[hold in-reg] wd[22] -> _5550_/D : -6.156260
[hold in-reg] wd[22] -> _5582_/D : -6.156263
[hold in-reg] wd[4] -> _5852_/D : -6.156264
[hold in-reg] wd[27] -> _5619_/D : -6.155831
[hold in-reg] wd[27] -> _5651_/D : -6.155832
[hold in-reg] wd[29] -> _5397_/D : -6.155824
[hold in-reg] wd[29] -> _5365_/D : -6.155792
[hold in-reg] wd[29] -> _5301_/D : -6.155786
[hold in-reg] wd[29] -> _5333_/D : -6.155784
[hold in-reg] wd[27] -> _5747_/D : -6.155754
[hold in-reg] wd[27] -> _5811_/D : -6.155750
[hold in-reg] wd[27] -> _5715_/D : -6.155741
[hold in-reg] wd[27] -> _5683_/D : -6.155710
[hold in-reg] wd[1] -> _5049_/D : -6.155576
[hold in-reg] wd[1] -> _5401_/D : -6.155578
[hold in-reg] wd[4] -> _5116_/D : -6.154628
[hold in-reg] wd[4] -> _5084_/D : -6.154502
[hold in-reg] wd[4] -> _5980_/D : -6.154350
[hold in-reg] wd[4] -> _6012_/D : -6.154253
[hold in-reg] wd[19] -> _5387_/D : -6.154237
[hold in-reg] wd[27] -> _5555_/D : -6.154049
[hold in-reg] wd[27] -> _5491_/D : -6.154022
[hold in-reg] wd[27] -> _5523_/D : -6.154026
[hold in-reg] wd[27] -> _5587_/D : -6.154027
[hold in-reg] wd[27] -> _5331_/D : -6.153568
[hold in-reg] wd[27] -> _5299_/D : -6.153544
[hold in-reg] wd[27] -> _5363_/D : -6.153526
[hold in-reg] wd[27] -> _5395_/D : -6.153523
[hold in-reg] wd[19] -> _5355_/D : -6.153385
[hold in-reg] wd[11] -> _5955_/D : -6.153209
[hold in-reg] wd[11] -> _5219_/D : -6.153159
[hold in-reg] wd[11] -> _5251_/D : -6.153156
[hold in-reg] wd[11] -> _6051_/D : -6.153108
[hold in-reg] wd[4] -> _5788_/D : -6.153030
[hold in-reg] wd[4] -> _5724_/D : -6.153013
[hold in-reg] wd[11] -> _5443_/D : -6.152922
[hold in-reg] wd[11] -> _5891_/D : -6.152928
[hold in-reg] wd[11] -> _5923_/D : -6.152885
[hold in-reg] wd[11] -> _5763_/D : -6.152811
[hold in-reg] wd[19] -> _5291_/D : -6.152649
[hold in-reg] wd[11] -> _5155_/D : -6.152624
[hold in-reg] wd[11] -> _5187_/D : -6.152624
[hold in-reg] wd[11] -> _5859_/D : -6.152391
[hold in-reg] wd[19] -> _5323_/D : -6.152341
[hold in-reg] wd[11] -> _5475_/D : -6.152146
[hold in-reg] wd[11] -> _5507_/D : -6.152144
[hold in-reg] wd[22] -> _5486_/D : -6.152022
[hold in-reg] wd[22] -> _5518_/D : -6.152020
[hold in-reg] wd[4] -> _5532_/D : -6.151496
[hold in-reg] wd[4] -> _5564_/D : -6.151488
[hold in-reg] wd[22] -> _5390_/D : -6.151420
[hold in-reg] wd[4] -> _5052_/D : -6.151014
[hold in-reg] wd[4] -> _5404_/D : -6.151017
[hold in-reg] wd[4] -> _5500_/D : -6.150991
[hold in-reg] wd[4] -> _5468_/D : -6.150961
[hold in-reg] wd[1] -> _5305_/D : -6.150946
[hold in-reg] wd[1] -> _5273_/D : -6.150891
[hold in-reg] wd[1] -> _5337_/D : -6.150835
[hold in-reg] wd[1] -> _5369_/D : -6.150772
[hold in-reg] wd[22] -> _5358_/D : -6.150730
[hold in-reg] wd[4] -> _5372_/D : -6.150671
[hold in-reg] wd[4] -> _5340_/D : -6.150646
[hold in-reg] wd[4] -> _5276_/D : -6.150609
[hold in-reg] wd[4] -> _5308_/D : -6.150599
[hold in-reg] wd[22] -> _5294_/D : -6.150533
[hold in-reg] wd[22] -> _5326_/D : -6.150486
[hold in-reg] wd[11] -> _5603_/D : -6.150248
[hold in-reg] wd[4] -> _5660_/D : -6.150172
[hold in-reg] wd[4] -> _5692_/D : -6.150175
[hold in-reg] wd[11] -> _5123_/D : -6.150145
[hold in-reg] wd[11] -> _5635_/D : -6.150130
[hold in-reg] wd[4] -> _5596_/D : -6.150116
[hold in-reg] wd[4] -> _5628_/D : -6.150114
[hold in-reg] wd[19] -> _5451_/D : -6.150100
[hold in-reg] wd[11] -> _5539_/D : -6.150069
[hold in-reg] wd[11] -> _5571_/D : -6.150057
[hold in-reg] wd[11] -> _5091_/D : -6.150043
[hold in-reg] wd[11] -> _6019_/D : -6.149982
[hold in-reg] wd[11] -> _5987_/D : -6.149973
[hold in-reg] wd[11] -> _5667_/D : -6.149851
[hold in-reg] wd[11] -> _5699_/D : -6.149659
[hold in-reg] wd[22] -> _5422_/D : -6.149371
[hold in-reg] wd[22] -> _5070_/D : -6.149353
[hold in-reg] wd[11] -> _5731_/D : -6.149208
[hold in-reg] wd[11] -> _5795_/D : -6.149211
[hold in-reg] wd[24] -> _5584_/D : -6.148981
[hold in-reg] wd[24] -> _5552_/D : -6.148968
[hold in-reg] wd[24] -> _5392_/D : -6.148961
[hold in-reg] wd[24] -> _5520_/D : -6.148893
[hold in-reg] wd[24] -> _5488_/D : -6.148880
[hold in-reg] wd[24] -> _5360_/D : -6.148790
[hold in-reg] wd[17] -> _5161_/D : -6.148507
[hold in-reg] wd[17] -> _5193_/D : -6.148489
[hold in-reg] wd[11] -> _5411_/D : -6.148450
[hold in-reg] wd[11] -> _5059_/D : -6.148443
[hold in-reg] wd[17] -> _5929_/D : -6.148318
[hold in-reg] wd[24] -> _5296_/D : -6.148211
[hold in-reg] wd[17] -> _5225_/D : -6.148195
[hold in-reg] wd[17] -> _5257_/D : -6.148201
[hold in-reg] wd[17] -> _5897_/D : -6.148172
[hold in-reg] wd[22] -> _5806_/D : -6.148102
[hold in-reg] wd[22] -> _5742_/D : -6.148083
[hold in-reg] wd[17] -> _5769_/D : -6.148085
[hold in-reg] wd[17] -> _5865_/D : -6.147996
[hold in-reg] wd[22] -> _5678_/D : -6.147961
[hold in-reg] wd[22] -> _5710_/D : -6.147897
[hold in-reg] wd[22] -> _5614_/D : -6.147845
[hold in-reg] wd[22] -> _5646_/D : -6.147846
[hold in-reg] wd[24] -> _5328_/D : -6.147800
[hold in-reg] wd[17] -> _5961_/D : -6.147289
[hold in-reg] wd[17] -> _5449_/D : -6.147248
[hold in-reg] wd[17] -> _6057_/D : -6.147251
[hold in-reg] wd[11] -> _5283_/D : -6.146850
[hold in-reg] wd[11] -> _5379_/D : -6.146854
[hold in-reg] wd[11] -> _5347_/D : -6.146837
[hold in-reg] wd[8] -> _5504_/D : -6.146816
[hold in-reg] wd[8] -> _5472_/D : -6.146807
[hold in-reg] wd[11] -> _5315_/D : -6.146801
[hold in-reg] wd[8] -> _5120_/D : -6.146759
[hold in-reg] wd[8] -> _5088_/D : -6.146578
[hold in-reg] wd[22] -> _5454_/D : -6.146487
[hold in-reg] wd[17] -> _5129_/D : -6.146430
[hold in-reg] wd[8] -> _5536_/D : -6.146416
[hold in-reg] wd[8] -> _5568_/D : -6.146413
[hold in-reg] wd[8] -> _6016_/D : -6.146345
[hold in-reg] wd[8] -> _5984_/D : -6.146332
[hold in-reg] wd[17] -> _5097_/D : -6.146185
[hold in-reg] wd[22] -> _6062_/D : -6.146071
[hold in-reg] wd[22] -> _5870_/D : -6.145986
[hold in-reg] wd[22] -> _5966_/D : -6.145989
[hold in-reg] wd[17] -> _5545_/D : -6.145906
[hold in-reg] wd[17] -> _5577_/D : -6.145905
[hold in-reg] wd[5] -> _5213_/D : -6.145725
[hold in-reg] wd[5] -> _5245_/D : -6.145721
[hold in-reg] wd[22] -> _5934_/D : -6.145726
[hold in-reg] wd[8] -> _5376_/D : -6.145695
[hold in-reg] wd[5] -> _5149_/D : -6.145672
[hold in-reg] wd[5] -> _5181_/D : -6.145672
[hold in-reg] wd[22] -> _5774_/D : -6.145678
[hold in-reg] wd[17] -> _5993_/D : -6.145569
[hold in-reg] wd[8] -> _5344_/D : -6.145537
[hold in-reg] wd[8] -> _5280_/D : -6.145460
[hold in-reg] wd[22] -> _5902_/D : -6.145421
[hold in-reg] wd[17] -> _6025_/D : -6.145407
[hold in-reg] wd[8] -> _5312_/D : -6.145395
[hold in-reg] wd[5] -> _5117_/D : -6.145324
[hold in-reg] wd[17] -> _5673_/D : -6.145260
[hold in-reg] wd[17] -> _5705_/D : -6.145249
[hold in-reg] wd[5] -> _6013_/D : -6.145245
[hold in-reg] wd[5] -> _5981_/D : -6.145214
[hold in-reg] wd[17] -> _5801_/D : -6.145200
[hold in-reg] wd[17] -> _5737_/D : -6.145193
[hold in-reg] wd[5] -> _5085_/D : -6.145169
[hold in-reg] wd[17] -> _5065_/D : -6.145067
[hold in-reg] wd[17] -> _5417_/D : -6.145070
[hold in-reg] wd[17] -> _5609_/D : -6.145073
[hold in-reg] wd[5] -> _5789_/D : -6.144975
[hold in-reg] wd[5] -> _5725_/D : -6.144952
[hold in-reg] wd[5] -> _5053_/D : -6.144897
[hold in-reg] wd[5] -> _5405_/D : -6.144885
[hold in-reg] wd[17] -> _5641_/D : -6.144794
[hold in-reg] wd[5] -> _5693_/D : -6.144444
[hold in-reg] wd[5] -> _5629_/D : -6.144426
[hold in-reg] wd[5] -> _5661_/D : -6.144404
[hold in-reg] wd[5] -> _5597_/D : -6.144375
[hold in-reg] wd[24] -> _5072_/D : -6.144308
[hold in-reg] wd[24] -> _5424_/D : -6.144309
[hold in-reg] wd[17] -> _5513_/D : -6.143703
[hold in-reg] wd[10] -> _5058_/D : -6.143687
[hold in-reg] wd[17] -> _5481_/D : -6.143677
[hold in-reg] wd[10] -> _5410_/D : -6.143652
[hold in-reg] wd[31] -> _5079_/D : -6.143536
[hold in-reg] wd[31] -> _5431_/D : -6.143529
[hold in-reg] wd[19] -> _5579_/D : -6.143516
[hold in-reg] wd[19] -> _5547_/D : -6.143456
[hold in-reg] wd[5] -> _5437_/D : -6.143306
[hold in-reg] wd[5] -> _5949_/D : -6.143248
[hold in-reg] wd[5] -> _6045_/D : -6.143235
[hold in-reg] wd[10] -> _5730_/D : -6.143163
[hold in-reg] wd[10] -> _5794_/D : -6.143093
[hold in-reg] wd[10] -> _5186_/D : -6.142996
[hold in-reg] wd[10] -> _5154_/D : -6.142980
[hold in-reg] wd[5] -> _5533_/D : -6.142972
[hold in-reg] wd[5] -> _5565_/D : -6.142977
[hold in-reg] wd[19] -> _5963_/D : -6.142861
[hold in-reg] wd[19] -> _6059_/D : -6.142862
[hold in-reg] wd[31] -> _5751_/D : -6.142811
[hold in-reg] wd[31] -> _5815_/D : -6.142803
[hold in-reg] wd[5] -> _5501_/D : -6.142522
[hold in-reg] wd[10] -> _5218_/D : -6.142504
[hold in-reg] wd[10] -> _5250_/D : -6.142507
[hold in-reg] wd[5] -> _5469_/D : -6.142509
[hold in-reg] wd[10] -> _5698_/D : -6.142501
[hold in-reg] wd[10] -> _5666_/D : -6.142482
[hold in-reg] wd[10] -> _5090_/D : -6.142274
[hold in-reg] wd[10] -> _5442_/D : -6.142251
[hold in-reg] wd[10] -> _5122_/D : -6.142219
[hold in-reg] wd[10] -> _5986_/D : -6.142148
[hold in-reg] wd[10] -> _5602_/D : -6.142104
[hold in-reg] wd[10] -> _6018_/D : -6.142097
[hold in-reg] wd[8] -> _5440_/D : -6.142080
[hold in-reg] wd[31] -> _5687_/D : -6.142006
[hold in-reg] wd[31] -> _5719_/D : -6.142006
[hold in-reg] wd[31] -> _5207_/D : -6.141920
[hold in-reg] wd[31] -> _5175_/D : -6.141907
[hold in-reg] wd[31] -> _5623_/D : -6.141894
[hold in-reg] wd[10] -> _5954_/D : -6.141891
[hold in-reg] wd[10] -> _5634_/D : -6.141850
[hold in-reg] wd[10] -> _6050_/D : -6.141845
[hold in-reg] wd[31] -> _5655_/D : -6.141812
[hold in-reg] wd[19] -> _5419_/D : -6.141722
[hold in-reg] wd[19] -> _5067_/D : -6.141716
[hold in-reg] wd[15] -> _5799_/D : -6.141702
[hold in-reg] wd[15] -> _5735_/D : -6.141684
[hold in-reg] wd[10] -> _5922_/D : -6.141471
[hold in-reg] wd[31] -> _5271_/D : -6.141431
[hold in-reg] wd[10] -> _5890_/D : -6.141408
[hold in-reg] wd[8] -> _5952_/D : -6.141407
[hold in-reg] wd[31] -> _5239_/D : -6.141399
[hold in-reg] wd[15] -> _5703_/D : -6.141364
[hold in-reg] wd[31] -> _5463_/D : -6.141344
[hold in-reg] wd[10] -> _5762_/D : -6.141315
[hold in-reg] wd[8] -> _6048_/D : -6.141299
[hold in-reg] wd[15] -> _5063_/D : -6.141245
[hold in-reg] wd[15] -> _5671_/D : -6.141249
[hold in-reg] wd[15] -> _5415_/D : -6.141240
[hold in-reg] wd[10] -> _5858_/D : -6.141245
[hold in-reg] wd[8] -> _5856_/D : -6.141198
[hold in-reg] wd[15] -> _5607_/D : -6.141170
[hold in-reg] wd[15] -> _5639_/D : -6.141164
[hold in-reg] wd[8] -> _5920_/D : -6.141091
[hold in-reg] wd[31] -> _6071_/D : -6.141063
[hold in-reg] wd[31] -> _5975_/D : -6.141034
[hold in-reg] wd[8] -> _5888_/D : -6.141023
[hold in-reg] wd[8] -> _5760_/D : -6.140979
[hold in-reg] wd[24] -> _5744_/D : -6.140802
[hold in-reg] wd[24] -> _5808_/D : -6.140804
[hold in-reg] wd[19] -> _5931_/D : -6.140805
[hold in-reg] wd[31] -> _5111_/D : -6.140574
[hold in-reg] wd[31] -> _5143_/D : -6.140566
[hold in-reg] wd[31] -> _6007_/D : -6.140566
[hold in-reg] wd[31] -> _6039_/D : -6.140564
[hold in-reg] wd[19] -> _5771_/D : -6.140547
[hold in-reg] wd[19] -> _5899_/D : -6.140541
[hold in-reg] wd[8] -> _5056_/D : -6.140426
[hold in-reg] wd[8] -> _5408_/D : -6.140423
[hold in-reg] wd[31] -> _5943_/D : -6.140388
[hold in-reg] wd[31] -> _5911_/D : -6.140289
[hold in-reg] wd[19] -> _5867_/D : -6.140260
[hold in-reg] wd[15] -> _5255_/D : -6.140234
[hold in-reg] wd[15] -> _5223_/D : -6.140227
[hold in-reg] wd[31] -> _5783_/D : -6.140197
[hold in-reg] wd[31] -> _5879_/D : -6.140152
[hold in-reg] wd[15] -> _5159_/D : -6.140137
[hold in-reg] wd[15] -> _5191_/D : -6.140139
[hold in-reg] wd[10] -> _5570_/D : -6.140137
[hold in-reg] wd[10] -> _5538_/D : -6.140122
[hold in-reg] wd[10] -> _5506_/D : -6.139607
[hold in-reg] wd[15] -> _5127_/D : -6.139600
[hold in-reg] wd[10] -> _5474_/D : -6.139603
[hold in-reg] wd[15] -> _5095_/D : -6.139551
[hold in-reg] wd[8] -> _5600_/D : -6.139547
[hold in-reg] wd[8] -> _5632_/D : -6.139545
[hold in-reg] wd[8] -> _5664_/D : -6.139522
[hold in-reg] wd[8] -> _5696_/D : -6.139375
[hold in-reg] wd[31] -> _5591_/D : -6.139286
[hold in-reg] wd[31] -> _5559_/D : -6.139270
[hold in-reg] wd[31] -> _5495_/D : -6.139212
[hold in-reg] wd[31] -> _5527_/D : -6.139207
[hold in-reg] wd[15] -> _5991_/D : -6.139182
[hold in-reg] wd[10] -> _5378_/D : -6.139174
[hold in-reg] wd[15] -> _6023_/D : -6.139026
[hold in-reg] wd[10] -> _5346_/D : -6.138977
[hold in-reg] wd[10] -> _5282_/D : -6.138622
[hold in-reg] wd[8] -> _5728_/D : -6.138613
[hold in-reg] wd[8] -> _5792_/D : -6.138608
[hold in-reg] wd[17] -> _5385_/D : -6.138531
[hold in-reg] wd[17] -> _5321_/D : -6.138502
[hold in-reg] wd[17] -> _5289_/D : -6.138492
[hold in-reg] wd[17] -> _5353_/D : -6.138475
[hold in-reg] wd[10] -> _5314_/D : -6.138428
[hold in-reg] wd[31] -> _5399_/D : -6.138429
[hold in-reg] wd[31] -> _5367_/D : -6.138265
[hold in-reg] wd[31] -> _5303_/D : -6.138012
[hold in-reg] wd[31] -> _5335_/D : -6.137908
[hold in-reg] wd[15] -> _5447_/D : -6.137591
[hold in-reg] wd[15] -> _6055_/D : -6.137542
[hold in-reg] wd[15] -> _5895_/D : -6.137529
[hold in-reg] wd[15] -> _5927_/D : -6.137531
[hold in-reg] wd[15] -> _5767_/D : -6.137515
[hold in-reg] wd[15] -> _5863_/D : -6.137488
[hold in-reg] wd[15] -> _5959_/D : -6.137422
[hold in-reg] wd[24] -> _5712_/D : -6.137008
[hold in-reg] wd[24] -> _5680_/D : -6.136149
[hold in-reg] wd[24] -> _5616_/D : -6.136120
[hold in-reg] wd[24] -> _5648_/D : -6.136106
[hold in-reg] wd[19] -> _5739_/D : -6.136050
[hold in-reg] wd[19] -> _5803_/D : -6.136048
[hold in-reg] wd[19] -> _5707_/D : -6.135928
[hold in-reg] wd[19] -> _5611_/D : -6.135505
[hold in-reg] wd[19] -> _5643_/D : -6.135502
[hold in-reg] wd[19] -> _5675_/D : -6.135282
[hold in-reg] wd[15] -> _5543_/D : -6.134294
[hold in-reg] wd[15] -> _5575_/D : -6.134292
[hold in-reg] wd[15] -> _5479_/D : -6.134219
[hold in-reg] wd[15] -> _5511_/D : -6.134223
[hold in-reg] wd[13] -> _5541_/D : -6.134113
[hold in-reg] wd[13] -> _5573_/D : -6.134119
[hold in-reg] wd[13] -> _5509_/D : -6.134064
[hold in-reg] wd[13] -> _5477_/D : -6.134058
[hold in-reg] wd[9] -> _5121_/D : -6.133826
[hold in-reg] wd[15] -> _5383_/D : -6.133768
[hold in-reg] wd[15] -> _5351_/D : -6.133692
[hold in-reg] wd[9] -> _5089_/D : -6.133616
[hold in-reg] wd[9] -> _5985_/D : -6.133564
[hold in-reg] wd[9] -> _6017_/D : -6.133559
[hold in-reg] wd[15] -> _5287_/D : -6.133484
[hold in-reg] wd[15] -> _5319_/D : -6.133315
[hold in-reg] wd[9] -> _5473_/D : -6.133063
[hold in-reg] wd[9] -> _5505_/D : -6.133062
[hold in-reg] wd[13] -> _5381_/D : -6.132462
[hold in-reg] wd[9] -> _5537_/D : -6.132352
[hold in-reg] wd[9] -> _5569_/D : -6.132353
[hold in-reg] wd[13] -> _5349_/D : -6.132216
[hold in-reg] wd[6] -> _5214_/D : -6.132123
[hold in-reg] wd[6] -> _5246_/D : -6.132126
[hold in-reg] wd[13] -> _5285_/D : -6.132068
[hold in-reg] wd[13] -> _5317_/D : -6.132026
[hold in-reg] wd[9] -> _5217_/D : -6.131980
[hold in-reg] wd[9] -> _5249_/D : -6.131984
[hold in-reg] wd[9] -> _5377_/D : -6.131903
[hold in-reg] wd[25] -> _5745_/D : -6.131887
[hold in-reg] wd[25] -> _5809_/D : -6.131884
[hold in-reg] wd[9] -> _5345_/D : -6.131744
[hold in-reg] wd[9] -> _5153_/D : -6.131658
[hold in-reg] wd[9] -> _5185_/D : -6.131664
[hold in-reg] wd[6] -> _5118_/D : -6.131600
[hold in-reg] wd[9] -> _5281_/D : -6.131444
[hold in-reg] wd[9] -> _5793_/D : -6.131309
[hold in-reg] wd[25] -> _5073_/D : -6.131294
[hold in-reg] wd[25] -> _5425_/D : -6.131295
[hold in-reg] wd[9] -> _5729_/D : -6.131297
[hold in-reg] wd[9] -> _5313_/D : -6.131212
[hold in-reg] wd[6] -> _5086_/D : -6.131163
[hold in-reg] wd[6] -> _5982_/D : -6.130926
[hold in-reg] wd[6] -> _6014_/D : -6.130848
[hold in-reg] wd[9] -> _5057_/D : -6.130795
[hold in-reg] wd[9] -> _5409_/D : -6.130788
[hold in-reg] wd[25] -> _5585_/D : -6.130673
[hold in-reg] wd[25] -> _5553_/D : -6.130537
[hold in-reg] wd[18] -> _5098_/D : -6.130211
[hold in-reg] wd[6] -> _5150_/D : -6.130190
[hold in-reg] wd[6] -> _5182_/D : -6.130193
[hold in-reg] wd[18] -> _5162_/D : -6.130168
[hold in-reg] wd[18] -> _5194_/D : -6.130167
[hold in-reg] wd[30] -> _5238_/D : -6.130161
[hold in-reg] wd[30] -> _5270_/D : -6.130157
[hold in-reg] wd[25] -> _5265_/D : -6.130145
[hold in-reg] wd[25] -> _5233_/D : -6.130136
[hold in-reg] wd[25] -> _5169_/D : -6.130103
[hold in-reg] wd[25] -> _5201_/D : -6.130107
[hold in-reg] wd[18] -> _5130_/D : -6.130077
[hold in-reg] wd[13] -> _6021_/D : -6.130057
[hold in-reg] wd[13] -> _5125_/D : -6.130050
[hold in-reg] wd[13] -> _5093_/D : -6.130029
[hold in-reg] wd[18] -> _5226_/D : -6.130011
[hold in-reg] wd[18] -> _5258_/D : -6.130011
[hold in-reg] wd[13] -> _5989_/D : -6.129979
[hold in-reg] wd[18] -> _5994_/D : -6.129904
[hold in-reg] wd[18] -> _6026_/D : -6.129692
[hold in-reg] wd[25] -> _5489_/D : -6.129221
[hold in-reg] wd[30] -> _6006_/D : -6.128995
[hold in-reg] wd[30] -> _6038_/D : -6.128997
[hold in-reg] wd[30] -> _5110_/D : -6.128977
[hold in-reg] wd[30] -> _5142_/D : -6.128969
[hold in-reg] wd[13] -> _5221_/D : -6.128900
[hold in-reg] wd[13] -> _5253_/D : -6.128899
[hold in-reg] wd[30] -> _5174_/D : -6.128804
[hold in-reg] wd[30] -> _5206_/D : -6.128808
[hold in-reg] wd[13] -> _5157_/D : -6.128741
[hold in-reg] wd[13] -> _5189_/D : -6.128741
[hold in-reg] wd[25] -> _5521_/D : -6.128550
[hold in-reg] wd[20] -> _5164_/D : -6.128492
[hold in-reg] wd[20] -> _5196_/D : -6.128492
[hold in-reg] wd[24] -> _5456_/D : -6.128110
[hold in-reg] wd[20] -> _5132_/D : -6.128002
[hold in-reg] wd[20] -> _5100_/D : -6.127897
[hold in-reg] wd[24] -> _5936_/D : -6.127882
[hold in-reg] wd[20] -> _5996_/D : -6.127806
[hold in-reg] wd[20] -> _6028_/D : -6.127791
[hold in-reg] wd[24] -> _6064_/D : -6.127771
[hold in-reg] wd[24] -> _5904_/D : -6.127729
[hold in-reg] wd[24] -> _5968_/D : -6.127729
[hold in-reg] wd[13] -> _5413_/D : -6.127656
[hold in-reg] wd[13] -> _5061_/D : -6.127629
[hold in-reg] wd[23] -> _5263_/D : -6.127492
[hold in-reg] wd[25] -> _5137_/D : -6.127470
[hold in-reg] wd[23] -> _5231_/D : -6.127378
[hold in-reg] wd[24] -> _5872_/D : -6.127335
[hold in-reg] wd[25] -> _5105_/D : -6.127326
[hold in-reg] wd[25] -> _6001_/D : -6.127090
[hold in-reg] wd[24] -> _5776_/D : -6.127039
[hold in-reg] wd[23] -> _5199_/D : -6.127031
[hold in-reg] wd[23] -> _5167_/D : -6.127006
[hold in-reg] wd[25] -> _6033_/D : -6.126963
[hold in-reg] wd[20] -> _5228_/D : -6.126952
[hold in-reg] wd[20] -> _5260_/D : -6.126952
[hold in-reg] wd[13] -> _5797_/D : -6.126796
[hold in-reg] wd[13] -> _5733_/D : -6.126760
[hold in-reg] wd[25] -> _5361_/D : -6.126737
[hold in-reg] wd[25] -> _5393_/D : -6.126736
[hold in-reg] wd[25] -> _5297_/D : -6.126703
[hold in-reg] wd[25] -> _5329_/D : -6.126655
[hold in-reg] wd[30] -> _5398_/D : -6.126574
[hold in-reg] wd[30] -> _5366_/D : -6.126450
[hold in-reg] wd[30] -> _5494_/D : -6.126408
[hold in-reg] wd[30] -> _5526_/D : -6.126410
[hold in-reg] wd[20] -> _5548_/D : -6.126310
[hold in-reg] wd[20] -> _5580_/D : -6.126309
[hold in-reg] wd[30] -> _5302_/D : -6.126302
[hold in-reg] wd[30] -> _5334_/D : -6.126249
[hold in-reg] wd[18] -> _5066_/D : -6.126214
[hold in-reg] wd[30] -> _5558_/D : -6.126203
[hold in-reg] wd[30] -> _5590_/D : -6.126197
[hold in-reg] wd[18] -> _5418_/D : -6.126187
[hold in-reg] wd[18] -> _5802_/D : -6.125996
[hold in-reg] wd[18] -> _5738_/D : -6.125980
[hold in-reg] wd[20] -> _5484_/D : -6.125859
[hold in-reg] wd[20] -> _5516_/D : -6.125856
[hold in-reg] wd[30] -> _5750_/D : -6.125704
[hold in-reg] wd[30] -> _5814_/D : -6.125697
[hold in-reg] wd[30] -> _5078_/D : -6.125579
[hold in-reg] wd[30] -> _5430_/D : -6.125569
[hold in-reg] wd[18] -> _5610_/D : -6.125000
[hold in-reg] wd[18] -> _5642_/D : -6.125000
[hold in-reg] wd[18] -> _5674_/D : -6.124992
[hold in-reg] wd[18] -> _5706_/D : -6.124993
[hold in-reg] wd[13] -> _5701_/D : -6.124696
[hold in-reg] wd[13] -> _5669_/D : -6.124672
[hold in-reg] wd[20] -> _5388_/D : -6.124663
[hold in-reg] wd[13] -> _5605_/D : -6.124643
[hold in-reg] wd[23] -> _5583_/D : -6.124630
[hold in-reg] wd[23] -> _5551_/D : -6.124605
[hold in-reg] wd[13] -> _5637_/D : -6.124610
[hold in-reg] wd[20] -> _5356_/D : -6.124538
[hold in-reg] wd[20] -> _5292_/D : -6.124311
[hold in-reg] wd[20] -> _5324_/D : -6.124180
[hold in-reg] wd[25] -> _5681_/D : -6.123768
[hold in-reg] wd[25] -> _5713_/D : -6.123774
[hold in-reg] wd[7] -> _5215_/D : -6.123724
[hold in-reg] wd[7] -> _5247_/D : -6.123725
[hold in-reg] wd[25] -> _5617_/D : -6.123730
[hold in-reg] wd[25] -> _5649_/D : -6.123715
[hold in-reg] wd[18] -> _6058_/D : -6.123606
[hold in-reg] wd[18] -> _5962_/D : -6.123578
[hold in-reg] wd[18] -> _5450_/D : -6.123481
[hold in-reg] wd[20] -> _5068_/D : -6.123397
[hold in-reg] wd[20] -> _5420_/D : -6.123394
[hold in-reg] wd[20] -> _5740_/D : -6.123383
[hold in-reg] wd[20] -> _5804_/D : -6.123384
[hold in-reg] wd[7] -> _5151_/D : -6.123281
[hold in-reg] wd[7] -> _5183_/D : -6.123266
[hold in-reg] wd[23] -> _5519_/D : -6.122947
[hold in-reg] wd[23] -> _5487_/D : -6.122910
[hold in-reg] wd[18] -> _5930_/D : -6.122719
[hold in-reg] wd[18] -> _5898_/D : -6.122663
[hold in-reg] wd[18] -> _5770_/D : -6.122543
[hold in-reg] wd[18] -> _5866_/D : -6.122468
[hold in-reg] wd[7] -> _5119_/D : -6.122232
[hold in-reg] wd[7] -> _5983_/D : -6.122206
[hold in-reg] wd[7] -> _6015_/D : -6.122194
[hold in-reg] wd[7] -> _5087_/D : -6.122111
[hold in-reg] wd[16] -> _5704_/D : -6.121868
[hold in-reg] wd[16] -> _5672_/D : -6.121797
[hold in-reg] wd[16] -> _5608_/D : -6.121745
[hold in-reg] wd[16] -> _5640_/D : -6.121741
[hold in-reg] wd[7] -> _5791_/D : -6.121599
[hold in-reg] wd[7] -> _5727_/D : -6.121590
[hold in-reg] wd[7] -> _5055_/D : -6.121489
[hold in-reg] wd[7] -> _5407_/D : -6.121485
[hold in-reg] wd[23] -> _5135_/D : -6.120687
[hold in-reg] wd[23] -> _5103_/D : -6.120560
[hold in-reg] wd[23] -> _6031_/D : -6.120523
[hold in-reg] wd[23] -> _5999_/D : -6.120487
[hold in-reg] wd[23] -> _5391_/D : -6.119362
[hold in-reg] wd[7] -> _5375_/D : -6.119213
[hold in-reg] wd[23] -> _5359_/D : -6.119184
[hold in-reg] wd[7] -> _5343_/D : -6.119087
[hold in-reg] wd[23] -> _5071_/D : -6.119008
[hold in-reg] wd[23] -> _5423_/D : -6.118997
[hold in-reg] wd[23] -> _5295_/D : -6.118988
[hold in-reg] wd[30] -> _5718_/D : -6.118917
[hold in-reg] wd[23] -> _5327_/D : -6.118888
[hold in-reg] wd[30] -> _5686_/D : -6.118857
[hold in-reg] wd[23] -> _5743_/D : -6.118862
[hold in-reg] wd[23] -> _5807_/D : -6.118848
[hold in-reg] wd[24] -> _5168_/D : -6.118804
[hold in-reg] wd[24] -> _5200_/D : -6.118795
[hold in-reg] wd[30] -> _5622_/D : -6.118743
[hold in-reg] wd[24] -> _5136_/D : -6.118705
[hold in-reg] wd[30] -> _5654_/D : -6.118663
[hold in-reg] wd[7] -> _5279_/D : -6.118643
[hold in-reg] wd[24] -> _5104_/D : -6.118457
[hold in-reg] wd[7] -> _5311_/D : -6.118387
[hold in-reg] wd[24] -> _6000_/D : -6.118258
[hold in-reg] wd[24] -> _6032_/D : -6.118234
[hold in-reg] wd[24] -> _5232_/D : -6.118191
[hold in-reg] wd[24] -> _5264_/D : -6.118193
[hold in-reg] wd[18] -> _5546_/D : -6.118106
[hold in-reg] wd[18] -> _5482_/D : -6.118094
[hold in-reg] wd[18] -> _5514_/D : -6.118071
[hold in-reg] wd[18] -> _5578_/D : -6.118050
[hold in-reg] wd[18] -> _5386_/D : -6.117829
[hold in-reg] wd[18] -> _5354_/D : -6.117740
[hold in-reg] wd[18] -> _5290_/D : -6.117622
[hold in-reg] wd[18] -> _5322_/D : -6.117543
[hold in-reg] wd[7] -> _5535_/D : -6.116193
[hold in-reg] wd[7] -> _5567_/D : -6.116188
[hold in-reg] wd[7] -> _5471_/D : -6.115804
[hold in-reg] wd[7] -> _5503_/D : -6.115776
[hold in-reg] wd[19] -> _5227_/D : -6.113644
[hold in-reg] wd[19] -> _5259_/D : -6.113642
[hold in-reg] wd[19] -> _5163_/D : -6.113482
[hold in-reg] wd[19] -> _5195_/D : -6.113481
[hold in-reg] wd[28] -> _5140_/D : -6.112152
[hold in-reg] wd[28] -> _5108_/D : -6.111969
[hold in-reg] wd[28] -> _5204_/D : -6.111945
[hold in-reg] wd[28] -> _5172_/D : -6.111886
[hold in-reg] wd[28] -> _6004_/D : -6.111410
[hold in-reg] wd[28] -> _6036_/D : -6.111176
[hold in-reg] wd[28] -> _5236_/D : -6.109820
[hold in-reg] wd[28] -> _5268_/D : -6.109787
[hold in-reg] wd[19] -> _5131_/D : -6.105533
[hold in-reg] wd[19] -> _5099_/D : -6.105506
[hold in-reg] wd[19] -> _5995_/D : -6.105449
[hold in-reg] wd[19] -> _6027_/D : -6.105444
[hold in-reg] wd[28] -> _5524_/D : -6.105137
[hold in-reg] wd[28] -> _5492_/D : -6.105115
[hold in-reg] wd[28] -> _5588_/D : -6.105047
[hold in-reg] wd[28] -> _5556_/D : -6.105031
[hold in-reg] wd[12] -> _5252_/D : -6.103866
[hold in-reg] wd[12] -> _5220_/D : -6.103841
[hold in-reg] wd[12] -> _5188_/D : -6.103672
[hold in-reg] wd[12] -> _5156_/D : -6.103656
[hold in-reg] wd[30] -> _5974_/D : -6.103169
[hold in-reg] wd[30] -> _5462_/D : -6.103121
[hold in-reg] wd[30] -> _6070_/D : -6.103121
[hold in-reg] wd[13] -> _5445_/D : -6.103033
[hold in-reg] wd[30] -> _5942_/D : -6.103006
[hold in-reg] wd[13] -> _5957_/D : -6.103002
[hold in-reg] wd[25] -> _5937_/D : -6.102903
[hold in-reg] wd[30] -> _5910_/D : -6.102823
[hold in-reg] wd[25] -> _5905_/D : -6.102816
[hold in-reg] wd[13] -> _6053_/D : -6.102770
[hold in-reg] wd[23] -> _5455_/D : -6.102687
[hold in-reg] wd[23] -> _5967_/D : -6.102654
[hold in-reg] wd[13] -> _5925_/D : -6.102420
[hold in-reg] wd[30] -> _5782_/D : -6.102347
[hold in-reg] wd[25] -> _5457_/D : -6.102335
[hold in-reg] wd[25] -> _5969_/D : -6.102331
[hold in-reg] wd[25] -> _6065_/D : -6.102292
[hold in-reg] wd[23] -> _6063_/D : -6.102265
[hold in-reg] wd[13] -> _5893_/D : -6.102217
[hold in-reg] wd[25] -> _5777_/D : -6.102151
[hold in-reg] wd[30] -> _5878_/D : -6.102076
[hold in-reg] wd[16] -> _5928_/D : -6.102040
[hold in-reg] wd[16] -> _5896_/D : -6.102013
[hold in-reg] wd[16] -> _5768_/D : -6.101972
[hold in-reg] wd[16] -> _5448_/D : -6.101949
[hold in-reg] wd[16] -> _5864_/D : -6.101946
[hold in-reg] wd[16] -> _5960_/D : -6.101946
[hold in-reg] wd[16] -> _6056_/D : -6.101943
[hold in-reg] wd[25] -> _5873_/D : -6.101900
[hold in-reg] wd[13] -> _5765_/D : -6.101884
[hold in-reg] wd[23] -> _5935_/D : -6.101764
[hold in-reg] wd[13] -> _5861_/D : -6.101676
[hold in-reg] wd[23] -> _5903_/D : -6.101579
[hold in-reg] wd[23] -> _5775_/D : -6.101400
[hold in-reg] wd[23] -> _5871_/D : -6.101289
[hold in-reg] wd[9] -> _5857_/D : -6.100434
[hold in-reg] wd[9] -> _5761_/D : -6.100399
[hold in-reg] wd[9] -> _5889_/D : -6.100328
[hold in-reg] wd[9] -> _5953_/D : -6.100319
[hold in-reg] wd[9] -> _5921_/D : -6.100296
[hold in-reg] wd[9] -> _6049_/D : -6.100222
[hold in-reg] wd[9] -> _5441_/D : -6.099892
[hold in-reg] wd[9] -> _5633_/D : -6.099620
[hold in-reg] wd[9] -> _5601_/D : -6.099590
[hold in-reg] wd[0] -> _5208_/D : -6.099580
[hold in-reg] wd[0] -> _5240_/D : -6.099567
[hold in-reg] wd[9] -> _5665_/D : -6.099493
[hold in-reg] wd[9] -> _5697_/D : -6.099431
[hold in-reg] wd[23] -> _5711_/D : -6.099334
[hold in-reg] wd[23] -> _5679_/D : -6.099269
[hold in-reg] wd[0] -> _5144_/D : -6.099114
[hold in-reg] wd[23] -> _5615_/D : -6.099118
[hold in-reg] wd[0] -> _5176_/D : -6.099108
[hold in-reg] wd[23] -> _5647_/D : -6.098997
[hold in-reg] wd[12] -> _6020_/D : -6.096593
[hold in-reg] wd[12] -> _5988_/D : -6.096573
[hold in-reg] wd[12] -> _5092_/D : -6.096535
[hold in-reg] wd[12] -> _5124_/D : -6.096521
[hold in-reg] wd[12] -> _5476_/D : -6.096135
[hold in-reg] wd[12] -> _5508_/D : -6.096054
[hold in-reg] wd[12] -> _5572_/D : -6.095514
[hold in-reg] wd[12] -> _5540_/D : -6.095507
[hold in-reg] wd[28] -> _5652_/D : -6.095452
[hold in-reg] wd[28] -> _5620_/D : -6.094408
[hold in-reg] wd[28] -> _5716_/D : -6.094111
[hold in-reg] wd[28] -> _5684_/D : -6.094086
[hold in-reg] wd[28] -> _5812_/D : -6.093887
[hold in-reg] wd[28] -> _5748_/D : -6.093881
[hold in-reg] wd[28] -> _5076_/D : -6.093872
[hold in-reg] wd[28] -> _5428_/D : -6.093867
[hold in-reg] wd[0] -> _5752_/D : -6.093709
[hold in-reg] wd[0] -> _5880_/D : -6.093389
[hold in-reg] wd[20] -> _5708_/D : -6.093317
[hold in-reg] wd[0] -> _5912_/D : -6.093305
[hold in-reg] wd[20] -> _5676_/D : -6.093200
[hold in-reg] wd[20] -> _5612_/D : -6.093127
[hold in-reg] wd[20] -> _5644_/D : -6.093084
[hold in-reg] wd[0] -> _5848_/D : -6.093080
[hold in-reg] wd[20] -> _5964_/D : -6.092809
[hold in-reg] wd[20] -> _6060_/D : -6.092809
[hold in-reg] wd[20] -> _5452_/D : -6.092796
[hold in-reg] wd[28] -> _5396_/D : -6.092539
[hold in-reg] wd[20] -> _5932_/D : -6.092533
[hold in-reg] wd[28] -> _5364_/D : -6.092330
[hold in-reg] wd[28] -> _5332_/D : -6.092277
[hold in-reg] wd[28] -> _5300_/D : -6.092201
[hold in-reg] wd[20] -> _5900_/D : -6.092197
[hold in-reg] wd[20] -> _5868_/D : -6.091787
[hold in-reg] wd[20] -> _5772_/D : -6.091695
[hold in-reg] wd[0] -> _5080_/D : -6.091090
[hold in-reg] wd[0] -> _5112_/D : -6.091090
[hold in-reg] wd[0] -> _5976_/D : -6.091071
[hold in-reg] wd[0] -> _6008_/D : -6.091056
[hold in-reg] wd[7] -> _5631_/D : -6.090999
[hold in-reg] wd[7] -> _5599_/D : -6.090992
[hold in-reg] wd[7] -> _5695_/D : -6.090953
[hold in-reg] wd[7] -> _5663_/D : -6.090926
[hold in-reg] wd[28] -> _5460_/D : -6.090080
[hold in-reg] wd[28] -> _5972_/D : -6.088185
[hold in-reg] wd[28] -> _6068_/D : -6.087477
[hold in-reg] wd[7] -> _5439_/D : -6.085933
[hold in-reg] wd[7] -> _5951_/D : -6.085714
[hold in-reg] wd[7] -> _6047_/D : -6.085685
[hold in-reg] wd[7] -> _5919_/D : -6.085342
[hold in-reg] wd[7] -> _5887_/D : -6.085105
[hold in-reg] wd[7] -> _5759_/D : -6.084849
[hold in-reg] wd[7] -> _5855_/D : -6.084671
[hold in-reg] wd[12] -> _5412_/D : -6.083160
[hold in-reg] wd[12] -> _5060_/D : -6.083055
[hold in-reg] wd[28] -> _5940_/D : -6.082804
[hold in-reg] wd[12] -> _5444_/D : -6.082710
[hold in-reg] wd[12] -> _5956_/D : -6.082712
[hold in-reg] wd[12] -> _6052_/D : -6.082599
[hold in-reg] wd[0] -> _5624_/D : -6.082515
[hold in-reg] wd[0] -> _5592_/D : -6.082398
[hold in-reg] wd[28] -> _5908_/D : -6.082154
[hold in-reg] wd[12] -> _5924_/D : -6.081934
[hold in-reg] wd[0] -> _5656_/D : -6.081870
[hold in-reg] wd[0] -> _5688_/D : -6.081870
[hold in-reg] wd[12] -> _5892_/D : -6.081810
[hold in-reg] wd[12] -> _5764_/D : -6.081623
[hold in-reg] wd[12] -> _5860_/D : -6.081483
[hold in-reg] wd[28] -> _5780_/D : -6.081268
[hold in-reg] wd[28] -> _5876_/D : -6.080866
[hold in-reg] wd[12] -> _5732_/D : -6.080783
[hold in-reg] wd[12] -> _5796_/D : -6.080785
[hold in-reg] wd[12] -> _5700_/D : -6.079432
[hold in-reg] wd[12] -> _5668_/D : -6.079128
[hold in-reg] wd[12] -> _5604_/D : -6.078668
[hold in-reg] wd[12] -> _5316_/D : -6.078581
[hold in-reg] wd[12] -> _5284_/D : -6.078555
[hold in-reg] wd[12] -> _5348_/D : -6.078507
[hold in-reg] wd[12] -> _5380_/D : -6.078475
[hold in-reg] wd[12] -> _5636_/D : -6.078349
[hold in-reg] wd[0] -> _5496_/D : -6.071521
[hold in-reg] wd[0] -> _5464_/D : -6.071511
[hold in-reg] wd[0] -> _5560_/D : -6.070930
[hold in-reg] wd[0] -> _5528_/D : -6.070909
[hold in-reg] wd[0] -> _5368_/D : -6.070271
[hold in-reg] wd[0] -> _5432_/D : -6.070267
[hold in-reg] wd[0] -> _5272_/D : -6.070247
[hold in-reg] wd[0] -> _5304_/D : -6.070234
[hold in-reg] wd[0] -> _5336_/D : -6.070236
[hold in-reg] wd[0] -> _6040_/D : -6.070063
[hold in-reg] wd[0] -> _5944_/D : -6.070035
[hold in-reg] wd[0] -> _5400_/D : -6.069677
[hold in-reg] wd[0] -> _5048_/D : -6.069667
[hold in-reg] wd[0] -> _5720_/D : -6.069591
[hold in-reg] wd[0] -> _5784_/D : -6.069591
[hold in-reg] rst -> _5837_/D : -5.352193
[hold in-reg] rst -> _5819_/D : -5.352090
[hold in-reg] rst -> _5830_/D : -5.351792
[hold in-reg] rst -> _5842_/D : -5.350041
[hold in-reg] rst -> _5818_/D : -5.321640
[hold in-reg] rst -> _5845_/D : -5.321532
[hold in-reg] rst -> _5820_/D : -5.321262
[hold in-reg] rst -> _5843_/D : -5.318532
[hold in-reg] rst -> _5817_/D : -5.316215
[hold in-reg] rst -> _5833_/D : -5.315839
[hold in-reg] rst -> _5822_/D : -5.303514
[hold in-reg] rst -> _5827_/D : -5.303483
[hold in-reg] rst -> _5824_/D : -5.296462
[hold in-reg] rst -> _5821_/D : -5.296419
[hold in-reg] rst -> _5826_/D : -5.295896
[hold in-reg] rst -> _5847_/D : -5.294420
[hold in-reg] rst -> _5835_/D : -5.290811
[hold in-reg] rst -> _5838_/D : -5.284251
[hold in-reg] rst -> _5831_/D : -5.265752
[hold in-reg] rst -> _5840_/D : -5.261982
[hold in-reg] rst -> _5834_/D : -5.259857
[hold in-reg] rst -> _5832_/D : -5.247522
[hold in-reg] rst -> _5836_/D : -5.234874
[hold in-reg] rst -> _5823_/D : -5.234251
[hold in-reg] rst -> _5841_/D : -5.233641
[hold in-reg] rst -> _5829_/D : -5.232982
[hold in-reg] rst -> _5846_/D : -5.231831
[hold in-reg] rst -> _5839_/D : -5.230623
[hold in-reg] rst -> _5825_/D : -5.228977
[hold in-reg] rst -> _5828_/D : -5.228603
[hold in-reg] rst -> _5816_/D : -5.227361
[hold in-reg] rst -> _5844_/D : -5.221620
[setup in-out] rs1[0] -> rd1[4] : -2.865418
[setup in-out] rs1[0] -> rd1[28] : -2.846218
[setup in-out] rs1[0] -> rd1[23] : -2.831874
[setup in-out] rs1[0] -> rd1[30] : -2.822579
[setup in-out] rs1[0] -> rd1[0] : -2.816346
[setup reg-out] _5288_/Q -> rd2[16] : -2.815065
[setup in-out] rs1[0] -> rd1[18] : -2.813175
[setup reg-out] _5278_/Q -> rd2[6] : -2.807680
[setup reg-out] _5277_/Q -> rd2[5] : -2.794810
[setup in-out] rs1[0] -> rd1[13] : -2.782714
[setup in-out] rs1[0] -> rd1[15] : -2.782032
[setup in-out] rs2[0] -> rd2[19] : -2.781076
[setup in-out] rs2[0] -> rd2[24] : -2.781015
[setup reg-out] _5293_/Q -> rd2[21] : -2.779859
[setup reg-out] _5998_/Q -> rd2[22] : -2.778776
[setup in-out] rs1[0] -> rd1[2] : -2.771872
[setup in-out] rs2[0] -> rd2[10] : -2.758224
[setup in-out] rs1[0] -> rd1[8] : -2.754462
[setup reg-out] _6002_/Q -> rd2[26] : -2.753463
[setup in-out] rs2[0] -> rd2[23] : -2.751233
[setup reg-out] _5286_/Q -> rd2[14] : -2.751181
[setup in-out] rs1[0] -> rd1[12] : -2.744188
[setup in-out] rs1[0] -> rd1[24] : -2.739526
[setup in-out] rs1[0] -> rd1[11] : -2.738464
[setup in-out] rs1[0] -> rd1[1] : -2.735900
[setup reg-out] _5987_/Q -> rd2[11] : -2.731537
[setup in-out] rs1[0] -> rd1[19] : -2.730717
[setup in-out] rs1[0] -> rd1[29] : -2.730397
[setup reg-out] _5289_/Q -> rd2[17] : -2.730222
[setup in-out] rs1[0] -> rd1[17] : -2.729077
[setup in-out] rs2[0] -> rd2[28] : -2.725912
[setup in-out] rs1[0] -> rd1[20] : -2.725448
[setup in-out] rs1[0] -> rd1[22] : -2.724904
[setup in-out] rs2[0] -> rd2[15] : -2.723299
[setup reg-out] _5301_/Q -> rd2[29] : -2.715702
[setup in-out] rs1[0] -> rd1[7] : -2.710015
[setup in-out] rs1[0] -> rd1[27] : -2.708613
[setup in-out] rs2[0] -> rd2[13] : -2.707036
[setup in-out] rs1[0] -> rd1[31] : -2.702207
[setup in-out] rs1[0] -> rd1[6] : -2.697864
[setup in-out] rs1[0] -> rd1[16] : -2.696890
[setup in-out] rs1[0] -> rd1[10] : -2.695552
[setup reg-out] _5778_/Q -> rd1[26] : -2.688131
[setup in-out] rs1[0] -> rd1[25] : -2.683232
[setup in-out] rs1[0] -> rd1[14] : -2.680166
[setup reg-out] _5274_/Q -> rd2[2] : -2.678434
[setup in-out] rs1[0] -> rd1[21] : -2.650102
[setup in-out] rs1[0] -> rd1[3] : -2.649914
[setup in-out] rs2[0] -> rd2[12] : -2.648887
[setup in-out] rs1[0] -> rd1[9] : -2.647414
[setup in-out] rs1[0] -> rd1[5] : -2.647300
[setup in-out] rs2[0] -> rd2[20] : -2.627192
[setup in-out] rs2[0] -> rd2[7] : -2.625441
[setup reg-out] _5280_/Q -> rd2[8] : -2.622463
[setup in-out] rs2[0] -> rd2[30] : -2.619254
[setup reg-out] _5273_/Q -> rd2[1] : -2.611779
[setup in-out] rs2[0] -> rd2[9] : -2.609012
[setup reg-out] _5948_/Q -> rd2[4] : -2.602406
[setup reg-out] _5947_/Q -> rd2[3] : -2.600793
[setup in-out] rs2[0] -> rd2[0] : -2.600530
[setup reg-out] _5610_/Q -> rd2[18] : -2.599674
[setup in-out] rs2[0] -> rd2[31] : -2.594160
[setup reg-out] _5619_/Q -> rd2[27] : -2.555393
[setup in-out] rs2[0] -> rd2[25] : -2.530066
Writing metric timing__hold_vio__count__corner:nom_tt_025C_1v80: 1024
Writing metric timing__hold_r2r__ws__corner:nom_tt_025C_1v80: 1e30
Writing metric timing__hold_r2r_vio__count__corner:nom_tt_025C_1v80: 0
Writing metric timing__setup_vio__count__corner:nom_tt_025C_1v80: 64
Writing metric timing__setup_r2r__ws__corner:nom_tt_025C_1v80: 8.365827
Writing metric timing__setup_r2r_vio__count__corner:nom_tt_025C_1v80: 0
