Reading timing models for corner max_tt_025C_1v80…
Reading timing library for the 'max_tt_025C_1v80' corner at '/root/.ciel/ciel/sky130/versions/8afc8346a57fe1ab7934ba5a6056ea8b43078e71/sky130A/libs.ref/sky130_fd_sc_hd/lib/sky130_fd_sc_hd__tt_025C_1v80.lib'…
Reading timing models for corner min_ss_100C_1v60…
Reading timing library for the 'min_ss_100C_1v60' corner at '/root/.ciel/ciel/sky130/versions/8afc8346a57fe1ab7934ba5a6056ea8b43078e71/sky130A/libs.ref/sky130_fd_sc_hd/lib/sky130_fd_sc_hd__ss_100C_1v60.lib'…
Reading timing models for corner nom_tt_025C_1v80…
Reading timing library for the 'nom_tt_025C_1v80' corner at '/root/.ciel/ciel/sky130/versions/8afc8346a57fe1ab7934ba5a6056ea8b43078e71/sky130A/libs.ref/sky130_fd_sc_hd/lib/sky130_fd_sc_hd__tt_025C_1v80.lib'…
[WARNING STA-1140] /root/.ciel/ciel/sky130/versions/8afc8346a57fe1ab7934ba5a6056ea8b43078e71/sky130A/libs.ref/sky130_fd_sc_hd/lib/sky130_fd_sc_hd__tt_025C_1v80.lib line 1, library sky130_fd_sc_hd__tt_025C_1v80 already exists.
Reading timing models for corner max_ff_n40C_1v95…
Reading timing library for the 'max_ff_n40C_1v95' corner at '/root/.ciel/ciel/sky130/versions/8afc8346a57fe1ab7934ba5a6056ea8b43078e71/sky130A/libs.ref/sky130_fd_sc_hd/lib/sky130_fd_sc_hd__ff_n40C_1v95.lib'…
Reading timing models for corner nom_ff_n40C_1v95…
Reading timing library for the 'nom_ff_n40C_1v95' corner at '/root/.ciel/ciel/sky130/versions/8afc8346a57fe1ab7934ba5a6056ea8b43078e71/sky130A/libs.ref/sky130_fd_sc_hd/lib/sky130_fd_sc_hd__ff_n40C_1v95.lib'…
[WARNING STA-1140] /root/.ciel/ciel/sky130/versions/8afc8346a57fe1ab7934ba5a6056ea8b43078e71/sky130A/libs.ref/sky130_fd_sc_hd/lib/sky130_fd_sc_hd__ff_n40C_1v95.lib line 1, library sky130_fd_sc_hd__ff_n40C_1v95 already exists.
Reading timing models for corner max_ss_100C_1v60…
Reading timing library for the 'max_ss_100C_1v60' corner at '/root/.ciel/ciel/sky130/versions/8afc8346a57fe1ab7934ba5a6056ea8b43078e71/sky130A/libs.ref/sky130_fd_sc_hd/lib/sky130_fd_sc_hd__ss_100C_1v60.lib'…
[WARNING STA-1140] /root/.ciel/ciel/sky130/versions/8afc8346a57fe1ab7934ba5a6056ea8b43078e71/sky130A/libs.ref/sky130_fd_sc_hd/lib/sky130_fd_sc_hd__ss_100C_1v60.lib line 1, library sky130_fd_sc_hd__ss_100C_1v60 already exists.
Reading timing models for corner min_tt_025C_1v80…
Reading timing library for the 'min_tt_025C_1v80' corner at '/root/.ciel/ciel/sky130/versions/8afc8346a57fe1ab7934ba5a6056ea8b43078e71/sky130A/libs.ref/sky130_fd_sc_hd/lib/sky130_fd_sc_hd__tt_025C_1v80.lib'…
[WARNING STA-1140] /root/.ciel/ciel/sky130/versions/8afc8346a57fe1ab7934ba5a6056ea8b43078e71/sky130A/libs.ref/sky130_fd_sc_hd/lib/sky130_fd_sc_hd__tt_025C_1v80.lib line 1, library sky130_fd_sc_hd__tt_025C_1v80 already exists.
Reading timing models for corner nom_ss_100C_1v60…
Reading timing library for the 'nom_ss_100C_1v60' corner at '/root/.ciel/ciel/sky130/versions/8afc8346a57fe1ab7934ba5a6056ea8b43078e71/sky130A/libs.ref/sky130_fd_sc_hd/lib/sky130_fd_sc_hd__ss_100C_1v60.lib'…
[WARNING STA-1140] /root/.ciel/ciel/sky130/versions/8afc8346a57fe1ab7934ba5a6056ea8b43078e71/sky130A/libs.ref/sky130_fd_sc_hd/lib/sky130_fd_sc_hd__ss_100C_1v60.lib line 1, library sky130_fd_sc_hd__ss_100C_1v60 already exists.
Reading timing models for corner min_ff_n40C_1v95…
Reading timing library for the 'min_ff_n40C_1v95' corner at '/root/.ciel/ciel/sky130/versions/8afc8346a57fe1ab7934ba5a6056ea8b43078e71/sky130A/libs.ref/sky130_fd_sc_hd/lib/sky130_fd_sc_hd__ff_n40C_1v95.lib'…
[WARNING STA-1140] /root/.ciel/ciel/sky130/versions/8afc8346a57fe1ab7934ba5a6056ea8b43078e71/sky130A/libs.ref/sky130_fd_sc_hd/lib/sky130_fd_sc_hd__ff_n40C_1v95.lib line 1, library sky130_fd_sc_hd__ff_n40C_1v95 already exists.
Reading OpenROAD database at '/work/runs/RUN_2026-08-06_09-53-31/35-openroad-cts/registerfile.odb'…
Reading design constraints file at '/nix/store/ffl2vg3m80k0p74pyffnmai83fnv38mf-python3-3.13.9-env/lib/python3.13/site-packages/librelane/scripts/base.sdc'…
[INFO] Using clock clk…
[INFO] Setting output delay to: 2
[INFO] Setting input delay to: 2
[INFO] Setting load to: 0.033442
[INFO] Setting clock uncertainty to: 0.25
[INFO] Setting clock transition to: 0.1499999999999999944488848768742172978818416595458984375
[INFO] Setting timing derate to: 5%
+ repair_timing -verbose -setup -setup_margin 0.05000000000000000277555756156289135105907917022705078125 -max_buffer_percent 50
[INFO RSZ-0100] Repair move sequence: UnbufferMove SizeUpMove SwapPinsMove BufferMove CloneMove SplitLoadMove 
[INFO RSZ-0094] Found 344 endpoints with setup violations.
[INFO RSZ-0099] Repairing 344 out of 344 (100.00%) violating endpoints...
   Iter   | Removed | Resized | Inserted | Cloned |  Pin  |   Area   |    WNS   |   TNS      |  Viol  | Worst
          | Buffers |  Gates  | Buffers  |  Gates | Swaps |          |          |            | Endpts | Endpt
--------------------------------------------------------------------------------------------------------------
        0 |       0 |       0 |        0 |      0 |     0 |    +0.0% |   -4.609 |     -394.7 |    344 | rd2[16]
       10 |       0 |       9 |        0 |      0 |     0 |    +0.0% |   -3.831 |     -374.5 |    344 | rd2[17]
       20 |       1 |      18 |        0 |      0 |     0 |    +0.0% |   -3.575 |     -356.2 |    344 | rd2[30]
       30 |       1 |      28 |        0 |      0 |     0 |    +0.0% |   -3.217 |     -335.2 |    344 | rd2[4]
       40 |       2 |      37 |        0 |      0 |     0 |    -0.0% |   -3.103 |     -315.8 |    344 | rd2[4]
       50 |       2 |      47 |        0 |      0 |     0 |    -0.0% |   -2.924 |     -314.4 |    344 | rd2[12]
       60 |       2 |      57 |        0 |      0 |     0 |    -0.0% |   -2.899 |     -312.7 |    344 | rd2[8]
       70 |       2 |      67 |        0 |      0 |     0 |    -0.0% |   -2.873 |     -311.8 |    344 | rd2[0]
       80 |       2 |      77 |        0 |      0 |     0 |    +0.0% |   -2.836 |     -310.2 |    344 | rd2[18]
       90 |       2 |      87 |        0 |      0 |     0 |    +0.0% |   -2.705 |     -307.1 |    344 | rd1[2]
      100 |       2 |      97 |        0 |      0 |     0 |    +0.1% |   -2.671 |     -304.6 |    344 | rd2[10]
      110 |       2 |     107 |        0 |      0 |     0 |    +0.0% |   -2.633 |     -301.6 |    344 | rd2[17]
      120 |       2 |     117 |        0 |      0 |     0 |    -0.1% |   -2.603 |     -299.5 |    344 | rd2[1]
      130 |       2 |     127 |        0 |      0 |     0 |    -0.1% |   -2.523 |     -298.6 |    344 | rd2[13]
      140 |       2 |     136 |        0 |      0 |     1 |    -0.1% |   -2.486 |     -296.6 |    344 | rd2[28]
      150 |       2 |     146 |        0 |      0 |     1 |    -0.0% |   -2.447 |     -295.4 |    344 | rd1[12]
      160 |       2 |     156 |        0 |      0 |     1 |    -0.0% |   -2.409 |     -293.7 |    344 | rd2[21]
      170 |       2 |     166 |        0 |      0 |     1 |    -0.1% |   -2.371 |     -292.3 |    344 | rd2[15]
      180 |       2 |     176 |        0 |      0 |     1 |    -0.1% |   -2.349 |     -290.0 |    344 | rd2[17]
      190 |       2 |     186 |        0 |      0 |     1 |    -0.1% |   -2.326 |     -285.6 |    344 | rd1[29]
      200 |       2 |     196 |        0 |      0 |     1 |    -0.1% |   -2.284 |     -283.7 |    344 | rd1[1]
      210 |       3 |     205 |        0 |      0 |     1 |    -0.1% |   -2.209 |     -280.1 |    344 | rd2[18]
      220 |       4 |     214 |        0 |      0 |     1 |    -0.1% |   -2.142 |     -266.9 |    344 | rd1[2]
      230 |       4 |     224 |        0 |      0 |     1 |    -0.1% |   -2.079 |     -263.1 |    344 | rd1[15]
      240 |       4 |     234 |        0 |      0 |     1 |    -0.1% |   -2.031 |     -261.0 |    344 | rd1[7]
      250 |       4 |     244 |        0 |      0 |     1 |    -0.1% |   -1.954 |     -258.9 |    344 | rd2[19]
      260 |       4 |     254 |        0 |      0 |     1 |    -0.1% |   -1.911 |     -256.3 |    344 | rd1[0]
      270 |       4 |     264 |        0 |      0 |     1 |    -0.1% |   -1.870 |     -253.4 |    344 | rd2[19]
      280 |       5 |     273 |        0 |      0 |     1 |    -0.1% |   -1.758 |     -250.6 |    344 | rd2[25]
      290 |       5 |     283 |        0 |      0 |     1 |    -0.1% |   -1.701 |     -248.1 |    344 | rd1[6]
      300 |       5 |     293 |        0 |      0 |     1 |    -0.1% |   -1.610 |     -237.5 |    344 | rd1[18]
      310 |       7 |     301 |        0 |      0 |     1 |    -0.2% |   -1.592 |     -155.2 |    344 | rd2[26]
      320 |       7 |     311 |        0 |      0 |     1 |    -0.2% |   -1.473 |     -152.3 |    344 | rd1[14]
      330 |       7 |     321 |        0 |      0 |     1 |    -0.1% |   -1.400 |     -150.0 |    344 | rd2[18]
      340 |       7 |     331 |        0 |      0 |     1 |    -0.2% |   -1.356 |     -145.8 |    344 | rd2[27]
      350 |       7 |     341 |        0 |      0 |     1 |    -0.2% |   -1.313 |     -143.9 |    344 | rd1[23]
      360 |       7 |     350 |        0 |      0 |     2 |    -0.1% |   -1.301 |     -143.1 |    344 | rd2[14]
      370 |       7 |     360 |        0 |      0 |     2 |    -0.2% |   -1.254 |     -137.0 |    344 | rd1[19]
      380 |       8 |     369 |        0 |      0 |     2 |    -0.2% |   -1.187 |     -132.6 |    344 | rd2[16]
      390 |       8 |     379 |        0 |      0 |     2 |    -0.2% |   -1.125 |     -131.0 |    344 | rd1[23]
      400 |       8 |     389 |        0 |      0 |     2 |    -0.2% |   -1.082 |     -129.3 |    344 | rd1[23]
      410 |       8 |     399 |        0 |      0 |     2 |    -0.1% |   -1.046 |     -128.2 |    344 | rd1[31]
      420 |       8 |     409 |        0 |      0 |     2 |    -0.2% |   -1.019 |     -106.3 |    344 | rd1[2]
      430 |       8 |     419 |        0 |      0 |     2 |    -0.1% |   -0.970 |     -101.2 |    344 | rd1[3]
      440 |       8 |     429 |        0 |      0 |     2 |    -0.2% |   -0.938 |      -99.9 |    344 | rd1[14]
      450 |       9 |     438 |        0 |      0 |     2 |    -0.2% |   -0.924 |      -98.7 |    344 | rd1[4]
      460 |       9 |     448 |        0 |      0 |     2 |    -0.2% |   -0.872 |      -98.9 |    344 | _5199_/D
      470 |       9 |     458 |        0 |      0 |     2 |    -0.2% |   -0.864 |      -89.5 |    344 | rd1[8]
      480 |       9 |     468 |        0 |      0 |     2 |    -0.2% |   -0.801 |      -69.2 |    344 | rd1[6]
      490 |       9 |     478 |        0 |      0 |     2 |    -0.2% |   -0.806 |      -68.3 |    344 | rd1[23]
      500 |       9 |     488 |        0 |      0 |     2 |    -0.3% |   -0.731 |      -67.4 |    344 | rd1[11]
      510 |       9 |     498 |        0 |      0 |     2 |    -0.3% |   -0.698 |      -66.0 |    344 | rd1[2]
      520 |      10 |     507 |        0 |      0 |     2 |    -0.3% |   -0.672 |      -64.7 |    344 | rd1[16]
      530 |      10 |     517 |        0 |      0 |     2 |    -0.3% |   -0.658 |      -60.9 |    344 | rd2[28]
      540 |      10 |     527 |        0 |      0 |     2 |    -0.3% |   -0.652 |      -59.8 |    344 | rd1[25]
      550 |      10 |     537 |        0 |      0 |     2 |    -0.3% |   -0.634 |      -58.7 |    344 | rd2[25]
      560 |      10 |     547 |        0 |      0 |     2 |    -0.3% |   -0.616 |      -44.0 |    344 | rd2[11]
      570 |      10 |     557 |        0 |      0 |     2 |    -0.3% |   -0.566 |      -41.4 |    344 | rd1[25]
      580 |      10 |     567 |        0 |      0 |     2 |    -0.3% |   -0.588 |      -40.6 |    344 | rd1[20]
      590 |      11 |     576 |        0 |      0 |     2 |    -0.4% |   -0.514 |      -39.5 |    344 | rd1[26]
      600 |      11 |     586 |        0 |      0 |     2 |    -0.4% |   -0.487 |      -38.5 |    344 | rd1[4]
      610 |      11 |     596 |        0 |      0 |     2 |    -0.4% |   -0.476 |      -37.7 |    344 | rd1[3]
      620 |      11 |     606 |        0 |      0 |     2 |    -0.4% |   -0.450 |      -36.5 |    344 | rd1[4]
      630 |      12 |     615 |        0 |      0 |     2 |    -0.4% |   -0.428 |      -32.8 |    344 | rd1[2]
      640 |      12 |     625 |        0 |      0 |     2 |    -0.5% |   -0.446 |      -28.5 |    344 | rd2[11]
      650 |      12 |     635 |        0 |      0 |     2 |    -0.5% |   -0.380 |      -26.9 |    344 | rd2[22]
      660 |      12 |     645 |        0 |      0 |     2 |    -0.5% |   -0.342 |      -24.0 |    344 | rd2[25]
      670 |      12 |     655 |        0 |      0 |     2 |    -0.5% |   -0.299 |      -13.3 |    344 | rd2[16]
      680 |      12 |     665 |        0 |      0 |     2 |    -0.5% |   -0.269 |      -12.1 |    344 | rd2[9]
      690 |      13 |     674 |        0 |      0 |     2 |    -0.6% |   -0.236 |      -10.1 |    344 | rd2[4]
      700 |      13 |     684 |        0 |      0 |     2 |    -0.6% |   -0.207 |       -8.0 |    344 | rd2[22]
      710 |      13 |     694 |        0 |      0 |     2 |    -0.6% |   -0.168 |       -6.2 |    344 | rd2[26]
      717 |      13 |     700 |        1 |      0 |     2 |    -0.6% |   -0.147 |       -4.4 |    342 | rd1[2]
      720 |      13 |     702 |        1 |      0 |     2 |    -0.6% |   -0.147 |       -4.4 |    341 | rd1[2]
      720 |      13 |     702 |        1 |      0 |     2 |    -0.6% |   -0.147 |       -4.4 |    340 | rd1[2]
      722 |      13 |     703 |        1 |      0 |     2 |    -0.6% |   -0.147 |       -4.3 |    338 | rd1[2]
      725 |      13 |     705 |        1 |      0 |     2 |    -0.6% |   -0.147 |       -4.3 |    336 | rd1[2]
      726 |      13 |     705 |        1 |      0 |     2 |    -0.6% |   -0.147 |       -4.3 |    335 | rd1[2]
      727 |      13 |     705 |        1 |      0 |     2 |    -0.6% |   -0.147 |       -4.3 |    334 | rd1[2]
      729 |      13 |     706 |        1 |      0 |     2 |    -0.6% |   -0.147 |       -4.2 |    332 | rd1[2]
      730 |      13 |     706 |        1 |      0 |     2 |    -0.6% |   -0.147 |       -4.2 |    332 | rd1[2]
      732 |      14 |     707 |        1 |      0 |     2 |    -0.6% |   -0.147 |       -4.1 |    330 | rd1[2]
      733 |      14 |     707 |        1 |      0 |     2 |    -0.6% |   -0.147 |       -4.1 |    329 | rd1[2]
      734 |      14 |     707 |        1 |      0 |     2 |    -0.6% |   -0.147 |       -4.1 |    328 | rd1[2]
      736 |      14 |     708 |        1 |      0 |     2 |    -0.6% |   -0.147 |       -4.0 |    326 | rd1[2]
      739 |      14 |     710 |        1 |      0 |     2 |    -0.6% |   -0.147 |       -4.0 |    324 | rd1[2]
      740 |      14 |     710 |        1 |      0 |     2 |    -0.6% |   -0.147 |       -4.0 |    324 | rd1[2]
      740 |      14 |     710 |        1 |      0 |     2 |    -0.6% |   -0.147 |       -4.0 |    323 | rd1[2]
      748 |      14 |     717 |        1 |      0 |     2 |    -0.6% |   -0.147 |       -3.8 |    321 | rd1[2]
      750 |      14 |     718 |        1 |      0 |     2 |    -0.6% |   -0.147 |       -3.8 |    320 | rd1[2]
      750 |      14 |     718 |        1 |      0 |     2 |    -0.6% |   -0.147 |       -3.8 |    319 | rd1[2]
      753 |      15 |     719 |        1 |      0 |     2 |    -0.6% |   -0.147 |       -3.7 |    317 | rd1[2]
      755 |      15 |     720 |        1 |      0 |     2 |    -0.6% |   -0.147 |       -3.5 |    315 | rd1[2]
      758 |      15 |     722 |        1 |      0 |     2 |    -0.6% |   -0.147 |       -3.3 |    313 | rd1[2]
      760 |      15 |     723 |        1 |      0 |     2 |    -0.6% |   -0.147 |       -3.2 |    312 | rd1[2]
      760 |      15 |     723 |        1 |      0 |     2 |    -0.6% |   -0.147 |       -3.2 |    311 | rd1[2]
      763 |      15 |     725 |        1 |      0 |     2 |    -0.6% |   -0.147 |       -3.1 |    309 | rd1[2]
      764 |      15 |     725 |        1 |      0 |     2 |    -0.6% |   -0.147 |       -3.1 |    308 | rd1[2]
      765 |      15 |     725 |        1 |      0 |     2 |    -0.6% |   -0.147 |       -3.1 |    307 | rd1[2]
      767 |      15 |     726 |        1 |      0 |     2 |    -0.6% |   -0.147 |       -3.1 |    305 | rd1[2]
      770 |      15 |     728 |        1 |      0 |     2 |    -0.6% |   -0.147 |       -3.0 |    304 | rd1[2]
      770 |      15 |     728 |        1 |      0 |     2 |    -0.6% |   -0.147 |       -3.0 |    303 | rd1[2]
      771 |      15 |     728 |        1 |      0 |     2 |    -0.6% |   -0.147 |       -3.0 |    302 | rd1[2]
      773 |      15 |     729 |        1 |      0 |     2 |    -0.6% |   -0.147 |       -3.0 |    300 | rd1[2]
      774 |      15 |     729 |        1 |      0 |     2 |    -0.6% |   -0.147 |       -3.0 |    299 | rd1[2]
      777 |      15 |     731 |        1 |      0 |     2 |    -0.6% |   -0.147 |       -3.0 |    297 | rd1[2]
      779 |      15 |     732 |        1 |      0 |     2 |    -0.7% |   -0.147 |       -3.0 |    295 | rd1[2]
      780 |      15 |     732 |        1 |      0 |     2 |    -0.7% |   -0.147 |       -3.0 |    295 | rd1[2]
      780 |      15 |     732 |        1 |      0 |     2 |    -0.7% |   -0.147 |       -3.0 |    294 | rd1[2]
      782 |      16 |     732 |        1 |      0 |     2 |    -0.7% |   -0.147 |       -2.9 |    292 | rd1[2]
      785 |      16 |     734 |        1 |      0 |     2 |    -0.7% |   -0.147 |       -2.9 |    290 | rd1[2]
      790 |      16 |     738 |        1 |      0 |     2 |    -0.7% |   -0.146 |       -1.2 |    290 | rd1[25]
      793 |      16 |     741 |        1 |      0 |     2 |    -0.7% |   -0.146 |       -1.2 |    288 | rd1[25]
      798 |      16 |     745 |        1 |      0 |     2 |    -0.7% |   -0.146 |       -1.1 |    286 | rd1[25]
      799 |      16 |     745 |        1 |      0 |     2 |    -0.7% |   -0.146 |       -1.1 |    285 | rd1[25]
      800 |      16 |     745 |        1 |      0 |     2 |    -0.7% |   -0.146 |       -1.1 |    285 | rd1[25]
      800 |      16 |     745 |        1 |      0 |     2 |    -0.7% |   -0.146 |       -1.1 |    284 | rd1[25]
      801 |      16 |     745 |        1 |      0 |     2 |    -0.7% |   -0.146 |       -1.1 |    283 | rd1[25]
      802 |      16 |     745 |        1 |      0 |     2 |    -0.7% |   -0.146 |       -1.1 |    282 | rd1[25]
      803 |      16 |     745 |        1 |      0 |     2 |    -0.7% |   -0.146 |       -1.1 |    281 | rd1[25]
      804 |      16 |     745 |        1 |      0 |     2 |    -0.7% |   -0.146 |       -1.1 |    280 | rd1[25]
      805 |      16 |     745 |        1 |      0 |     2 |    -0.7% |   -0.146 |       -1.1 |    279 | rd1[25]
      806 |      16 |     745 |        1 |      0 |     2 |    -0.7% |   -0.146 |       -1.1 |    278 | rd1[25]
      807 |      16 |     745 |        1 |      0 |     2 |    -0.7% |   -0.146 |       -1.1 |    277 | rd1[25]
      809 |      16 |     746 |        1 |      0 |     2 |    -0.7% |   -0.146 |       -1.0 |    275 | rd1[25]
      810 |      16 |     746 |        1 |      0 |     2 |    -0.7% |   -0.146 |       -1.0 |    275 | rd1[25]
      810 |      16 |     746 |        1 |      0 |     2 |    -0.7% |   -0.146 |       -1.0 |    274 | rd1[25]
      811 |      16 |     746 |        1 |      0 |     2 |    -0.7% |   -0.146 |       -1.0 |    273 | rd1[25]
      813 |      16 |     747 |        1 |      0 |     2 |    -0.7% |   -0.146 |       -1.0 |    271 | rd1[25]
      814 |      16 |     747 |        1 |      0 |     2 |    -0.7% |   -0.146 |       -1.0 |    270 | rd1[25]
      815 |      16 |     747 |        1 |      0 |     2 |    -0.7% |   -0.146 |       -1.0 |    269 | rd1[25]
      816 |      16 |     747 |        1 |      0 |     2 |    -0.7% |   -0.146 |       -1.0 |    268 | rd1[25]
      820 |      16 |     750 |        1 |      0 |     2 |    -0.7% |   -0.146 |       -1.0 |    268 | rd1[25]
      821 |      17 |     750 |        1 |      0 |     2 |    -0.7% |   -0.146 |       -1.0 |    266 | rd1[25]
      822 |      17 |     750 |        1 |      0 |     2 |    -0.7% |   -0.146 |       -1.0 |    265 | rd1[25]
      823 |      17 |     750 |        1 |      0 |     2 |    -0.7% |   -0.146 |       -1.0 |    264 | rd1[25]
      825 |      17 |     751 |        1 |      0 |     2 |    -0.7% |   -0.146 |       -0.9 |    262 | rd1[25]
      830 |      17 |     755 |        1 |      0 |     2 |    -0.7% |   -0.123 |       -0.8 |    262 | rd1[15]
      832 |      19 |     755 |        1 |      0 |     2 |    -0.7% |   -0.051 |       -0.6 |    260 | _5172_/D
      833 |      19 |     755 |        1 |      0 |     2 |    -0.7% |   -0.051 |       -0.6 |    259 | _5172_/D
      834 |      19 |     755 |        1 |      0 |     2 |    -0.7% |   -0.051 |       -0.6 |    258 | _5172_/D
      836 |      19 |     756 |        1 |      0 |     2 |    -0.7% |   -0.051 |       -0.6 |    256 | _5172_/D
      837 |      19 |     756 |        1 |      0 |     2 |    -0.7% |   -0.051 |       -0.6 |    255 | _5172_/D
      838 |      19 |     756 |        1 |      0 |     2 |    -0.7% |   -0.051 |       -0.6 |    254 | _5172_/D
      839 |      19 |     756 |        1 |      0 |     2 |    -0.7% |   -0.051 |       -0.6 |    253 | _5172_/D
      840 |      19 |     756 |        1 |      0 |     2 |    -0.7% |   -0.051 |       -0.6 |    253 | _5172_/D
      841 |      19 |     757 |        1 |      0 |     2 |    -0.7% |   -0.051 |       -0.6 |    251 | _5172_/D
      843 |      19 |     758 |        1 |      0 |     2 |    -0.7% |   -0.051 |       -0.5 |    249 | _5172_/D
      844 |      19 |     758 |        1 |      0 |     2 |    -0.7% |   -0.051 |       -0.5 |    248 | _5172_/D
      847 |      19 |     760 |        1 |      0 |     2 |    -0.7% |   -0.050 |       -0.1 |    246 | rd2[16]
      848 |      19 |     760 |        1 |      0 |     2 |    -0.7% |   -0.050 |       -0.1 |    245 | rd2[16]
      849 |      19 |     760 |        1 |      0 |     2 |    -0.7% |   -0.050 |       -0.1 |    244 | rd2[16]
      850 |      19 |     760 |        1 |      0 |     2 |    -0.7% |   -0.050 |       -0.1 |    244 | rd2[16]
      850 |      19 |     760 |        1 |      0 |     2 |    -0.7% |   -0.050 |       -0.1 |    243 | rd2[16]
      851 |      19 |     760 |        1 |      0 |     2 |    -0.7% |   -0.050 |       -0.1 |    242 | rd2[16]
      852 |      19 |     760 |        1 |      0 |     2 |    -0.7% |   -0.050 |       -0.1 |    241 | rd2[16]
      853 |      19 |     760 |        1 |      0 |     2 |    -0.7% |   -0.050 |       -0.1 |    240 | rd2[16]
      854 |      19 |     760 |        1 |      0 |     2 |    -0.7% |   -0.050 |       -0.1 |    239 | rd2[16]
      856 |      19 |     761 |        1 |      0 |     2 |    -0.7% |   -0.050 |       -0.1 |    237 | rd2[16]
      857 |      19 |     761 |        1 |      0 |     2 |    -0.7% |   -0.050 |       -0.1 |    236 | rd2[16]
      858 |      19 |     761 |        1 |      0 |     2 |    -0.7% |   -0.050 |       -0.1 |    235 | rd2[16]
      859 |      19 |     761 |        1 |      0 |     2 |    -0.7% |   -0.050 |       -0.1 |    234 | rd2[16]
      860 |      19 |     761 |        1 |      0 |     2 |    -0.7% |   -0.050 |       -0.1 |    234 | rd2[16]
      861 |      19 |     762 |        1 |      0 |     2 |    -0.7% |   -0.050 |       -0.1 |    232 | rd2[16]
      862 |      19 |     762 |        1 |      0 |     2 |    -0.7% |   -0.050 |       -0.1 |    231 | rd2[16]
      863 |      19 |     762 |        1 |      0 |     2 |    -0.7% |   -0.050 |       -0.1 |    230 | rd2[16]
      864 |      19 |     762 |        1 |      0 |     2 |    -0.7% |   -0.050 |       -0.1 |    229 | rd2[16]
      865 |      19 |     762 |        1 |      0 |     2 |    -0.7% |   -0.050 |       -0.1 |    228 | rd2[16]
      866 |      19 |     762 |        1 |      0 |     2 |    -0.7% |   -0.050 |       -0.1 |    227 | rd2[16]
      867 |      19 |     762 |        1 |      0 |     2 |    -0.7% |   -0.050 |       -0.1 |    226 | rd2[16]
      868 |      19 |     762 |        1 |      0 |     2 |    -0.7% |   -0.050 |       -0.1 |    225 | rd2[16]
      869 |      19 |     762 |        1 |      0 |     2 |    -0.7% |   -0.050 |       -0.1 |    224 | rd2[16]
      870 |      19 |     762 |        1 |      0 |     2 |    -0.7% |   -0.050 |       -0.1 |    224 | rd2[16]
      870 |      19 |     762 |        1 |      0 |     2 |    -0.7% |   -0.050 |       -0.1 |    223 | rd2[16]
      871 |      19 |     762 |        1 |      0 |     2 |    -0.7% |   -0.050 |       -0.1 |    222 | rd2[16]
      872 |      19 |     762 |        1 |      0 |     2 |    -0.7% |   -0.050 |       -0.1 |    221 | rd2[16]
      873 |      19 |     762 |        1 |      0 |     2 |    -0.7% |   -0.050 |       -0.1 |    220 | rd2[16]
      874 |      19 |     762 |        1 |      0 |     2 |    -0.7% |   -0.050 |       -0.1 |    219 | rd2[16]
      875 |      19 |     762 |        1 |      0 |     2 |    -0.7% |   -0.050 |       -0.1 |    218 | rd2[16]
      876 |      19 |     762 |        1 |      0 |     2 |    -0.7% |   -0.050 |       -0.1 |    217 | rd2[16]
      877 |      19 |     762 |        1 |      0 |     2 |    -0.7% |   -0.050 |       -0.1 |    216 | rd2[16]
      878 |      19 |     762 |        1 |      0 |     2 |    -0.7% |   -0.050 |       -0.1 |    215 | rd2[16]
      879 |      19 |     762 |        1 |      0 |     2 |    -0.7% |   -0.050 |       -0.1 |    214 | rd2[16]
      880 |      19 |     762 |        1 |      0 |     2 |    -0.7% |   -0.050 |       -0.1 |    214 | rd2[16]
      880 |      19 |     762 |        1 |      0 |     2 |    -0.7% |   -0.050 |       -0.1 |    213 | rd2[16]
      881 |      19 |     762 |        1 |      0 |     2 |    -0.7% |   -0.050 |       -0.1 |    212 | rd2[16]
      882 |      19 |     762 |        1 |      0 |     2 |    -0.7% |   -0.050 |       -0.1 |    211 | rd2[16]
      883 |      19 |     762 |        1 |      0 |     2 |    -0.7% |   -0.050 |       -0.1 |    210 | rd2[16]
      884 |      19 |     762 |        1 |      0 |     2 |    -0.7% |   -0.050 |       -0.1 |    209 | rd2[16]
      885 |      19 |     762 |        1 |      0 |     2 |    -0.7% |   -0.050 |       -0.1 |    208 | rd2[16]
      886 |      19 |     762 |        1 |      0 |     2 |    -0.7% |   -0.050 |       -0.1 |    207 | rd2[16]
      887 |      19 |     762 |        1 |      0 |     2 |    -0.7% |   -0.050 |       -0.1 |    206 | rd2[16]
      888 |      19 |     762 |        1 |      0 |     2 |    -0.7% |   -0.050 |       -0.1 |    205 | rd2[16]
      889 |      19 |     762 |        1 |      0 |     2 |    -0.7% |   -0.050 |       -0.1 |    204 | rd2[16]
      890 |      19 |     762 |        1 |      0 |     2 |    -0.7% |   -0.050 |       -0.1 |    204 | rd2[16]
      890 |      19 |     762 |        1 |      0 |     2 |    -0.7% |   -0.050 |       -0.1 |    203 | rd2[16]
      891 |      19 |     762 |        1 |      0 |     2 |    -0.7% |   -0.050 |       -0.1 |    202 | rd2[16]
      892 |      19 |     762 |        1 |      0 |     2 |    -0.7% |   -0.050 |       -0.1 |    201 | rd2[16]
      893 |      19 |     762 |        1 |      0 |     2 |    -0.7% |   -0.050 |       -0.1 |    200 | rd2[16]
      894 |      19 |     762 |        1 |      0 |     2 |    -0.7% |   -0.050 |       -0.1 |    199 | rd2[16]
      895 |      19 |     762 |        1 |      0 |     2 |    -0.7% |   -0.050 |       -0.1 |    198 | rd2[16]
      896 |      19 |     762 |        1 |      0 |     2 |    -0.7% |   -0.050 |       -0.1 |    197 | rd2[16]
      897 |      19 |     762 |        1 |      0 |     2 |    -0.7% |   -0.050 |       -0.1 |    196 | rd2[16]
      898 |      19 |     762 |        1 |      0 |     2 |    -0.7% |   -0.050 |       -0.1 |    195 | rd2[16]
      899 |      19 |     762 |        1 |      0 |     2 |    -0.7% |   -0.050 |       -0.1 |    194 | rd2[16]
      900 |      19 |     762 |        1 |      0 |     2 |    -0.7% |   -0.050 |       -0.1 |    194 | rd2[16]
      900 |      19 |     762 |        1 |      0 |     2 |    -0.7% |   -0.050 |       -0.1 |    193 | rd2[16]
      901 |      19 |     762 |        1 |      0 |     2 |    -0.7% |   -0.050 |       -0.1 |    192 | rd2[16]
      902 |      19 |     762 |        1 |      0 |     2 |    -0.7% |   -0.050 |       -0.1 |    191 | rd2[16]
      903 |      19 |     762 |        1 |      0 |     2 |    -0.7% |   -0.050 |       -0.1 |    190 | rd2[16]
      904 |      19 |     762 |        1 |      0 |     2 |    -0.7% |   -0.050 |       -0.1 |    189 | rd2[16]
      905 |      19 |     762 |        1 |      0 |     2 |    -0.7% |   -0.050 |       -0.1 |    188 | rd2[16]
      906 |      19 |     762 |        1 |      0 |     2 |    -0.7% |   -0.050 |       -0.1 |    187 | rd2[16]
      907 |      19 |     762 |        1 |      0 |     2 |    -0.7% |   -0.050 |       -0.1 |    186 | rd2[16]
      908 |      19 |     762 |        1 |      0 |     2 |    -0.7% |   -0.050 |       -0.1 |    185 | rd2[16]
      909 |      19 |     762 |        1 |      0 |     2 |    -0.7% |   -0.050 |       -0.1 |    184 | rd2[16]
      910 |      19 |     762 |        1 |      0 |     2 |    -0.7% |   -0.050 |       -0.1 |    184 | rd2[16]
      910 |      19 |     762 |        1 |      0 |     2 |    -0.7% |   -0.050 |       -0.1 |    183 | rd2[16]
      911 |      19 |     762 |        1 |      0 |     2 |    -0.7% |   -0.050 |       -0.1 |    182 | rd2[16]
      912 |      19 |     762 |        1 |      0 |     2 |    -0.7% |   -0.050 |       -0.1 |    181 | rd2[16]
      913 |      19 |     762 |        1 |      0 |     2 |    -0.7% |   -0.050 |       -0.1 |    180 | rd2[16]
      914 |      19 |     762 |        1 |      0 |     2 |    -0.7% |   -0.050 |       -0.1 |    179 | rd2[16]
      915 |      19 |     762 |        1 |      0 |     2 |    -0.7% |   -0.050 |       -0.1 |    178 | rd2[16]
      916 |      19 |     762 |        1 |      0 |     2 |    -0.7% |   -0.050 |       -0.1 |    177 | rd2[16]
      917 |      19 |     762 |        1 |      0 |     2 |    -0.7% |   -0.050 |       -0.1 |    176 | rd2[16]
      918 |      19 |     762 |        1 |      0 |     2 |    -0.7% |   -0.050 |       -0.1 |    175 | rd2[16]
      919 |      19 |     762 |        1 |      0 |     2 |    -0.7% |   -0.050 |       -0.1 |    174 | rd2[16]
      920 |      19 |     762 |        1 |      0 |     2 |    -0.7% |   -0.050 |       -0.1 |    174 | rd2[16]
      920 |      19 |     762 |        1 |      0 |     2 |    -0.7% |   -0.050 |       -0.1 |    173 | rd2[16]
      921 |      19 |     762 |        1 |      0 |     2 |    -0.7% |   -0.050 |       -0.1 |    172 | rd2[16]
      922 |      19 |     762 |        1 |      0 |     2 |    -0.7% |   -0.050 |       -0.1 |    171 | rd2[16]
      923 |      19 |     762 |        1 |      0 |     2 |    -0.7% |   -0.050 |       -0.1 |    170 | rd2[16]
      924 |      19 |     762 |        1 |      0 |     2 |    -0.7% |   -0.050 |       -0.1 |    169 | rd2[16]
      925 |      19 |     762 |        1 |      0 |     2 |    -0.7% |   -0.050 |       -0.1 |    168 | rd2[16]
      926 |      19 |     762 |        1 |      0 |     2 |    -0.7% |   -0.050 |       -0.1 |    167 | rd2[16]
      927 |      19 |     762 |        1 |      0 |     2 |    -0.7% |   -0.050 |       -0.1 |    166 | rd2[16]
      928 |      19 |     762 |        1 |      0 |     2 |    -0.7% |   -0.050 |       -0.1 |    165 | rd2[16]
      929 |      19 |     762 |        1 |      0 |     2 |    -0.7% |   -0.050 |       -0.1 |    164 | rd2[16]
      930 |      19 |     762 |        1 |      0 |     2 |    -0.7% |   -0.050 |       -0.1 |    164 | rd2[16]
      930 |      19 |     762 |        1 |      0 |     2 |    -0.7% |   -0.050 |       -0.1 |    163 | rd2[16]
      931 |      19 |     762 |        1 |      0 |     2 |    -0.7% |   -0.050 |       -0.1 |    162 | rd2[16]
      932 |      19 |     762 |        1 |      0 |     2 |    -0.7% |   -0.050 |       -0.1 |    161 | rd2[16]
      933 |      19 |     762 |        1 |      0 |     2 |    -0.7% |   -0.050 |       -0.1 |    160 | rd2[16]
      934 |      19 |     762 |        1 |      0 |     2 |    -0.7% |   -0.050 |       -0.1 |    159 | rd2[16]
      935 |      19 |     762 |        1 |      0 |     2 |    -0.7% |   -0.050 |       -0.1 |    158 | rd2[16]
      936 |      19 |     762 |        1 |      0 |     2 |    -0.7% |   -0.050 |       -0.1 |    157 | rd2[16]
      937 |      19 |     762 |        1 |      0 |     2 |    -0.7% |   -0.050 |       -0.1 |    156 | rd2[16]
      938 |      19 |     762 |        1 |      0 |     2 |    -0.7% |   -0.050 |       -0.1 |    155 | rd2[16]
      939 |      19 |     762 |        1 |      0 |     2 |    -0.7% |   -0.050 |       -0.1 |    154 | rd2[16]
      940 |      19 |     762 |        1 |      0 |     2 |    -0.7% |   -0.050 |       -0.1 |    154 | rd2[16]
      940 |      19 |     762 |        1 |      0 |     2 |    -0.7% |   -0.050 |       -0.1 |    153 | rd2[16]
      941 |      19 |     762 |        1 |      0 |     2 |    -0.7% |   -0.050 |       -0.1 |    152 | rd2[16]
      942 |      19 |     762 |        1 |      0 |     2 |    -0.7% |   -0.050 |       -0.1 |    151 | rd2[16]
      943 |      19 |     762 |        1 |      0 |     2 |    -0.7% |   -0.050 |       -0.1 |    150 | rd2[16]
      944 |      19 |     762 |        1 |      0 |     2 |    -0.7% |   -0.050 |       -0.1 |    149 | rd2[16]
      945 |      19 |     762 |        1 |      0 |     2 |    -0.7% |   -0.050 |       -0.1 |    148 | rd2[16]
      946 |      19 |     762 |        1 |      0 |     2 |    -0.7% |   -0.050 |       -0.1 |    147 | rd2[16]
      947 |      19 |     762 |        1 |      0 |     2 |    -0.7% |   -0.050 |       -0.1 |    146 | rd2[16]
      948 |      19 |     762 |        1 |      0 |     2 |    -0.7% |   -0.050 |       -0.1 |    145 | rd2[16]
      949 |      19 |     762 |        1 |      0 |     2 |    -0.7% |   -0.050 |       -0.1 |    144 | rd2[16]
      950 |      19 |     762 |        1 |      0 |     2 |    -0.7% |   -0.050 |       -0.1 |    144 | rd2[16]
      950 |      19 |     762 |        1 |      0 |     2 |    -0.7% |   -0.050 |       -0.1 |    143 | rd2[16]
      951 |      19 |     762 |        1 |      0 |     2 |    -0.7% |   -0.050 |       -0.1 |    142 | rd2[16]
      952 |      19 |     762 |        1 |      0 |     2 |    -0.7% |   -0.050 |       -0.1 |    141 | rd2[16]
      953 |      19 |     762 |        1 |      0 |     2 |    -0.7% |   -0.050 |       -0.1 |    140 | rd2[16]
      954 |      19 |     762 |        1 |      0 |     2 |    -0.7% |   -0.050 |       -0.1 |    139 | rd2[16]
      955 |      19 |     762 |        1 |      0 |     2 |    -0.7% |   -0.050 |       -0.1 |    138 | rd2[16]
      956 |      19 |     762 |        1 |      0 |     2 |    -0.7% |   -0.050 |       -0.1 |    137 | rd2[16]
      957 |      19 |     762 |        1 |      0 |     2 |    -0.7% |   -0.050 |       -0.1 |    136 | rd2[16]
      958 |      19 |     762 |        1 |      0 |     2 |    -0.7% |   -0.050 |       -0.1 |    135 | rd2[16]
      959 |      19 |     762 |        1 |      0 |     2 |    -0.7% |   -0.050 |       -0.1 |    134 | rd2[16]
      960 |      19 |     762 |        1 |      0 |     2 |    -0.7% |   -0.050 |       -0.1 |    134 | rd2[16]
      960 |      19 |     762 |        1 |      0 |     2 |    -0.7% |   -0.050 |       -0.1 |    133 | rd2[16]
      961 |      19 |     762 |        1 |      0 |     2 |    -0.7% |   -0.050 |       -0.1 |    132 | rd2[16]
      962 |      19 |     762 |        1 |      0 |     2 |    -0.7% |   -0.050 |       -0.1 |    131 | rd2[16]
      963 |      19 |     762 |        1 |      0 |     2 |    -0.7% |   -0.050 |       -0.1 |    130 | rd2[16]
      964 |      19 |     762 |        1 |      0 |     2 |    -0.7% |   -0.050 |       -0.1 |    129 | rd2[16]
      965 |      19 |     762 |        1 |      0 |     2 |    -0.7% |   -0.050 |       -0.1 |    128 | rd2[16]
      966 |      19 |     762 |        1 |      0 |     2 |    -0.7% |   -0.050 |       -0.1 |    127 | rd2[16]
      967 |      19 |     762 |        1 |      0 |     2 |    -0.7% |   -0.050 |       -0.1 |    126 | rd2[16]
      968 |      19 |     762 |        1 |      0 |     2 |    -0.7% |   -0.050 |       -0.1 |    125 | rd2[16]
      969 |      19 |     762 |        1 |      0 |     2 |    -0.7% |   -0.050 |       -0.1 |    124 | rd2[16]
      970 |      19 |     762 |        1 |      0 |     2 |    -0.7% |   -0.050 |       -0.1 |    124 | rd2[16]
      970 |      19 |     762 |        1 |      0 |     2 |    -0.7% |   -0.050 |       -0.1 |    123 | rd2[16]
      971 |      19 |     762 |        1 |      0 |     2 |    -0.7% |   -0.050 |       -0.1 |    122 | rd2[16]
      972 |      19 |     762 |        1 |      0 |     2 |    -0.7% |   -0.050 |       -0.1 |    121 | rd2[16]
      973 |      19 |     762 |        1 |      0 |     2 |    -0.7% |   -0.050 |       -0.1 |    120 | rd2[16]
      974 |      19 |     762 |        1 |      0 |     2 |    -0.7% |   -0.050 |       -0.1 |    119 | rd2[16]
      975 |      19 |     762 |        1 |      0 |     2 |    -0.7% |   -0.050 |       -0.1 |    118 | rd2[16]
      976 |      19 |     762 |        1 |      0 |     2 |    -0.7% |   -0.050 |       -0.1 |    117 | rd2[16]
      977 |      19 |     762 |        1 |      0 |     2 |    -0.7% |   -0.050 |       -0.1 |    116 | rd2[16]
      978 |      19 |     762 |        1 |      0 |     2 |    -0.7% |   -0.050 |       -0.1 |    115 | rd2[16]
      979 |      19 |     762 |        1 |      0 |     2 |    -0.7% |   -0.050 |       -0.1 |    114 | rd2[16]
      980 |      19 |     762 |        1 |      0 |     2 |    -0.7% |   -0.050 |       -0.1 |    114 | rd2[16]
      980 |      19 |     762 |        1 |      0 |     2 |    -0.7% |   -0.050 |       -0.1 |    113 | rd2[16]
      981 |      19 |     762 |        1 |      0 |     2 |    -0.7% |   -0.050 |       -0.1 |    112 | rd2[16]
      982 |      19 |     762 |        1 |      0 |     2 |    -0.7% |   -0.050 |       -0.1 |    111 | rd2[16]
      983 |      19 |     762 |        1 |      0 |     2 |    -0.7% |   -0.050 |       -0.1 |    110 | rd2[16]
      984 |      19 |     762 |        1 |      0 |     2 |    -0.7% |   -0.050 |       -0.1 |    109 | rd2[16]
      985 |      19 |     762 |        1 |      0 |     2 |    -0.7% |   -0.050 |       -0.1 |    108 | rd2[16]
      986 |      19 |     762 |        1 |      0 |     2 |    -0.7% |   -0.050 |       -0.1 |    107 | rd2[16]
      987 |      19 |     762 |        1 |      0 |     2 |    -0.7% |   -0.050 |       -0.1 |    106 | rd2[16]
      988 |      19 |     762 |        1 |      0 |     2 |    -0.7% |   -0.050 |       -0.1 |    105 | rd2[16]
      989 |      19 |     762 |        1 |      0 |     2 |    -0.7% |   -0.050 |       -0.1 |    104 | rd2[16]
      990 |      19 |     762 |        1 |      0 |     2 |    -0.7% |   -0.050 |       -0.1 |    104 | rd2[16]
      990 |      19 |     762 |        1 |      0 |     2 |    -0.7% |   -0.050 |       -0.1 |    103 | rd2[16]
      991 |      19 |     762 |        1 |      0 |     2 |    -0.7% |   -0.050 |       -0.1 |    102 | rd2[16]
      992 |      19 |     762 |        1 |      0 |     2 |    -0.7% |   -0.050 |       -0.1 |    101 | rd2[16]
      993 |      19 |     762 |        1 |      0 |     2 |    -0.7% |   -0.050 |       -0.1 |    100 | rd2[16]
      994 |      19 |     762 |        1 |      0 |     2 |    -0.7% |   -0.050 |       -0.1 |     99 | rd2[16]
      995 |      19 |     762 |        1 |      0 |     2 |    -0.7% |   -0.050 |       -0.1 |     98 | rd2[16]
      996 |      19 |     762 |        1 |      0 |     2 |    -0.7% |   -0.050 |       -0.1 |     97 | rd2[16]
      997 |      19 |     762 |        1 |      0 |     2 |    -0.7% |   -0.050 |       -0.1 |     96 | rd2[16]
      998 |      19 |     762 |        1 |      0 |     2 |    -0.7% |   -0.050 |       -0.1 |     95 | rd2[16]
      999 |      19 |     762 |        1 |      0 |     2 |    -0.7% |   -0.050 |       -0.1 |     94 | rd2[16]
     1000 |      19 |     762 |        1 |      0 |     2 |    -0.7% |   -0.050 |       -0.1 |     94 | rd2[16]
     1000 |      19 |     762 |        1 |      0 |     2 |    -0.7% |   -0.050 |       -0.1 |     93 | rd2[16]
     1001 |      19 |     762 |        1 |      0 |     2 |    -0.7% |   -0.050 |       -0.1 |     92 | rd2[16]
     1002 |      19 |     762 |        1 |      0 |     2 |    -0.7% |   -0.050 |       -0.1 |     91 | rd2[16]
     1003 |      19 |     762 |        1 |      0 |     2 |    -0.7% |   -0.050 |       -0.1 |     90 | rd2[16]
     1004 |      19 |     762 |        1 |      0 |     2 |    -0.7% |   -0.050 |       -0.1 |     89 | rd2[16]
     1005 |      19 |     762 |        1 |      0 |     2 |    -0.7% |   -0.050 |       -0.1 |     88 | rd2[16]
     1006 |      19 |     762 |        1 |      0 |     2 |    -0.7% |   -0.050 |       -0.1 |     87 | rd2[16]
     1007 |      19 |     762 |        1 |      0 |     2 |    -0.7% |   -0.050 |       -0.1 |     86 | rd2[16]
     1008 |      19 |     762 |        1 |      0 |     2 |    -0.7% |   -0.050 |       -0.1 |     85 | rd2[16]
     1009 |      19 |     762 |        1 |      0 |     2 |    -0.7% |   -0.050 |       -0.1 |     84 | rd2[16]
     1010 |      19 |     762 |        1 |      0 |     2 |    -0.7% |   -0.050 |       -0.1 |     84 | rd2[16]
     1010 |      19 |     762 |        1 |      0 |     2 |    -0.7% |   -0.050 |       -0.1 |     83 | rd2[16]
     1011 |      19 |     762 |        1 |      0 |     2 |    -0.7% |   -0.050 |       -0.1 |     82 | rd2[16]
     1012 |      19 |     762 |        1 |      0 |     2 |    -0.7% |   -0.050 |       -0.1 |     81 | rd2[16]
     1013 |      19 |     762 |        1 |      0 |     2 |    -0.7% |   -0.050 |       -0.1 |     80 | rd2[16]
     1014 |      19 |     762 |        1 |      0 |     2 |    -0.7% |   -0.050 |       -0.1 |     79 | rd2[16]
     1015 |      19 |     762 |        1 |      0 |     2 |    -0.7% |   -0.050 |       -0.1 |     78 | rd2[16]
     1016 |      19 |     762 |        1 |      0 |     2 |    -0.7% |   -0.050 |       -0.1 |     77 | rd2[16]
     1017 |      19 |     762 |        1 |      0 |     2 |    -0.7% |   -0.050 |       -0.1 |     76 | rd2[16]
     1018 |      19 |     762 |        1 |      0 |     2 |    -0.7% |   -0.050 |       -0.1 |     75 | rd2[16]
     1019 |      19 |     762 |        1 |      0 |     2 |    -0.7% |   -0.050 |       -0.1 |     74 | rd2[16]
     1020 |      19 |     762 |        1 |      0 |     2 |    -0.7% |   -0.050 |       -0.1 |     74 | rd2[16]
     1020 |      19 |     762 |        1 |      0 |     2 |    -0.7% |   -0.050 |       -0.1 |     73 | rd2[16]
     1021 |      19 |     762 |        1 |      0 |     2 |    -0.7% |   -0.050 |       -0.1 |     72 | rd2[16]
     1022 |      19 |     762 |        1 |      0 |     2 |    -0.7% |   -0.050 |       -0.1 |     71 | rd2[16]
     1023 |      19 |     762 |        1 |      0 |     2 |    -0.7% |   -0.050 |       -0.1 |     70 | rd2[16]
     1024 |      19 |     762 |        1 |      0 |     2 |    -0.7% |   -0.050 |       -0.1 |     69 | rd2[16]
     1025 |      19 |     762 |        1 |      0 |     2 |    -0.7% |   -0.050 |       -0.1 |     68 | rd2[16]
     1026 |      19 |     762 |        1 |      0 |     2 |    -0.7% |   -0.050 |       -0.1 |     67 | rd2[16]
     1027 |      19 |     762 |        1 |      0 |     2 |    -0.7% |   -0.050 |       -0.1 |     66 | rd2[16]
     1028 |      19 |     762 |        1 |      0 |     2 |    -0.7% |   -0.050 |       -0.1 |     65 | rd2[16]
     1029 |      19 |     762 |        1 |      0 |     2 |    -0.7% |   -0.050 |       -0.1 |     64 | rd2[16]
     1030 |      19 |     762 |        1 |      0 |     2 |    -0.7% |   -0.050 |       -0.1 |     64 | rd2[16]
     1030 |      19 |     762 |        1 |      0 |     2 |    -0.7% |   -0.050 |       -0.1 |     63 | rd2[16]
     1031 |      19 |     762 |        1 |      0 |     2 |    -0.7% |   -0.050 |       -0.1 |     62 | rd2[16]
     1032 |      19 |     762 |        1 |      0 |     2 |    -0.7% |   -0.050 |       -0.1 |     61 | rd2[16]
     1033 |      19 |     762 |        1 |      0 |     2 |    -0.7% |   -0.050 |       -0.1 |     60 | rd2[16]
     1034 |      19 |     762 |        1 |      0 |     2 |    -0.7% |   -0.050 |       -0.1 |     59 | rd2[16]
     1035 |      19 |     762 |        1 |      0 |     2 |    -0.7% |   -0.050 |       -0.1 |     58 | rd2[16]
     1036 |      19 |     762 |        1 |      0 |     2 |    -0.7% |   -0.050 |       -0.1 |     57 | rd2[16]
     1037 |      19 |     762 |        1 |      0 |     2 |    -0.7% |   -0.050 |       -0.1 |     56 | rd2[16]
     1038 |      19 |     762 |        1 |      0 |     2 |    -0.7% |   -0.050 |       -0.1 |     55 | rd2[16]
     1039 |      19 |     762 |        1 |      0 |     2 |    -0.7% |   -0.050 |       -0.1 |     54 | rd2[16]
     1040 |      19 |     762 |        1 |      0 |     2 |    -0.7% |   -0.050 |       -0.1 |     54 | rd2[16]
     1040 |      19 |     762 |        1 |      0 |     2 |    -0.7% |   -0.050 |       -0.1 |     53 | rd2[16]
     1041 |      19 |     762 |        1 |      0 |     2 |    -0.7% |   -0.050 |       -0.1 |     52 | rd2[16]
     1042 |      19 |     762 |        1 |      0 |     2 |    -0.7% |   -0.050 |       -0.1 |     51 | rd2[16]
     1043 |      19 |     762 |        1 |      0 |     2 |    -0.7% |   -0.050 |       -0.1 |     50 | rd2[16]
     1044 |      19 |     762 |        1 |      0 |     2 |    -0.7% |   -0.050 |       -0.1 |     49 | rd2[16]
     1045 |      19 |     762 |        1 |      0 |     2 |    -0.7% |   -0.050 |       -0.1 |     48 | rd2[16]
     1046 |      19 |     762 |        1 |      0 |     2 |    -0.7% |   -0.050 |       -0.1 |     47 | rd2[16]
     1047 |      19 |     762 |        1 |      0 |     2 |    -0.7% |   -0.050 |       -0.1 |     46 | rd2[16]
     1048 |      19 |     762 |        1 |      0 |     2 |    -0.7% |   -0.050 |       -0.1 |     45 | rd2[16]
     1049 |      19 |     762 |        1 |      0 |     2 |    -0.7% |   -0.050 |       -0.1 |     44 | rd2[16]
     1050 |      19 |     762 |        1 |      0 |     2 |    -0.7% |   -0.050 |       -0.1 |     44 | rd2[16]
     1050 |      19 |     762 |        1 |      0 |     2 |    -0.7% |   -0.050 |       -0.1 |     43 | rd2[16]
     1051 |      19 |     762 |        1 |      0 |     2 |    -0.7% |   -0.050 |       -0.1 |     42 | rd2[16]
     1052 |      19 |     762 |        1 |      0 |     2 |    -0.7% |   -0.050 |       -0.1 |     41 | rd2[16]
     1053 |      19 |     762 |        1 |      0 |     2 |    -0.7% |   -0.050 |       -0.1 |     40 | rd2[16]
     1054 |      19 |     762 |        1 |      0 |     2 |    -0.7% |   -0.050 |       -0.1 |     39 | rd2[16]
     1055 |      19 |     762 |        1 |      0 |     2 |    -0.7% |   -0.050 |       -0.1 |     38 | rd2[16]
     1056 |      19 |     762 |        1 |      0 |     2 |    -0.7% |   -0.050 |       -0.1 |     37 | rd2[16]
     1057 |      19 |     762 |        1 |      0 |     2 |    -0.7% |   -0.050 |       -0.1 |     36 | rd2[16]
     1058 |      19 |     762 |        1 |      0 |     2 |    -0.7% |   -0.050 |       -0.1 |     35 | rd2[16]
     1059 |      19 |     762 |        1 |      0 |     2 |    -0.7% |   -0.050 |       -0.1 |     34 | rd2[16]
     1060 |      19 |     762 |        1 |      0 |     2 |    -0.7% |   -0.050 |       -0.1 |     34 | rd2[16]
     1060 |      19 |     762 |        1 |      0 |     2 |    -0.7% |   -0.050 |       -0.1 |     33 | rd2[16]
     1061 |      19 |     762 |        1 |      0 |     2 |    -0.7% |   -0.050 |       -0.1 |     32 | rd2[16]
     1062 |      19 |     762 |        1 |      0 |     2 |    -0.7% |   -0.050 |       -0.1 |     31 | rd2[16]
     1063 |      19 |     762 |        1 |      0 |     2 |    -0.7% |   -0.050 |       -0.1 |     30 | rd2[16]
     1064 |      19 |     762 |        1 |      0 |     2 |    -0.7% |   -0.050 |       -0.1 |     29 | rd2[16]
     1065 |      19 |     762 |        1 |      0 |     2 |    -0.7% |   -0.050 |       -0.1 |     28 | rd2[16]
     1066 |      19 |     762 |        1 |      0 |     2 |    -0.7% |   -0.050 |       -0.1 |     27 | rd2[16]
     1067 |      19 |     762 |        1 |      0 |     2 |    -0.7% |   -0.050 |       -0.1 |     26 | rd2[16]
     1068 |      19 |     762 |        1 |      0 |     2 |    -0.7% |   -0.050 |       -0.1 |     25 | rd2[16]
     1069 |      19 |     762 |        1 |      0 |     2 |    -0.7% |   -0.050 |       -0.1 |     24 | rd2[16]
     1070 |      19 |     762 |        1 |      0 |     2 |    -0.7% |   -0.050 |       -0.1 |     24 | rd2[16]
     1070 |      19 |     762 |        1 |      0 |     2 |    -0.7% |   -0.050 |       -0.1 |     23 | rd2[16]
     1071 |      19 |     762 |        1 |      0 |     2 |    -0.7% |   -0.050 |       -0.1 |     22 | rd2[16]
     1072 |      19 |     762 |        1 |      0 |     2 |    -0.7% |   -0.050 |       -0.1 |     21 | rd2[16]
     1073 |      19 |     762 |        1 |      0 |     2 |    -0.7% |   -0.050 |       -0.1 |     20 | rd2[16]
     1074 |      19 |     762 |        1 |      0 |     2 |    -0.7% |   -0.050 |       -0.1 |     19 | rd2[16]
     1075 |      19 |     762 |        1 |      0 |     2 |    -0.7% |   -0.050 |       -0.1 |     18 | rd2[16]
     1076 |      19 |     762 |        1 |      0 |     2 |    -0.7% |   -0.050 |       -0.1 |     17 | rd2[16]
     1077 |      19 |     762 |        1 |      0 |     2 |    -0.7% |   -0.050 |       -0.1 |     16 | rd2[16]
     1078 |      19 |     762 |        1 |      0 |     2 |    -0.7% |   -0.050 |       -0.1 |     15 | rd2[16]
     1079 |      19 |     762 |        1 |      0 |     2 |    -0.7% |   -0.050 |       -0.1 |     14 | rd2[16]
     1080 |      19 |     762 |        1 |      0 |     2 |    -0.7% |   -0.050 |       -0.1 |     14 | rd2[16]
     1080 |      19 |     762 |        1 |      0 |     2 |    -0.7% |   -0.050 |       -0.1 |     13 | rd2[16]
     1081 |      19 |     762 |        1 |      0 |     2 |    -0.7% |   -0.050 |       -0.1 |     12 | rd2[16]
     1082 |      19 |     762 |        1 |      0 |     2 |    -0.7% |   -0.050 |       -0.1 |     11 | rd2[16]
     1083 |      19 |     762 |        1 |      0 |     2 |    -0.7% |   -0.050 |       -0.1 |     10 | rd2[16]
     1084 |      19 |     762 |        1 |      0 |     2 |    -0.7% |   -0.050 |       -0.1 |      9 | rd2[16]
     1085 |      19 |     762 |        1 |      0 |     2 |    -0.7% |   -0.050 |       -0.1 |      8 | rd2[16]
     1086 |      19 |     762 |        1 |      0 |     2 |    -0.7% |   -0.050 |       -0.1 |      7 | rd2[16]
     1087 |      19 |     762 |        1 |      0 |     2 |    -0.7% |   -0.050 |       -0.1 |      6 | rd2[16]
     1088 |      19 |     762 |        1 |      0 |     2 |    -0.7% |   -0.050 |       -0.1 |      5 | rd2[16]
     1089 |      19 |     762 |        1 |      0 |     2 |    -0.7% |   -0.050 |       -0.1 |      4 | rd2[16]
     1090 |      19 |     762 |        1 |      0 |     2 |    -0.7% |   -0.050 |       -0.1 |      4 | rd2[16]
     1090 |      19 |     762 |        1 |      0 |     2 |    -0.7% |   -0.050 |       -0.1 |      3 | rd2[16]
     1091 |      19 |     762 |        1 |      0 |     2 |    -0.7% |   -0.050 |       -0.1 |      2 | rd2[16]
     1092 |      19 |     762 |        1 |      0 |     2 |    -0.7% |   -0.050 |       -0.1 |      1 | rd2[16]
     1093 |      19 |     762 |        1 |      0 |     2 |    -0.7% |   -0.050 |       -0.1 |      0 | rd2[16]
     1094 |      19 |     762 |        1 |      0 |     2 |    -0.7% |   -0.050 |       -0.1 |      0 | rd2[16]
     1095 |      19 |     762 |        1 |      0 |     2 |    -0.7% |   -0.050 |       -0.1 |      0 | rd2[16]
     1096 |      19 |     762 |        1 |      0 |     2 |    -0.7% |   -0.050 |       -0.1 |      0 | rd2[16]
     1097 |      19 |     762 |        1 |      0 |     2 |    -0.7% |   -0.050 |       -0.1 |      0 | rd2[16]
     1098 |      19 |     762 |        1 |      0 |     2 |    -0.7% |   -0.050 |       -0.1 |      0 | rd2[16]
     1099 |      19 |     762 |        1 |      0 |     2 |    -0.7% |   -0.050 |       -0.1 |      0 | rd2[16]
     1100 |      19 |     762 |        1 |      0 |     2 |    -0.7% |   -0.050 |       -0.1 |      0 | rd2[16]
     1100 |      19 |     762 |        1 |      0 |     2 |    -0.7% |   -0.050 |       -0.1 |      0 | rd2[16]
     1101 |      19 |     762 |        1 |      0 |     2 |    -0.7% |   -0.050 |       -0.1 |      0 | rd2[16]
     1102 |      19 |     762 |        1 |      0 |     2 |    -0.7% |   -0.050 |       -0.1 |      0 | rd2[16]
     1103 |      19 |     762 |        1 |      0 |     2 |    -0.7% |   -0.050 |       -0.1 |      0 | rd2[16]
     1104 |      19 |     762 |        1 |      0 |     2 |    -0.7% |   -0.050 |       -0.1 |      0 | rd2[16]
     1105 |      19 |     762 |        1 |      0 |     2 |    -0.7% |   -0.050 |       -0.1 |      0 | rd2[16]
     1106 |      19 |     762 |        1 |      0 |     2 |    -0.7% |   -0.050 |       -0.1 |      0 | rd2[16]
     1107 |      19 |     762 |        1 |      0 |     2 |    -0.7% |   -0.050 |       -0.1 |      0 | rd2[16]
     1108 |      19 |     762 |        1 |      0 |     2 |    -0.7% |   -0.050 |       -0.1 |      0 | rd2[16]
     1109 |      19 |     762 |        1 |      0 |     2 |    -0.7% |   -0.050 |       -0.1 |      0 | rd2[16]
     1110 |      19 |     762 |        1 |      0 |     2 |    -0.7% |   -0.050 |       -0.1 |      0 | rd2[16]
     1110 |      19 |     762 |        1 |      0 |     2 |    -0.7% |   -0.050 |       -0.1 |      0 | rd2[16]
     1111 |      19 |     762 |        1 |      0 |     2 |    -0.7% |   -0.050 |       -0.1 |      0 | rd2[16]
     1112 |      19 |     762 |        1 |      0 |     2 |    -0.7% |   -0.050 |       -0.1 |      0 | rd2[16]
     1113 |      19 |     762 |        1 |      0 |     2 |    -0.7% |   -0.050 |       -0.1 |      0 | rd2[16]
     1114 |      19 |     762 |        1 |      0 |     2 |    -0.7% |   -0.050 |       -0.1 |      0 | rd2[16]
     1115 |      19 |     762 |        1 |      0 |     2 |    -0.7% |   -0.050 |       -0.1 |      0 | rd2[16]
     1116 |      19 |     762 |        1 |      0 |     2 |    -0.7% |   -0.050 |       -0.1 |      0 | rd2[16]
     1117 |      19 |     762 |        1 |      0 |     2 |    -0.7% |   -0.050 |       -0.1 |      0 | rd2[16]
     1118 |      19 |     762 |        1 |      0 |     2 |    -0.7% |   -0.050 |       -0.1 |      0 | rd2[16]
     1119 |      19 |     762 |        1 |      0 |     2 |    -0.7% |   -0.050 |       -0.1 |      0 | rd2[16]
     1120 |      19 |     762 |        1 |      0 |     2 |    -0.7% |   -0.050 |       -0.1 |      0 | rd2[16]
     1120 |      19 |     762 |        1 |      0 |     2 |    -0.7% |   -0.050 |       -0.1 |      0 | rd2[16]
     1121 |      19 |     762 |        1 |      0 |     2 |    -0.7% |   -0.050 |       -0.1 |      0 | rd2[16]
     1122 |      19 |     762 |        1 |      0 |     2 |    -0.7% |   -0.050 |       -0.1 |      0 | rd2[16]
     1123 |      19 |     762 |        1 |      0 |     2 |    -0.7% |   -0.050 |       -0.1 |      0 | rd2[16]
     1124 |      19 |     762 |        1 |      0 |     2 |    -0.7% |   -0.050 |       -0.1 |      0 | rd2[16]
     1125 |      19 |     762 |        1 |      0 |     2 |    -0.7% |   -0.050 |       -0.1 |      0 | rd2[16]
     1126 |      19 |     762 |        1 |      0 |     2 |    -0.7% |   -0.050 |       -0.1 |      0 | rd2[16]
     1127 |      19 |     762 |        1 |      0 |     2 |    -0.7% |   -0.050 |       -0.1 |      0 | rd2[16]
     1128 |      19 |     762 |        1 |      0 |     2 |    -0.7% |   -0.050 |       -0.1 |      0 | rd2[16]
    1130* |      19 |     763 |        1 |      0 |     2 |    -0.8% |    0.053 |        0.0 |      0 | rd2[16]
    1130* |      19 |     763 |        1 |      0 |     2 |    -0.8% |    0.053 |        0.0 |      0 | rd2[16]
    final |      19 |     763 |        1 |      0 |     2 |    -0.8% |    0.053 |        0.0 |      0 | rd2[16]
--------------------------------------------------------------------------------------------------------------
[INFO RSZ-0059] Removed 19 buffers.
[INFO RSZ-0040] Inserted 1 buffers.
[INFO RSZ-0051] Resized 763 instances: 763 up, 0 up match, 0 down, 0 VT
[INFO RSZ-0043] Swapped pins on 2 instances.
+ repair_timing -verbose -hold -setup_margin 0.05000000000000000277555756156289135105907917022705078125 -hold_margin 0.1000000000000000055511151231257827021181583404541015625 -max_buffer_percent 50
[INFO RSZ-0046] Found 1024 endpoints with hold violations.
Iteration | Resized | Buffers | Cloned Gates |   Area   |   WNS   |   TNS   | Endpoint
--------------------------------------------------------------------------------------
        0 |       0 |       0 |            0 |    +0.0% |   0.035 |   0.000 | _5812_/D
       10 |       0 |       9 |            0 |    +0.1% |   0.035 |   0.000 | _5507_/D
       20 |       0 |      19 |            0 |    +0.3% |   0.036 |   0.000 | _6034_/D
       30 |       0 |      29 |            0 |    +0.5% |   0.036 |   0.000 | _5571_/D
       40 |       0 |      39 |            0 |    +0.6% |   0.036 |   0.000 | _5498_/D
       50 |       0 |      49 |            0 |    +0.8% |   0.036 |   0.000 | _5262_/D
       60 |       0 |      59 |            0 |    +0.9% |   0.036 |   0.000 | _5514_/D
       70 |       0 |      69 |            0 |    +1.1% |   0.037 |   0.000 | _5330_/D
       80 |       0 |      79 |            0 |    +1.3% |   0.037 |   0.000 | _5980_/D
       90 |       0 |      89 |            0 |    +1.4% |   0.037 |   0.000 | _5255_/D
      100 |       0 |      99 |            0 |    +1.6% |   0.037 |   0.000 | _5986_/D
      110 |       0 |     109 |            0 |    +1.7% |   0.037 |   0.000 | _5604_/D
      120 |       0 |     119 |            0 |    +1.9% |   0.037 |   0.000 | _6066_/D
      130 |       0 |     129 |            0 |    +2.1% |   0.037 |   0.000 | _5504_/D
      140 |       0 |     139 |            0 |    +2.2% |   0.037 |   0.000 | _5249_/D
      150 |       0 |     149 |            0 |    +2.4% |   0.037 |   0.000 | _5628_/D
      160 |       0 |     159 |            0 |    +2.5% |   0.037 |   0.000 | _5865_/D
      170 |       0 |     169 |            0 |    +2.7% |   0.037 |   0.000 | _5624_/D
      180 |       0 |     179 |            0 |    +2.9% |   0.037 |   0.000 | _5093_/D
      190 |       0 |     189 |            0 |    +3.0% |   0.038 |   0.000 | _5242_/D
      200 |       0 |     199 |            0 |    +3.2% |   0.038 |   0.000 | _5564_/D
      210 |       0 |     209 |            0 |    +3.3% |   0.038 |   0.000 | _5876_/D
      220 |       0 |     219 |            0 |    +3.5% |   0.038 |   0.000 | _5431_/D
      230 |       0 |     229 |            0 |    +3.7% |   0.038 |   0.000 | _5372_/D
      240 |       0 |     239 |            0 |    +3.8% |   0.038 |   0.000 | _5465_/D
      250 |       0 |     249 |            0 |    +4.0% |   0.038 |   0.000 | _5338_/D
      260 |       0 |     259 |            0 |    +4.1% |   0.038 |   0.000 | _5864_/D
      270 |       0 |     269 |            0 |    +4.3% |   0.038 |   0.000 | _5697_/D
      280 |       0 |     279 |            0 |    +4.5% |   0.038 |   0.000 | _5648_/D
      290 |       0 |     289 |            0 |    +4.6% |   0.038 |   0.000 | _5584_/D
      300 |       0 |     299 |            0 |    +4.8% |   0.038 |   0.000 | _5246_/D
      310 |       0 |     309 |            0 |    +4.9% |   0.038 |   0.000 | _5369_/D
      320 |       0 |     319 |            0 |    +5.1% |   0.038 |   0.000 | _5600_/D
      330 |       0 |     329 |            0 |    +5.3% |   0.038 |   0.000 | _6018_/D
      340 |       0 |     339 |            0 |    +5.4% |   0.038 |   0.000 | _6016_/D
      350 |       0 |     349 |            0 |    +5.6% |   0.039 |   0.000 | _5180_/D
      360 |       0 |     359 |            0 |    +5.7% |   0.039 |   0.000 | _5762_/D
      370 |       0 |     369 |            0 |    +5.9% |   0.039 |   0.000 | _5158_/D
      380 |       0 |     379 |            0 |    +6.1% |   0.039 |   0.000 | _5607_/D
      390 |       0 |     389 |            0 |    +6.2% |   0.039 |   0.000 | _5633_/D
      400 |       0 |     399 |            0 |    +6.4% |   0.039 |   0.000 | _5331_/D
      410 |       0 |     409 |            0 |    +6.5% |   0.039 |   0.000 | _5913_/D
      420 |       0 |     419 |            0 |    +6.7% |   0.039 |   0.000 | _5875_/D
      430 |       0 |     429 |            0 |    +6.9% |   0.039 |   0.000 | _5995_/D
      440 |       0 |     439 |            0 |    +7.0% |   0.039 |   0.000 | _5056_/D
      450 |       0 |     449 |            0 |    +7.2% |   0.039 |   0.000 | _5595_/D
      460 |       0 |     459 |            0 |    +7.3% |   0.039 |   0.000 | _5594_/D
      470 |       0 |     469 |            0 |    +7.5% |   0.039 |   0.000 | _5489_/D
      480 |       0 |     479 |            0 |    +7.7% |   0.039 |   0.000 | _5148_/D
      490 |       0 |     489 |            0 |    +7.8% |   0.039 |   0.000 | _5053_/D
      500 |       0 |     499 |            0 |    +8.0% |   0.039 |   0.000 | _5549_/D
      510 |       0 |     509 |            0 |    +8.1% |   0.039 |   0.000 | _5716_/D
      520 |       0 |     519 |            0 |    +8.3% |   0.039 |   0.000 | _5785_/D
      530 |       0 |     529 |            0 |    +8.5% |   0.040 |   0.000 | _5476_/D
      540 |       0 |     539 |            0 |    +8.6% |   0.040 |   0.000 | _5213_/D
      550 |       0 |     549 |            0 |    +8.8% |   0.040 |   0.000 | _5945_/D
      560 |       0 |     559 |            0 |    +8.9% |   0.040 |   0.000 | _5849_/D
      570 |       0 |     569 |            0 |    +9.1% |   0.040 |   0.000 | _5071_/D
      580 |       0 |     579 |            0 |    +9.2% |   0.040 |   0.000 | _5854_/D
      590 |       0 |     589 |            0 |    +9.4% |   0.040 |   0.000 | _5245_/D
      600 |       0 |     599 |            0 |    +9.6% |   0.040 |   0.000 | _6002_/D
      610 |       0 |     609 |            0 |    +9.7% |   0.040 |   0.000 | _5668_/D
      620 |       0 |     619 |            0 |    +9.9% |   0.040 |   0.000 | _5174_/D
      630 |       0 |     629 |            0 |   +10.0% |   0.040 |   0.000 | _5664_/D
      640 |       0 |     639 |            0 |   +10.2% |   0.040 |   0.000 | _5749_/D
      650 |       0 |     649 |            0 |   +10.4% |   0.040 |   0.000 | _5403_/D
      660 |       0 |     659 |            0 |   +10.5% |   0.040 |   0.000 | _5101_/D
      670 |       0 |     669 |            0 |   +10.7% |   0.040 |   0.000 | _5694_/D
      680 |       0 |     679 |            0 |   +10.8% |   0.040 |   0.000 | _5880_/D
      690 |       0 |     689 |            0 |   +11.0% |   0.040 |   0.000 | _5909_/D
      700 |       0 |     699 |            0 |   +11.2% |   0.041 |   0.000 | _5379_/D
      710 |       0 |     709 |            0 |   +11.3% |   0.041 |   0.000 | _5556_/D
      720 |       0 |     719 |            0 |   +11.5% |   0.041 |   0.000 | _5961_/D
      730 |       0 |     729 |            0 |   +11.6% |   0.041 |   0.000 | _5656_/D
      740 |       0 |     739 |            0 |   +11.8% |   0.041 |   0.000 | _5698_/D
      750 |       0 |     749 |            0 |   +12.0% |   0.041 |   0.000 | _5537_/D
      760 |       0 |     759 |            0 |   +12.1% |   0.041 |   0.000 | _5263_/D
      770 |       0 |     769 |            0 |   +12.3% |   0.041 |   0.000 | _5410_/D
      780 |       0 |     779 |            0 |   +12.4% |   0.041 |   0.000 | _5552_/D
      790 |       0 |     789 |            0 |   +12.6% |   0.041 |   0.000 | _5539_/D
      800 |       0 |     799 |            0 |   +12.8% |   0.041 |   0.000 | _5605_/D
      810 |       0 |     809 |            0 |   +12.9% |   0.041 |   0.000 | _5344_/D
      820 |       0 |     819 |            0 |   +13.1% |   0.041 |   0.000 | _5440_/D
      830 |       0 |     829 |            0 |   +13.2% |   0.041 |   0.000 | _5658_/D
      840 |       0 |     839 |            0 |   +13.4% |   0.042 |   0.000 | _5166_/D
      850 |       0 |     849 |            0 |   +13.6% |   0.042 |   0.000 | _5378_/D
      860 |       0 |     859 |            0 |   +13.7% |   0.042 |   0.000 | _5223_/D
      870 |       0 |     869 |            0 |   +13.9% |   0.042 |   0.000 | _5363_/D
      880 |       0 |     879 |            0 |   +14.0% |   0.042 |   0.000 | _5726_/D
      890 |       0 |     889 |            0 |   +14.2% |   0.042 |   0.000 | _5740_/D
      900 |       0 |     899 |            0 |   +14.4% |   0.042 |   0.000 | _5064_/D
      910 |       0 |     909 |            0 |   +14.5% |   0.043 |   0.000 | _5665_/D
      920 |       0 |     919 |            0 |   +14.7% |   0.043 |   0.000 | _5437_/D
      930 |       0 |     929 |            0 |   +14.8% |   0.043 |   0.000 | _5889_/D
      940 |       0 |     939 |            0 |   +15.0% |   0.043 |   0.000 | _5975_/D
      950 |       0 |     949 |            0 |   +15.2% |   0.043 |   0.000 | _5072_/D
      960 |       0 |     959 |            0 |   +15.3% |   0.044 |   0.000 | _5080_/D
      970 |       0 |     969 |            0 |   +15.5% |   0.044 |   0.000 | _5669_/D
      980 |       0 |     979 |            0 |   +15.6% |   0.044 |   0.000 | _5450_/D
      990 |       0 |     989 |            0 |   +15.8% |   0.045 |   0.000 | _5938_/D
     1000 |       0 |     999 |            0 |   +16.0% |   0.046 |   0.000 | _5494_/D
     1010 |       0 |    1009 |            0 |   +16.1% |   0.047 |   0.000 | _5817_/D
     1020 |       0 |    1019 |            0 |   +16.3% |   0.049 |   0.000 | _5837_/D
    final |       0 |    1024 |            0 |   +16.4% |   0.403 |   0.000 | _5513_/D
--------------------------------------------------------------------------------------
[INFO RSZ-0032] Inserted 1024 hold buffers.
+ detailed_placement -max_displacement  500 100 
Placement Analysis
---------------------------------
total displacement      12693.4 u
average displacement        1.7 u
max displacement           25.1 u
original HPWL          219248.8 u
legalized HPWL         234732.4 u
delta HPWL                    7 %

[INFO DPL-0020] Mirrored 2929 instances
[INFO DPL-0021] HPWL before          234732.4 u
[INFO DPL-0022] HPWL after           227592.2 u
[INFO DPL-0023] HPWL delta               -3.0 %
Setting global connections for newly added cells…
[INFO] Setting global connections...
[INFO ODB-0403] 4100 connections made, 0 conflicts skipped.
Updating metrics…
Cell type report:                       Count       Area
  Fill cell                               232     870.84
  Tap cell                               1416    1771.70
  Clock buffer                            155    2100.76
  Timing Repair Buffer                   2142   20046.73
  Inverter                                  4      15.01
  Clock inverter                           17     212.70
  Sequential cell                        1024   21780.89
  Multi-Input combinational cell         2552   28752.58
  Total                                  7542   75551.21
Writing OpenROAD database to '/work/runs/RUN_2026-08-06_09-53-31/37-openroad-resizertimingpostcts/registerfile.odb'…
Writing netlist to '/work/runs/RUN_2026-08-06_09-53-31/37-openroad-resizertimingpostcts/registerfile.nl.v'…
Writing powered netlist to '/work/runs/RUN_2026-08-06_09-53-31/37-openroad-resizertimingpostcts/registerfile.pnl.v'…
Writing layout to '/work/runs/RUN_2026-08-06_09-53-31/37-openroad-resizertimingpostcts/registerfile.def'…
Writing timing constraints to '/work/runs/RUN_2026-08-06_09-53-31/37-openroad-resizertimingpostcts/registerfile.sdc'…
