
===========================================================================
report_checks -unconstrained
===========================================================================
======================= nom_ss_100C_1v60 Corner ===================================

Startpoint: control[0] (input port clocked by __VIRTUAL_CLK__)
Endpoint: zero (output port clocked by __VIRTUAL_CLK__)
Path Group: __VIRTUAL_CLK__
Path Type: max

Fanout         Cap        Slew       Delay        Time   Description
---------------------------------------------------------------------------------------------
                      0.000000    0.000000    0.000000   clock __VIRTUAL_CLK__ (rise edge)
                                  0.000000    0.000000   clock network delay (ideal)
                                  2.000000    2.000000 ^ input external delay
     1    0.003139    0.034501    0.017580    2.017580 ^ control[0] (in)
                                                         control[0] (net)
                      0.034501    0.000000    2.017580 ^ input65/A (sky130_fd_sc_hd__clkdlybuf4s25_1)
     5    0.020298    0.337354    0.641804    2.659384 ^ input65/X (sky130_fd_sc_hd__clkdlybuf4s25_1)
                                                         net65 (net)
                      0.337354    0.000891    2.660276 ^ fanout156/A (sky130_fd_sc_hd__buf_4)
    10    0.039597    0.188483    0.413311    3.073587 ^ fanout156/X (sky130_fd_sc_hd__buf_4)
                                                         net156 (net)
                      0.188483    0.000901    3.074488 ^ _0868_/A (sky130_fd_sc_hd__or2_2)
     5    0.022150    0.190937    0.344055    3.418543 ^ _0868_/X (sky130_fd_sc_hd__or2_2)
                                                         _0043_ (net)
                      0.190937    0.000159    3.418702 ^ _1104_/B (sky130_fd_sc_hd__or2_2)
     4    0.047090    0.383068    0.480314    3.899017 ^ _1104_/X (sky130_fd_sc_hd__or2_2)
                                                         _0278_ (net)
                      0.383069    0.001668    3.900684 ^ fanout107/A (sky130_fd_sc_hd__dlymetal6s2s_1)
    10    0.098672    1.451356    1.262483    5.163167 ^ fanout107/X (sky130_fd_sc_hd__dlymetal6s2s_1)
                                                         net107 (net)
                      1.451381    0.005110    5.168277 ^ _1152_/B1 (sky130_fd_sc_hd__a21oi_2)
     1    0.002958    0.244617    0.246153    5.414430 v _1152_/Y (sky130_fd_sc_hd__a21oi_2)
                                                         _0324_ (net)
                      0.244617    0.000087    5.414517 v _1153_/B1 (sky130_fd_sc_hd__o21a_2)
     1    0.002134    0.055346    0.284509    5.699026 v _1153_/X (sky130_fd_sc_hd__o21a_2)
                                                         _0325_ (net)
                      0.055346    0.000045    5.699071 v _1169_/A (sky130_fd_sc_hd__or4b_2)
     1    0.002901    0.213226    1.545793    7.244864 v _1169_/X (sky130_fd_sc_hd__or4b_2)
                                                         _0341_ (net)
                      0.213226    0.000088    7.244952 v _1170_/B1 (sky130_fd_sc_hd__a21o_2)
     2    0.006058    0.073386    0.414371    7.659323 v _1170_/X (sky130_fd_sc_hd__a21o_2)
                                                         net94 (net)
                      0.073386    0.000156    7.659480 v _1671_/C (sky130_fd_sc_hd__or4_4)
     1    0.005972    0.159586    0.963436    8.622916 v _1671_/X (sky130_fd_sc_hd__or4_4)
                                                         _0814_ (net)
                      0.159586    0.000250    8.623166 v _1672_/A (sky130_fd_sc_hd__or2_4)
     1    0.013110    0.101530    0.538962    9.162128 v _1672_/X (sky130_fd_sc_hd__or2_4)
                                                         _0815_ (net)
                      0.101530    0.000855    9.162984 v _1674_/C (sky130_fd_sc_hd__or4_4)
     1    0.025833    0.224953    1.089046   10.252029 v _1674_/X (sky130_fd_sc_hd__or4_4)
                                                         _0817_ (net)
                      0.224953    0.000909   10.252939 v _1677_/D (sky130_fd_sc_hd__or4_4)
     1    0.003945    0.149696    0.874330   11.127269 v _1677_/X (sky130_fd_sc_hd__or4_4)
                                                         _0820_ (net)
                      0.149696    0.000125   11.127395 v _1678_/C (sky130_fd_sc_hd__or4_4)
     1    0.009332    0.171403    1.012862   12.140256 v _1678_/X (sky130_fd_sc_hd__or4_4)
                                                         _0821_ (net)
                      0.171403    0.000306   12.140563 v _1682_/D (sky130_fd_sc_hd__nor4_4)
     1    0.005153    0.328466    0.272836   12.413399 ^ _1682_/Y (sky130_fd_sc_hd__nor4_4)
                                                         net101 (net)
                      0.328466    0.000105   12.413504 ^ output101/A (sky130_fd_sc_hd__buf_6)
     1    0.036141    0.129924    0.332758   12.746262 ^ output101/X (sky130_fd_sc_hd__buf_6)
                                                         zero (net)
                      0.129931    0.001117   12.747378 ^ zero (out)
                                             12.747378   data arrival time

                      0.000000   10.000000   10.000000   clock __VIRTUAL_CLK__ (rise edge)
                                  0.000000   10.000000   clock network delay (ideal)
                                 -0.250000    9.750000   clock uncertainty
                                  0.000000    9.750000   clock reconvergence pessimism
                                 -2.000000    7.750000   output external delay
                                              7.750000   data required time
---------------------------------------------------------------------------------------------
                                              7.750000   data required time
                                            -12.747378   data arrival time
---------------------------------------------------------------------------------------------
                                             -4.997379   slack (VIOLATED)




===========================================================================
report_checks --slack_max -0.01
============================================================================
======================= nom_ss_100C_1v60 Corner ===================================

Startpoint: control[0] (input port clocked by __VIRTUAL_CLK__)
Endpoint: zero (output port clocked by __VIRTUAL_CLK__)
Path Group: __VIRTUAL_CLK__
Path Type: max

Fanout         Cap        Slew       Delay        Time   Description
---------------------------------------------------------------------------------------------
                      0.000000    0.000000    0.000000   clock __VIRTUAL_CLK__ (rise edge)
                                  0.000000    0.000000   clock network delay (ideal)
                                  2.000000    2.000000 ^ input external delay
     1    0.003139    0.034501    0.017580    2.017580 ^ control[0] (in)
                                                         control[0] (net)
                      0.034501    0.000000    2.017580 ^ input65/A (sky130_fd_sc_hd__clkdlybuf4s25_1)
     5    0.020298    0.337354    0.641804    2.659384 ^ input65/X (sky130_fd_sc_hd__clkdlybuf4s25_1)
                                                         net65 (net)
                      0.337354    0.000891    2.660276 ^ fanout156/A (sky130_fd_sc_hd__buf_4)
    10    0.039597    0.188483    0.413311    3.073587 ^ fanout156/X (sky130_fd_sc_hd__buf_4)
                                                         net156 (net)
                      0.188483    0.000901    3.074488 ^ _0868_/A (sky130_fd_sc_hd__or2_2)
     5    0.022150    0.190937    0.344055    3.418543 ^ _0868_/X (sky130_fd_sc_hd__or2_2)
                                                         _0043_ (net)
                      0.190937    0.000159    3.418702 ^ _1104_/B (sky130_fd_sc_hd__or2_2)
     4    0.047090    0.383068    0.480314    3.899017 ^ _1104_/X (sky130_fd_sc_hd__or2_2)
                                                         _0278_ (net)
                      0.383069    0.001668    3.900684 ^ fanout107/A (sky130_fd_sc_hd__dlymetal6s2s_1)
    10    0.098672    1.451356    1.262483    5.163167 ^ fanout107/X (sky130_fd_sc_hd__dlymetal6s2s_1)
                                                         net107 (net)
                      1.451381    0.005110    5.168277 ^ _1152_/B1 (sky130_fd_sc_hd__a21oi_2)
     1    0.002958    0.244617    0.246153    5.414430 v _1152_/Y (sky130_fd_sc_hd__a21oi_2)
                                                         _0324_ (net)
                      0.244617    0.000087    5.414517 v _1153_/B1 (sky130_fd_sc_hd__o21a_2)
     1    0.002134    0.055346    0.284509    5.699026 v _1153_/X (sky130_fd_sc_hd__o21a_2)
                                                         _0325_ (net)
                      0.055346    0.000045    5.699071 v _1169_/A (sky130_fd_sc_hd__or4b_2)
     1    0.002901    0.213226    1.545793    7.244864 v _1169_/X (sky130_fd_sc_hd__or4b_2)
                                                         _0341_ (net)
                      0.213226    0.000088    7.244952 v _1170_/B1 (sky130_fd_sc_hd__a21o_2)
     2    0.006058    0.073386    0.414371    7.659323 v _1170_/X (sky130_fd_sc_hd__a21o_2)
                                                         net94 (net)
                      0.073386    0.000156    7.659480 v _1671_/C (sky130_fd_sc_hd__or4_4)
     1    0.005972    0.159586    0.963436    8.622916 v _1671_/X (sky130_fd_sc_hd__or4_4)
                                                         _0814_ (net)
                      0.159586    0.000250    8.623166 v _1672_/A (sky130_fd_sc_hd__or2_4)
     1    0.013110    0.101530    0.538962    9.162128 v _1672_/X (sky130_fd_sc_hd__or2_4)
                                                         _0815_ (net)
                      0.101530    0.000855    9.162984 v _1674_/C (sky130_fd_sc_hd__or4_4)
     1    0.025833    0.224953    1.089046   10.252029 v _1674_/X (sky130_fd_sc_hd__or4_4)
                                                         _0817_ (net)
                      0.224953    0.000909   10.252939 v _1677_/D (sky130_fd_sc_hd__or4_4)
     1    0.003945    0.149696    0.874330   11.127269 v _1677_/X (sky130_fd_sc_hd__or4_4)
                                                         _0820_ (net)
                      0.149696    0.000125   11.127395 v _1678_/C (sky130_fd_sc_hd__or4_4)
     1    0.009332    0.171403    1.012862   12.140256 v _1678_/X (sky130_fd_sc_hd__or4_4)
                                                         _0821_ (net)
                      0.171403    0.000306   12.140563 v _1682_/D (sky130_fd_sc_hd__nor4_4)
     1    0.005153    0.328466    0.272836   12.413399 ^ _1682_/Y (sky130_fd_sc_hd__nor4_4)
                                                         net101 (net)
                      0.328466    0.000105   12.413504 ^ output101/A (sky130_fd_sc_hd__buf_6)
     1    0.036141    0.129924    0.332758   12.746262 ^ output101/X (sky130_fd_sc_hd__buf_6)
                                                         zero (net)
                      0.129931    0.001117   12.747378 ^ zero (out)
                                             12.747378   data arrival time

                      0.000000   10.000000   10.000000   clock __VIRTUAL_CLK__ (rise edge)
                                  0.000000   10.000000   clock network delay (ideal)
                                 -0.250000    9.750000   clock uncertainty
                                  0.000000    9.750000   clock reconvergence pessimism
                                 -2.000000    7.750000   output external delay
                                              7.750000   data required time
---------------------------------------------------------------------------------------------
                                              7.750000   data required time
                                            -12.747378   data arrival time
---------------------------------------------------------------------------------------------
                                             -4.997379   slack (VIOLATED)




===========================================================================
 report_check_types -max_slew -max_cap -max_fanout -violators
============================================================================
======================= nom_ss_100C_1v60 Corner ===================================

max slew

Pin                                        Limit        Slew       Slack
------------------------------------------------------------------------
_1484_/B1                               0.750000    1.451503   -0.701503 (VIOLATED)
_1466_/C1                               0.750000    1.451502   -0.701502 (VIOLATED)
_1412_/C1                               0.750000    1.451498   -0.701498 (VIOLATED)
_1372_/B1                               0.750000    1.451482   -0.701482 (VIOLATED)
_1336_/C1                               0.750000    1.451471   -0.701471 (VIOLATED)
_1311_/B1                               0.750000    1.451457   -0.701457 (VIOLATED)
_1152_/B1                               0.750000    1.451381   -0.701381 (VIOLATED)
_1561_/A1                               0.750000    1.451373   -0.701373 (VIOLATED)
_1130_/B1                               0.750000    1.451363   -0.701363 (VIOLATED)
_1105_/B1                               0.750000    1.451359   -0.701359 (VIOLATED)
fanout107/X                             0.750000    1.451356   -0.701356 (VIOLATED)
_1402_/A1                               0.750000    1.112936   -0.362936 (VIOLATED)
_1351_/B                                0.750000    1.112932   -0.362932 (VIOLATED)
_1329_/A                                0.750000    1.112931   -0.362931 (VIOLATED)
_1325_/A2                               0.750000    1.112926   -0.362926 (VIOLATED)
_1307_/A1                               0.750000    1.112915   -0.362915 (VIOLATED)
_1253_/A                                0.750000    1.112898   -0.362898 (VIOLATED)
_1230_/A1                               0.750000    1.112876   -0.362876 (VIOLATED)
_1188_/A1                               0.750000    1.112869   -0.362869 (VIOLATED)
_1140_/A2                               0.750000    1.112864   -0.362864 (VIOLATED)
_1209_/B2                               0.750000    1.112864   -0.362864 (VIOLATED)
fanout102/X                             0.750000    1.112864   -0.362864 (VIOLATED)
_1495_/A2                               0.750000    1.058023   -0.308023 (VIOLATED)
_1514_/A2                               0.750000    1.058023   -0.308023 (VIOLATED)
_1530_/A1                               0.750000    1.058017   -0.308017 (VIOLATED)
_1545_/A1                               0.750000    1.058015   -0.308015 (VIOLATED)
_1547_/B1                               0.750000    1.058003   -0.308003 (VIOLATED)
_1564_/C1                               0.750000    1.058003   -0.308003 (VIOLATED)
_1593_/A1                               0.750000    1.057999   -0.307999 (VIOLATED)
_1606_/A1                               0.750000    1.057999   -0.307999 (VIOLATED)
_1625_/A1                               0.750000    1.057999   -0.307999 (VIOLATED)
_1637_/A2                               0.750000    1.057999   -0.307999 (VIOLATED)
fanout103/X                             0.750000    1.057999   -0.307999 (VIOLATED)
_1513_/A1                               0.750000    1.047305   -0.297305 (VIOLATED)
_1460_/A1                               0.750000    1.047301   -0.297301 (VIOLATED)
_1444_/D1                               0.750000    1.047300   -0.297300 (VIOLATED)
_1401_/A1                               0.750000    1.047290   -0.297290 (VIOLATED)
_1353_/B1                               0.750000    1.047283   -0.297283 (VIOLATED)
_1306_/A1                               0.750000    1.047278   -0.297278 (VIOLATED)
_1290_/B1                               0.750000    1.047275   -0.297275 (VIOLATED)
_1231_/A1                               0.750000    1.047269   -0.297269 (VIOLATED)
_1190_/A1                               0.750000    1.047262   -0.297262 (VIOLATED)
_1209_/A1                               0.750000    1.047262   -0.297262 (VIOLATED)
fanout108/X                             0.750000    1.047262   -0.297262 (VIOLATED)
_1491_/B2                               0.750000    0.933776   -0.183776 (VIOLATED)
_1504_/A1                               0.750000    0.933775   -0.183775 (VIOLATED)
_1520_/B2                               0.750000    0.933775   -0.183775 (VIOLATED)
_1536_/B2                               0.750000    0.933774   -0.183774 (VIOLATED)
_1555_/A1                               0.750000    0.933773   -0.183773 (VIOLATED)
_0873_/B1                               0.750000    0.933770   -0.183770 (VIOLATED)
_1097_/B1                               0.750000    0.933770   -0.183770 (VIOLATED)
_1584_/A1                               0.750000    0.933770   -0.183770 (VIOLATED)
_1628_/A1                               0.750000    0.933770   -0.183770 (VIOLATED)
_1643_/A1                               0.750000    0.933770   -0.183770 (VIOLATED)
fanout122/X                             0.750000    0.933770   -0.183770 (VIOLATED)
_1284_/B2                               0.750000    0.927919   -0.177919 (VIOLATED)
_1374_/A                                0.750000    0.927918   -0.177918 (VIOLATED)
_1346_/B2                               0.750000    0.927917   -0.177917 (VIOLATED)
_1303_/B2                               0.750000    0.927917   -0.177917 (VIOLATED)
_1324_/A1                               0.750000    0.927912   -0.177912 (VIOLATED)
_1400_/A1                               0.750000    0.927907   -0.177907 (VIOLATED)
_1424_/A1                               0.750000    0.927900   -0.177900 (VIOLATED)
_1365_/A1                               0.750000    0.927894   -0.177894 (VIOLATED)
_0884_/A1                               0.750000    0.927892   -0.177892 (VIOLATED)
_1096_/C1                               0.750000    0.927892   -0.177892 (VIOLATED)
fanout124/X                             0.750000    0.927892   -0.177892 (VIOLATED)
_0863_/A1                               0.750000    0.818031   -0.068031 (VIOLATED)
_0881_/A                                0.750000    0.818031   -0.068031 (VIOLATED)
_1096_/A1                               0.750000    0.818031   -0.068031 (VIOLATED)
_1128_/A1                               0.750000    0.818031   -0.068031 (VIOLATED)
_1163_/A1                               0.750000    0.818031   -0.068031 (VIOLATED)
_1187_/S1                               0.750000    0.818031   -0.068031 (VIOLATED)
_1205_/S1                               0.750000    0.818031   -0.068031 (VIOLATED)
_1227_/A1                               0.750000    0.818031   -0.068031 (VIOLATED)
_1260_/A1                               0.750000    0.818031   -0.068031 (VIOLATED)
_1275_/A                                0.750000    0.818031   -0.068031 (VIOLATED)
fanout149/X                             0.750000    0.818031   -0.068031 (VIOLATED)
_1398_/S                                0.750000    0.810266   -0.060267 (VIOLATED)
_1316_/S1                               0.750000    0.810266   -0.060266 (VIOLATED)
_1458_/S                                0.750000    0.810266   -0.060266 (VIOLATED)
_1472_/A                                0.750000    0.810266   -0.060266 (VIOLATED)
_1319_/S                                0.750000    0.810266   -0.060266 (VIOLATED)
_1216_/S1                               0.750000    0.810265   -0.060265 (VIOLATED)
_1237_/S1                               0.750000    0.810265   -0.060265 (VIOLATED)
_1279_/S                                0.750000    0.810265   -0.060265 (VIOLATED)
_1301_/S                                0.750000    0.810265   -0.060265 (VIOLATED)
_1343_/S1                               0.750000    0.810265   -0.060265 (VIOLATED)
fanout145/X                             0.750000    0.810265   -0.060265 (VIOLATED)
_1079_/S                                0.750000    0.802422   -0.052422 (VIOLATED)
_1085_/S                                0.750000    0.802422   -0.052422 (VIOLATED)
_1196_/A1                               0.750000    0.802422   -0.052422 (VIOLATED)
_1197_/A1                               0.750000    0.802422   -0.052422 (VIOLATED)
_1244_/B                                0.750000    0.802422   -0.052422 (VIOLATED)
_1245_/B                                0.750000    0.802422   -0.052422 (VIOLATED)
_1297_/A1                               0.750000    0.802422   -0.052422 (VIOLATED)
_1395_/A                                0.750000    0.802422   -0.052422 (VIOLATED)
_1416_/B                                0.750000    0.802422   -0.052422 (VIOLATED)
_1543_/A1                               0.750000    0.802422   -0.052422 (VIOLATED)
fanout161/X                             0.750000    0.802422   -0.052422 (VIOLATED)
_1567_/A0                               0.750000    0.789801   -0.039801 (VIOLATED)
_1074_/A0                               0.750000    0.789800   -0.039800 (VIOLATED)
_0843_/A1                               0.750000    0.789800   -0.039800 (VIOLATED)
_1586_/A1                               0.750000    0.789800   -0.039800 (VIOLATED)
_1112_/A3                               0.750000    0.789797   -0.039797 (VIOLATED)
_0917_/B                                0.750000    0.789797   -0.039797 (VIOLATED)
_1142_/A2                               0.750000    0.789797   -0.039797 (VIOLATED)
_0919_/B                                0.750000    0.789797   -0.039797 (VIOLATED)
_0918_/B                                0.750000    0.789793   -0.039793 (VIOLATED)
_0826_/A                                0.750000    0.789793   -0.039793 (VIOLATED)
input18/X                               0.750000    0.789793   -0.039793 (VIOLATED)
_1561_/B1                               0.750000    0.774840   -0.024840 (VIOLATED)
_1560_/Y                                0.750000    0.774835   -0.024835 (VIOLATED)
_1473_/A1                               0.750000    0.755938   -0.005938 (VIOLATED)
_1121_/B2                               0.750000    0.755938   -0.005938 (VIOLATED)
_1434_/A1                               0.750000    0.755937   -0.005937 (VIOLATED)
_0845_/S                                0.750000    0.755936   -0.005936 (VIOLATED)
_1094_/C1                               0.750000    0.755936   -0.005936 (VIOLATED)
_1126_/C1                               0.750000    0.755936   -0.005936 (VIOLATED)
_1161_/C1                               0.750000    0.755936   -0.005936 (VIOLATED)
_1266_/A                                0.750000    0.755936   -0.005936 (VIOLATED)
_1267_/A1                               0.750000    0.755936   -0.005936 (VIOLATED)
_1268_/A1                               0.750000    0.755936   -0.005936 (VIOLATED)
fanout162/X                             0.750000    0.755936   -0.005936 (VIOLATED)



===========================================================================
report_parasitic_annotation -report_unannotated
============================================================================
Found 0 unannotated drivers.
Found 0 partially unannotated drivers.

===========================================================================
max slew violation count 123
max fanout violation count 0
max cap violation count 0
============================================================================

===========================================================================
check_setup -verbose -unconstrained_endpoints -multiple_clock -no_clock -no_input_delay -loops -generated_clocks
===========================================================================
