                                                                       Cells by Function                                                                        
┏━━━━━━━━━━━━━━━━━━━━━━━━━━━━━━━━━━━━━━━━━━━━━━━━━━━━━━━━━━━━━━━━━━━━━━━━━━━━━━━━━━━━━━━━━━━━━━━━━━━━━━━━━━━━━━━━━━━━━━━━━━━━━━━━━┳━━━━━━━━━━━━━━━━━━━━━━━━━━━━┓
┃ Cell Function                                                                                                                   ┃ Count                      ┃
┡━━━━━━━━━━━━━━━━━━━━━━━━━━━━━━━━━━━━━━━━━━━━━━━━━━━━━━━━━━━━━━━━━━━━━━━━━━━━━━━━━━━━━━━━━━━━━━━━━━━━━━━━━━━━━━━━━━━━━━━━━━━━━━━━━╇━━━━━━━━━━━━━━━━━━━━━━━━━━━━┩
│ sky130_fd_sc_hd__a2111o                                                                                                         │ 1                          │
│ sky130_fd_sc_hd__a211o                                                                                                          │ 34                         │
│ sky130_fd_sc_hd__a211oi                                                                                                         │ 4                          │
│ sky130_fd_sc_hd__a21bo                                                                                                          │ 9                          │
│ sky130_fd_sc_hd__a21boi                                                                                                         │ 1                          │
│ sky130_fd_sc_hd__a21o                                                                                                           │ 55                         │
│ sky130_fd_sc_hd__a21oi                                                                                                          │ 32                         │
│ sky130_fd_sc_hd__a221o                                                                                                          │ 24                         │
│ sky130_fd_sc_hd__a221oi                                                                                                         │ 1                          │
│ sky130_fd_sc_hd__a22o                                                                                                           │ 24                         │
│ sky130_fd_sc_hd__a22oi                                                                                                          │ 1                          │
│ sky130_fd_sc_hd__a2bb2o                                                                                                         │ 12                         │
│ sky130_fd_sc_hd__a311o                                                                                                          │ 9                          │
│ sky130_fd_sc_hd__a311oi                                                                                                         │ 3                          │
│ sky130_fd_sc_hd__a31o                                                                                                           │ 37                         │
│ sky130_fd_sc_hd__a32o                                                                                                           │ 5                          │
│ sky130_fd_sc_hd__a41o                                                                                                           │ 3                          │
│ sky130_fd_sc_hd__and2                                                                                                           │ 20                         │
│ sky130_fd_sc_hd__and2b                                                                                                          │ 18                         │
│ sky130_fd_sc_hd__and3                                                                                                           │ 21                         │
│ sky130_fd_sc_hd__and3b                                                                                                          │ 2                          │
│ sky130_fd_sc_hd__and4                                                                                                           │ 1                          │
│ sky130_fd_sc_hd__and4b                                                                                                          │ 2                          │
│ sky130_fd_sc_hd__and4bb                                                                                                         │ 1                          │
│ sky130_fd_sc_hd__buf                                                                                                            │ 182                        │
│ sky130_fd_sc_hd__clkbuf                                                                                                         │ 28                         │
│ sky130_fd_sc_hd__clkdlybuf4s15                                                                                                  │ 2                          │
│ sky130_fd_sc_hd__clkdlybuf4s25                                                                                                  │ 73                         │
│ sky130_fd_sc_hd__decap                                                                                                          │ 1994                       │
│ sky130_fd_sc_hd__dlygate4sd1                                                                                                    │ 2                          │
│ sky130_fd_sc_hd__dlymetal6s2s                                                                                                   │ 12                         │
│ sky130_fd_sc_hd__dlymetal6s4s                                                                                                   │ 5                          │
│ sky130_fd_sc_hd__fill                                                                                                           │ 615                        │
│ sky130_fd_sc_hd__inv                                                                                                            │ 27                         │
│ sky130_fd_sc_hd__mux2                                                                                                           │ 99                         │
│ sky130_fd_sc_hd__mux4                                                                                                           │ 48                         │
│ sky130_fd_sc_hd__nand2                                                                                                          │ 76                         │
│ sky130_fd_sc_hd__nand2b                                                                                                         │ 15                         │
│ sky130_fd_sc_hd__nand3                                                                                                          │ 9                          │
│ sky130_fd_sc_hd__nand3b                                                                                                         │ 7                          │
│ sky130_fd_sc_hd__nor2                                                                                                           │ 47                         │
│ sky130_fd_sc_hd__nor3                                                                                                           │ 2                          │
│ sky130_fd_sc_hd__nor4                                                                                                           │ 1                          │
│ sky130_fd_sc_hd__o2111a                                                                                                         │ 3                          │
│ sky130_fd_sc_hd__o211a                                                                                                          │ 15                         │
│ sky130_fd_sc_hd__o211ai                                                                                                         │ 2                          │
│ sky130_fd_sc_hd__o21a                                                                                                           │ 20                         │
│ sky130_fd_sc_hd__o21ai                                                                                                          │ 14                         │
│ sky130_fd_sc_hd__o21bai                                                                                                         │ 1                          │
│ sky130_fd_sc_hd__o221a                                                                                                          │ 12                         │
│ sky130_fd_sc_hd__o221ai                                                                                                         │ 1                          │
│ sky130_fd_sc_hd__o22a                                                                                                           │ 9                          │
│ sky130_fd_sc_hd__o22ai                                                                                                          │ 4                          │
│ sky130_fd_sc_hd__o2bb2a                                                                                                         │ 2                          │
│ sky130_fd_sc_hd__o311a                                                                                                          │ 1                          │
│ sky130_fd_sc_hd__o31a                                                                                                           │ 3                          │
│ sky130_fd_sc_hd__o31ai                                                                                                          │ 1                          │
│ sky130_fd_sc_hd__o41a                                                                                                           │ 1                          │
│ sky130_fd_sc_hd__or2                                                                                                            │ 53                         │
│ sky130_fd_sc_hd__or3                                                                                                            │ 18                         │
│ sky130_fd_sc_hd__or3b                                                                                                           │ 11                         │
│ sky130_fd_sc_hd__or4                                                                                                            │ 15                         │
│ sky130_fd_sc_hd__or4b                                                                                                           │ 4                          │
│ sky130_fd_sc_hd__tapvpwrvgnd                                                                                                    │ 302                        │
│ sky130_fd_sc_hd__xnor2                                                                                                          │ 13                         │
│ sky130_fd_sc_hd__xor2                                                                                                           │ 4                          │
└─────────────────────────────────────────────────────────────────────────────────────────────────────────────────────────────────┴────────────────────────────┘
