[WARNING ORD-0039] .openroad ignored with -python
                                Cells by Master                                 
┏━━━━━━━━━━━━━━━━━━━━━━━━━━━━━━━━━━━━━━━━━━━━━━━━━━━━━━━━━━━━━━━━┳━━━━━━━━━━━━━┓
┃ Cell                                                           ┃ Count       ┃
┡━━━━━━━━━━━━━━━━━━━━━━━━━━━━━━━━━━━━━━━━━━━━━━━━━━━━━━━━━━━━━━━━╇━━━━━━━━━━━━━┩
│ sky130_fd_sc_hd__a2111o_2                                      │ 1           │
│ sky130_fd_sc_hd__a211o_2                                       │ 22          │
│ sky130_fd_sc_hd__a211o_4                                       │ 12          │
│ sky130_fd_sc_hd__a211oi_2                                      │ 3           │
│ sky130_fd_sc_hd__a211oi_4                                      │ 1           │
│ sky130_fd_sc_hd__a21bo_2                                       │ 9           │
│ sky130_fd_sc_hd__a21boi_4                                      │ 1           │
│ sky130_fd_sc_hd__a21o_2                                        │ 51          │
│ sky130_fd_sc_hd__a21o_4                                        │ 4           │
│ sky130_fd_sc_hd__a21oi_2                                       │ 29          │
│ sky130_fd_sc_hd__a21oi_4                                       │ 3           │
│ sky130_fd_sc_hd__a221o_2                                       │ 24          │
│ sky130_fd_sc_hd__a221oi_2                                      │ 1           │
│ sky130_fd_sc_hd__a22o_2                                        │ 20          │
│ sky130_fd_sc_hd__a22o_4                                        │ 4           │
│ sky130_fd_sc_hd__a22oi_2                                       │ 1           │
│ sky130_fd_sc_hd__a2bb2o_2                                      │ 10          │
│ sky130_fd_sc_hd__a2bb2o_4                                      │ 2           │
│ sky130_fd_sc_hd__a311o_2                                       │ 9           │
│ sky130_fd_sc_hd__a311oi_2                                      │ 3           │
│ sky130_fd_sc_hd__a31o_2                                        │ 27          │
│ sky130_fd_sc_hd__a31o_4                                        │ 10          │
│ sky130_fd_sc_hd__a32o_2                                        │ 5           │
│ sky130_fd_sc_hd__a41o_2                                        │ 3           │
│ sky130_fd_sc_hd__and2_2                                        │ 19          │
│ sky130_fd_sc_hd__and2_4                                        │ 1           │
│ sky130_fd_sc_hd__and2b_2                                       │ 18          │
│ sky130_fd_sc_hd__and3_2                                        │ 16          │
│ sky130_fd_sc_hd__and3_4                                        │ 5           │
│ sky130_fd_sc_hd__and3b_2                                       │ 2           │
│ sky130_fd_sc_hd__and4_2                                        │ 1           │
│ sky130_fd_sc_hd__and4b_2                                       │ 2           │
│ sky130_fd_sc_hd__and4bb_2                                      │ 1           │
│ sky130_fd_sc_hd__buf_1                                         │ 2           │
│ sky130_fd_sc_hd__buf_2                                         │ 70          │
│ sky130_fd_sc_hd__buf_4                                         │ 19          │
│ sky130_fd_sc_hd__buf_6                                         │ 62          │
│ sky130_fd_sc_hd__buf_8                                         │ 29          │
│ sky130_fd_sc_hd__clkbuf_2                                      │ 18          │
│ sky130_fd_sc_hd__clkbuf_4                                      │ 10          │
│ sky130_fd_sc_hd__clkdlybuf4s15_2                               │ 2           │
│ sky130_fd_sc_hd__clkdlybuf4s25_1                               │ 73          │
│ sky130_fd_sc_hd__decap_3                                       │ 1994        │
│ sky130_fd_sc_hd__dlygate4sd1_1                                 │ 2           │
│ sky130_fd_sc_hd__dlymetal6s2s_1                                │ 12          │
│ sky130_fd_sc_hd__dlymetal6s4s_1                                │ 5           │
│ sky130_fd_sc_hd__fill_1                                        │ 364         │
│ sky130_fd_sc_hd__fill_2                                        │ 251         │
│ sky130_fd_sc_hd__inv_2                                         │ 26          │
│ sky130_fd_sc_hd__inv_4                                         │ 1           │
│ sky130_fd_sc_hd__mux2_1                                        │ 66          │
│ sky130_fd_sc_hd__mux2_2                                        │ 16          │
│ sky130_fd_sc_hd__mux2_4                                        │ 17          │
│ sky130_fd_sc_hd__mux4_2                                        │ 48          │
│ sky130_fd_sc_hd__nand2_2                                       │ 67          │
│ sky130_fd_sc_hd__nand2_4                                       │ 7           │
│ sky130_fd_sc_hd__nand2_8                                       │ 2           │
│ sky130_fd_sc_hd__nand2b_2                                      │ 15          │
│ sky130_fd_sc_hd__nand3_2                                       │ 9           │
│ sky130_fd_sc_hd__nand3b_2                                      │ 6           │
│ sky130_fd_sc_hd__nand3b_4                                      │ 1           │
│ sky130_fd_sc_hd__nor2_1                                        │ 1           │
│ sky130_fd_sc_hd__nor2_2                                        │ 46          │
│ sky130_fd_sc_hd__nor3_2                                        │ 2           │
│ sky130_fd_sc_hd__nor4_4                                        │ 1           │
│ sky130_fd_sc_hd__o2111a_2                                      │ 3           │
│ sky130_fd_sc_hd__o211a_2                                       │ 14          │
│ sky130_fd_sc_hd__o211a_4                                       │ 1           │
│ sky130_fd_sc_hd__o211ai_2                                      │ 2           │
│ sky130_fd_sc_hd__o21a_2                                        │ 17          │
│ sky130_fd_sc_hd__o21a_4                                        │ 3           │
│ sky130_fd_sc_hd__o21ai_2                                       │ 14          │
│ sky130_fd_sc_hd__o21bai_2                                      │ 1           │
│ sky130_fd_sc_hd__o221a_2                                       │ 10          │
│ sky130_fd_sc_hd__o221a_4                                       │ 2           │
│ sky130_fd_sc_hd__o221ai_2                                      │ 1           │
│ sky130_fd_sc_hd__o22a_2                                        │ 9           │
│ sky130_fd_sc_hd__o22ai_2                                       │ 4           │
│ sky130_fd_sc_hd__o2bb2a_2                                      │ 2           │
│ sky130_fd_sc_hd__o311a_4                                       │ 1           │
│ sky130_fd_sc_hd__o31a_2                                        │ 1           │
│ sky130_fd_sc_hd__o31a_4                                        │ 2           │
│ sky130_fd_sc_hd__o31ai_4                                       │ 1           │
│ sky130_fd_sc_hd__o41a_4                                        │ 1           │
│ sky130_fd_sc_hd__or2_2                                         │ 45          │
│ sky130_fd_sc_hd__or2_4                                         │ 8           │
│ sky130_fd_sc_hd__or3_2                                         │ 8           │
│ sky130_fd_sc_hd__or3_4                                         │ 10          │
│ sky130_fd_sc_hd__or3b_2                                        │ 8           │
│ sky130_fd_sc_hd__or3b_4                                        │ 3           │
│ sky130_fd_sc_hd__or4_2                                         │ 3           │
│ sky130_fd_sc_hd__or4_4                                         │ 12          │
│ sky130_fd_sc_hd__or4b_2                                        │ 2           │
│ sky130_fd_sc_hd__or4b_4                                        │ 2           │
│ sky130_fd_sc_hd__tapvpwrvgnd_1                                 │ 302         │
│ sky130_fd_sc_hd__xnor2_2                                       │ 10          │
│ sky130_fd_sc_hd__xnor2_4                                       │ 3           │
│ sky130_fd_sc_hd__xor2_2                                        │ 3           │
│ sky130_fd_sc_hd__xor2_4                                        │ 1           │
└────────────────────────────────────────────────────────────────┴─────────────┘
                               Cells by Function                                
┏━━━━━━━━━━━━━━━━━━━━━━━━━━━━━━━━━━━━━━━━━━━━━━━━━━━━━━━━━━━━━━━━┳━━━━━━━━━━━━━┓
┃ Cell Function                                                  ┃ Count       ┃
┡━━━━━━━━━━━━━━━━━━━━━━━━━━━━━━━━━━━━━━━━━━━━━━━━━━━━━━━━━━━━━━━━╇━━━━━━━━━━━━━┩
│ sky130_fd_sc_hd__a2111o                                        │ 1           │
│ sky130_fd_sc_hd__a211o                                         │ 34          │
│ sky130_fd_sc_hd__a211oi                                        │ 4           │
│ sky130_fd_sc_hd__a21bo                                         │ 9           │
│ sky130_fd_sc_hd__a21boi                                        │ 1           │
│ sky130_fd_sc_hd__a21o                                          │ 55          │
│ sky130_fd_sc_hd__a21oi                                         │ 32          │
│ sky130_fd_sc_hd__a221o                                         │ 24          │
│ sky130_fd_sc_hd__a221oi                                        │ 1           │
│ sky130_fd_sc_hd__a22o                                          │ 24          │
│ sky130_fd_sc_hd__a22oi                                         │ 1           │
│ sky130_fd_sc_hd__a2bb2o                                        │ 12          │
│ sky130_fd_sc_hd__a311o                                         │ 9           │
│ sky130_fd_sc_hd__a311oi                                        │ 3           │
│ sky130_fd_sc_hd__a31o                                          │ 37          │
│ sky130_fd_sc_hd__a32o                                          │ 5           │
│ sky130_fd_sc_hd__a41o                                          │ 3           │
│ sky130_fd_sc_hd__and2                                          │ 20          │
│ sky130_fd_sc_hd__and2b                                         │ 18          │
│ sky130_fd_sc_hd__and3                                          │ 21          │
│ sky130_fd_sc_hd__and3b                                         │ 2           │
│ sky130_fd_sc_hd__and4                                          │ 1           │
│ sky130_fd_sc_hd__and4b                                         │ 2           │
│ sky130_fd_sc_hd__and4bb                                        │ 1           │
│ sky130_fd_sc_hd__buf                                           │ 182         │
│ sky130_fd_sc_hd__clkbuf                                        │ 28          │
│ sky130_fd_sc_hd__clkdlybuf4s15                                 │ 2           │
│ sky130_fd_sc_hd__clkdlybuf4s25                                 │ 73          │
│ sky130_fd_sc_hd__decap                                         │ 1994        │
│ sky130_fd_sc_hd__dlygate4sd1                                   │ 2           │
│ sky130_fd_sc_hd__dlymetal6s2s                                  │ 12          │
│ sky130_fd_sc_hd__dlymetal6s4s                                  │ 5           │
│ sky130_fd_sc_hd__fill                                          │ 615         │
│ sky130_fd_sc_hd__inv                                           │ 27          │
│ sky130_fd_sc_hd__mux2                                          │ 99          │
│ sky130_fd_sc_hd__mux4                                          │ 48          │
│ sky130_fd_sc_hd__nand2                                         │ 76          │
│ sky130_fd_sc_hd__nand2b                                        │ 15          │
│ sky130_fd_sc_hd__nand3                                         │ 9           │
│ sky130_fd_sc_hd__nand3b                                        │ 7           │
│ sky130_fd_sc_hd__nor2                                          │ 47          │
│ sky130_fd_sc_hd__nor3                                          │ 2           │
│ sky130_fd_sc_hd__nor4                                          │ 1           │
│ sky130_fd_sc_hd__o2111a                                        │ 3           │
│ sky130_fd_sc_hd__o211a                                         │ 15          │
│ sky130_fd_sc_hd__o211ai                                        │ 2           │
│ sky130_fd_sc_hd__o21a                                          │ 20          │
│ sky130_fd_sc_hd__o21ai                                         │ 14          │
│ sky130_fd_sc_hd__o21bai                                        │ 1           │
│ sky130_fd_sc_hd__o221a                                         │ 12          │
│ sky130_fd_sc_hd__o221ai                                        │ 1           │
│ sky130_fd_sc_hd__o22a                                          │ 9           │
│ sky130_fd_sc_hd__o22ai                                         │ 4           │
│ sky130_fd_sc_hd__o2bb2a                                        │ 2           │
│ sky130_fd_sc_hd__o311a                                         │ 1           │
│ sky130_fd_sc_hd__o31a                                          │ 3           │
│ sky130_fd_sc_hd__o31ai                                         │ 1           │
│ sky130_fd_sc_hd__o41a                                          │ 1           │
│ sky130_fd_sc_hd__or2                                           │ 53          │
│ sky130_fd_sc_hd__or3                                           │ 18          │
│ sky130_fd_sc_hd__or3b                                          │ 11          │
│ sky130_fd_sc_hd__or4                                           │ 15          │
│ sky130_fd_sc_hd__or4b                                          │ 4           │
│ sky130_fd_sc_hd__tapvpwrvgnd                                   │ 302         │
│ sky130_fd_sc_hd__xnor2                                         │ 13          │
│ sky130_fd_sc_hd__xor2                                          │ 4           │
└────────────────────────────────────────────────────────────────┴─────────────┘
                                  Cells by SCL                                  
┏━━━━━━━━━━━━━━━━━━━━━━━━━━━━━━━━━━━━━━━━━━━━━━━━━━━━━━━┳━━━━━━━━━━━━━━━━━━━━━━┓
┃ SCL                                                   ┃ Count                ┃
┡━━━━━━━━━━━━━━━━━━━━━━━━━━━━━━━━━━━━━━━━━━━━━━━━━━━━━━━╇━━━━━━━━━━━━━━━━━━━━━━┩
│ sky130_fd_sc_hd                                       │ 4073                 │
└───────────────────────────────────────────────────────┴──────────────────────┘
                             Buffers by Cell Master                             
┏━━━━━━━━━━━━━━━━━━━━━━━━━━━━━━━━━━━━━━━━━━━━━━━━━━━━━━━━━━━━━━━━┳━━━━━━━━━━━━━┓
┃ Buffer                                                         ┃ Count       ┃
┡━━━━━━━━━━━━━━━━━━━━━━━━━━━━━━━━━━━━━━━━━━━━━━━━━━━━━━━━━━━━━━━━╇━━━━━━━━━━━━━┩
│ sky130_fd_sc_hd__buf_1                                         │ 2           │
│ sky130_fd_sc_hd__buf_2                                         │ 70          │
│ sky130_fd_sc_hd__buf_4                                         │ 19          │
│ sky130_fd_sc_hd__buf_6                                         │ 62          │
│ sky130_fd_sc_hd__buf_8                                         │ 29          │
│ sky130_fd_sc_hd__clkbuf_2                                      │ 18          │
│ sky130_fd_sc_hd__clkbuf_4                                      │ 10          │
│ sky130_fd_sc_hd__clkdlybuf4s15_2                               │ 2           │
│ sky130_fd_sc_hd__clkdlybuf4s25_1                               │ 73          │
│ sky130_fd_sc_hd__dlygate4sd1_1                                 │ 2           │
│ sky130_fd_sc_hd__dlymetal6s2s_1                                │ 12          │
│ sky130_fd_sc_hd__dlymetal6s4s_1                                │ 5           │
└────────────────────────────────────────────────────────────────┴─────────────┘
