┏━━━━━━━━━━━━━━━━━━━━━━┳━━━━━━━━━━┳━━━━━━━━━━┳━━━━━━━━━━┳━━━━━━━━━━┳━━━━━━━━━━━┳━━━━━━━━━━┳━━━━━━━━━━━┳━━━━━━━━━━┳━━━━━━━━━━━┳━━━━━━━━━━┳━━━━━━━━━━━┳━━━━━━━━━━┓
┃                      ┃ Hold     ┃ Reg to   ┃          ┃          ┃ of which  ┃ Setup    ┃           ┃          ┃           ┃ of which ┃           ┃          ┃
┃                      ┃ Worst    ┃ Reg      ┃          ┃ Hold Vio ┃ reg to    ┃ Worst    ┃ Reg to    ┃ Setup    ┃ Setup Vio ┃ reg to   ┃ Max Cap   ┃ Max Slew ┃
┃ Corner/Group         ┃ Slack    ┃ Paths    ┃ Hold TNS ┃ Count    ┃ reg       ┃ Slack    ┃ Reg Paths ┃ TNS      ┃ Count     ┃ reg      ┃ Violatio… ┃ Violati… ┃
┡━━━━━━━━━━━━━━━━━━━━━━╇━━━━━━━━━━╇━━━━━━━━━━╇━━━━━━━━━━╇━━━━━━━━━━╇━━━━━━━━━━━╇━━━━━━━━━━╇━━━━━━━━━━━╇━━━━━━━━━━╇━━━━━━━━━━━╇━━━━━━━━━━╇━━━━━━━━━━━╇━━━━━━━━━━┩
│ Overall              │ 4.1857   │ N/A      │ 0.0000   │ 0        │ 0         │ -5.1491  │ N/A       │ -36.0886 │ 99        │ 0        │ 1         │ 166      │
│ nom_tt_025C_1v80     │ 4.4220   │ N/A      │ 0.0000   │ 0        │ 0         │ 0.3120   │ N/A       │ 0.0000   │ 0         │ 0        │ 0         │ 11       │
│ nom_ss_100C_1v60     │ 5.0093   │ N/A      │ 0.0000   │ 0        │ 0         │ -4.9974  │ N/A       │ -33.7480 │ 33        │ 0        │ 0         │ 123      │
│ nom_ff_n40C_1v95     │ 4.1912   │ N/A      │ 0.0000   │ 0        │ 0         │ 2.4159   │ N/A       │ 0.0000   │ 0         │ 0        │ 0         │ 0        │
│ min_tt_025C_1v80     │ 4.4141   │ N/A      │ 0.0000   │ 0        │ 0         │ 0.3964   │ N/A       │ 0.0000   │ 0         │ 0        │ 0         │ 11       │
│ min_ss_100C_1v60     │ 4.9963   │ N/A      │ 0.0000   │ 0        │ 0         │ -4.8385  │ N/A       │ -31.4104 │ 33        │ 0        │ 0         │ 99       │
│ min_ff_n40C_1v95     │ 4.1857   │ N/A      │ 0.0000   │ 0        │ 0         │ 2.4726   │ N/A       │ 0.0000   │ 0         │ 0        │ 0         │ 0        │
│ max_tt_025C_1v80     │ 4.4293   │ N/A      │ 0.0000   │ 0        │ 0         │ 0.2285   │ N/A       │ 0.0000   │ 0         │ 0        │ 0         │ 11       │
│ max_ss_100C_1v60     │ 5.0209   │ N/A      │ 0.0000   │ 0        │ 0         │ -5.1491  │ N/A       │ -36.0886 │ 33        │ 0        │ 1         │ 166      │
│ max_ff_n40C_1v95     │ 4.1966   │ N/A      │ 0.0000   │ 0        │ 0         │ 2.3610   │ N/A       │ 0.0000   │ 0         │ 0        │ 0         │ 11       │
└──────────────────────┴──────────┴──────────┴──────────┴──────────┴───────────┴──────────┴───────────┴──────────┴───────────┴──────────┴───────────┴──────────┘
