123. Printing statistics.

=== registerfile ===

        +----------Local Count, excluding submodules.
        |        +-Local Area, excluding submodules.
        |        | 
     4201        - wires
     5298        - wire bits
       41        - public wires
     1138        - public wire bits
        9        - ports
      114        - port bits
     5248 2.18E+04 cells
       98        -   $_ANDNOT_
        2        -   $_AND_
     4032        -   $_MUX_
        2        -   $_NAND_
        1        -   $_NOR_
        3        -   $_NOT_
        4        -   $_ORNOT_
       82        -   $_OR_
     1024 2.18E+04   sky130_fd_sc_hd__dfxtp_2

   Area for cell type $_ANDNOT_ is unknown!
   Area for cell type $_AND_ is unknown!
   Area for cell type $_MUX_ is unknown!
   Area for cell type $_NAND_ is unknown!
   Area for cell type $_NOR_ is unknown!
   Area for cell type $_NOT_ is unknown!
   Area for cell type $_ORNOT_ is unknown!
   Area for cell type $_OR_ is unknown!

   Chip area for module '\registerfile': 21780.889600
     of which used for sequential elements: 21780.889600 (100.00%)

