117. Printing statistics.

=== registerfile ===

        +----------Local Count, excluding submodules.
        | 
     2153 wires
     3250 wire bits
       41 public wires
     1138 public wire bits
        9 ports
      114 port bits
     3200 cells
       98   $_ANDNOT_
        2   $_AND_
     1984   $_MUX_
        2   $_NAND_
        1   $_NOR_
        3   $_NOT_
        4   $_ORNOT_
       82   $_OR_
     1024   $_SDFFCE_PN0P_

   Area for cell type $_ANDNOT_ is unknown!
   Area for cell type $_AND_ is unknown!
   Area for cell type $_MUX_ is unknown!
   Area for cell type $_NAND_ is unknown!
   Area for cell type $_NOR_ is unknown!
   Area for cell type $_NOT_ is unknown!
   Area for cell type $_ORNOT_ is unknown!
   Area for cell type $_OR_ is unknown!
   Area for cell type $_SDFFCE_PN0P_ is unknown!

