131. Printing statistics.

=== registerfile ===

        +----------Local Count, excluding submodules.
        |        +-Local Area, excluding submodules.
        |        | 
     3525        - wires
     3630        - wire bits
     1033        - public wires
     1138        - public wire bits
        9        - ports
      114        - port bits
     3580 5.05E+04 cells
       11  110.106   sky130_fd_sc_hd__a211o_2
       65  569.296   sky130_fd_sc_hd__a21o_2
     1092 1.09E+04   sky130_fd_sc_hd__a22o_2
        1   11.261   sky130_fd_sc_hd__a311o_2
       36  315.302   sky130_fd_sc_hd__a31o_2
       26  292.781   sky130_fd_sc_hd__a32o_2
       11   82.579   sky130_fd_sc_hd__and2_2
       36  315.302   sky130_fd_sc_hd__and2b_2
        5   37.536   sky130_fd_sc_hd__and3_2
        2   22.522   sky130_fd_sc_hd__and4b_2
     1024 2.18E+04   sky130_fd_sc_hd__dfxtp_2
        4   15.014   sky130_fd_sc_hd__inv_2
      472 5.32E+03   sky130_fd_sc_hd__mux2_1
      280 6.31E+03   sky130_fd_sc_hd__mux4_2
        4   25.024   sky130_fd_sc_hd__nand2_2
        4   35.034   sky130_fd_sc_hd__nand2b_2
        1   11.261   sky130_fd_sc_hd__nand3b_2
       67  419.152   sky130_fd_sc_hd__nor2_2
       98  980.941   sky130_fd_sc_hd__o211a_2
       55  481.712   sky130_fd_sc_hd__o21a_2
        6    52.55   sky130_fd_sc_hd__o21ai_2
        7   78.826   sky130_fd_sc_hd__o221a_2
      136 1.36E+03   sky130_fd_sc_hd__o22a_2
       24   240.23   sky130_fd_sc_hd__o31a_2
       97  606.832   sky130_fd_sc_hd__or2_2
        2   15.014   sky130_fd_sc_hd__or3_2
       13  113.859   sky130_fd_sc_hd__or3b_2
        1    10.01   sky130_fd_sc_hd__or4b_2

   Chip area for module '\registerfile': 50535.968000
     of which used for sequential elements: 21780.889600 (43.10%)

