
===========================================================================
report_checks -unconstrained
===========================================================================
======================= min_ss_100C_1v60 Corner ===================================

Startpoint: control[0] (input port clocked by __VIRTUAL_CLK__)
Endpoint: zero (output port clocked by __VIRTUAL_CLK__)
Path Group: __VIRTUAL_CLK__
Path Type: max

Fanout         Cap        Slew       Delay        Time   Description
---------------------------------------------------------------------------------------------
                      0.000000    0.000000    0.000000   clock __VIRTUAL_CLK__ (rise edge)
                                  0.000000    0.000000   clock network delay (ideal)
                                  2.000000    2.000000 ^ input external delay
     1    0.003087    0.034156    0.017283    2.017283 ^ control[0] (in)
                                                         control[0] (net)
                      0.034156    0.000000    2.017283 ^ input65/A (sky130_fd_sc_hd__clkdlybuf4s25_1)
     5    0.019441    0.324060    0.632416    2.649699 ^ input65/X (sky130_fd_sc_hd__clkdlybuf4s25_1)
                                                         net65 (net)
                      0.324060    0.000495    2.650194 ^ fanout156/A (sky130_fd_sc_hd__buf_4)
    10    0.037712    0.180511    0.402742    3.052936 ^ fanout156/X (sky130_fd_sc_hd__buf_4)
                                                         net156 (net)
                      0.180511    0.000399    3.053335 ^ _0868_/A (sky130_fd_sc_hd__or2_2)
     5    0.021629    0.186846    0.337582    3.390918 ^ _0868_/X (sky130_fd_sc_hd__or2_2)
                                                         _0043_ (net)
                      0.186846    0.000056    3.390973 ^ _1104_/B (sky130_fd_sc_hd__or2_2)
     4    0.044045    0.359380    0.462155    3.853128 ^ _1104_/X (sky130_fd_sc_hd__or2_2)
                                                         _0278_ (net)
                      0.359380    0.000967    3.854095 ^ fanout107/A (sky130_fd_sc_hd__dlymetal6s2s_1)
    10    0.092082    1.356874    1.190183    5.044278 ^ fanout107/X (sky130_fd_sc_hd__dlymetal6s2s_1)
                                                         net107 (net)
                      1.356882    0.002825    5.047102 ^ _1152_/B1 (sky130_fd_sc_hd__a21oi_2)
     1    0.002886    0.234414    0.236278    5.283380 v _1152_/Y (sky130_fd_sc_hd__a21oi_2)
                                                         _0324_ (net)
                      0.234414    0.000027    5.283407 v _1153_/B1 (sky130_fd_sc_hd__o21a_2)
     1    0.002038    0.054846    0.279199    5.562606 v _1153_/X (sky130_fd_sc_hd__o21a_2)
                                                         _0325_ (net)
                      0.054846    0.000013    5.562619 v _1169_/A (sky130_fd_sc_hd__or4b_2)
     1    0.002846    0.215598    1.544470    7.107090 v _1169_/X (sky130_fd_sc_hd__or4b_2)
                                                         _0341_ (net)
                      0.215598    0.000028    7.107118 v _1170_/B1 (sky130_fd_sc_hd__a21o_2)
     2    0.005804    0.072413    0.414023    7.521141 v _1170_/X (sky130_fd_sc_hd__a21o_2)
                                                         net94 (net)
                      0.072413    0.000069    7.521211 v _1671_/C (sky130_fd_sc_hd__or4_4)
     1    0.005613    0.157052    0.959643    8.480854 v _1671_/X (sky130_fd_sc_hd__or4_4)
                                                         _0814_ (net)
                      0.157052    0.000123    8.480976 v _1672_/A (sky130_fd_sc_hd__or2_4)
     1    0.011854    0.098734    0.533352    9.014328 v _1672_/X (sky130_fd_sc_hd__or2_4)
                                                         _0815_ (net)
                      0.098734    0.000503    9.014831 v _1674_/C (sky130_fd_sc_hd__or4_4)
     1    0.024512    0.222271    1.083690   10.098520 v _1674_/X (sky130_fd_sc_hd__or4_4)
                                                         _0817_ (net)
                      0.222271    0.000580   10.099100 v _1677_/D (sky130_fd_sc_hd__or4_4)
     1    0.003756    0.148859    0.871579   10.970680 v _1677_/X (sky130_fd_sc_hd__or4_4)
                                                         _0820_ (net)
                      0.148859    0.000048   10.970728 v _1678_/C (sky130_fd_sc_hd__or4_4)
     1    0.009171    0.170899    1.011647   11.982374 v _1678_/X (sky130_fd_sc_hd__or4_4)
                                                         _0821_ (net)
                      0.170899    0.000113   11.982488 v _1682_/D (sky130_fd_sc_hd__nor4_4)
     1    0.005119    0.330300    0.272169   12.254656 ^ _1682_/Y (sky130_fd_sc_hd__nor4_4)
                                                         net101 (net)
                      0.330300    0.000025   12.254682 ^ output101/A (sky130_fd_sc_hd__buf_6)
     1    0.035914    0.129237    0.333182   12.587863 ^ output101/X (sky130_fd_sc_hd__buf_6)
                                                         zero (net)
                      0.129237    0.000650   12.588512 ^ zero (out)
                                             12.588512   data arrival time

                      0.000000   10.000000   10.000000   clock __VIRTUAL_CLK__ (rise edge)
                                  0.000000   10.000000   clock network delay (ideal)
                                 -0.250000    9.750000   clock uncertainty
                                  0.000000    9.750000   clock reconvergence pessimism
                                 -2.000000    7.750000   output external delay
                                              7.750000   data required time
---------------------------------------------------------------------------------------------
                                              7.750000   data required time
                                            -12.588512   data arrival time
---------------------------------------------------------------------------------------------
                                             -4.838513   slack (VIOLATED)




===========================================================================
report_checks --slack_max -0.01
============================================================================
======================= min_ss_100C_1v60 Corner ===================================

Startpoint: control[0] (input port clocked by __VIRTUAL_CLK__)
Endpoint: zero (output port clocked by __VIRTUAL_CLK__)
Path Group: __VIRTUAL_CLK__
Path Type: max

Fanout         Cap        Slew       Delay        Time   Description
---------------------------------------------------------------------------------------------
                      0.000000    0.000000    0.000000   clock __VIRTUAL_CLK__ (rise edge)
                                  0.000000    0.000000   clock network delay (ideal)
                                  2.000000    2.000000 ^ input external delay
     1    0.003087    0.034156    0.017283    2.017283 ^ control[0] (in)
                                                         control[0] (net)
                      0.034156    0.000000    2.017283 ^ input65/A (sky130_fd_sc_hd__clkdlybuf4s25_1)
     5    0.019441    0.324060    0.632416    2.649699 ^ input65/X (sky130_fd_sc_hd__clkdlybuf4s25_1)
                                                         net65 (net)
                      0.324060    0.000495    2.650194 ^ fanout156/A (sky130_fd_sc_hd__buf_4)
    10    0.037712    0.180511    0.402742    3.052936 ^ fanout156/X (sky130_fd_sc_hd__buf_4)
                                                         net156 (net)
                      0.180511    0.000399    3.053335 ^ _0868_/A (sky130_fd_sc_hd__or2_2)
     5    0.021629    0.186846    0.337582    3.390918 ^ _0868_/X (sky130_fd_sc_hd__or2_2)
                                                         _0043_ (net)
                      0.186846    0.000056    3.390973 ^ _1104_/B (sky130_fd_sc_hd__or2_2)
     4    0.044045    0.359380    0.462155    3.853128 ^ _1104_/X (sky130_fd_sc_hd__or2_2)
                                                         _0278_ (net)
                      0.359380    0.000967    3.854095 ^ fanout107/A (sky130_fd_sc_hd__dlymetal6s2s_1)
    10    0.092082    1.356874    1.190183    5.044278 ^ fanout107/X (sky130_fd_sc_hd__dlymetal6s2s_1)
                                                         net107 (net)
                      1.356882    0.002825    5.047102 ^ _1152_/B1 (sky130_fd_sc_hd__a21oi_2)
     1    0.002886    0.234414    0.236278    5.283380 v _1152_/Y (sky130_fd_sc_hd__a21oi_2)
                                                         _0324_ (net)
                      0.234414    0.000027    5.283407 v _1153_/B1 (sky130_fd_sc_hd__o21a_2)
     1    0.002038    0.054846    0.279199    5.562606 v _1153_/X (sky130_fd_sc_hd__o21a_2)
                                                         _0325_ (net)
                      0.054846    0.000013    5.562619 v _1169_/A (sky130_fd_sc_hd__or4b_2)
     1    0.002846    0.215598    1.544470    7.107090 v _1169_/X (sky130_fd_sc_hd__or4b_2)
                                                         _0341_ (net)
                      0.215598    0.000028    7.107118 v _1170_/B1 (sky130_fd_sc_hd__a21o_2)
     2    0.005804    0.072413    0.414023    7.521141 v _1170_/X (sky130_fd_sc_hd__a21o_2)
                                                         net94 (net)
                      0.072413    0.000069    7.521211 v _1671_/C (sky130_fd_sc_hd__or4_4)
     1    0.005613    0.157052    0.959643    8.480854 v _1671_/X (sky130_fd_sc_hd__or4_4)
                                                         _0814_ (net)
                      0.157052    0.000123    8.480976 v _1672_/A (sky130_fd_sc_hd__or2_4)
     1    0.011854    0.098734    0.533352    9.014328 v _1672_/X (sky130_fd_sc_hd__or2_4)
                                                         _0815_ (net)
                      0.098734    0.000503    9.014831 v _1674_/C (sky130_fd_sc_hd__or4_4)
     1    0.024512    0.222271    1.083690   10.098520 v _1674_/X (sky130_fd_sc_hd__or4_4)
                                                         _0817_ (net)
                      0.222271    0.000580   10.099100 v _1677_/D (sky130_fd_sc_hd__or4_4)
     1    0.003756    0.148859    0.871579   10.970680 v _1677_/X (sky130_fd_sc_hd__or4_4)
                                                         _0820_ (net)
                      0.148859    0.000048   10.970728 v _1678_/C (sky130_fd_sc_hd__or4_4)
     1    0.009171    0.170899    1.011647   11.982374 v _1678_/X (sky130_fd_sc_hd__or4_4)
                                                         _0821_ (net)
                      0.170899    0.000113   11.982488 v _1682_/D (sky130_fd_sc_hd__nor4_4)
     1    0.005119    0.330300    0.272169   12.254656 ^ _1682_/Y (sky130_fd_sc_hd__nor4_4)
                                                         net101 (net)
                      0.330300    0.000025   12.254682 ^ output101/A (sky130_fd_sc_hd__buf_6)
     1    0.035914    0.129237    0.333182   12.587863 ^ output101/X (sky130_fd_sc_hd__buf_6)
                                                         zero (net)
                      0.129237    0.000650   12.588512 ^ zero (out)
                                             12.588512   data arrival time

                      0.000000   10.000000   10.000000   clock __VIRTUAL_CLK__ (rise edge)
                                  0.000000   10.000000   clock network delay (ideal)
                                 -0.250000    9.750000   clock uncertainty
                                  0.000000    9.750000   clock reconvergence pessimism
                                 -2.000000    7.750000   output external delay
                                              7.750000   data required time
---------------------------------------------------------------------------------------------
                                              7.750000   data required time
                                            -12.588512   data arrival time
---------------------------------------------------------------------------------------------
                                             -4.838513   slack (VIOLATED)




===========================================================================
 report_check_types -max_slew -max_cap -max_fanout -violators
============================================================================
======================= min_ss_100C_1v60 Corner ===================================

max slew

Pin                                        Limit        Slew       Slack
------------------------------------------------------------------------
_1466_/C1                               0.750000    1.356936   -0.606936 (VIOLATED)
_1484_/B1                               0.750000    1.356937   -0.606937 (VIOLATED)
_1412_/C1                               0.750000    1.356934   -0.606934 (VIOLATED)
_1372_/B1                               0.750000    1.356926   -0.606926 (VIOLATED)
_1336_/C1                               0.750000    1.356922   -0.606922 (VIOLATED)
_1311_/B1                               0.750000    1.356916   -0.606916 (VIOLATED)
_1152_/B1                               0.750000    1.356882   -0.606882 (VIOLATED)
_1561_/A1                               0.750000    1.356879   -0.606879 (VIOLATED)
_1105_/B1                               0.750000    1.356874   -0.606874 (VIOLATED)
_1130_/B1                               0.750000    1.356874   -0.606874 (VIOLATED)
fanout107/X                             0.750000    1.356874   -0.606874 (VIOLATED)
_1402_/A1                               0.750000    1.048280   -0.298281 (VIOLATED)
_1351_/B                                0.750000    1.048280   -0.298280 (VIOLATED)
_1329_/A                                0.750000    1.048280   -0.298280 (VIOLATED)
_1325_/A2                               0.750000    1.048277   -0.298277 (VIOLATED)
_1307_/A1                               0.750000    1.048273   -0.298273 (VIOLATED)
_1253_/A                                0.750000    1.048265   -0.298265 (VIOLATED)
_1230_/A1                               0.750000    1.048256   -0.298256 (VIOLATED)
_1140_/A2                               0.750000    1.048256   -0.298256 (VIOLATED)
_1188_/A1                               0.750000    1.048256   -0.298256 (VIOLATED)
_1209_/B2                               0.750000    1.048256   -0.298256 (VIOLATED)
fanout102/X                             0.750000    1.048256   -0.298256 (VIOLATED)
_1495_/A2                               0.750000    1.011960   -0.261960 (VIOLATED)
_1514_/A2                               0.750000    1.011960   -0.261960 (VIOLATED)
_1530_/A1                               0.750000    1.011958   -0.261958 (VIOLATED)
_1545_/A1                               0.750000    1.011957   -0.261957 (VIOLATED)
_1547_/B1                               0.750000    1.011954   -0.261954 (VIOLATED)
_1564_/C1                               0.750000    1.011954   -0.261954 (VIOLATED)
_1593_/A1                               0.750000    1.011954   -0.261954 (VIOLATED)
_1606_/A1                               0.750000    1.011954   -0.261954 (VIOLATED)
_1625_/A1                               0.750000    1.011954   -0.261954 (VIOLATED)
_1637_/A2                               0.750000    1.011954   -0.261954 (VIOLATED)
fanout103/X                             0.750000    1.011954   -0.261954 (VIOLATED)
_1513_/A1                               0.750000    0.995137   -0.245137 (VIOLATED)
_1460_/A1                               0.750000    0.995136   -0.245136 (VIOLATED)
_1444_/D1                               0.750000    0.995135   -0.245135 (VIOLATED)
_1401_/A1                               0.750000    0.995132   -0.245132 (VIOLATED)
_1353_/B1                               0.750000    0.995130   -0.245130 (VIOLATED)
_1190_/A1                               0.750000    0.995129   -0.245129 (VIOLATED)
_1209_/A1                               0.750000    0.995129   -0.245129 (VIOLATED)
_1231_/A1                               0.750000    0.995129   -0.245129 (VIOLATED)
_1290_/B1                               0.750000    0.995129   -0.245129 (VIOLATED)
_1306_/A1                               0.750000    0.995129   -0.245129 (VIOLATED)
fanout108/X                             0.750000    0.995129   -0.245129 (VIOLATED)
_0873_/B1                               0.750000    0.882249   -0.132249 (VIOLATED)
_1097_/B1                               0.750000    0.882249   -0.132249 (VIOLATED)
_1491_/B2                               0.750000    0.882249   -0.132249 (VIOLATED)
_1504_/A1                               0.750000    0.882249   -0.132249 (VIOLATED)
_1520_/B2                               0.750000    0.882249   -0.132249 (VIOLATED)
_1536_/B2                               0.750000    0.882249   -0.132249 (VIOLATED)
_1555_/A1                               0.750000    0.882249   -0.132249 (VIOLATED)
_1584_/A1                               0.750000    0.882249   -0.132249 (VIOLATED)
_1628_/A1                               0.750000    0.882249   -0.132249 (VIOLATED)
_1643_/A1                               0.750000    0.882249   -0.132249 (VIOLATED)
fanout122/X                             0.750000    0.882249   -0.132249 (VIOLATED)
_1284_/B2                               0.750000    0.875245   -0.125245 (VIOLATED)
_1303_/B2                               0.750000    0.875244   -0.125244 (VIOLATED)
_1346_/B2                               0.750000    0.875244   -0.125244 (VIOLATED)
_1374_/A                                0.750000    0.875244   -0.125244 (VIOLATED)
_1324_/A1                               0.750000    0.875242   -0.125242 (VIOLATED)
_1400_/A1                               0.750000    0.875240   -0.125240 (VIOLATED)
_0884_/A1                               0.750000    0.875239   -0.125239 (VIOLATED)
_1096_/C1                               0.750000    0.875239   -0.125239 (VIOLATED)
_1365_/A1                               0.750000    0.875239   -0.125239 (VIOLATED)
_1424_/A1                               0.750000    0.875239   -0.125239 (VIOLATED)
fanout124/X                             0.750000    0.875239   -0.125239 (VIOLATED)
_1216_/S1                               0.750000    0.779767   -0.029767 (VIOLATED)
_1237_/S1                               0.750000    0.779767   -0.029767 (VIOLATED)
_1279_/S                                0.750000    0.779767   -0.029767 (VIOLATED)
_1301_/S                                0.750000    0.779767   -0.029767 (VIOLATED)
_1316_/S1                               0.750000    0.779767   -0.029767 (VIOLATED)
_1319_/S                                0.750000    0.779767   -0.029767 (VIOLATED)
_1343_/S1                               0.750000    0.779767   -0.029767 (VIOLATED)
_1398_/S                                0.750000    0.779767   -0.029767 (VIOLATED)
_1458_/S                                0.750000    0.779767   -0.029767 (VIOLATED)
_1472_/A                                0.750000    0.779767   -0.029767 (VIOLATED)
fanout145/X                             0.750000    0.779767   -0.029767 (VIOLATED)
_0863_/A1                               0.750000    0.777257   -0.027257 (VIOLATED)
_0881_/A                                0.750000    0.777257   -0.027257 (VIOLATED)
_1096_/A1                               0.750000    0.777257   -0.027257 (VIOLATED)
_1128_/A1                               0.750000    0.777257   -0.027257 (VIOLATED)
_1163_/A1                               0.750000    0.777257   -0.027257 (VIOLATED)
_1187_/S1                               0.750000    0.777257   -0.027257 (VIOLATED)
_1205_/S1                               0.750000    0.777257   -0.027257 (VIOLATED)
_1227_/A1                               0.750000    0.777257   -0.027257 (VIOLATED)
_1260_/A1                               0.750000    0.777257   -0.027257 (VIOLATED)
_1275_/A                                0.750000    0.777257   -0.027257 (VIOLATED)
fanout149/X                             0.750000    0.777257   -0.027257 (VIOLATED)
_1079_/S                                0.750000    0.776018   -0.026018 (VIOLATED)
_1085_/S                                0.750000    0.776018   -0.026018 (VIOLATED)
_1196_/A1                               0.750000    0.776018   -0.026018 (VIOLATED)
_1197_/A1                               0.750000    0.776018   -0.026018 (VIOLATED)
_1244_/B                                0.750000    0.776018   -0.026018 (VIOLATED)
_1245_/B                                0.750000    0.776018   -0.026018 (VIOLATED)
_1297_/A1                               0.750000    0.776018   -0.026018 (VIOLATED)
_1395_/A                                0.750000    0.776018   -0.026018 (VIOLATED)
_1416_/B                                0.750000    0.776018   -0.026018 (VIOLATED)
_1543_/A1                               0.750000    0.776018   -0.026018 (VIOLATED)
fanout161/X                             0.750000    0.776018   -0.026018 (VIOLATED)



===========================================================================
report_parasitic_annotation -report_unannotated
============================================================================
Found 0 unannotated drivers.
Found 0 partially unannotated drivers.

===========================================================================
max slew violation count 99
max fanout violation count 0
max cap violation count 0
============================================================================

===========================================================================
check_setup -verbose -unconstrained_endpoints -multiple_clock -no_clock -no_input_delay -loops -generated_clocks
===========================================================================
