
===========================================================================
Violator List
============================================================================
[setup in-out] control[0] -> zero : -4.838513
[setup in-out] B[1] -> result[27] : -3.142589
[setup in-out] B[4] -> result[31] : -2.512867
[setup in-out] B[1] -> result[23] : -1.959161
[setup in-out] B[1] -> result[30] : -1.724568
[setup in-out] B[1] -> result[0] : -1.564821
[setup in-out] A[21] -> result[21] : -1.447625
[setup in-out] B[1] -> result[29] : -1.381191
[setup in-out] B[1] -> result[28] : -1.345707
[setup in-out] B[1] -> result[26] : -1.246554
[setup in-out] B[1] -> result[22] : -1.102888
[setup in-out] B[0] -> result[19] : -0.901272
[setup in-out] control[0] -> result[24] : -0.840694
[setup in-out] A[21] -> result[17] : -0.727437
[setup in-out] B[1] -> result[25] : -0.679581
[setup in-out] B[1] -> result[18] : -0.674954
[setup in-out] B[0] -> result[10] : -0.643608
[setup in-out] B[0] -> result[12] : -0.608805
[setup in-out] B[0] -> result[7] : -0.531987
[setup in-out] control[0] -> result[16] : -0.482418
[setup in-out] B[0] -> result[9] : -0.460914
[setup in-out] control[0] -> result[2] : -0.378764
[setup in-out] B[1] -> result[20] : -0.355225
[setup in-out] B[0] -> result[6] : -0.335635
[setup in-out] control[0] -> result[1] : -0.324490
[setup in-out] control[0] -> result[3] : -0.275850
[setup in-out] A[21] -> result[5] : -0.234214
[setup in-out] B[0] -> result[13] : -0.190392
[setup in-out] control[3] -> result[15] : -0.151253
[setup in-out] B[0] -> result[11] : -0.117087
[setup in-out] B[0] -> result[4] : -0.086648
[setup in-out] B[0] -> result[14] : -0.074516
[setup in-out] B[0] -> result[8] : -0.068173
