Reading timing models for corner nom_tt_025C_1v80…
Reading timing library for the 'nom_tt_025C_1v80' corner at '/root/.ciel/ciel/sky130/versions/8afc8346a57fe1ab7934ba5a6056ea8b43078e71/sky130A/libs.ref/sky130_fd_sc_hd/lib/sky130_fd_sc_hd__tt_025C_1v80.lib'…
Reading OpenROAD database at '/work/runs/RUN_2026-08-06_09-53-31/32-openroad-repairdesignpostgpl/registerfile.odb'…
Reading design constraints file at '/nix/store/ffl2vg3m80k0p74pyffnmai83fnv38mf-python3-3.13.9-env/lib/python3.13/site-packages/librelane/scripts/base.sdc'…
[INFO] Using clock clk…
[INFO] Setting output delay to: 2
[INFO] Setting input delay to: 2
[INFO] Setting load to: 0.033442
[INFO] Setting clock uncertainty to: 0.25
[INFO] Setting clock transition to: 0.1499999999999999944488848768742172978818416595458984375
[INFO] Setting timing derate to: 5%
+ detailed_placement -max_displacement  500 100 
Placement Analysis
---------------------------------
total displacement          0.0 u
average displacement        0.0 u
max displacement            0.0 u
original HPWL          206336.5 u
legalized HPWL         210785.7 u
delta HPWL                    2 %

[INFO DPL-0020] Mirrored 2020 instances
[INFO DPL-0021] HPWL before          210785.7 u
[INFO DPL-0022] HPWL after           206336.5 u
[INFO DPL-0023] HPWL delta               -2.1 %
Setting global connections for newly added cells…
[INFO] Setting global connections...
[INFO ODB-0403] 0 connections made, 0 conflicts skipped.
Updating metrics…
Cell type report:                       Count       Area
  Fill cell                               232     870.84
  Tap cell                               1416    1771.70
  Timing Repair Buffer                   1136   10288.62
  Inverter                                  4      15.01
  Sequential cell                        1024   21780.89
  Multi-Input combinational cell         2552   28735.06
  Total                                  6364   63462.12
Writing OpenROAD database to '/work/runs/RUN_2026-08-06_09-53-31/34-openroad-detailedplacement/registerfile.odb'…
Writing netlist to '/work/runs/RUN_2026-08-06_09-53-31/34-openroad-detailedplacement/registerfile.nl.v'…
Writing powered netlist to '/work/runs/RUN_2026-08-06_09-53-31/34-openroad-detailedplacement/registerfile.pnl.v'…
Writing layout to '/work/runs/RUN_2026-08-06_09-53-31/34-openroad-detailedplacement/registerfile.def'…
Writing timing constraints to '/work/runs/RUN_2026-08-06_09-53-31/34-openroad-detailedplacement/registerfile.sdc'…
