
===========================================================================
report_checks -unconstrained
===========================================================================
======================= nom_tt_025C_1v80 Corner ===================================

Startpoint: B[0] (input port clocked by __VIRTUAL_CLK__)
Endpoint: zero (output port clocked by __VIRTUAL_CLK__)
Path Group: __VIRTUAL_CLK__
Path Type: max

Fanout         Cap        Slew       Delay        Time   Description
---------------------------------------------------------------------------------------------
                      0.000000    0.000000    0.000000   clock __VIRTUAL_CLK__ (rise edge)
                                  0.000000    0.000000   clock network delay (ideal)
                                  2.000000    2.000000 ^ input external delay
    73    0.377090    1.681016    1.158316    3.158316 ^ B[0] (in)
                                                         B[0] (net)
                      1.681153    0.000000    3.158316 ^ _1076_/S (sky130_fd_sc_hd__mux2_1)
     4    0.008561    0.087234    0.433491    3.591807 v _1076_/X (sky130_fd_sc_hd__mux2_1)
                                                         _0250_ (net)
                      0.087234    0.000046    3.591853 v _1083_/A0 (sky130_fd_sc_hd__mux2_1)
     3    0.008292    0.083148    0.329960    3.921813 v _1083_/X (sky130_fd_sc_hd__mux2_1)
                                                         _0257_ (net)
                      0.083148    0.000044    3.921857 v _1084_/A1 (sky130_fd_sc_hd__mux2_1)
     2    0.006768    0.076811    0.328859    4.250716 v _1084_/X (sky130_fd_sc_hd__mux2_1)
                                                         _0258_ (net)
                      0.076811    0.000008    4.250724 v _1085_/A1 (sky130_fd_sc_hd__mux2_1)
     1    0.002204    0.053147    0.292510    4.543235 v _1085_/X (sky130_fd_sc_hd__mux2_1)
                                                         _0259_ (net)
                      0.053147    0.000000    4.543235 v _1086_/B2 (sky130_fd_sc_hd__a22o_2)
     2    0.009436    0.056172    0.247070    4.790306 v _1086_/X (sky130_fd_sc_hd__a22o_2)
                                                         _0260_ (net)
                      0.056172    0.000096    4.790402 v _1435_/A1 (sky130_fd_sc_hd__o21a_2)
     1    0.006090    0.041584    0.218974    5.009376 v _1435_/X (sky130_fd_sc_hd__o21a_2)
                                                         _0593_ (net)
                      0.041584    0.000082    5.009458 v _1438_/B (sky130_fd_sc_hd__or4_2)
     1    0.003226    0.099940    0.636308    5.645765 v _1438_/X (sky130_fd_sc_hd__or4_2)
                                                         _0596_ (net)
                      0.099940    0.000018    5.645783 v _1445_/B (sky130_fd_sc_hd__or3_2)
     2    0.038732    0.171835    0.604685    6.250468 v _1445_/X (sky130_fd_sc_hd__or3_2)
                                                         result[17] (net)
                      0.171835    0.000074    6.250542 v _1669_/D (sky130_fd_sc_hd__or4_2)
     1    0.006595    0.114619    0.598444    6.848986 v _1669_/X (sky130_fd_sc_hd__or4_2)
                                                         _0812_ (net)
                      0.114619    0.000086    6.849072 v _1674_/A (sky130_fd_sc_hd__or4_2)
     1    0.012930    0.140450    0.742566    7.591638 v _1674_/X (sky130_fd_sc_hd__or4_2)
                                                         _0817_ (net)
                      0.140450    0.000512    7.592150 v _1677_/B (sky130_fd_sc_hd__or4_2)
     1    0.001631    0.092219    0.650168    8.242318 v _1677_/X (sky130_fd_sc_hd__or4_2)
                                                         _0820_ (net)
                      0.092219    0.000003    8.242321 v _1678_/D (sky130_fd_sc_hd__or4_2)
     1    0.004221    0.107131    0.556250    8.798571 v _1678_/X (sky130_fd_sc_hd__or4_2)
                                                         _0821_ (net)
                      0.107131    0.000004    8.798575 v _1682_/C (sky130_fd_sc_hd__nor4_2)
     1    0.034612    0.848381    0.715237    9.513812 ^ _1682_/Y (sky130_fd_sc_hd__nor4_2)
                                                         zero (net)
                      0.848381    0.000267    9.514080 ^ zero (out)
                                              9.514080   data arrival time

                      0.000000   10.000000   10.000000   clock __VIRTUAL_CLK__ (rise edge)
                                  0.000000   10.000000   clock network delay (ideal)
                                 -0.250000    9.750000   clock uncertainty
                                  0.000000    9.750000   clock reconvergence pessimism
                                 -2.000000    7.750000   output external delay
                                              7.750000   data required time
---------------------------------------------------------------------------------------------
                                              7.750000   data required time
                                             -9.514080   data arrival time
---------------------------------------------------------------------------------------------
                                             -1.764080   slack (VIOLATED)




===========================================================================
report_checks --slack_max -0.01
============================================================================
======================= nom_tt_025C_1v80 Corner ===================================

Startpoint: B[0] (input port clocked by __VIRTUAL_CLK__)
Endpoint: zero (output port clocked by __VIRTUAL_CLK__)
Path Group: __VIRTUAL_CLK__
Path Type: max

Fanout         Cap        Slew       Delay        Time   Description
---------------------------------------------------------------------------------------------
                      0.000000    0.000000    0.000000   clock __VIRTUAL_CLK__ (rise edge)
                                  0.000000    0.000000   clock network delay (ideal)
                                  2.000000    2.000000 ^ input external delay
    73    0.377090    1.681016    1.158316    3.158316 ^ B[0] (in)
                                                         B[0] (net)
                      1.681153    0.000000    3.158316 ^ _1076_/S (sky130_fd_sc_hd__mux2_1)
     4    0.008561    0.087234    0.433491    3.591807 v _1076_/X (sky130_fd_sc_hd__mux2_1)
                                                         _0250_ (net)
                      0.087234    0.000046    3.591853 v _1083_/A0 (sky130_fd_sc_hd__mux2_1)
     3    0.008292    0.083148    0.329960    3.921813 v _1083_/X (sky130_fd_sc_hd__mux2_1)
                                                         _0257_ (net)
                      0.083148    0.000044    3.921857 v _1084_/A1 (sky130_fd_sc_hd__mux2_1)
     2    0.006768    0.076811    0.328859    4.250716 v _1084_/X (sky130_fd_sc_hd__mux2_1)
                                                         _0258_ (net)
                      0.076811    0.000008    4.250724 v _1085_/A1 (sky130_fd_sc_hd__mux2_1)
     1    0.002204    0.053147    0.292510    4.543235 v _1085_/X (sky130_fd_sc_hd__mux2_1)
                                                         _0259_ (net)
                      0.053147    0.000000    4.543235 v _1086_/B2 (sky130_fd_sc_hd__a22o_2)
     2    0.009436    0.056172    0.247070    4.790306 v _1086_/X (sky130_fd_sc_hd__a22o_2)
                                                         _0260_ (net)
                      0.056172    0.000096    4.790402 v _1435_/A1 (sky130_fd_sc_hd__o21a_2)
     1    0.006090    0.041584    0.218974    5.009376 v _1435_/X (sky130_fd_sc_hd__o21a_2)
                                                         _0593_ (net)
                      0.041584    0.000082    5.009458 v _1438_/B (sky130_fd_sc_hd__or4_2)
     1    0.003226    0.099940    0.636308    5.645765 v _1438_/X (sky130_fd_sc_hd__or4_2)
                                                         _0596_ (net)
                      0.099940    0.000018    5.645783 v _1445_/B (sky130_fd_sc_hd__or3_2)
     2    0.038732    0.171835    0.604685    6.250468 v _1445_/X (sky130_fd_sc_hd__or3_2)
                                                         result[17] (net)
                      0.171835    0.000074    6.250542 v _1669_/D (sky130_fd_sc_hd__or4_2)
     1    0.006595    0.114619    0.598444    6.848986 v _1669_/X (sky130_fd_sc_hd__or4_2)
                                                         _0812_ (net)
                      0.114619    0.000086    6.849072 v _1674_/A (sky130_fd_sc_hd__or4_2)
     1    0.012930    0.140450    0.742566    7.591638 v _1674_/X (sky130_fd_sc_hd__or4_2)
                                                         _0817_ (net)
                      0.140450    0.000512    7.592150 v _1677_/B (sky130_fd_sc_hd__or4_2)
     1    0.001631    0.092219    0.650168    8.242318 v _1677_/X (sky130_fd_sc_hd__or4_2)
                                                         _0820_ (net)
                      0.092219    0.000003    8.242321 v _1678_/D (sky130_fd_sc_hd__or4_2)
     1    0.004221    0.107131    0.556250    8.798571 v _1678_/X (sky130_fd_sc_hd__or4_2)
                                                         _0821_ (net)
                      0.107131    0.000004    8.798575 v _1682_/C (sky130_fd_sc_hd__nor4_2)
     1    0.034612    0.848381    0.715237    9.513812 ^ _1682_/Y (sky130_fd_sc_hd__nor4_2)
                                                         zero (net)
                      0.848381    0.000267    9.514080 ^ zero (out)
                                              9.514080   data arrival time

                      0.000000   10.000000   10.000000   clock __VIRTUAL_CLK__ (rise edge)
                                  0.000000   10.000000   clock network delay (ideal)
                                 -0.250000    9.750000   clock uncertainty
                                  0.000000    9.750000   clock reconvergence pessimism
                                 -2.000000    7.750000   output external delay
                                              7.750000   data required time
---------------------------------------------------------------------------------------------
                                              7.750000   data required time
                                             -9.514080   data arrival time
---------------------------------------------------------------------------------------------
                                             -1.764080   slack (VIOLATED)




===========================================================================
 report_check_types -max_slew -max_cap -max_fanout -violators
============================================================================
======================= nom_tt_025C_1v80 Corner ===================================

max slew

Pin                                        Limit        Slew       Slack
------------------------------------------------------------------------
_1071_/S0                               0.750000    1.681309   -0.931309 (VIOLATED)
_1113_/S0                               0.750000    1.681310   -0.931310 (VIOLATED)
_0839_/S0                               0.750000    1.681308   -0.931308 (VIOLATED)
_1432_/S0                               0.750000    1.681306   -0.931306 (VIOLATED)
_1087_/S0                               0.750000    1.681303   -0.931303 (VIOLATED)
_1413_/S                                0.750000    1.681304   -0.931304 (VIOLATED)
_1431_/S                                0.750000    1.681304   -0.931305 (VIOLATED)
_1455_/S                                0.750000    1.681304   -0.931305 (VIOLATED)
_1375_/S                                0.750000    1.681301   -0.931301 (VIOLATED)
_0849_/S0                               0.750000    1.681296   -0.931296 (VIOLATED)
_1122_/S0                               0.750000    1.681295   -0.931295 (VIOLATED)
_1157_/S0                               0.750000    1.681296   -0.931296 (VIOLATED)
_1158_/S0                               0.750000    1.681295   -0.931295 (VIOLATED)
_1396_/S0                               0.750000    1.681295   -0.931295 (VIOLATED)
_1337_/S                                0.750000    1.681291   -0.931291 (VIOLATED)
_1358_/S0                               0.750000    1.681274   -0.931274 (VIOLATED)
_1123_/S0                               0.750000    1.681268   -0.931268 (VIOLATED)
_1088_/S0                               0.750000    1.681259   -0.931259 (VIOLATED)
_0850_/S0                               0.750000    1.681251   -0.931251 (VIOLATED)
_1299_/S0                               0.750000    1.681250   -0.931250 (VIOLATED)
_1317_/S0                               0.750000    1.681250   -0.931250 (VIOLATED)
_1338_/S0                               0.750000    1.681251   -0.931251 (VIOLATED)
_1160_/S0                               0.750000    1.681247   -0.931247 (VIOLATED)
_1280_/S0                               0.750000    1.681248   -0.931248 (VIOLATED)
_1125_/S0                               0.750000    1.681240   -0.931240 (VIOLATED)
_1264_/S0                               0.750000    1.681232   -0.931232 (VIOLATED)
_1091_/S0                               0.750000    1.681227   -0.931227 (VIOLATED)
_1240_/S0                               0.750000    1.681218   -0.931218 (VIOLATED)
_0854_/S0                               0.750000    1.681212   -0.931212 (VIOLATED)
_0838_/S0                               0.750000    1.681207   -0.931207 (VIOLATED)
_1143_/S0                               0.750000    1.681207   -0.931207 (VIOLATED)
_1070_/S0                               0.750000    1.681206   -0.931206 (VIOLATED)
_1469_/S                                0.750000    1.681207   -0.931207 (VIOLATED)
_1486_/S                                0.750000    1.681206   -0.931206 (VIOLATED)
_1499_/S                                0.750000    1.681206   -0.931206 (VIOLATED)
_1523_/S                                0.750000    1.681205   -0.931205 (VIOLATED)
_1112_/S0                               0.750000    1.681201   -0.931201 (VIOLATED)
_1538_/S                                0.750000    1.681201   -0.931201 (VIOLATED)
_1556_/S                                0.750000    1.681197   -0.931197 (VIOLATED)
_1142_/S0                               0.750000    1.681195   -0.931195 (VIOLATED)
_0843_/S0                               0.750000    1.681188   -0.931188 (VIOLATED)
_1586_/S                                0.750000    1.681187   -0.931187 (VIOLATED)
_1567_/S                                0.750000    1.681185   -0.931185 (VIOLATED)
_1074_/S                                0.750000    1.681182   -0.931182 (VIOLATED)
_1219_/S0                               0.750000    1.681183   -0.931183 (VIOLATED)
_1090_/S                                0.750000    1.681178   -0.931179 (VIOLATED)
_1599_/S                                0.750000    1.681177   -0.931177 (VIOLATED)
_0853_/S                                0.750000    1.681175   -0.931175 (VIOLATED)
_1115_/S0                               0.750000    1.681174   -0.931174 (VIOLATED)
_1629_/S                                0.750000    1.681165   -0.931165 (VIOLATED)
_1613_/S                                0.750000    1.681164   -0.931164 (VIOLATED)
_1073_/S                                0.750000    1.681160   -0.931160 (VIOLATED)
_1644_/S                                0.750000    1.681160   -0.931160 (VIOLATED)
_1093_/S                                0.750000    1.681159   -0.931159 (VIOLATED)
_0842_/S0                               0.750000    1.681154   -0.931154 (VIOLATED)
_1076_/S                                0.750000    1.681153   -0.931153 (VIOLATED)
_0859_/S                                0.750000    1.681147   -0.931147 (VIOLATED)
_1199_/S0                               0.750000    1.681147   -0.931147 (VIOLATED)
_0858_/S                                0.750000    1.681143   -0.931143 (VIOLATED)
_1164_/S0                               0.750000    1.681143   -0.931143 (VIOLATED)
_1182_/S0                               0.750000    1.681143   -0.931143 (VIOLATED)
_1081_/A_N                              0.750000    1.681141   -0.931141 (VIOLATED)
_1663_/A2                               0.750000    1.681141   -0.931141 (VIOLATED)
_1092_/S                                0.750000    1.681138   -0.931138 (VIOLATED)
_0841_/S                                0.750000    1.681124   -0.931124 (VIOLATED)
_1136_/B2                               0.750000    1.681125   -0.931125 (VIOLATED)
_1135_/S                                0.750000    1.681122   -0.931122 (VIOLATED)
_0835_/A                                0.750000    1.681108   -0.931108 (VIOLATED)
_0876_/B                                0.750000    1.681108   -0.931108 (VIOLATED)
_0883_/A1                               0.750000    1.681102   -0.931102 (VIOLATED)
_0873_/A1                               0.750000    1.681101   -0.931101 (VIOLATED)
_0867_/A                                0.750000    1.681094   -0.931094 (VIOLATED)
_0959_/B                                0.750000    1.681065   -0.931065 (VIOLATED)
B[0]                                    0.750000    1.681016   -0.931016 (VIOLATED)
_1393_/B2                               0.750000    1.074083   -0.324083 (VIOLATED)
_1420_/A1                               0.750000    1.074083   -0.324083 (VIOLATED)
_1453_/B2                               0.750000    1.074083   -0.324083 (VIOLATED)
_1504_/B2                               0.750000    1.074082   -0.324082 (VIOLATED)
_1239_/B2                               0.750000    1.074081   -0.324081 (VIOLATED)
_1284_/A1                               0.750000    1.074081   -0.324081 (VIOLATED)
_0869_/Y                                0.750000    1.074080   -0.324080 (VIOLATED)
_0872_/A1                               0.750000    1.074080   -0.324080 (VIOLATED)
_1184_/A1                               0.750000    1.074080   -0.324080 (VIOLATED)
_1218_/B2                               0.750000    1.074080   -0.324080 (VIOLATED)
_1555_/B2                               0.750000    1.074080   -0.324080 (VIOLATED)
_1584_/B2                               0.750000    1.074080   -0.324080 (VIOLATED)
_1603_/A1                               0.750000    1.074080   -0.324080 (VIOLATED)
_1610_/B2                               0.750000    1.074080   -0.324080 (VIOLATED)
_1628_/B2                               0.750000    1.074080   -0.324080 (VIOLATED)
_1643_/B2                               0.750000    1.074080   -0.324080 (VIOLATED)
_1660_/A1                               0.750000    1.074080   -0.324080 (VIOLATED)
_1540_/S                                0.750000    1.003549   -0.253549 (VIOLATED)
_1588_/S                                0.750000    1.003549   -0.253549 (VIOLATED)
_1602_/S0                               0.750000    1.003549   -0.253549 (VIOLATED)
_1525_/S                                0.750000    1.003548   -0.253548 (VIOLATED)
_1501_/S                                0.750000    1.003547   -0.253547 (VIOLATED)
_1569_/S0                               0.750000    1.003547   -0.253547 (VIOLATED)
_1377_/S                                0.750000    1.003546   -0.253546 (VIOLATED)
_1457_/S                                0.750000    1.003546   -0.253546 (VIOLATED)
_1488_/S                                0.750000    1.003546   -0.253546 (VIOLATED)
_1558_/S                                0.750000    1.003546   -0.253546 (VIOLATED)
_1415_/S                                0.750000    1.003545   -0.253545 (VIOLATED)
_1471_/S                                0.750000    1.003545   -0.253545 (VIOLATED)
_1316_/S0                               0.750000    1.003544   -0.253544 (VIOLATED)
_1318_/S                                0.750000    1.003544   -0.253544 (VIOLATED)
_1397_/S                                0.750000    1.003544   -0.253544 (VIOLATED)
_1300_/S                                0.750000    1.003542   -0.253542 (VIOLATED)
_1433_/S                                0.750000    1.003542   -0.253542 (VIOLATED)
_1159_/S                                0.750000    1.003541   -0.253541 (VIOLATED)
_1237_/S0                               0.750000    1.003541   -0.253541 (VIOLATED)
_1339_/S                                0.750000    1.003541   -0.253541 (VIOLATED)
_1124_/S                                0.750000    1.003541   -0.253541 (VIOLATED)
_1216_/S0                               0.750000    1.003541   -0.253541 (VIOLATED)
_1114_/S                                0.750000    1.003540   -0.253540 (VIOLATED)
_1089_/S                                0.750000    1.003539   -0.253539 (VIOLATED)
_1205_/S0                               0.750000    1.003539   -0.253539 (VIOLATED)
_1281_/S                                0.750000    1.003538   -0.253538 (VIOLATED)
_1359_/S                                0.750000    1.003538   -0.253538 (VIOLATED)
_1072_/S                                0.750000    1.003536   -0.253536 (VIOLATED)
_1265_/S                                0.750000    1.003532   -0.253532 (VIOLATED)
_0840_/S                                0.750000    1.003529   -0.253529 (VIOLATED)
_1220_/A                                0.750000    1.003528   -0.253528 (VIOLATED)
_1221_/A1                               0.750000    1.003528   -0.253528 (VIOLATED)
_0844_/S                                0.750000    1.003523   -0.253524 (VIOLATED)
_0851_/S                                0.750000    1.003521   -0.253521 (VIOLATED)
_1187_/S0                               0.750000    1.003521   -0.253521 (VIOLATED)
_1241_/S                                0.750000    1.003522   -0.253522 (VIOLATED)
_1165_/A                                0.750000    1.003521   -0.253521 (VIOLATED)
_1200_/B2                               0.750000    1.003520   -0.253520 (VIOLATED)
_1183_/B2                               0.750000    1.003518   -0.253518 (VIOLATED)
_0833_/Y                                0.750000    1.003517   -0.253517 (VIOLATED)
_1078_/S0                               0.750000    1.003517   -0.253517 (VIOLATED)
_1118_/A1                               0.750000    1.003517   -0.253517 (VIOLATED)
_1144_/S                                0.750000    1.003517   -0.253517 (VIOLATED)
_1146_/A1                               0.750000    1.003517   -0.253517 (VIOLATED)
_1148_/B2                               0.750000    1.003517   -0.253517 (VIOLATED)
_1175_/A                                0.750000    1.003517   -0.253517 (VIOLATED)
_1194_/A1                               0.750000    1.003517   -0.253517 (VIOLATED)
_1197_/A2                               0.750000    1.003517   -0.253517 (VIOLATED)
_1362_/A1                               0.750000    1.003517   -0.253517 (VIOLATED)
_1614_/A1                               0.750000    1.003517   -0.253517 (VIOLATED)
_1631_/A1                               0.750000    1.003517   -0.253517 (VIOLATED)
_1142_/S1                               0.750000    0.898850   -0.148850 (VIOLATED)
_1112_/S1                               0.750000    0.898850   -0.148850 (VIOLATED)
_1070_/S1                               0.750000    0.898849   -0.148849 (VIOLATED)
_0838_/S1                               0.750000    0.898848   -0.148848 (VIOLATED)
_1143_/S1                               0.750000    0.898847   -0.148847 (VIOLATED)
_0843_/S1                               0.750000    0.898847   -0.148847 (VIOLATED)
_1113_/S1                               0.750000    0.898846   -0.148846 (VIOLATED)
_1115_/S1                               0.750000    0.898846   -0.148846 (VIOLATED)
_1071_/S1                               0.750000    0.898845   -0.148845 (VIOLATED)
_1083_/S                                0.750000    0.898845   -0.148845 (VIOLATED)
_1145_/S                                0.750000    0.898844   -0.148844 (VIOLATED)
_0842_/S1                               0.750000    0.898844   -0.148844 (VIOLATED)
_0834_/A                                0.750000    0.898844   -0.148844 (VIOLATED)
_0839_/S1                               0.750000    0.898843   -0.148843 (VIOLATED)
_0857_/B                                0.750000    0.898843   -0.148843 (VIOLATED)
_1432_/S1                               0.750000    0.898841   -0.148841 (VIOLATED)
_0856_/B                                0.750000    0.898840   -0.148840 (VIOLATED)
_1087_/S1                               0.750000    0.898839   -0.148839 (VIOLATED)
_1157_/S1                               0.750000    0.898837   -0.148837 (VIOLATED)
_1116_/C                                0.750000    0.898836   -0.148836 (VIOLATED)
_1122_/S1                               0.750000    0.898836   -0.148836 (VIOLATED)
_1396_/S1                               0.750000    0.898834   -0.148834 (VIOLATED)
_1117_/A_N                              0.750000    0.898834   -0.148834 (VIOLATED)
_0849_/S1                               0.750000    0.898832   -0.148832 (VIOLATED)
_0958_/A                                0.750000    0.898830   -0.148830 (VIOLATED)
_1158_/S1                               0.750000    0.898830   -0.148830 (VIOLATED)
_0956_/A_N                              0.750000    0.898830   -0.148830 (VIOLATED)
_0957_/A                                0.750000    0.898829   -0.148829 (VIOLATED)
_1097_/A1                               0.750000    0.898828   -0.148828 (VIOLATED)
_1338_/S1                               0.750000    0.898823   -0.148823 (VIOLATED)
_1317_/S1                               0.750000    0.898821   -0.148821 (VIOLATED)
_1182_/S1                               0.750000    0.898819   -0.148819 (VIOLATED)
_1299_/S1                               0.750000    0.898818   -0.148819 (VIOLATED)
_1164_/S1                               0.750000    0.898818   -0.148818 (VIOLATED)
_1134_/A                                0.750000    0.898817   -0.148817 (VIOLATED)
_1280_/S1                               0.750000    0.898815   -0.148815 (VIOLATED)
_1160_/S1                               0.750000    0.898814   -0.148814 (VIOLATED)
_1123_/S1                               0.750000    0.898812   -0.148812 (VIOLATED)
_1358_/S1                               0.750000    0.898812   -0.148812 (VIOLATED)
_1088_/S1                               0.750000    0.898812   -0.148812 (VIOLATED)
_1199_/S1                               0.750000    0.898812   -0.148812 (VIOLATED)
_0850_/S1                               0.750000    0.898812   -0.148812 (VIOLATED)
_1125_/S1                               0.750000    0.898810   -0.148810 (VIOLATED)
_1264_/S1                               0.750000    0.898808   -0.148808 (VIOLATED)
_1219_/S1                               0.750000    0.898807   -0.148807 (VIOLATED)
_1091_/S1                               0.750000    0.898806   -0.148806 (VIOLATED)
_1240_/S1                               0.750000    0.898803   -0.148803 (VIOLATED)
_0854_/S1                               0.750000    0.898802   -0.148802 (VIOLATED)
B[1]                                    0.750000    0.898785   -0.148785 (VIOLATED)
zero                                    0.750000    0.848381   -0.098381 (VIOLATED)
_1682_/Y                                0.750000    0.848381   -0.098381 (VIOLATED)
_1401_/A1                               0.750000    0.822073   -0.072073 (VIOLATED)
_1353_/B1                               0.750000    0.822073   -0.072073 (VIOLATED)
_1306_/A1                               0.750000    0.822073   -0.072073 (VIOLATED)
_1444_/D1                               0.750000    0.822073   -0.072073 (VIOLATED)
_1290_/B1                               0.750000    0.822072   -0.072072 (VIOLATED)
_1460_/A1                               0.750000    0.822072   -0.072072 (VIOLATED)
_1513_/A1                               0.750000    0.822072   -0.072072 (VIOLATED)
_1529_/A1                               0.750000    0.822071   -0.072071 (VIOLATED)
_1231_/A1                               0.750000    0.822071   -0.072071 (VIOLATED)
_1544_/A1                               0.750000    0.822071   -0.072071 (VIOLATED)
_1209_/A1                               0.750000    0.822069   -0.072069 (VIOLATED)
_1576_/A                                0.750000    0.822069   -0.072069 (VIOLATED)
_1190_/A1                               0.750000    0.822069   -0.072069 (VIOLATED)
_1592_/A1                               0.750000    0.822068   -0.072068 (VIOLATED)
_1607_/A1                               0.750000    0.822068   -0.072068 (VIOLATED)
_1623_/A                                0.750000    0.822068   -0.072068 (VIOLATED)
_1638_/A1                               0.750000    0.822067   -0.072067 (VIOLATED)
_1103_/Y                                0.750000    0.822066   -0.072066 (VIOLATED)
_1656_/A                                0.750000    0.822066   -0.072066 (VIOLATED)

max fanout

Pin                                   Limit Fanout  Slack
---------------------------------------------------------
B[0]                                     10     73    -63 (VIOLATED)
_0833_/Y                                 10     50    -40 (VIOLATED)
B[1]                                     10     48    -38 (VIOLATED)
_0832_/Y                                 10     40    -30 (VIOLATED)
B[3]                                     10     36    -26 (VIOLATED)
B[4]                                     10     28    -18 (VIOLATED)
B[2]                                     10     27    -17 (VIOLATED)
_0865_/X                                 10     24    -14 (VIOLATED)
_1099_/X                                 10     22    -12 (VIOLATED)
_1103_/Y                                 10     18     -8 (VIOLATED)
A[31]                                    10     17     -7 (VIOLATED)
_0852_/Y                                 10     17     -7 (VIOLATED)
_0831_/Y                                 10     16     -6 (VIOLATED)
_0834_/Y                                 10     16     -6 (VIOLATED)
_0869_/Y                                 10     16     -6 (VIOLATED)
_0870_/X                                 10     16     -6 (VIOLATED)
_0874_/X                                 10     16     -6 (VIOLATED)
_0875_/X                                 10     16     -6 (VIOLATED)
_1392_/X                                 10     16     -6 (VIOLATED)
A[11]                                    10     14     -4 (VIOLATED)
control[0]                               10     14     -4 (VIOLATED)
A[10]                                    10     13     -3 (VIOLATED)
_1104_/X                                 10     13     -3 (VIOLATED)
A[17]                                    10     12     -2 (VIOLATED)
A[5]                                     10     12     -2 (VIOLATED)
A[6]                                     10     12     -2 (VIOLATED)
A[7]                                     10     12     -2 (VIOLATED)
A[8]                                     10     12     -2 (VIOLATED)
control[1]                               10     12     -2 (VIOLATED)
_0880_/X                                 10     12     -2 (VIOLATED)
A[12]                                    10     11        (VIOLATED)
A[13]                                    10     11        (VIOLATED)
A[16]                                    10     11        (VIOLATED)
A[20]                                    10     11        (VIOLATED)
A[21]                                    10     11        (VIOLATED)
A[4]                                     10     11        (VIOLATED)
A[9]                                     10     11        (VIOLATED)
control[3]                               10     11        (VIOLATED)
_0856_/Y                                 10     11        (VIOLATED)
_0877_/X                                 10     11        (VIOLATED)

max capacitance

Pin                                        Limit         Cap       Slack
------------------------------------------------------------------------
B[0]                                    0.200000    0.377090   -0.177090 (VIOLATED)
_0833_/Y                                0.200000    0.224801   -0.024801 (VIOLATED)
B[1]                                    0.200000    0.200793   -0.000793 (VIOLATED)



===========================================================================
report_parasitic_annotation -report_unannotated
============================================================================
Found 0 unannotated drivers.
Found 0 partially unannotated drivers.

===========================================================================
max slew violation count 212
Writing metric design__max_slew_violation__count__corner:nom_tt_025C_1v80: 212
max fanout violation count 40
Writing metric design__max_fanout_violation__count__corner:nom_tt_025C_1v80: 40
max cap violation count 3
Writing metric design__max_cap_violation__count__corner:nom_tt_025C_1v80: 3
============================================================================

===========================================================================
check_setup -verbose -unconstrained_endpoints -multiple_clock -no_clock -no_input_delay -loops -generated_clocks
===========================================================================
