
===========================================================================
report_checks -path_delay min (Hold)
============================================================================
======================= nom_tt_025C_1v80 Corner ===================================

Startpoint: control[3] (input port clocked by __VIRTUAL_CLK__)
Endpoint: result[0] (output port clocked by __VIRTUAL_CLK__)
Path Group: __VIRTUAL_CLK__
Path Type: min

Fanout         Cap        Slew       Delay        Time   Description
---------------------------------------------------------------------------------------------
                      0.000000    0.000000    0.000000   clock __VIRTUAL_CLK__ (rise edge)
                                  0.000000    0.000000   clock network delay (ideal)
                                  2.000000    2.000000 v input external delay
    11    0.024906    0.056633    0.040008    2.040008 v control[3] (in)
                                                         control[3] (net)
                      0.056636    0.000000    2.040008 v _1068_/A2 (sky130_fd_sc_hd__a31o_2)
     2    0.041247    0.115818    0.326450    2.366457 v _1068_/X (sky130_fd_sc_hd__a31o_2)
                                                         result[0] (net)
                      0.115820    0.000666    2.367123 v result[0] (out)
                                              2.367123   data arrival time

                      0.000000    0.000000    0.000000   clock __VIRTUAL_CLK__ (rise edge)
                                  0.000000    0.000000   clock network delay (ideal)
                                  0.250000    0.250000   clock uncertainty
                                  0.000000    0.250000   clock reconvergence pessimism
                                 -2.000000   -1.750000   output external delay
                                             -1.750000   data required time
---------------------------------------------------------------------------------------------
                                             -1.750000   data required time
                                             -2.367123   data arrival time
---------------------------------------------------------------------------------------------
                                              4.117124   slack (MET)


Startpoint: B[10] (input port clocked by __VIRTUAL_CLK__)
Endpoint: result[11] (output port clocked by __VIRTUAL_CLK__)
Path Group: __VIRTUAL_CLK__
Path Type: min

Fanout         Cap        Slew       Delay        Time   Description
---------------------------------------------------------------------------------------------
                      0.000000    0.000000    0.000000   clock __VIRTUAL_CLK__ (rise edge)
                                  0.000000    0.000000   clock network delay (ideal)
                                  2.000000    2.000000 v input external delay
     4    0.016220    0.037888    0.026216    2.026216 v B[10] (in)
                                                         B[10] (net)
                      0.037890    0.000000    2.026216 v _1006_/A (sky130_fd_sc_hd__nand2_2)
     4    0.014469    0.085594    0.085880    2.112095 ^ _1006_/Y (sky130_fd_sc_hd__nand2_2)
                                                         _0181_ (net)
                      0.085594    0.000017    2.112112 ^ _1310_/A1 (sky130_fd_sc_hd__a21oi_2)
     1    0.004481    0.035390    0.058551    2.170663 v _1310_/Y (sky130_fd_sc_hd__a21oi_2)
                                                         _0474_ (net)
                      0.035390    0.000006    2.170669 v _1312_/A (sky130_fd_sc_hd__nor2_2)
     1    0.002788    0.061533    0.087689    2.258358 ^ _1312_/Y (sky130_fd_sc_hd__nor2_2)
                                                         _0476_ (net)
                      0.061533    0.000003    2.258361 ^ _1325_/B1 (sky130_fd_sc_hd__a211o_2)
     2    0.038215    0.181957    0.210960    2.469321 ^ _1325_/X (sky130_fd_sc_hd__a211o_2)
                                                         result[11] (net)
                      0.181961    0.000711    2.470032 ^ result[11] (out)
                                              2.470032   data arrival time

                      0.000000    0.000000    0.000000   clock __VIRTUAL_CLK__ (rise edge)
                                  0.000000    0.000000   clock network delay (ideal)
                                  0.250000    0.250000   clock uncertainty
                                  0.000000    0.250000   clock reconvergence pessimism
                                 -2.000000   -1.750000   output external delay
                                             -1.750000   data required time
---------------------------------------------------------------------------------------------
                                             -1.750000   data required time
                                             -2.470032   data arrival time
---------------------------------------------------------------------------------------------
                                              4.220032   slack (MET)


Startpoint: B[26] (input port clocked by __VIRTUAL_CLK__)
Endpoint: result[27] (output port clocked by __VIRTUAL_CLK__)
Path Group: __VIRTUAL_CLK__
Path Type: min

Fanout         Cap        Slew       Delay        Time   Description
---------------------------------------------------------------------------------------------
                      0.000000    0.000000    0.000000   clock __VIRTUAL_CLK__ (rise edge)
                                  0.000000    0.000000   clock network delay (ideal)
                                  2.000000    2.000000 ^ input external delay
     4    0.012989    0.064456    0.043665    2.043665 ^ B[26] (in)
                                                         B[26] (net)
                      0.064456    0.000000    2.043665 ^ _0913_/A (sky130_fd_sc_hd__nand2_2)
     4    0.014516    0.066038    0.076979    2.120644 v _0913_/Y (sky130_fd_sc_hd__nand2_2)
                                                         _0088_ (net)
                      0.066038    0.000064    2.120707 v _1597_/B (sky130_fd_sc_hd__nand3b_2)
     1    0.002607    0.045647    0.071474    2.192181 ^ _1597_/Y (sky130_fd_sc_hd__nand3b_2)
                                                         _0745_ (net)
                      0.045647    0.000001    2.192182 ^ _1607_/A3 (sky130_fd_sc_hd__a31o_2)
     2    0.037283    0.211826    0.281923    2.474105 ^ _1607_/X (sky130_fd_sc_hd__a31o_2)
                                                         result[27] (net)
                      0.211827    0.000434    2.474539 ^ result[27] (out)
                                              2.474539   data arrival time

                      0.000000    0.000000    0.000000   clock __VIRTUAL_CLK__ (rise edge)
                                  0.000000    0.000000   clock network delay (ideal)
                                  0.250000    0.250000   clock uncertainty
                                  0.000000    0.250000   clock reconvergence pessimism
                                 -2.000000   -1.750000   output external delay
                                             -1.750000   data required time
---------------------------------------------------------------------------------------------
                                             -1.750000   data required time
                                             -2.474539   data arrival time
---------------------------------------------------------------------------------------------
                                              4.224539   slack (MET)


Startpoint: B[24] (input port clocked by __VIRTUAL_CLK__)
Endpoint: result[24] (output port clocked by __VIRTUAL_CLK__)
Path Group: __VIRTUAL_CLK__
Path Type: min

Fanout         Cap        Slew       Delay        Time   Description
---------------------------------------------------------------------------------------------
                      0.000000    0.000000    0.000000   clock __VIRTUAL_CLK__ (rise edge)
                                  0.000000    0.000000   clock network delay (ideal)
                                  2.000000    2.000000 v input external delay
     4    0.013487    0.031999    0.021860    2.021860 v B[24] (in)
                                                         B[24] (net)
                      0.032001    0.000000    2.021860 v _1058_/A (sky130_fd_sc_hd__nand2_2)
     3    0.011330    0.070015    0.072339    2.094199 ^ _1058_/Y (sky130_fd_sc_hd__nand2_2)
                                                         _0233_ (net)
                      0.070015    0.000004    2.094204 ^ _1060_/A (sky130_fd_sc_hd__nand2_2)
     6    0.022548    0.094477    0.101157    2.195361 v _1060_/Y (sky130_fd_sc_hd__nand2_2)
                                                         _0235_ (net)
                      0.094477    0.000047    2.195408 v _1547_/A2 (sky130_fd_sc_hd__o21ai_2)
     1    0.004855    0.084867    0.134009    2.329417 ^ _1547_/Y (sky130_fd_sc_hd__o21ai_2)
                                                         _0698_ (net)
                      0.084867    0.000003    2.329419 ^ _1562_/A2 (sky130_fd_sc_hd__o21ai_2)
     2    0.036637    0.145449    0.148854    2.478274 v _1562_/Y (sky130_fd_sc_hd__o21ai_2)
                                                         result[24] (net)
                      0.145450    0.000375    2.478649 v result[24] (out)
                                              2.478649   data arrival time

                      0.000000    0.000000    0.000000   clock __VIRTUAL_CLK__ (rise edge)
                                  0.000000    0.000000   clock network delay (ideal)
                                  0.250000    0.250000   clock uncertainty
                                  0.000000    0.250000   clock reconvergence pessimism
                                 -2.000000   -1.750000   output external delay
                                             -1.750000   data required time
---------------------------------------------------------------------------------------------
                                             -1.750000   data required time
                                             -2.478649   data arrival time
---------------------------------------------------------------------------------------------
                                              4.228649   slack (MET)


Startpoint: B[18] (input port clocked by __VIRTUAL_CLK__)
Endpoint: result[19] (output port clocked by __VIRTUAL_CLK__)
Path Group: __VIRTUAL_CLK__
Path Type: min

Fanout         Cap        Slew       Delay        Time   Description
---------------------------------------------------------------------------------------------
                      0.000000    0.000000    0.000000   clock __VIRTUAL_CLK__ (rise edge)
                                  0.000000    0.000000   clock network delay (ideal)
                                  2.000000    2.000000 v input external delay
     3    0.009054    0.022425    0.014657    2.014657 v B[18] (in)
                                                         B[18] (net)
                      0.022425    0.000000    2.014657 v _1042_/A (sky130_fd_sc_hd__nand2_2)
     5    0.017921    0.100222    0.091532    2.106189 ^ _1042_/Y (sky130_fd_sc_hd__nand2_2)
                                                         _0217_ (net)
                      0.100222    0.000070    2.106260 ^ _1466_/A1 (sky130_fd_sc_hd__a311o_2)
     1    0.005549    0.042178    0.177877    2.284137 ^ _1466_/X (sky130_fd_sc_hd__a311o_2)
                                                         _0622_ (net)
                      0.042178    0.000020    2.284157 ^ _1476_/B (sky130_fd_sc_hd__nand3b_2)
     2    0.038849    0.236772    0.209547    2.493703 v _1476_/Y (sky130_fd_sc_hd__nand3b_2)
                                                         result[19] (net)
                      0.236776    0.000802    2.494506 v result[19] (out)
                                              2.494506   data arrival time

                      0.000000    0.000000    0.000000   clock __VIRTUAL_CLK__ (rise edge)
                                  0.000000    0.000000   clock network delay (ideal)
                                  0.250000    0.250000   clock uncertainty
                                  0.000000    0.250000   clock reconvergence pessimism
                                 -2.000000   -1.750000   output external delay
                                             -1.750000   data required time
---------------------------------------------------------------------------------------------
                                             -1.750000   data required time
                                             -2.494506   data arrival time
---------------------------------------------------------------------------------------------
                                              4.244505   slack (MET)


Startpoint: B[18] (input port clocked by __VIRTUAL_CLK__)
Endpoint: result[18] (output port clocked by __VIRTUAL_CLK__)
Path Group: __VIRTUAL_CLK__
Path Type: min

Fanout         Cap        Slew       Delay        Time   Description
---------------------------------------------------------------------------------------------
                      0.000000    0.000000    0.000000   clock __VIRTUAL_CLK__ (rise edge)
                                  0.000000    0.000000   clock network delay (ideal)
                                  2.000000    2.000000 ^ input external delay
     3    0.009583    0.049549    0.032647    2.032647 ^ B[18] (in)
                                                         B[18] (net)
                      0.049549    0.000000    2.032647 ^ _1042_/A (sky130_fd_sc_hd__nand2_2)
     5    0.016432    0.071699    0.077443    2.110090 v _1042_/Y (sky130_fd_sc_hd__nand2_2)
                                                         _0217_ (net)
                      0.071699    0.000054    2.110143 v _1452_/B (sky130_fd_sc_hd__nor2_2)
     1    0.002555    0.061268    0.077668    2.187811 ^ _1452_/Y (sky130_fd_sc_hd__nor2_2)
                                                         _0609_ (net)
                      0.061268    0.000000    2.187812 ^ _1454_/B1 (sky130_fd_sc_hd__a211o_2)
     1    0.002039    0.023308    0.090681    2.278493 ^ _1454_/X (sky130_fd_sc_hd__a211o_2)
                                                         _0611_ (net)
                      0.023308    0.000004    2.278497 ^ _1461_/C (sky130_fd_sc_hd__or4_2)
     2    0.039471    0.197518    0.220795    2.499292 ^ _1461_/X (sky130_fd_sc_hd__or4_2)
                                                         result[18] (net)
                      0.197577    0.000749    2.500041 ^ result[18] (out)
                                              2.500041   data arrival time

                      0.000000    0.000000    0.000000   clock __VIRTUAL_CLK__ (rise edge)
                                  0.000000    0.000000   clock network delay (ideal)
                                  0.250000    0.250000   clock uncertainty
                                  0.000000    0.250000   clock reconvergence pessimism
                                 -2.000000   -1.750000   output external delay
                                             -1.750000   data required time
---------------------------------------------------------------------------------------------
                                             -1.750000   data required time
                                             -2.500041   data arrival time
---------------------------------------------------------------------------------------------
                                              4.250041   slack (MET)


Startpoint: B[28] (input port clocked by __VIRTUAL_CLK__)
Endpoint: result[29] (output port clocked by __VIRTUAL_CLK__)
Path Group: __VIRTUAL_CLK__
Path Type: min

Fanout         Cap        Slew       Delay        Time   Description
---------------------------------------------------------------------------------------------
                      0.000000    0.000000    0.000000   clock __VIRTUAL_CLK__ (rise edge)
                                  0.000000    0.000000   clock network delay (ideal)
                                  2.000000    2.000000 v input external delay
     4    0.014281    0.033711    0.023115    2.023115 v B[28] (in)
                                                         B[28] (net)
                      0.033713    0.000000    2.023115 v _0904_/A (sky130_fd_sc_hd__nand2_2)
     3    0.008101    0.054101    0.061472    2.084587 ^ _0904_/Y (sky130_fd_sc_hd__nand2_2)
                                                         _0079_ (net)
                      0.054101    0.000002    2.084589 ^ _1636_/A1 (sky130_fd_sc_hd__a21bo_2)
     1    0.002822    0.031128    0.113799    2.198389 ^ _1636_/X (sky130_fd_sc_hd__a21bo_2)
                                                         _0782_ (net)
                      0.031128    0.000004    2.198393 ^ _1638_/A3 (sky130_fd_sc_hd__a31o_2)
     2    0.043716    0.246707    0.302009    2.500402 ^ _1638_/X (sky130_fd_sc_hd__a31o_2)
                                                         result[29] (net)
                      0.246708    0.000441    2.500843 ^ result[29] (out)
                                              2.500843   data arrival time

                      0.000000    0.000000    0.000000   clock __VIRTUAL_CLK__ (rise edge)
                                  0.000000    0.000000   clock network delay (ideal)
                                  0.250000    0.250000   clock uncertainty
                                  0.000000    0.250000   clock reconvergence pessimism
                                 -2.000000   -1.750000   output external delay
                                             -1.750000   data required time
---------------------------------------------------------------------------------------------
                                             -1.750000   data required time
                                             -2.500843   data arrival time
---------------------------------------------------------------------------------------------
                                              4.250843   slack (MET)


Startpoint: B[8] (input port clocked by __VIRTUAL_CLK__)
Endpoint: result[9] (output port clocked by __VIRTUAL_CLK__)
Path Group: __VIRTUAL_CLK__
Path Type: min

Fanout         Cap        Slew       Delay        Time   Description
---------------------------------------------------------------------------------------------
                      0.000000    0.000000    0.000000   clock __VIRTUAL_CLK__ (rise edge)
                                  0.000000    0.000000   clock network delay (ideal)
                                  2.000000    2.000000 v input external delay
     4    0.011465    0.027707    0.018581    2.018581 v B[8] (in)
                                                         B[8] (net)
                      0.027708    0.000000    2.018581 v _1013_/A (sky130_fd_sc_hd__nand2_2)
     5    0.018962    0.107909    0.097418    2.115999 ^ _1013_/Y (sky130_fd_sc_hd__nand2_2)
                                                         _0188_ (net)
                      0.107909    0.000018    2.116017 ^ _1290_/A2 (sky130_fd_sc_hd__o2111a_2)
     1    0.002705    0.039749    0.182830    2.298846 ^ _1290_/X (sky130_fd_sc_hd__o2111a_2)
                                                         _0456_ (net)
                      0.039749    0.000015    2.298861 ^ _1291_/C (sky130_fd_sc_hd__or3_2)
     2    0.036772    0.184366    0.213130    2.511991 ^ _1291_/X (sky130_fd_sc_hd__or3_2)
                                                         result[9] (net)
                      0.184366    0.000330    2.512321 ^ result[9] (out)
                                              2.512321   data arrival time

                      0.000000    0.000000    0.000000   clock __VIRTUAL_CLK__ (rise edge)
                                  0.000000    0.000000   clock network delay (ideal)
                                  0.250000    0.250000   clock uncertainty
                                  0.000000    0.250000   clock reconvergence pessimism
                                 -2.000000   -1.750000   output external delay
                                             -1.750000   data required time
---------------------------------------------------------------------------------------------
                                             -1.750000   data required time
                                             -2.512321   data arrival time
---------------------------------------------------------------------------------------------
                                              4.262321   slack (MET)


Startpoint: B[4] (input port clocked by __VIRTUAL_CLK__)
Endpoint: result[3] (output port clocked by __VIRTUAL_CLK__)
Path Group: __VIRTUAL_CLK__
Path Type: min

Fanout         Cap        Slew       Delay        Time   Description
---------------------------------------------------------------------------------------------
                      0.000000    0.000000    0.000000   clock __VIRTUAL_CLK__ (rise edge)
                                  0.000000    0.000000   clock network delay (ideal)
                                  2.000000    2.000000 v input external delay
    28    0.108237    0.237407    0.173802    2.173802 v B[4] (in)
                                                         B[4] (net)
                      0.237426    0.000000    2.173802 v _1170_/A1 (sky130_fd_sc_hd__a21o_2)
     2    0.037388    0.106138    0.343547    2.517349 v _1170_/X (sky130_fd_sc_hd__a21o_2)
                                                         result[3] (net)
                      0.106138    0.000322    2.517672 v result[3] (out)
                                              2.517672   data arrival time

                      0.000000    0.000000    0.000000   clock __VIRTUAL_CLK__ (rise edge)
                                  0.000000    0.000000   clock network delay (ideal)
                                  0.250000    0.250000   clock uncertainty
                                  0.000000    0.250000   clock reconvergence pessimism
                                 -2.000000   -1.750000   output external delay
                                             -1.750000   data required time
---------------------------------------------------------------------------------------------
                                             -1.750000   data required time
                                             -2.517672   data arrival time
---------------------------------------------------------------------------------------------
                                              4.267672   slack (MET)


Startpoint: B[29] (input port clocked by __VIRTUAL_CLK__)
Endpoint: result[30] (output port clocked by __VIRTUAL_CLK__)
Path Group: __VIRTUAL_CLK__
Path Type: min

Fanout         Cap        Slew       Delay        Time   Description
---------------------------------------------------------------------------------------------
                      0.000000    0.000000    0.000000   clock __VIRTUAL_CLK__ (rise edge)
                                  0.000000    0.000000   clock network delay (ideal)
                                  2.000000    2.000000 v input external delay
     5    0.017646    0.040964    0.028469    2.028470 v B[29] (in)
                                                         B[29] (net)
                      0.040966    0.000000    2.028470 v _0894_/A (sky130_fd_sc_hd__nand2_2)
     3    0.007020    0.047187    0.060672    2.089142 ^ _0894_/Y (sky130_fd_sc_hd__nand2_2)
                                                         _0069_ (net)
                      0.047187    0.000018    2.089160 ^ _1651_/A1 (sky130_fd_sc_hd__a311o_2)
     3    0.011109    0.067887    0.185883    2.275043 ^ _1651_/X (sky130_fd_sc_hd__a311o_2)
                                                         _0796_ (net)
                      0.067887    0.000014    2.275057 ^ _1653_/A1 (sky130_fd_sc_hd__a211o_2)
     2    0.041011    0.194739    0.248198    2.523256 ^ _1653_/X (sky130_fd_sc_hd__a211o_2)
                                                         result[30] (net)
                      0.194741    0.000529    2.523785 ^ result[30] (out)
                                              2.523785   data arrival time

                      0.000000    0.000000    0.000000   clock __VIRTUAL_CLK__ (rise edge)
                                  0.000000    0.000000   clock network delay (ideal)
                                  0.250000    0.250000   clock uncertainty
                                  0.000000    0.250000   clock reconvergence pessimism
                                 -2.000000   -1.750000   output external delay
                                             -1.750000   data required time
---------------------------------------------------------------------------------------------
                                             -1.750000   data required time
                                             -2.523785   data arrival time
---------------------------------------------------------------------------------------------
                                              4.273785   slack (MET)


Startpoint: B[8] (input port clocked by __VIRTUAL_CLK__)
Endpoint: result[8] (output port clocked by __VIRTUAL_CLK__)
Path Group: __VIRTUAL_CLK__
Path Type: min

Fanout         Cap        Slew       Delay        Time   Description
---------------------------------------------------------------------------------------------
                      0.000000    0.000000    0.000000   clock __VIRTUAL_CLK__ (rise edge)
                                  0.000000    0.000000   clock network delay (ideal)
                                  2.000000    2.000000 ^ input external delay
     4    0.012208    0.061168    0.041150    2.041150 ^ B[8] (in)
                                                         B[8] (net)
                      0.061168    0.000000    2.041150 ^ _1014_/A (sky130_fd_sc_hd__or2_2)
     3    0.010991    0.068522    0.132961    2.174110 ^ _1014_/X (sky130_fd_sc_hd__or2_2)
                                                         _0189_ (net)
                      0.068522    0.000023    2.174133 ^ _1263_/A2 (sky130_fd_sc_hd__a211o_2)
     1    0.001669    0.021754    0.116070    2.290203 ^ _1263_/X (sky130_fd_sc_hd__a211o_2)
                                                         _0430_ (net)
                      0.021754    0.000001    2.290204 ^ _1271_/B (sky130_fd_sc_hd__or4b_2)
     2    0.037349    0.217508    0.233920    2.524124 ^ _1271_/X (sky130_fd_sc_hd__or4b_2)
                                                         result[8] (net)
                      0.217572    0.000518    2.524642 ^ result[8] (out)
                                              2.524642   data arrival time

                      0.000000    0.000000    0.000000   clock __VIRTUAL_CLK__ (rise edge)
                                  0.000000    0.000000   clock network delay (ideal)
                                  0.250000    0.250000   clock uncertainty
                                  0.000000    0.250000   clock reconvergence pessimism
                                 -2.000000   -1.750000   output external delay
                                             -1.750000   data required time
---------------------------------------------------------------------------------------------
                                             -1.750000   data required time
                                             -2.524642   data arrival time
---------------------------------------------------------------------------------------------
                                              4.274642   slack (MET)


Startpoint: B[22] (input port clocked by __VIRTUAL_CLK__)
Endpoint: result[23] (output port clocked by __VIRTUAL_CLK__)
Path Group: __VIRTUAL_CLK__
Path Type: min

Fanout         Cap        Slew       Delay        Time   Description
---------------------------------------------------------------------------------------------
                      0.000000    0.000000    0.000000   clock __VIRTUAL_CLK__ (rise edge)
                                  0.000000    0.000000   clock network delay (ideal)
                                  2.000000    2.000000 ^ input external delay
     4    0.014104    0.069401    0.047117    2.047117 ^ B[22] (in)
                                                         B[22] (net)
                      0.069401    0.000000    2.047117 ^ _0934_/A (sky130_fd_sc_hd__nand2_2)
     5    0.017485    0.077479    0.086863    2.133980 v _0934_/Y (sky130_fd_sc_hd__nand2_2)
                                                         _0109_ (net)
                      0.077479    0.000039    2.134019 v _1533_/A (sky130_fd_sc_hd__nand3_2)
     1    0.002466    0.036406    0.061722    2.195741 ^ _1533_/Y (sky130_fd_sc_hd__nand3_2)
                                                         _0685_ (net)
                      0.036406    0.000000    2.195741 ^ _1544_/A2 (sky130_fd_sc_hd__a31o_2)
     1    0.002714    0.032138    0.135122    2.330863 ^ _1544_/X (sky130_fd_sc_hd__a31o_2)
                                                         _0696_ (net)
                      0.032138    0.000002    2.330865 ^ _1545_/C1 (sky130_fd_sc_hd__a211o_2)
     2    0.037209    0.177325    0.193707    2.524572 ^ _1545_/X (sky130_fd_sc_hd__a211o_2)
                                                         result[23] (net)
                      0.177325    0.000284    2.524856 ^ result[23] (out)
                                              2.524856   data arrival time

                      0.000000    0.000000    0.000000   clock __VIRTUAL_CLK__ (rise edge)
                                  0.000000    0.000000   clock network delay (ideal)
                                  0.250000    0.250000   clock uncertainty
                                  0.000000    0.250000   clock reconvergence pessimism
                                 -2.000000   -1.750000   output external delay
                                             -1.750000   data required time
---------------------------------------------------------------------------------------------
                                             -1.750000   data required time
                                             -2.524856   data arrival time
---------------------------------------------------------------------------------------------
                                              4.274856   slack (MET)


Startpoint: B[24] (input port clocked by __VIRTUAL_CLK__)
Endpoint: result[25] (output port clocked by __VIRTUAL_CLK__)
Path Group: __VIRTUAL_CLK__
Path Type: min

Fanout         Cap        Slew       Delay        Time   Description
---------------------------------------------------------------------------------------------
                      0.000000    0.000000    0.000000   clock __VIRTUAL_CLK__ (rise edge)
                                  0.000000    0.000000   clock network delay (ideal)
                                  2.000000    2.000000 ^ input external delay
     4    0.014192    0.069805    0.047446    2.047446 ^ B[24] (in)
                                                         B[24] (net)
                      0.069806    0.000000    2.047446 ^ _1058_/A (sky130_fd_sc_hd__nand2_2)
     3    0.010496    0.054579    0.067098    2.114544 v _1058_/Y (sky130_fd_sc_hd__nand2_2)
                                                         _0233_ (net)
                      0.054579    0.000013    2.114557 v _1572_/B (sky130_fd_sc_hd__nand2_2)
     1    0.002567    0.035664    0.059904    2.174461 ^ _1572_/Y (sky130_fd_sc_hd__nand2_2)
                                                         _0722_ (net)
                      0.035664    0.000000    2.174462 ^ _1577_/A2 (sky130_fd_sc_hd__o211a_2)
     1    0.003233    0.042985    0.154947    2.329408 ^ _1577_/X (sky130_fd_sc_hd__o211a_2)
                                                         _0727_ (net)
                      0.042985    0.000014    2.329422 ^ _1578_/C1 (sky130_fd_sc_hd__a211o_2)
     2    0.036497    0.174256    0.195451    2.524873 ^ _1578_/X (sky130_fd_sc_hd__a211o_2)
                                                         result[25] (net)
                      0.174256    0.000355    2.525229 ^ result[25] (out)
                                              2.525229   data arrival time

                      0.000000    0.000000    0.000000   clock __VIRTUAL_CLK__ (rise edge)
                                  0.000000    0.000000   clock network delay (ideal)
                                  0.250000    0.250000   clock uncertainty
                                  0.000000    0.250000   clock reconvergence pessimism
                                 -2.000000   -1.750000   output external delay
                                             -1.750000   data required time
---------------------------------------------------------------------------------------------
                                             -1.750000   data required time
                                             -2.525229   data arrival time
---------------------------------------------------------------------------------------------
                                              4.275229   slack (MET)


Startpoint: B[16] (input port clocked by __VIRTUAL_CLK__)
Endpoint: result[17] (output port clocked by __VIRTUAL_CLK__)
Path Group: __VIRTUAL_CLK__
Path Type: min

Fanout         Cap        Slew       Delay        Time   Description
---------------------------------------------------------------------------------------------
                      0.000000    0.000000    0.000000   clock __VIRTUAL_CLK__ (rise edge)
                                  0.000000    0.000000   clock network delay (ideal)
                                  2.000000    2.000000 v input external delay
     3    0.011741    0.028298    0.018988    2.018988 v B[16] (in)
                                                         B[16] (net)
                      0.028298    0.000000    2.018988 v _0828_/A (sky130_fd_sc_hd__inv_2)
     2    0.004111    0.026778    0.037540    2.056528 ^ _0828_/Y (sky130_fd_sc_hd__inv_2)
                                                         _0003_ (net)
                      0.026778    0.000001    2.056529 ^ _1426_/A1 (sky130_fd_sc_hd__a21o_2)
     1    0.003054    0.029691    0.100592    2.157121 ^ _1426_/X (sky130_fd_sc_hd__a21o_2)
                                                         _0584_ (net)
                      0.029691    0.000007    2.157128 ^ _1429_/A2 (sky130_fd_sc_hd__o211a_2)
     1    0.002255    0.038860    0.147189    2.304317 ^ _1429_/X (sky130_fd_sc_hd__o211a_2)
                                                         _0587_ (net)
                      0.038860    0.000005    2.304322 ^ _1445_/A (sky130_fd_sc_hd__or3_2)
     2    0.038907    0.194574    0.223943    2.528265 ^ _1445_/X (sky130_fd_sc_hd__or3_2)
                                                         result[17] (net)
                      0.194574    0.000360    2.528625 ^ result[17] (out)
                                              2.528625   data arrival time

                      0.000000    0.000000    0.000000   clock __VIRTUAL_CLK__ (rise edge)
                                  0.000000    0.000000   clock network delay (ideal)
                                  0.250000    0.250000   clock uncertainty
                                  0.000000    0.250000   clock reconvergence pessimism
                                 -2.000000   -1.750000   output external delay
                                             -1.750000   data required time
---------------------------------------------------------------------------------------------
                                             -1.750000   data required time
                                             -2.528625   data arrival time
---------------------------------------------------------------------------------------------
                                              4.278625   slack (MET)


Startpoint: control[0] (input port clocked by __VIRTUAL_CLK__)
Endpoint: result[14] (output port clocked by __VIRTUAL_CLK__)
Path Group: __VIRTUAL_CLK__
Path Type: min

Fanout         Cap        Slew       Delay        Time   Description
---------------------------------------------------------------------------------------------
                      0.000000    0.000000    0.000000   clock __VIRTUAL_CLK__ (rise edge)
                                  0.000000    0.000000   clock network delay (ideal)
                                  2.000000    2.000000 v input external delay
    14    0.040433    0.090606    0.064601    2.064601 v control[0] (in)
                                                         control[0] (net)
                      0.090608    0.000000    2.064601 v _1100_/A (sky130_fd_sc_hd__nand2_2)
     9    0.055854    0.287558    0.252251    2.316852 ^ _1100_/Y (sky130_fd_sc_hd__nand2_2)
                                                         _0274_ (net)
                      0.287588    0.002445    2.319297 ^ _1386_/A1 (sky130_fd_sc_hd__o21ai_2)
     2    0.038361    0.151654    0.215671    2.534968 v _1386_/Y (sky130_fd_sc_hd__o21ai_2)
                                                         result[14] (net)
                      0.151660    0.000798    2.535767 v result[14] (out)
                                              2.535767   data arrival time

                      0.000000    0.000000    0.000000   clock __VIRTUAL_CLK__ (rise edge)
                                  0.000000    0.000000   clock network delay (ideal)
                                  0.250000    0.250000   clock uncertainty
                                  0.000000    0.250000   clock reconvergence pessimism
                                 -2.000000   -1.750000   output external delay
                                             -1.750000   data required time
---------------------------------------------------------------------------------------------
                                             -1.750000   data required time
                                             -2.535767   data arrival time
---------------------------------------------------------------------------------------------
                                              4.285767   slack (MET)


Startpoint: B[22] (input port clocked by __VIRTUAL_CLK__)
Endpoint: result[22] (output port clocked by __VIRTUAL_CLK__)
Path Group: __VIRTUAL_CLK__
Path Type: min

Fanout         Cap        Slew       Delay        Time   Description
---------------------------------------------------------------------------------------------
                      0.000000    0.000000    0.000000   clock __VIRTUAL_CLK__ (rise edge)
                                  0.000000    0.000000   clock network delay (ideal)
                                  2.000000    2.000000 v input external delay
     4    0.013399    0.031790    0.021674    2.021674 v B[22] (in)
                                                         B[22] (net)
                      0.031790    0.000000    2.021674 v _0934_/A (sky130_fd_sc_hd__nand2_2)
     5    0.018621    0.103649    0.097892    2.119566 ^ _0934_/Y (sky130_fd_sc_hd__nand2_2)
                                                         _0109_ (net)
                      0.103649    0.000023    2.119590 ^ _1516_/B1 (sky130_fd_sc_hd__a32o_2)
     2    0.005266    0.052248    0.139541    2.259130 ^ _1516_/X (sky130_fd_sc_hd__a32o_2)
                                                         _0669_ (net)
                      0.052248    0.000012    2.259143 ^ _1530_/A3 (sky130_fd_sc_hd__a31o_2)
     2    0.036106    0.205388    0.279473    2.538616 ^ _1530_/X (sky130_fd_sc_hd__a31o_2)
                                                         result[22] (net)
                      0.205388    0.000152    2.538768 ^ result[22] (out)
                                              2.538768   data arrival time

                      0.000000    0.000000    0.000000   clock __VIRTUAL_CLK__ (rise edge)
                                  0.000000    0.000000   clock network delay (ideal)
                                  0.250000    0.250000   clock uncertainty
                                  0.000000    0.250000   clock reconvergence pessimism
                                 -2.000000   -1.750000   output external delay
                                             -1.750000   data required time
---------------------------------------------------------------------------------------------
                                             -1.750000   data required time
                                             -2.538768   data arrival time
---------------------------------------------------------------------------------------------
                                              4.288769   slack (MET)


Startpoint: B[12] (input port clocked by __VIRTUAL_CLK__)
Endpoint: result[13] (output port clocked by __VIRTUAL_CLK__)
Path Group: __VIRTUAL_CLK__
Path Type: min

Fanout         Cap        Slew       Delay        Time   Description
---------------------------------------------------------------------------------------------
                      0.000000    0.000000    0.000000   clock __VIRTUAL_CLK__ (rise edge)
                                  0.000000    0.000000   clock network delay (ideal)
                                  2.000000    2.000000 ^ input external delay
     3    0.009283    0.048217    0.031677    2.031677 ^ B[12] (in)
                                                         B[12] (net)
                      0.048217    0.000000    2.031677 ^ _0994_/A (sky130_fd_sc_hd__nand2_2)
     5    0.016735    0.072815    0.077828    2.109505 v _0994_/Y (sky130_fd_sc_hd__nand2_2)
                                                         _0169_ (net)
                      0.072815    0.000100    2.109606 v _1352_/B (sky130_fd_sc_hd__nand2_2)
     1    0.002531    0.038465    0.067700    2.177305 ^ _1352_/Y (sky130_fd_sc_hd__nand2_2)
                                                         _0514_ (net)
                      0.038465    0.000000    2.177306 ^ _1356_/A2 (sky130_fd_sc_hd__o211a_2)
     1    0.003486    0.044391    0.157315    2.334621 ^ _1356_/X (sky130_fd_sc_hd__o211a_2)
                                                         _0518_ (net)
                      0.044391    0.000018    2.334640 ^ _1367_/B1 (sky130_fd_sc_hd__a211o_2)
     2    0.039148    0.186134    0.207887    2.542526 ^ _1367_/X (sky130_fd_sc_hd__a211o_2)
                                                         result[13] (net)
                      0.186134    0.000380    2.542907 ^ result[13] (out)
                                              2.542907   data arrival time

                      0.000000    0.000000    0.000000   clock __VIRTUAL_CLK__ (rise edge)
                                  0.000000    0.000000   clock network delay (ideal)
                                  0.250000    0.250000   clock uncertainty
                                  0.000000    0.250000   clock reconvergence pessimism
                                 -2.000000   -1.750000   output external delay
                                             -1.750000   data required time
---------------------------------------------------------------------------------------------
                                             -1.750000   data required time
                                             -2.542907   data arrival time
---------------------------------------------------------------------------------------------
                                              4.292907   slack (MET)


Startpoint: B[20] (input port clocked by __VIRTUAL_CLK__)
Endpoint: result[21] (output port clocked by __VIRTUAL_CLK__)
Path Group: __VIRTUAL_CLK__
Path Type: min

Fanout         Cap        Slew       Delay        Time   Description
---------------------------------------------------------------------------------------------
                      0.000000    0.000000    0.000000   clock __VIRTUAL_CLK__ (rise edge)
                                  0.000000    0.000000   clock network delay (ideal)
                                  2.000000    2.000000 ^ input external delay
     5    0.017057    0.082546    0.056359    2.056359 ^ B[20] (in)
                                                         B[20] (net)
                      0.082546    0.000000    2.056359 ^ _1508_/A1 (sky130_fd_sc_hd__a211o_2)
     1    0.002750    0.027644    0.122749    2.179108 ^ _1508_/X (sky130_fd_sc_hd__a211o_2)
                                                         _0662_ (net)
                      0.027644    0.000006    2.179114 ^ _1513_/A2 (sky130_fd_sc_hd__a41o_2)
     1    0.003551    0.032289    0.168693    2.347807 ^ _1513_/X (sky130_fd_sc_hd__a41o_2)
                                                         _0667_ (net)
                      0.032289    0.000014    2.347821 ^ _1514_/B1 (sky130_fd_sc_hd__a41o_2)
     2    0.036337    0.175036    0.196906    2.544727 ^ _1514_/X (sky130_fd_sc_hd__a41o_2)
                                                         result[21] (net)
                      0.175036    0.000193    2.544920 ^ result[21] (out)
                                              2.544920   data arrival time

                      0.000000    0.000000    0.000000   clock __VIRTUAL_CLK__ (rise edge)
                                  0.000000    0.000000   clock network delay (ideal)
                                  0.250000    0.250000   clock uncertainty
                                  0.000000    0.250000   clock reconvergence pessimism
                                 -2.000000   -1.750000   output external delay
                                             -1.750000   data required time
---------------------------------------------------------------------------------------------
                                             -1.750000   data required time
                                             -2.544920   data arrival time
---------------------------------------------------------------------------------------------
                                              4.294919   slack (MET)


Startpoint: B[20] (input port clocked by __VIRTUAL_CLK__)
Endpoint: result[20] (output port clocked by __VIRTUAL_CLK__)
Path Group: __VIRTUAL_CLK__
Path Type: min

Fanout         Cap        Slew       Delay        Time   Description
---------------------------------------------------------------------------------------------
                      0.000000    0.000000    0.000000   clock __VIRTUAL_CLK__ (rise edge)
                                  0.000000    0.000000   clock network delay (ideal)
                                  2.000000    2.000000 ^ input external delay
     5    0.017057    0.082546    0.056382    2.056382 ^ B[20] (in)
                                                         B[20] (net)
                      0.082546    0.000000    2.056382 ^ _1492_/A1 (sky130_fd_sc_hd__a31o_2)
     1    0.002696    0.037735    0.142594    2.198976 ^ _1492_/X (sky130_fd_sc_hd__a31o_2)
                                                         _0647_ (net)
                      0.037735    0.000002    2.198978 ^ _1493_/C1 (sky130_fd_sc_hd__a211o_2)
     1    0.002683    0.025924    0.081201    2.280179 ^ _1493_/X (sky130_fd_sc_hd__a211o_2)
                                                         _0648_ (net)
                      0.025924    0.000002    2.280181 ^ _1494_/B1 (sky130_fd_sc_hd__a21o_2)
     1    0.003674    0.029585    0.075734    2.355915 ^ _1494_/X (sky130_fd_sc_hd__a21o_2)
                                                         _0649_ (net)
                      0.029585    0.000015    2.355930 ^ _1495_/C1 (sky130_fd_sc_hd__a211o_2)
     2    0.036931    0.176125    0.191872    2.547801 ^ _1495_/X (sky130_fd_sc_hd__a211o_2)
                                                         result[20] (net)
                      0.176125    0.000251    2.548053 ^ result[20] (out)
                                              2.548053   data arrival time

                      0.000000    0.000000    0.000000   clock __VIRTUAL_CLK__ (rise edge)
                                  0.000000    0.000000   clock network delay (ideal)
                                  0.250000    0.250000   clock uncertainty
                                  0.000000    0.250000   clock reconvergence pessimism
                                 -2.000000   -1.750000   output external delay
                                             -1.750000   data required time
---------------------------------------------------------------------------------------------
                                             -1.750000   data required time
                                             -2.548053   data arrival time
---------------------------------------------------------------------------------------------
                                              4.298053   slack (MET)


Startpoint: B[28] (input port clocked by __VIRTUAL_CLK__)
Endpoint: result[28] (output port clocked by __VIRTUAL_CLK__)
Path Group: __VIRTUAL_CLK__
Path Type: min

Fanout         Cap        Slew       Delay        Time   Description
---------------------------------------------------------------------------------------------
                      0.000000    0.000000    0.000000   clock __VIRTUAL_CLK__ (rise edge)
                                  0.000000    0.000000   clock network delay (ideal)
                                  2.000000    2.000000 v input external delay
     4    0.014281    0.033711    0.023120    2.023120 v B[28] (in)
                                                         B[28] (net)
                      0.033713    0.000000    2.023120 v _0905_/A (sky130_fd_sc_hd__nor2_2)
     2    0.006897    0.103815    0.118135    2.141255 ^ _0905_/Y (sky130_fd_sc_hd__nor2_2)
                                                         _0080_ (net)
                      0.103815    0.000009    2.141264 ^ _0906_/B (sky130_fd_sc_hd__nor2_2)
     7    0.022325    0.059421    0.085050    2.226314 v _0906_/Y (sky130_fd_sc_hd__nor2_2)
                                                         _0081_ (net)
                      0.059421    0.000112    2.226426 v _1608_/A (sky130_fd_sc_hd__nand2_2)
     1    0.002543    0.029974    0.052031    2.278457 ^ _1608_/Y (sky130_fd_sc_hd__nand2_2)
                                                         _0755_ (net)
                      0.029974    0.000001    2.278458 ^ _1625_/A2 (sky130_fd_sc_hd__a31o_2)
     2    0.036506    0.207557    0.270197    2.548655 ^ _1625_/X (sky130_fd_sc_hd__a31o_2)
                                                         result[28] (net)
                      0.207558    0.000324    2.548978 ^ result[28] (out)
                                              2.548978   data arrival time

                      0.000000    0.000000    0.000000   clock __VIRTUAL_CLK__ (rise edge)
                                  0.000000    0.000000   clock network delay (ideal)
                                  0.250000    0.250000   clock uncertainty
                                  0.000000    0.250000   clock reconvergence pessimism
                                 -2.000000   -1.750000   output external delay
                                             -1.750000   data required time
---------------------------------------------------------------------------------------------
                                             -1.750000   data required time
                                             -2.548978   data arrival time
---------------------------------------------------------------------------------------------
                                              4.298978   slack (MET)


Startpoint: A[2] (input port clocked by __VIRTUAL_CLK__)
Endpoint: result[2] (output port clocked by __VIRTUAL_CLK__)
Path Group: __VIRTUAL_CLK__
Path Type: min

Fanout         Cap        Slew       Delay        Time   Description
---------------------------------------------------------------------------------------------
                      0.000000    0.000000    0.000000   clock __VIRTUAL_CLK__ (rise edge)
                                  0.000000    0.000000   clock network delay (ideal)
                                  2.000000    2.000000 ^ input external delay
    10    0.026941    0.126610    0.087223    2.087223 ^ A[2] (in)
                                                         A[2] (net)
                      0.126611    0.000000    2.087223 ^ _1139_/A2 (sky130_fd_sc_hd__a31o_2)
     1    0.003368    0.033909    0.165066    2.252289 ^ _1139_/X (sky130_fd_sc_hd__a31o_2)
                                                         _0312_ (net)
                      0.033909    0.000012    2.252301 ^ _1140_/B1 (sky130_fd_sc_hd__a311o_2)
     1    0.003915    0.034974    0.097034    2.349334 ^ _1140_/X (sky130_fd_sc_hd__a311o_2)
                                                         _0313_ (net)
                      0.034974    0.000025    2.349359 ^ _1141_/C1 (sky130_fd_sc_hd__a211o_2)
     2    0.038619    0.183730    0.199136    2.548495 ^ _1141_/X (sky130_fd_sc_hd__a211o_2)
                                                         result[2] (net)
                      0.183781    0.000484    2.548979 ^ result[2] (out)
                                              2.548979   data arrival time

                      0.000000    0.000000    0.000000   clock __VIRTUAL_CLK__ (rise edge)
                                  0.000000    0.000000   clock network delay (ideal)
                                  0.250000    0.250000   clock uncertainty
                                  0.000000    0.250000   clock reconvergence pessimism
                                 -2.000000   -1.750000   output external delay
                                             -1.750000   data required time
---------------------------------------------------------------------------------------------
                                             -1.750000   data required time
                                             -2.548979   data arrival time
---------------------------------------------------------------------------------------------
                                              4.298979   slack (MET)


Startpoint: B[31] (input port clocked by __VIRTUAL_CLK__)
Endpoint: result[31] (output port clocked by __VIRTUAL_CLK__)
Path Group: __VIRTUAL_CLK__
Path Type: min

Fanout         Cap        Slew       Delay        Time   Description
---------------------------------------------------------------------------------------------
                      0.000000    0.000000    0.000000   clock __VIRTUAL_CLK__ (rise edge)
                                  0.000000    0.000000   clock network delay (ideal)
                                  2.000000    2.000000 ^ input external delay
     3    0.009716    0.050148    0.033096    2.033096 ^ B[31] (in)
                                                         B[31] (net)
                      0.050148    0.000000    2.033096 ^ _0886_/A (sky130_fd_sc_hd__nand2_2)
     2    0.006285    0.035743    0.049150    2.082246 v _0886_/Y (sky130_fd_sc_hd__nand2_2)
                                                         _0061_ (net)
                      0.035743    0.000021    2.082267 v _1659_/B (sky130_fd_sc_hd__nor2_2)
     1    0.002712    0.060774    0.065106    2.147373 ^ _1659_/Y (sky130_fd_sc_hd__nor2_2)
                                                         _0803_ (net)
                      0.060774    0.000003    2.147376 ^ _1661_/B1 (sky130_fd_sc_hd__a211o_2)
     1    0.005603    0.037032    0.104459    2.251835 ^ _1661_/X (sky130_fd_sc_hd__a211o_2)
                                                         _0805_ (net)
                      0.037032    0.000052    2.251887 ^ _1662_/B1 (sky130_fd_sc_hd__a21o_2)
     1    0.002526    0.024814    0.074969    2.326856 ^ _1662_/X (sky130_fd_sc_hd__a21o_2)
                                                         _0806_ (net)
                      0.024814    0.000013    2.326869 ^ _1668_/C (sky130_fd_sc_hd__or4_2)
     2    0.039900    0.199538    0.222995    2.549865 ^ _1668_/X (sky130_fd_sc_hd__or4_2)
                                                         result[31] (net)
                      0.199538    0.000452    2.550317 ^ result[31] (out)
                                              2.550317   data arrival time

                      0.000000    0.000000    0.000000   clock __VIRTUAL_CLK__ (rise edge)
                                  0.000000    0.000000   clock network delay (ideal)
                                  0.250000    0.250000   clock uncertainty
                                  0.000000    0.250000   clock reconvergence pessimism
                                 -2.000000   -1.750000   output external delay
                                             -1.750000   data required time
---------------------------------------------------------------------------------------------
                                             -1.750000   data required time
                                             -2.550317   data arrival time
---------------------------------------------------------------------------------------------
                                              4.300317   slack (MET)


Startpoint: A[6] (input port clocked by __VIRTUAL_CLK__)
Endpoint: result[7] (output port clocked by __VIRTUAL_CLK__)
Path Group: __VIRTUAL_CLK__
Path Type: min

Fanout         Cap        Slew       Delay        Time   Description
---------------------------------------------------------------------------------------------
                      0.000000    0.000000    0.000000   clock __VIRTUAL_CLK__ (rise edge)
                                  0.000000    0.000000   clock network delay (ideal)
                                  2.000000    2.000000 v input external delay
    12    0.041737    0.093662    0.067150    2.067150 v A[6] (in)
                                                         A[6] (net)
                      0.093694    0.000000    2.067150 v _0988_/B (sky130_fd_sc_hd__nand2b_2)
     3    0.012306    0.078995    0.113408    2.180558 ^ _0988_/Y (sky130_fd_sc_hd__nand2b_2)
                                                         _0163_ (net)
                      0.078995    0.000025    2.180583 ^ _1234_/A1 (sky130_fd_sc_hd__a21oi_2)
     1    0.004537    0.030276    0.056843    2.237426 v _1234_/Y (sky130_fd_sc_hd__a21oi_2)
                                                         _0402_ (net)
                      0.030276    0.000008    2.237434 v _1236_/A (sky130_fd_sc_hd__nor2_2)
     1    0.003237    0.064609    0.089033    2.326467 ^ _1236_/Y (sky130_fd_sc_hd__nor2_2)
                                                         _0404_ (net)
                      0.064609    0.000019    2.326486 ^ _1250_/B (sky130_fd_sc_hd__or3_2)
     2    0.038575    0.193036    0.230520    2.557006 ^ _1250_/X (sky130_fd_sc_hd__or3_2)
                                                         result[7] (net)
                      0.193040    0.000737    2.557743 ^ result[7] (out)
                                              2.557743   data arrival time

                      0.000000    0.000000    0.000000   clock __VIRTUAL_CLK__ (rise edge)
                                  0.000000    0.000000   clock network delay (ideal)
                                  0.250000    0.250000   clock uncertainty
                                  0.000000    0.250000   clock reconvergence pessimism
                                 -2.000000   -1.750000   output external delay
                                             -1.750000   data required time
---------------------------------------------------------------------------------------------
                                             -1.750000   data required time
                                             -2.557743   data arrival time
---------------------------------------------------------------------------------------------
                                              4.307743   slack (MET)


Startpoint: A[1] (input port clocked by __VIRTUAL_CLK__)
Endpoint: result[1] (output port clocked by __VIRTUAL_CLK__)
Path Group: __VIRTUAL_CLK__
Path Type: min

Fanout         Cap        Slew       Delay        Time   Description
---------------------------------------------------------------------------------------------
                      0.000000    0.000000    0.000000   clock __VIRTUAL_CLK__ (rise edge)
                                  0.000000    0.000000   clock network delay (ideal)
                                  2.000000    2.000000 ^ input external delay
    10    0.038042    0.175632    0.121929    2.121929 ^ A[1] (in)
                                                         A[1] (net)
                      0.175634    0.000000    2.121929 ^ _1097_/A2 (sky130_fd_sc_hd__o21ai_2)
     1    0.002361    0.035750    0.061565    2.183494 v _1097_/Y (sky130_fd_sc_hd__o21ai_2)
                                                         _0271_ (net)
                      0.035750    0.000001    2.183495 v _1098_/C1 (sky130_fd_sc_hd__o221a_2)
     1    0.004312    0.031520    0.117964    2.301459 v _1098_/X (sky130_fd_sc_hd__o221a_2)
                                                         _0272_ (net)
                      0.031520    0.000002    2.301461 v _1109_/C1 (sky130_fd_sc_hd__o211ai_2)
     1    0.004082    0.051210    0.050931    2.352391 ^ _1109_/Y (sky130_fd_sc_hd__o211ai_2)
                                                         _0283_ (net)
                      0.051210    0.000027    2.352419 ^ _1110_/C1 (sky130_fd_sc_hd__a211o_2)
     2    0.039579    0.188123    0.208116    2.560534 ^ _1110_/X (sky130_fd_sc_hd__a211o_2)
                                                         result[1] (net)
                      0.188179    0.000778    2.561313 ^ result[1] (out)
                                              2.561313   data arrival time

                      0.000000    0.000000    0.000000   clock __VIRTUAL_CLK__ (rise edge)
                                  0.000000    0.000000   clock network delay (ideal)
                                  0.250000    0.250000   clock uncertainty
                                  0.000000    0.250000   clock reconvergence pessimism
                                 -2.000000   -1.750000   output external delay
                                             -1.750000   data required time
---------------------------------------------------------------------------------------------
                                             -1.750000   data required time
                                             -2.561313   data arrival time
---------------------------------------------------------------------------------------------
                                              4.311313   slack (MET)


Startpoint: A[4] (input port clocked by __VIRTUAL_CLK__)
Endpoint: result[4] (output port clocked by __VIRTUAL_CLK__)
Path Group: __VIRTUAL_CLK__
Path Type: min

Fanout         Cap        Slew       Delay        Time   Description
---------------------------------------------------------------------------------------------
                      0.000000    0.000000    0.000000   clock __VIRTUAL_CLK__ (rise edge)
                                  0.000000    0.000000   clock network delay (ideal)
                                  2.000000    2.000000 ^ input external delay
    11    0.033574    0.156227    0.107991    2.107991 ^ A[4] (in)
                                                         A[4] (net)
                      0.156229    0.000000    2.107991 ^ _1186_/A2 (sky130_fd_sc_hd__a31o_2)
     1    0.002740    0.031946    0.168867    2.276858 ^ _1186_/X (sky130_fd_sc_hd__a31o_2)
                                                         _0357_ (net)
                      0.031946    0.000002    2.276861 ^ _1189_/B1 (sky130_fd_sc_hd__a211o_2)
     1    0.004189    0.031153    0.088870    2.365731 ^ _1189_/X (sky130_fd_sc_hd__a211o_2)
                                                         _0360_ (net)
                      0.031153    0.000024    2.365755 ^ _1190_/B1 (sky130_fd_sc_hd__a31o_2)
     2    0.036777    0.209023    0.215835    2.581589 ^ _1190_/X (sky130_fd_sc_hd__a31o_2)
                                                         result[4] (net)
                      0.209023    0.000271    2.581860 ^ result[4] (out)
                                              2.581860   data arrival time

                      0.000000    0.000000    0.000000   clock __VIRTUAL_CLK__ (rise edge)
                                  0.000000    0.000000   clock network delay (ideal)
                                  0.250000    0.250000   clock uncertainty
                                  0.000000    0.250000   clock reconvergence pessimism
                                 -2.000000   -1.750000   output external delay
                                             -1.750000   data required time
---------------------------------------------------------------------------------------------
                                             -1.750000   data required time
                                             -2.581860   data arrival time
---------------------------------------------------------------------------------------------
                                              4.331861   slack (MET)


Startpoint: B[25] (input port clocked by __VIRTUAL_CLK__)
Endpoint: result[26] (output port clocked by __VIRTUAL_CLK__)
Path Group: __VIRTUAL_CLK__
Path Type: min

Fanout         Cap        Slew       Delay        Time   Description
---------------------------------------------------------------------------------------------
                      0.000000    0.000000    0.000000   clock __VIRTUAL_CLK__ (rise edge)
                                  0.000000    0.000000   clock network delay (ideal)
                                  2.000000    2.000000 v input external delay
     4    0.015723    0.036818    0.025308    2.025308 v B[25] (in)
                                                         B[25] (net)
                      0.036818    0.000000    2.025308 v _0923_/A1 (sky130_fd_sc_hd__o21a_2)
     3    0.009968    0.042881    0.223784    2.249092 v _0923_/X (sky130_fd_sc_hd__o21a_2)
                                                         _0098_ (net)
                      0.042881    0.000040    2.249132 v _1579_/B (sky130_fd_sc_hd__nand3_2)
     1    0.003199    0.041260    0.061865    2.310997 ^ _1579_/Y (sky130_fd_sc_hd__nand3_2)
                                                         _0728_ (net)
                      0.041260    0.000009    2.311006 ^ _1593_/A2 (sky130_fd_sc_hd__a31o_2)
     2    0.036934    0.209912    0.275141    2.586147 ^ _1593_/X (sky130_fd_sc_hd__a31o_2)
                                                         result[26] (net)
                      0.209913    0.000399    2.586546 ^ result[26] (out)
                                              2.586546   data arrival time

                      0.000000    0.000000    0.000000   clock __VIRTUAL_CLK__ (rise edge)
                                  0.000000    0.000000   clock network delay (ideal)
                                  0.250000    0.250000   clock uncertainty
                                  0.000000    0.250000   clock reconvergence pessimism
                                 -2.000000   -1.750000   output external delay
                                             -1.750000   data required time
---------------------------------------------------------------------------------------------
                                             -1.750000   data required time
                                             -2.586546   data arrival time
---------------------------------------------------------------------------------------------
                                              4.336546   slack (MET)


Startpoint: B[12] (input port clocked by __VIRTUAL_CLK__)
Endpoint: result[12] (output port clocked by __VIRTUAL_CLK__)
Path Group: __VIRTUAL_CLK__
Path Type: min

Fanout         Cap        Slew       Delay        Time   Description
---------------------------------------------------------------------------------------------
                      0.000000    0.000000    0.000000   clock __VIRTUAL_CLK__ (rise edge)
                                  0.000000    0.000000   clock network delay (ideal)
                                  2.000000    2.000000 ^ input external delay
     3    0.009283    0.048217    0.031675    2.031675 ^ B[12] (in)
                                                         B[12] (net)
                      0.048217    0.000000    2.031675 ^ _0993_/A (sky130_fd_sc_hd__or2_2)
     2    0.007363    0.051274    0.114572    2.146247 ^ _0993_/X (sky130_fd_sc_hd__or2_2)
                                                         _0168_ (net)
                      0.051274    0.000020    2.146267 ^ _1345_/B1 (sky130_fd_sc_hd__a2bb2o_2)
     1    0.002222    0.029918    0.140388    2.286655 ^ _1345_/X (sky130_fd_sc_hd__a2bb2o_2)
                                                         _0508_ (net)
                      0.029918    0.000006    2.286661 ^ _1347_/B (sky130_fd_sc_hd__or3_2)
     1    0.002261    0.025986    0.090520    2.377182 ^ _1347_/X (sky130_fd_sc_hd__or3_2)
                                                         _0510_ (net)
                      0.025986    0.000007    2.377188 ^ _1348_/C (sky130_fd_sc_hd__or3_2)
     2    0.039324    0.196578    0.216146    2.593334 ^ _1348_/X (sky130_fd_sc_hd__or3_2)
                                                         result[12] (net)
                      0.196578    0.000730    2.594064 ^ result[12] (out)
                                              2.594064   data arrival time

                      0.000000    0.000000    0.000000   clock __VIRTUAL_CLK__ (rise edge)
                                  0.000000    0.000000   clock network delay (ideal)
                                  0.250000    0.250000   clock uncertainty
                                  0.000000    0.250000   clock reconvergence pessimism
                                 -2.000000   -1.750000   output external delay
                                             -1.750000   data required time
---------------------------------------------------------------------------------------------
                                             -1.750000   data required time
                                             -2.594064   data arrival time
---------------------------------------------------------------------------------------------
                                              4.344064   slack (MET)


Startpoint: B[6] (input port clocked by __VIRTUAL_CLK__)
Endpoint: result[6] (output port clocked by __VIRTUAL_CLK__)
Path Group: __VIRTUAL_CLK__
Path Type: min

Fanout         Cap        Slew       Delay        Time   Description
---------------------------------------------------------------------------------------------
                      0.000000    0.000000    0.000000   clock __VIRTUAL_CLK__ (rise edge)
                                  0.000000    0.000000   clock network delay (ideal)
                                  2.000000    2.000000 ^ input external delay
     4    0.020049    0.095887    0.065690    2.065690 ^ B[6] (in)
                                                         B[6] (net)
                      0.095888    0.000000    2.065690 ^ _0981_/A (sky130_fd_sc_hd__xor2_2)
     7    0.030838    0.093537    0.155326    2.221016 v _0981_/X (sky130_fd_sc_hd__xor2_2)
                                                         _0156_ (net)
                      0.093537    0.000059    2.221075 v _1213_/A (sky130_fd_sc_hd__xnor2_2)
     1    0.002701    0.034283    0.151518    2.372593 ^ _1213_/Y (sky130_fd_sc_hd__xnor2_2)
                                                         _0382_ (net)
                      0.034283    0.000003    2.372596 ^ _1231_/A2 (sky130_fd_sc_hd__a21o_2)
     2    0.039070    0.195692    0.235698    2.608294 ^ _1231_/X (sky130_fd_sc_hd__a21o_2)
                                                         result[6] (net)
                      0.195696    0.000742    2.609035 ^ result[6] (out)
                                              2.609035   data arrival time

                      0.000000    0.000000    0.000000   clock __VIRTUAL_CLK__ (rise edge)
                                  0.000000    0.000000   clock network delay (ideal)
                                  0.250000    0.250000   clock uncertainty
                                  0.000000    0.250000   clock reconvergence pessimism
                                 -2.000000   -1.750000   output external delay
                                             -1.750000   data required time
---------------------------------------------------------------------------------------------
                                             -1.750000   data required time
                                             -2.609035   data arrival time
---------------------------------------------------------------------------------------------
                                              4.359035   slack (MET)


Startpoint: B[5] (input port clocked by __VIRTUAL_CLK__)
Endpoint: result[5] (output port clocked by __VIRTUAL_CLK__)
Path Group: __VIRTUAL_CLK__
Path Type: min

Fanout         Cap        Slew       Delay        Time   Description
---------------------------------------------------------------------------------------------
                      0.000000    0.000000    0.000000   clock __VIRTUAL_CLK__ (rise edge)
                                  0.000000    0.000000   clock network delay (ideal)
                                  2.000000    2.000000 ^ input external delay
     4    0.022057    0.104821    0.071965    2.071965 ^ B[5] (in)
                                                         B[5] (net)
                      0.104822    0.000000    2.071965 ^ _0951_/A (sky130_fd_sc_hd__nand2_2)
     4    0.010410    0.058581    0.077259    2.149225 v _0951_/Y (sky130_fd_sc_hd__nand2_2)
                                                         _0126_ (net)
                      0.058581    0.000038    2.149263 v _1202_/B1 (sky130_fd_sc_hd__o22a_2)
     1    0.004500    0.040968    0.205559    2.354821 v _1202_/X (sky130_fd_sc_hd__o22a_2)
                                                         _0372_ (net)
                      0.040968    0.000005    2.354826 v _1204_/A (sky130_fd_sc_hd__nand2_2)
     1    0.003056    0.029254    0.046289    2.401115 ^ _1204_/Y (sky130_fd_sc_hd__nand2_2)
                                                         _0374_ (net)
                      0.029254    0.000014    2.401129 ^ _1210_/A (sky130_fd_sc_hd__or3_2)
     2    0.036273    0.182013    0.211636    2.612765 ^ _1210_/X (sky130_fd_sc_hd__or3_2)
                                                         result[5] (net)
                      0.182013    0.000188    2.612954 ^ result[5] (out)
                                              2.612954   data arrival time

                      0.000000    0.000000    0.000000   clock __VIRTUAL_CLK__ (rise edge)
                                  0.000000    0.000000   clock network delay (ideal)
                                  0.250000    0.250000   clock uncertainty
                                  0.000000    0.250000   clock reconvergence pessimism
                                 -2.000000   -1.750000   output external delay
                                             -1.750000   data required time
---------------------------------------------------------------------------------------------
                                             -1.750000   data required time
                                             -2.612954   data arrival time
---------------------------------------------------------------------------------------------
                                              4.362954   slack (MET)


Startpoint: A[9] (input port clocked by __VIRTUAL_CLK__)
Endpoint: result[10] (output port clocked by __VIRTUAL_CLK__)
Path Group: __VIRTUAL_CLK__
Path Type: min

Fanout         Cap        Slew       Delay        Time   Description
---------------------------------------------------------------------------------------------
                      0.000000    0.000000    0.000000   clock __VIRTUAL_CLK__ (rise edge)
                                  0.000000    0.000000   clock network delay (ideal)
                                  2.000000    2.000000 v input external delay
    11    0.030511    0.068748    0.048691    2.048691 v A[9] (in)
                                                         A[9] (net)
                      0.068749    0.000000    2.048691 v _1019_/B (sky130_fd_sc_hd__nand2b_2)
     1    0.004729    0.043829    0.074591    2.123282 ^ _1019_/Y (sky130_fd_sc_hd__nand2b_2)
                                                         _0194_ (net)
                      0.043829    0.000006    2.123288 ^ _1021_/B1 (sky130_fd_sc_hd__o21ai_2)
     3    0.012442    0.058719    0.069828    2.193116 v _1021_/Y (sky130_fd_sc_hd__o21ai_2)
                                                         _0196_ (net)
                      0.058719    0.000042    2.193159 v _1022_/A (sky130_fd_sc_hd__inv_2)
     1    0.002544    0.025177    0.044440    2.237598 ^ _1022_/Y (sky130_fd_sc_hd__inv_2)
                                                         _0197_ (net)
                      0.025177    0.000001    2.237599 ^ _1292_/A1 (sky130_fd_sc_hd__a21bo_2)
     2    0.004760    0.040335    0.113364    2.350963 ^ _1292_/X (sky130_fd_sc_hd__a21bo_2)
                                                         _0457_ (net)
                      0.040335    0.000000    2.350964 ^ _1307_/A2 (sky130_fd_sc_hd__a31o_2)
     2    0.039486    0.223778    0.284381    2.635345 ^ _1307_/X (sky130_fd_sc_hd__a31o_2)
                                                         result[10] (net)
                      0.223779    0.000385    2.635730 ^ result[10] (out)
                                              2.635730   data arrival time

                      0.000000    0.000000    0.000000   clock __VIRTUAL_CLK__ (rise edge)
                                  0.000000    0.000000   clock network delay (ideal)
                                  0.250000    0.250000   clock uncertainty
                                  0.000000    0.250000   clock reconvergence pessimism
                                 -2.000000   -1.750000   output external delay
                                             -1.750000   data required time
---------------------------------------------------------------------------------------------
                                             -1.750000   data required time
                                             -2.635730   data arrival time
---------------------------------------------------------------------------------------------
                                              4.385730   slack (MET)


Startpoint: B[15] (input port clocked by __VIRTUAL_CLK__)
Endpoint: result[15] (output port clocked by __VIRTUAL_CLK__)
Path Group: __VIRTUAL_CLK__
Path Type: min

Fanout         Cap        Slew       Delay        Time   Description
---------------------------------------------------------------------------------------------
                      0.000000    0.000000    0.000000   clock __VIRTUAL_CLK__ (rise edge)
                                  0.000000    0.000000   clock network delay (ideal)
                                  2.000000    2.000000 v input external delay
     3    0.011843    0.028551    0.019222    2.019222 v B[15] (in)
                                                         B[15] (net)
                      0.028553    0.000000    2.019222 v _1000_/A (sky130_fd_sc_hd__nor2_2)
     4    0.012299    0.153943    0.156358    2.175581 ^ _1000_/Y (sky130_fd_sc_hd__nor2_2)
                                                         _0175_ (net)
                      0.153943    0.000064    2.175645 ^ _1002_/A (sky130_fd_sc_hd__nor2_2)
     6    0.023209    0.061197    0.106123    2.281768 v _1002_/Y (sky130_fd_sc_hd__nor2_2)
                                                         _0177_ (net)
                      0.061197    0.000235    2.282003 v _1388_/A (sky130_fd_sc_hd__xnor2_2)
     1    0.002802    0.034506    0.139820    2.421823 ^ _1388_/Y (sky130_fd_sc_hd__xnor2_2)
                                                         _0548_ (net)
                      0.034506    0.000006    2.421829 ^ _1402_/A2 (sky130_fd_sc_hd__a21o_2)
     2    0.039933    0.199918    0.238466    2.660295 ^ _1402_/X (sky130_fd_sc_hd__a21o_2)
                                                         result[15] (net)
                      0.199926    0.001022    2.661317 ^ result[15] (out)
                                              2.661317   data arrival time

                      0.000000    0.000000    0.000000   clock __VIRTUAL_CLK__ (rise edge)
                                  0.000000    0.000000   clock network delay (ideal)
                                  0.250000    0.250000   clock uncertainty
                                  0.000000    0.250000   clock reconvergence pessimism
                                 -2.000000   -1.750000   output external delay
                                             -1.750000   data required time
---------------------------------------------------------------------------------------------
                                             -1.750000   data required time
                                             -2.661317   data arrival time
---------------------------------------------------------------------------------------------
                                              4.411317   slack (MET)


Startpoint: control[2] (input port clocked by __VIRTUAL_CLK__)
Endpoint: zero (output port clocked by __VIRTUAL_CLK__)
Path Group: __VIRTUAL_CLK__
Path Type: min

Fanout         Cap        Slew       Delay        Time   Description
---------------------------------------------------------------------------------------------
                      0.000000    0.000000    0.000000   clock __VIRTUAL_CLK__ (rise edge)
                                  0.000000    0.000000   clock network delay (ideal)
                                  2.000000    2.000000 v input external delay
     7    0.019867    0.045744    0.031975    2.031975 v control[2] (in)
                                                         control[2] (net)
                      0.045746    0.000000    2.031975 v _0837_/A (sky130_fd_sc_hd__inv_2)
     5    0.013372    0.067621    0.074474    2.106449 ^ _0837_/Y (sky130_fd_sc_hd__inv_2)
                                                         _0012_ (net)
                      0.067621    0.000021    2.106470 ^ _1068_/A1 (sky130_fd_sc_hd__a31o_2)
     2    0.041409    0.234371    0.293245    2.399715 ^ _1068_/X (sky130_fd_sc_hd__a31o_2)
                                                         result[0] (net)
                      0.234372    0.000420    2.400135 ^ _1678_/A (sky130_fd_sc_hd__or4_2)
     1    0.004897    0.038987    0.175995    2.576130 ^ _1678_/X (sky130_fd_sc_hd__or4_2)
                                                         _0821_ (net)
                      0.038987    0.000005    2.576135 ^ _1682_/C (sky130_fd_sc_hd__nor4_2)
     1    0.034612    0.084216    0.091181    2.667316 v _1682_/Y (sky130_fd_sc_hd__nor4_2)
                                                         zero (net)
                      0.084241    0.000267    2.667583 v zero (out)
                                              2.667583   data arrival time

                      0.000000    0.000000    0.000000   clock __VIRTUAL_CLK__ (rise edge)
                                  0.000000    0.000000   clock network delay (ideal)
                                  0.250000    0.250000   clock uncertainty
                                  0.000000    0.250000   clock reconvergence pessimism
                                 -2.000000   -1.750000   output external delay
                                             -1.750000   data required time
---------------------------------------------------------------------------------------------
                                             -1.750000   data required time
                                             -2.667583   data arrival time
---------------------------------------------------------------------------------------------
                                              4.417583   slack (MET)


Startpoint: B[16] (input port clocked by __VIRTUAL_CLK__)
Endpoint: result[16] (output port clocked by __VIRTUAL_CLK__)
Path Group: __VIRTUAL_CLK__
Path Type: min

Fanout         Cap        Slew       Delay        Time   Description
---------------------------------------------------------------------------------------------
                      0.000000    0.000000    0.000000   clock __VIRTUAL_CLK__ (rise edge)
                                  0.000000    0.000000   clock network delay (ideal)
                                  2.000000    2.000000 v input external delay
     3    0.011741    0.028298    0.019009    2.019009 v B[16] (in)
                                                         B[16] (net)
                      0.028298    0.000000    2.019009 v _1036_/A (sky130_fd_sc_hd__nand2_2)
     6    0.029302    0.156542    0.133841    2.152850 ^ _1036_/Y (sky130_fd_sc_hd__nand2_2)
                                                         _0211_ (net)
                      0.156542    0.000079    2.152930 ^ _1039_/A (sky130_fd_sc_hd__nand2_2)
     4    0.016176    0.071518    0.108334    2.261263 v _1039_/Y (sky130_fd_sc_hd__nand2_2)
                                                         _0214_ (net)
                      0.071518    0.000042    2.261306 v _1412_/A1 (sky130_fd_sc_hd__a311oi_2)
     1    0.001880    0.113537    0.181267    2.442573 ^ _1412_/Y (sky130_fd_sc_hd__a311oi_2)
                                                         _0571_ (net)
                      0.113537    0.000002    2.442575 ^ _1425_/B (sky130_fd_sc_hd__or3b_2)
     2    0.038600    0.221726    0.264715    2.707290 ^ _1425_/X (sky130_fd_sc_hd__or3b_2)
                                                         result[16] (net)
                      0.221726    0.000532    2.707822 ^ result[16] (out)
                                              2.707822   data arrival time

                      0.000000    0.000000    0.000000   clock __VIRTUAL_CLK__ (rise edge)
                                  0.000000    0.000000   clock network delay (ideal)
                                  0.250000    0.250000   clock uncertainty
                                  0.000000    0.250000   clock reconvergence pessimism
                                 -2.000000   -1.750000   output external delay
                                             -1.750000   data required time
---------------------------------------------------------------------------------------------
                                             -1.750000   data required time
                                             -2.707822   data arrival time
---------------------------------------------------------------------------------------------
                                              4.457822   slack (MET)



