
===========================================================================
 report_power
============================================================================
======================= nom_tt_025C_1v80 Corner ===================================

Group                    Internal    Switching      Leakage        Total
                            Power        Power        Power        Power (Watts)
------------------------------------------------------------------------
Sequential           0.000000e+00 0.000000e+00 0.000000e+00 0.000000e+00   0.0%
Combinational        2.035406e-04 2.007485e-04 3.370647e-09 4.042924e-04 100.0%
Clock                0.000000e+00 0.000000e+00 3.434442e-10 3.434442e-10   0.0%
Macro                0.000000e+00 0.000000e+00 0.000000e+00 0.000000e+00   0.0%
Pad                  0.000000e+00 0.000000e+00 0.000000e+00 0.000000e+00   0.0%
------------------------------------------------------------------------
Total                2.035406e-04 2.007485e-04 3.714095e-09 4.042927e-04 100.0%
                            50.3%        49.7%         0.0%
Writing metric power__internal__total: 0.00020354056323412806
Writing metric power__switching__total: 0.00020074845815543085
Writing metric power__leakage__total: 3.714095253570804e-9
Writing metric power__total: 0.0004042927466798574

