
===========================================================================
report_checks -unconstrained
===========================================================================
======================= nom_tt_025C_1v80 Corner ===================================

Startpoint: B[0] (input port clocked by __VIRTUAL_CLK__)
Endpoint: zero (output port clocked by __VIRTUAL_CLK__)
Path Group: __VIRTUAL_CLK__
Path Type: max

Fanout         Cap        Slew       Delay        Time   Description
---------------------------------------------------------------------------------------------
                      0.000000    0.000000    0.000000   clock __VIRTUAL_CLK__ (rise edge)
                                  0.000000    0.000000   clock network delay (ideal)
                                  2.000000    2.000000 v input external delay
     1    0.008371    0.020959    0.013611    2.013611 v B[0] (in)
                                                         B[0] (net)
                      0.020962    0.000000    2.013611 v input33/A (sky130_fd_sc_hd__buf_8)
     2    0.020595    0.030924    0.113544    2.127155 v input33/X (sky130_fd_sc_hd__buf_8)
                                                         net33 (net)
                      0.031008    0.001124    2.128279 v fanout192/A (sky130_fd_sc_hd__buf_8)
     2    0.012810    0.026611    0.112281    2.240560 v fanout192/X (sky130_fd_sc_hd__buf_8)
                                                         net192 (net)
                      0.026611    0.000494    2.241054 v fanout190/A (sky130_fd_sc_hd__buf_6)
     2    0.007472    0.023558    0.104159    2.345212 v fanout190/X (sky130_fd_sc_hd__buf_6)
                                                         net190 (net)
                      0.023558    0.000185    2.345398 v load_slew191/A (sky130_fd_sc_hd__buf_6)
     3    0.016333    0.030802    0.112334    2.457732 v load_slew191/X (sky130_fd_sc_hd__buf_6)
                                                         net191 (net)
                      0.030856    0.001128    2.458861 v fanout188/A (sky130_fd_sc_hd__buf_8)
     5    0.025596    0.034034    0.121422    2.580282 v fanout188/X (sky130_fd_sc_hd__buf_8)
                                                         net188 (net)
                      0.034037    0.000363    2.580646 v load_slew189/A (sky130_fd_sc_hd__buf_8)
     4    0.012380    0.026366    0.113324    2.693970 v load_slew189/X (sky130_fd_sc_hd__buf_8)
                                                         net189 (net)
                      0.026366    0.000353    2.694323 v _1070_/S0 (sky130_fd_sc_hd__mux4_2)
     2    0.009835    0.102475    0.445517    3.139840 v _1070_/X (sky130_fd_sc_hd__mux4_2)
                                                         _0244_ (net)
                      0.102475    0.000616    3.140455 v _1072_/A0 (sky130_fd_sc_hd__mux2_4)
     3    0.010502    0.060071    0.303826    3.444282 v _1072_/X (sky130_fd_sc_hd__mux2_4)
                                                         _0246_ (net)
                      0.060071    0.000293    3.444575 v _1079_/A0 (sky130_fd_sc_hd__mux2_4)
     1    0.005233    0.053425    0.274742    3.719316 v _1079_/X (sky130_fd_sc_hd__mux2_4)
                                                         _0253_ (net)
                      0.053425    0.000185    3.719501 v _1086_/A1 (sky130_fd_sc_hd__a22o_4)
     2    0.009306    0.045529    0.250370    3.969871 v _1086_/X (sky130_fd_sc_hd__a22o_4)
                                                         _0260_ (net)
                      0.045529    0.000423    3.970294 v _1435_/A2 (sky130_fd_sc_hd__o21a_4)
     1    0.007261    0.037629    0.193183    4.163478 v _1435_/X (sky130_fd_sc_hd__o21a_4)
                                                         _0593_ (net)
                      0.037629    0.000388    4.163866 v _1438_/C (sky130_fd_sc_hd__or4_4)
     1    0.004444    0.083264    0.470222    4.634088 v _1438_/X (sky130_fd_sc_hd__or4_4)
                                                         _0596_ (net)
                      0.083264    0.000143    4.634231 v _1445_/C (sky130_fd_sc_hd__or3_4)
     2    0.006902    0.069830    0.342266    4.976497 v _1445_/X (sky130_fd_sc_hd__or3_4)
                                                         net77 (net)
                      0.069830    0.000245    4.976742 v _1669_/A (sky130_fd_sc_hd__or4_4)
     1    0.007355    0.089380    0.544812    5.521554 v _1669_/X (sky130_fd_sc_hd__or4_4)
                                                         _0812_ (net)
                      0.089380    0.000230    5.521784 v _1674_/D (sky130_fd_sc_hd__or4_4)
     1    0.012795    0.099085    0.453125    5.974909 v _1674_/X (sky130_fd_sc_hd__or4_4)
                                                         _0817_ (net)
                      0.099085    0.000543    5.975451 v _1677_/D (sky130_fd_sc_hd__or4_4)
     1    0.003361    0.080460    0.419695    6.395146 v _1677_/X (sky130_fd_sc_hd__or4_4)
                                                         _0820_ (net)
                      0.080460    0.000086    6.395232 v _1678_/C (sky130_fd_sc_hd__or4_4)
     1    0.008474    0.091404    0.499469    6.894701 v _1678_/X (sky130_fd_sc_hd__or4_4)
                                                         _0821_ (net)
                      0.091404    0.000210    6.894911 v _1682_/D (sky130_fd_sc_hd__nor4_4)
     1    0.006068    0.210514    0.158136    7.053047 ^ _1682_/Y (sky130_fd_sc_hd__nor4_4)
                                                         net101 (net)
                      0.210514    0.000171    7.053217 ^ output101/A (sky130_fd_sc_hd__buf_6)
     1    0.035536    0.080330    0.171324    7.224542 ^ output101/X (sky130_fd_sc_hd__buf_6)
                                                         zero (net)
                      0.080353    0.001295    7.225837 ^ zero (out)
                                              7.225837   data arrival time

                      0.000000   10.000000   10.000000   clock __VIRTUAL_CLK__ (rise edge)
                                  0.000000   10.000000   clock network delay (ideal)
                                 -0.250000    9.750000   clock uncertainty
                                  0.000000    9.750000   clock reconvergence pessimism
                                 -2.000000    7.750000   output external delay
                                              7.750000   data required time
---------------------------------------------------------------------------------------------
                                              7.750000   data required time
                                             -7.225837   data arrival time
---------------------------------------------------------------------------------------------
                                              0.524163   slack (MET)




===========================================================================
report_checks --slack_max -0.01
============================================================================
======================= nom_tt_025C_1v80 Corner ===================================

No paths found.


===========================================================================
 report_check_types -max_slew -max_cap -max_fanout -violators
============================================================================
======================= nom_tt_025C_1v80 Corner ===================================



===========================================================================
report_parasitic_annotation -report_unannotated
============================================================================
Found 0 unannotated drivers.
Found 0 partially unannotated drivers.

===========================================================================
max slew violation count 0
Writing metric design__max_slew_violation__count__corner:nom_tt_025C_1v80: 0
max fanout violation count 0
Writing metric design__max_fanout_violation__count__corner:nom_tt_025C_1v80: 0
max cap violation count 0
Writing metric design__max_cap_violation__count__corner:nom_tt_025C_1v80: 0
============================================================================

===========================================================================
check_setup -verbose -unconstrained_endpoints -multiple_clock -no_clock -no_input_delay -loops -generated_clocks
===========================================================================
