
===========================================================================
 report_power
============================================================================
======================= nom_tt_025C_1v80 Corner ===================================

Group                    Internal    Switching      Leakage        Total
                            Power        Power        Power        Power (Watts)
------------------------------------------------------------------------
Sequential           0.000000e+00 0.000000e+00 0.000000e+00 0.000000e+00   0.0%
Combinational        3.451878e-04 3.117234e-04 5.210568e-09 6.569164e-04 100.0%
Clock                0.000000e+00 0.000000e+00 3.434442e-10 3.434442e-10   0.0%
Macro                0.000000e+00 0.000000e+00 0.000000e+00 0.000000e+00   0.0%
Pad                  0.000000e+00 0.000000e+00 0.000000e+00 0.000000e+00   0.0%
------------------------------------------------------------------------
Total                3.451878e-04 3.117234e-04 5.554016e-09 6.569167e-04 100.0%
                            52.5%        47.5%         0.0%
Writing metric power__internal__total: 0.0003451877855695784
Writing metric power__switching__total: 0.0003117233864031732
Writing metric power__leakage__total: 5.554015913844523e-9
Writing metric power__total: 0.0006569167017005384

