Clock: clk
Sources: clk 
Generated: no
Virtual: yes
Propagated: no
Period: 10.000000

===========================================================================
report_clock_properties
============================================================================
Clock                   Period          Waveform
----------------------------------------------------
clk                  10.000000    0.000000  5.000000

===========================================================================
report_clock_latency
============================================================================
Clock clk
rise -> rise
    min     max
0.000000 0.000000 source latency
1.661921         network latency _5536_/CLK
        1.732386 network latency _6059_/CLK
---------------
1.661921 1.732386 latency
        0.070465 skew

fall -> fall
    min     max
0.000000 0.000000 source latency
1.393610         network latency _5536_/CLK
        1.445075 network latency _6059_/CLK
---------------
1.393610 1.445075 latency
        0.051465 skew



===========================================================================
report_clock_min_period
============================================================================
clk period_min = 2.80 fmax = 357.37
