
===========================================================================
Violator List
============================================================================
[setup in-out] rs1[3] -> rd1[16] : -2.392338
[setup in-out] rs1[3] -> rd1[5] : -2.278621
[setup in-out] rs1[3] -> rd1[13] : -2.272453
[setup in-out] rs1[3] -> rd1[11] : -2.259887
[setup in-reg] rst -> _5204_/D : -2.251777
[setup in-reg] rst -> _5184_/D : -2.246573
[setup in-reg] rst -> _5198_/D : -2.238606
[setup in-reg] rst -> _5199_/D : -2.231912
[setup in-reg] rst -> _5188_/D : -2.229737
[setup in-reg] rst -> _5200_/D : -2.227610
[setup in-reg] rst -> _5195_/D : -2.225794
[setup in-reg] rst -> _5176_/D : -2.222551
[setup in-reg] rst -> _5166_/D : -2.174901
[setup in-reg] rst -> _5152_/D : -2.174329
[setup in-reg] rst -> _5172_/D : -2.170718
[setup in-reg] rst -> _5167_/D : -2.158851
[setup in-reg] rst -> _5156_/D : -2.153071
[setup in-reg] rst -> _5168_/D : -2.151478
[setup in-reg] rst -> _5163_/D : -2.146718
[setup in-reg] rst -> _5144_/D : -2.127642
[setup in-out] rs1[3] -> rd1[22] : -2.102794
[setup in-out] rs1[3] -> rd1[8] : -2.077668
[setup in-reg] rst -> _5251_/D : -2.049523
[setup in-reg] rst -> _5257_/D : -2.030217
[setup in-reg] rst -> _5241_/D : -2.017954
[setup in-reg] rst -> _5244_/D : -2.013207
[setup in-reg] rst -> _5219_/D : -2.009605
[setup in-reg] rst -> _5225_/D : -1.979673
[setup in-out] rs1[3] -> rd1[9] : -1.975905
[setup in-reg] rst -> _5209_/D : -1.969036
[setup in-reg] rst -> _5212_/D : -1.959499
[setup in-out] rs1[3] -> rd1[14] : -1.953273
[setup in-reg] rst -> _5178_/D : -1.943115
[setup in-reg] rst -> _5179_/D : -1.941682
[setup in-reg] rst -> _5181_/D : -1.937719
[setup in-reg] rst -> _5205_/D : -1.933942
[setup in-out] rs1[3] -> rd1[27] : -1.930809
[setup in-reg] rst -> _5203_/D : -1.928389
[setup in-reg] rst -> _5149_/D : -1.908668
[setup in-reg] rst -> _5173_/D : -1.905346
[setup in-reg] rst -> _5146_/D : -1.893847
[setup in-reg] rst -> _5171_/D : -1.886175
[setup in-reg] rst -> _5147_/D : -1.883132
[setup in-out] rs1[3] -> rd1[29] : -1.874546
[setup in-out] rs2[3] -> rd2[0] : -1.854184
[setup in-out] rs1[3] -> rd1[21] : -1.845244
[setup in-out] rs2[3] -> rd2[30] : -1.844395
[setup in-out] rs2[3] -> rd2[28] : -1.842978
[setup in-reg] rst -> _5252_/D : -1.823306
[setup in-out] rs2[3] -> rd2[24] : -1.816549
[setup in-reg] rst -> _5240_/D : -1.816412
[setup in-out] rs2[3] -> rd2[17] : -1.814692
[setup in-reg] rst -> _5201_/D : -1.811421
[setup in-reg] rst -> _5263_/D : -1.807845
[setup in-reg] rst -> _5189_/D : -1.804726
[setup in-out] rs2[3] -> rd2[16] : -1.801361
[setup in-out] rs2[3] -> rd2[19] : -1.796402
[setup in-reg] rst -> _5253_/D : -1.796305
[setup in-reg] rst -> _5264_/D : -1.793920
[setup in-out] rs2[3] -> rd2[31] : -1.792240
[setup in-reg] rst -> _5268_/D : -1.792043
[setup in-out] rs2[3] -> rd2[22] : -1.790444
[setup in-out] rs2[3] -> rd2[12] : -1.788811
[setup in-reg] rst -> _5265_/D : -1.788560
[setup in-out] rs2[3] -> rd2[23] : -1.781331
[setup in-out] rs2[3] -> rd2[11] : -1.773580
[setup in-out] rs2[3] -> rd2[1] : -1.764196
[setup in-out] rs2[3] -> rd2[8] : -1.759949
[setup in-out] rs1[3] -> rd1[0] : -1.753633
[setup in-reg] rst -> _5157_/D : -1.737094
[setup in-out] rs1[3] -> rd1[2] : -1.736477
[setup in-reg] rst -> _5169_/D : -1.730128
[setup in-out] rs2[3] -> rd2[13] : -1.701096
[setup in-out] rs1[3] -> rd1[26] : -1.698701
[setup in-out] rs2[3] -> rd2[27] : -1.687144
[setup in-out] rs1[3] -> rd1[10] : -1.680705
[setup in-out] rs2[3] -> rd2[4] : -1.677943
[setup in-out] rs2[3] -> rd2[29] : -1.672025
[setup in-out] rs2[3] -> rd2[2] : -1.663315
[setup in-out] rs1[3] -> rd1[19] : -1.655104
[setup in-reg] rst -> _5220_/D : -1.627258
[setup in-out] rs1[3] -> rd1[6] : -1.623424
[setup in-out] rs1[2] -> rd1[1] : -1.619556
[setup in-out] rs1[3] -> rd1[3] : -1.617240
[setup in-reg] rst -> _5208_/D : -1.616388
[setup in-reg] rst -> _5233_/D : -1.609450
[setup in-reg] rst -> _5232_/D : -1.608691
[setup in-reg] rst -> _5231_/D : -1.603169
[setup in-reg] rst -> _5180_/D : -1.596693
[setup in-reg] rst -> _5187_/D : -1.593728
[setup in-reg] rst -> _5193_/D : -1.590263
[setup in-out] rs1[3] -> rd1[12] : -1.589538
[setup in-reg] rst -> _5221_/D : -1.584992
[setup in-reg] rst -> _5236_/D : -1.576119
[setup in-reg] rst -> _5192_/D : -1.568674
[setup in-reg] rst -> _5155_/D : -1.562417
[setup in-reg] rst -> _5177_/D : -1.558861
[setup in-reg] rst -> _5267_/D : -1.551518
[setup in-out] rs2[3] -> rd2[15] : -1.542389
[setup in-reg] rst -> _5243_/D : -1.540120
[setup in-out] rs2[3] -> rd2[26] : -1.540085
[setup in-out] rs2[3] -> rd2[6] : -1.539466
[setup in-reg] rst -> _5242_/D : -1.536001
[setup in-reg] rst -> _5269_/D : -1.535862
[setup in-out] rs2[3] -> rd2[20] : -1.529220
[setup in-reg] rst -> _5161_/D : -1.528756
[setup in-reg] rst -> _5256_/D : -1.524134
[setup in-reg] rst -> _5145_/D : -1.523660
[setup in-reg] rst -> _5148_/D : -1.523299
[setup in-reg] rst -> _5210_/D : -1.521346
[setup in-out] rs1[3] -> rd1[7] : -1.519447
[setup in-reg] rst -> _5237_/D : -1.502206
[setup in-reg] rst -> _5160_/D : -1.501618
[setup in-reg] rst -> _5235_/D : -1.501079
[setup in-out] rs2[3] -> rd2[10] : -1.492026
[setup in-reg] rst -> _5211_/D : -1.490991
[setup in-reg] rst -> _5224_/D : -1.485107
[setup in-out] rs2[3] -> rd2[21] : -1.472258
[setup in-out] rs2[3] -> rd2[5] : -1.469478
[setup in-out] rs1[3] -> rd1[31] : -1.421960
[setup in-reg] rst -> _5248_/D : -1.400641
[setup in-reg] rst -> _5262_/D : -1.393428
[setup in-out] rs2[3] -> rd2[18] : -1.388545
[setup in-reg] rst -> _5259_/D : -1.381480
[setup in-out] rs2[3] -> rd2[25] : -1.379251
[setup in-reg] rst -> _5164_/D : -1.352071
[setup in-reg] rst -> _5162_/D : -1.351390
[setup in-reg] rst -> _5191_/D : -1.344799
[setup in-reg] rst -> _5154_/D : -1.342094
[setup in-reg] rst -> _5194_/D : -1.342066
[setup in-reg] rst -> _5153_/D : -1.340169
[setup in-reg] rst -> _5182_/D : -1.339784
[setup in-reg] rst -> _5159_/D : -1.339268
[setup in-reg] rst -> _5150_/D : -1.337346
[setup in-reg] rst -> _5151_/D : -1.336058
[setup in-reg] rst -> _5175_/D : -1.335034
[setup in-reg] rst -> _5186_/D : -1.331731
[setup in-reg] rst -> _5183_/D : -1.328952
[setup in-reg] rst -> _5196_/D : -1.326684
[setup in-reg] rst -> _5185_/D : -1.326602
[setup in-reg] rst -> _5207_/D : -1.323940
[setup in-out] rs2[3] -> rd2[7] : -1.315033
[setup in-out] rs2[3] -> rd2[14] : -1.309733
[setup in-out] rs2[3] -> rd2[3] : -1.307639
[setup in-out] rs1[2] -> rd1[17] : -1.306532
[setup in-out] rs2[3] -> rd2[9] : -1.285761
[setup in-out] rs1[3] -> rd1[15] : -1.218585
[setup in-reg] rst -> _5230_/D : -1.193565
[setup in-reg] rst -> _5216_/D : -1.189890
[setup in-reg] rst -> _5227_/D : -1.188927
[setup in-reg] rst -> _5245_/D : -1.177853
[setup in-reg] rst -> _6048_/D : -1.155413
[setup in-reg] rst -> _6062_/D : -1.153536
[setup in-reg] rst -> _6051_/D : -1.153044
[setup in-reg] rst -> _5258_/D : -1.145552
[setup in-reg] rst -> _5255_/D : -1.143878
[setup in-reg] rst -> _5250_/D : -1.141546
[setup in-reg] rst -> _6067_/D : -1.138224
[setup in-reg] rst -> _6044_/D : -1.135143
[setup in-reg] rst -> _5247_/D : -1.131863
[setup in-reg] rst -> _6041_/D : -1.131534
[setup in-reg] rst -> _6057_/D : -1.129495
[setup in-reg] rst -> _5213_/D : -1.129445
[setup in-reg] rst -> _5260_/D : -1.119783
[setup in-reg] rst -> _5249_/D : -1.113822
[setup in-reg] rst -> _5271_/D : -1.097090
[setup in-reg] rst -> _5494_/D : -1.086583
[setup in-reg] rst -> _5487_/D : -1.078911
[setup in-reg] rst -> _5492_/D : -1.066027
[setup in-reg] rst -> _5488_/D : -1.062907
[setup in-reg] rst -> _5223_/D : -1.058826
[setup in-reg] rst -> _5476_/D : -1.050977
[setup in-reg] rst -> _5464_/D : -1.046095
[setup in-reg] rst -> _5226_/D : -1.028984
[setup in-out] rs1[1] -> rd1[4] : -1.022974
[setup in-reg] rst -> _5215_/D : -1.020254
[setup in-reg] rst -> _5217_/D : -1.010341
[setup in-reg] rst -> _5228_/D : -1.009622
[setup in-reg] rst -> _5239_/D : -1.003746
[setup in-reg] rst -> _5426_/D : -1.002219
[setup in-reg] rst -> _5405_/D : -0.998917
[setup in-reg] rst -> _5218_/D : -0.992840
[setup in-reg] rst -> _5407_/D : -0.984760
[setup in-reg] rst -> _6054_/D : -0.983229
[setup in-reg] rst -> _5952_/D : -0.982062
[setup in-reg] rst -> _5421_/D : -0.981661
[setup in-reg] rst -> _5409_/D : -0.978988
[setup in-reg] rst -> _5410_/D : -0.976784
[setup in-reg] rst -> _5519_/D : -0.975453
[setup in-out] rs1[2] -> rd1[23] : -0.974484
[setup in-reg] rst -> _5524_/D : -0.973427
[setup in-reg] rst -> _5526_/D : -0.973280
[setup in-reg] rst -> _5961_/D : -0.972261
[setup in-reg] rst -> _5966_/D : -0.966439
[setup in-reg] rst -> _5955_/D : -0.965168
[setup in-reg] rst -> _6066_/D : -0.960398
[setup in-reg] rst -> _6061_/D : -0.958559
[setup in-reg] rst -> _5971_/D : -0.956908
[setup in-reg] rst -> _6069_/D : -0.956403
[setup in-reg] rst -> _6050_/D : -0.955628
[setup in-out] rs1[2] -> rd1[28] : -0.954748
[setup in-out] rs1[2] -> rd1[24] : -0.954620
[setup in-reg] rst -> _5508_/D : -0.953420
[setup in-reg] rst -> _5945_/D : -0.953342
[setup in-reg] rst -> _6046_/D : -0.952028
[setup in-reg] rst -> _5520_/D : -0.946488
[setup in-reg] rst -> _5948_/D : -0.945247
[setup in-reg] rst -> _6056_/D : -0.935021
[setup in-reg] rst -> _6058_/D : -0.929150
[setup in-out] rs1[2] -> rd1[30] : -0.922872
[setup in-reg] rst -> _5496_/D : -0.920464
[setup in-reg] rst -> _6055_/D : -0.914182
[setup in-reg] rst -> _5174_/D : -0.913115
[setup in-reg] rst -> _6071_/D : -0.911875
[setup in-reg] rst -> _5206_/D : -0.902633
[setup in-reg] rst -> _6060_/D : -0.901805
[setup in-reg] rst -> _5975_/D : -0.892473
[setup in-reg] rst -> _6065_/D : -0.884653
[setup in-reg] rst -> _5964_/D : -0.880604
[setup in-reg] rst -> _5959_/D : -0.879950
[setup in-reg] rst -> _5960_/D : -0.879703
[setup in-reg] rst -> _5962_/D : -0.877120
[setup in-reg] rst -> _6070_/D : -0.870158
[setup in-reg] rst -> _6063_/D : -0.870022
[setup in-reg] rst -> _5074_/D : -0.868574
[setup in-reg] rst -> _5062_/D : -0.866481
[setup in-reg] rst -> _5069_/D : -0.864040
[setup in-reg] rst -> _6052_/D : -0.861991
[setup in-reg] rst -> _5054_/D : -0.861105
[setup in-reg] rst -> _6068_/D : -0.858318
[setup in-reg] rst -> _5969_/D : -0.857735
[setup in-reg] rst -> _5058_/D : -0.856393
[setup in-reg] rst -> _6040_/D : -0.855385
[setup in-reg] rst -> _5071_/D : -0.852861
[setup in-reg] rst -> _5053_/D : -0.852661
[setup in-out] rs1[3] -> rd1[18] : -0.852605
[setup in-reg] rst -> _5051_/D : -0.846635
[setup in-reg] rst -> _5965_/D : -0.846027
[setup in-reg] rst -> _5958_/D : -0.845753
[setup in-reg] rst -> _5048_/D : -0.845330
[setup in-reg] rst -> _5973_/D : -0.845207
[setup in-reg] rst -> _5076_/D : -0.839384
[setup in-reg] rst -> _6059_/D : -0.839305
[setup in-out] rs1[2] -> rd1[25] : -0.838841
[setup in-reg] rst -> _5061_/D : -0.838821
[setup in-reg] rst -> _6064_/D : -0.838219
[setup in-reg] rst -> _5078_/D : -0.836573
[setup in-reg] rst -> _5060_/D : -0.835325
[setup in-reg] rst -> _5954_/D : -0.834725
[setup in-reg] rst -> _5950_/D : -0.833261
[setup in-reg] rst -> _5970_/D : -0.830779
[setup in-reg] rst -> _5067_/D : -0.820676
[setup in-reg] rst -> _5072_/D : -0.816452
[setup in-reg] rst -> _5974_/D : -0.808148
[setup in-reg] rst -> _5967_/D : -0.807158
[setup in-reg] rst -> _5944_/D : -0.777485
[setup in-reg] rst -> _5972_/D : -0.773345
[setup in-reg] rst -> _5956_/D : -0.768583
[setup in-reg] rst -> _5968_/D : -0.759782
[setup in-reg] rst -> _5963_/D : -0.742437
[setup in-out] rs1[3] -> rd1[20] : -0.735311
[setup in-reg] rst -> _6042_/D : -0.710921
[setup in-reg] rst -> _5359_/D : -0.697820
[setup in-reg] rst -> _6045_/D : -0.697646
[setup in-reg] rst -> _6043_/D : -0.683747
[setup in-reg] rst -> _5364_/D : -0.680242
[setup in-reg] rst -> _5348_/D : -0.678018
[setup in-reg] rst -> _5336_/D : -0.671086
[setup in-reg] rst -> _5349_/D : -0.665928
[setup in-reg] rst -> _5360_/D : -0.638266
[setup in-reg] rst -> _5270_/D : -0.597830
[setup in-reg] rst -> _5352_/D : -0.594069
[setup in-reg] rst -> _5362_/D : -0.592547
[setup in-reg] rst -> _5935_/D : -0.591974
[setup in-reg] rst -> _5342_/D : -0.587332
[setup in-reg] rst -> _5288_/D : -0.580321
[setup in-reg] rst -> _5912_/D : -0.577540
[setup in-reg] rst -> _5924_/D : -0.577257
[setup in-reg] rst -> _5940_/D : -0.576314
[setup in-reg] rst -> _5481_/D : -0.575005
[setup in-reg] rst -> _5413_/D : -0.574587
[setup in-reg] rst -> _5936_/D : -0.572372
[setup in-reg] rst -> _5346_/D : -0.571393
[setup in-reg] rst -> _5475_/D : -0.570256
[setup in-reg] rst -> _5411_/D : -0.566466
[setup in-reg] rst -> _5920_/D : -0.564010
[setup in-reg] rst -> _5428_/D : -0.563935
[setup in-reg] rst -> _5412_/D : -0.562436
[setup in-reg] rst -> _5465_/D : -0.562307
[setup in-reg] rst -> _5497_/D : -0.562117
[setup in-reg] rst -> _5430_/D : -0.561836
[setup in-reg] rst -> _5507_/D : -0.561816
[setup in-reg] rst -> _5486_/D : -0.560492
[setup in-reg] rst -> _5513_/D : -0.558897
[setup in-reg] rst -> _5365_/D : -0.558822
[setup in-reg] rst -> _5285_/D : -0.558656
[setup in-reg] rst -> _5500_/D : -0.558552
[setup in-reg] rst -> _5468_/D : -0.556393
[setup in-reg] rst -> _5414_/D : -0.552808
[setup in-reg] rst -> _5423_/D : -0.551148
[setup in-reg] rst -> _5473_/D : -0.549234
[setup in-reg] rst -> _5422_/D : -0.548305
[setup in-reg] rst -> _5282_/D : -0.546924
[setup in-reg] rst -> _5408_/D : -0.546333
[setup in-reg] rst -> _5401_/D : -0.546121
[setup in-reg] rst -> _5416_/D : -0.545162
[setup in-reg] rst -> _5931_/D : -0.544239
[setup in-reg] rst -> _5400_/D : -0.543769
[setup in-reg] rst -> _5298_/D : -0.541209
[setup in-reg] rst -> _5406_/D : -0.541037
[setup in-reg] rst -> _5934_/D : -0.540549
[setup in-reg] rst -> _5518_/D : -0.539387
[setup in-reg] rst -> _5479_/D : -0.533672
[setup in-reg] rst -> _5278_/D : -0.532858
[setup in-reg] rst -> _5923_/D : -0.531881
[setup in-reg] rst -> _5471_/D : -0.531719
[setup in-reg] rst -> _5417_/D : -0.531419
[setup in-reg] rst -> _5483_/D : -0.529998
[setup in-reg] rst -> _5284_/D : -0.527644
[setup in-reg] rst -> _5515_/D : -0.526383
[setup in-reg] rst -> _5301_/D : -0.526160
[setup in-reg] rst -> _5913_/D : -0.522841
[setup in-reg] rst -> _5295_/D : -0.522554
[setup in-reg] rst -> _5404_/D : -0.522430
[setup in-reg] rst -> _5949_/D : -0.520866
[setup in-reg] rst -> _5929_/D : -0.520824
[setup in-reg] rst -> _5419_/D : -0.520433
[setup in-reg] rst -> _5424_/D : -0.519654
[setup in-reg] rst -> _5916_/D : -0.517892
[setup in-reg] rst -> _5946_/D : -0.515491
[setup in-reg] rst -> _5300_/D : -0.514209
[setup in-reg] rst -> _5272_/D : -0.512469
[setup in-reg] rst -> _5477_/D : -0.511733
[setup in-reg] rst -> _5403_/D : -0.509867
[setup in-reg] rst -> _5775_/D : -0.505751
[setup in-reg] rst -> _5780_/D : -0.505020
[setup in-reg] rst -> _5764_/D : -0.504770
[setup in-reg] rst -> _5238_/D : -0.503870
[setup in-reg] rst -> _5939_/D : -0.503581
[setup in-reg] rst -> _5320_/D : -0.500939
[setup in-reg] rst -> _5752_/D : -0.497395
[setup in-reg] rst -> _5776_/D : -0.495736
[setup in-reg] rst -> _5333_/D : -0.495539
[setup in-reg] rst -> _5947_/D : -0.494047
[setup in-reg] rst -> _5771_/D : -0.491607
[setup in-reg] rst -> _5760_/D : -0.483328
[setup in-reg] rst -> _5310_/D : -0.479989
[setup in-reg] rst -> _5296_/D : -0.478866
[setup in-reg] rst -> _5774_/D : -0.476607
[setup in-reg] rst -> _5763_/D : -0.471760
[setup in-reg] rst -> _5314_/D : -0.469210
[setup in-reg] rst -> _5769_/D : -0.467518
[setup in-reg] rst -> _5888_/D : -0.464873
[setup in-reg] rst -> _5505_/D : -0.463997
[setup in-reg] rst -> _5756_/D : -0.461434
[setup in-reg] rst -> _5503_/D : -0.459863
[setup in-reg] rst -> _5779_/D : -0.458605
[setup in-reg] rst -> _5511_/D : -0.457068
[setup in-reg] rst -> _5753_/D : -0.456553
[setup in-reg] rst -> _5415_/D : -0.451023
[setup in-reg] rst -> _5509_/D : -0.448975
[setup in-reg] rst -> _5418_/D : -0.447848
[setup in-reg] rst -> _5330_/D : -0.444166
[setup in-reg] rst -> _5431_/D : -0.440373
[setup in-reg] rst -> _5420_/D : -0.436827
[setup in-reg] rst -> _5903_/D : -0.436551
[setup in-reg] rst -> _5283_/D : -0.430233
[setup in-reg] rst -> _5891_/D : -0.429782
[setup in-reg] rst -> _5902_/D : -0.423452
[setup in-reg] rst -> _5897_/D : -0.422681
[setup in-reg] rst -> _5276_/D : -0.422572
[setup in-reg] rst -> _5892_/D : -0.421285
[setup in-reg] rst -> _5190_/D : -0.418183
[setup in-reg] rst -> _5280_/D : -0.416818
[setup in-reg] rst -> _5884_/D : -0.416426
[setup in-reg] rst -> _5299_/D : -0.416182
[setup in-reg] rst -> _5908_/D : -0.415208
[setup in-reg] rst -> _5880_/D : -0.413887
[setup in-reg] rst -> _5289_/D : -0.410363
[setup in-reg] rst -> _5344_/D : -0.408693
[setup in-reg] rst -> _5273_/D : -0.408515
[setup in-reg] rst -> _5363_/D : -0.406875
[setup in-reg] rst -> _5197_/D : -0.406391
[setup in-reg] rst -> _5425_/D : -0.406323
[setup in-reg] rst -> _5347_/D : -0.405981
[setup in-reg] rst -> _5904_/D : -0.403579
[setup in-reg] rst -> _5294_/D : -0.402327
[setup in-reg] rst -> _5881_/D : -0.401591
[setup in-reg] rst -> _5353_/D : -0.397902
[setup in-reg] rst -> _5907_/D : -0.397297
[setup in-reg] rst -> _5202_/D : -0.396660
[setup in-reg] rst -> _5899_/D : -0.395895
[setup in-reg] rst -> _5340_/D : -0.394827
[setup in-reg] rst -> _5337_/D : -0.390035
[setup in-reg] rst -> _5358_/D : -0.389073
[setup in-reg] rst -> _5474_/D : -0.385548
[setup in-reg] rst -> _5506_/D : -0.373733
[setup in-reg] rst -> _5478_/D : -0.373634
[setup in-reg] rst -> _5485_/D : -0.373587
[setup in-reg] rst -> _5469_/D : -0.372937
[setup in-reg] rst -> _5055_/D : -0.366469
[setup in-reg] rst -> _5063_/D : -0.366019
[setup in-reg] rst -> _5291_/D : -0.362578
[setup in-reg] rst -> _5165_/D : -0.362244
[setup in-reg] rst -> _5894_/D : -0.357945
[setup in-reg] rst -> _5170_/D : -0.356582
[setup in-reg] rst -> _5510_/D : -0.355778
[setup in-reg] rst -> _6049_/D : -0.353796
[setup in-reg] rst -> _5158_/D : -0.353177
[setup in-reg] rst -> _5057_/D : -0.351320
[setup in-reg] rst -> _5886_/D : -0.349985
[setup in-reg] rst -> _5501_/D : -0.347735
[setup in-reg] rst -> _5906_/D : -0.346965
[setup in-reg] rst -> _5355_/D : -0.345356
[setup in-reg] rst -> _5909_/D : -0.342840
[setup in-reg] rst -> _5517_/D : -0.336557
[setup in-reg] rst -> _6053_/D : -0.332557
[setup in-reg] rst -> _5901_/D : -0.328929
[setup in-reg] rst -> _5890_/D : -0.318346
[setup in-reg] rst -> _6047_/D : -0.313995
[setup in-reg] rst -> _5926_/D : -0.312983
[setup in-reg] rst -> _5317_/D : -0.310552
[setup in-reg] rst -> _5938_/D : -0.303933
[setup in-reg] rst -> _5312_/D : -0.295402
[setup in-reg] rst -> _5332_/D : -0.292727
[setup in-reg] rst -> _5941_/D : -0.292622
[setup in-reg] rst -> _5327_/D : -0.292085
[setup in-reg] rst -> _5308_/D : -0.288878
[setup in-reg] rst -> _5953_/D : -0.288656
[setup in-reg] rst -> _5331_/D : -0.284574
[setup in-reg] rst -> _5304_/D : -0.283428
[setup in-reg] rst -> _5316_/D : -0.279194
[setup in-reg] rst -> _5305_/D : -0.276572
[setup in-reg] rst -> _5321_/D : -0.275627
[setup in-reg] rst -> _5922_/D : -0.273785
[setup in-reg] rst -> _5918_/D : -0.269838
[setup in-reg] rst -> _5326_/D : -0.268344
[setup in-reg] rst -> _5315_/D : -0.267463
[setup in-reg] rst -> _5933_/D : -0.266662
[setup in-reg] rst -> _5354_/D : -0.257797
[setup in-reg] rst -> _5957_/D : -0.251310
[setup in-reg] rst -> _5328_/D : -0.251294
[setup in-reg] rst -> _5056_/D : -0.251155
[setup in-reg] rst -> _5070_/D : -0.250289
[setup in-reg] rst -> _5059_/D : -0.248326
[setup in-reg] rst -> _5049_/D : -0.243408
[setup in-reg] rst -> _5951_/D : -0.240070
[setup in-reg] rst -> _5319_/D : -0.239957
[setup in-reg] rst -> _5065_/D : -0.227645
[setup in-reg] rst -> _5075_/D : -0.227616
[setup in-reg] rst -> _5351_/D : -0.223006
[setup in-reg] rst -> _5343_/D : -0.221174
[setup in-reg] rst -> _5345_/D : -0.217525
[setup in-reg] rst -> _5052_/D : -0.210727
[setup in-reg] rst -> _5323_/D : -0.205170
[setup in-reg] rst -> _5077_/D : -0.204436
[setup in-reg] rst -> _5261_/D : -0.168043
[setup in-reg] rst -> _5254_/D : -0.166358
[setup in-reg] rst -> _5266_/D : -0.166309
[setup in-reg] rst -> _5781_/D : -0.154960
[setup in-reg] rst -> _5246_/D : -0.146762
[setup in-reg] rst -> _5766_/D : -0.146332
[setup in-reg] rst -> _5758_/D : -0.135306
[setup in-reg] rst -> _5778_/D : -0.126666
[setup in-reg] rst -> _5762_/D : -0.115742
[setup in-reg] rst -> _5773_/D : -0.115156
[setup in-reg] rst -> _5523_/D : -0.113963
[setup in-reg] rst -> _5281_/D : -0.110049
[setup in-reg] rst -> _5440_/D : -0.107153
[setup in-reg] rst -> _5279_/D : -0.103382
[setup in-reg] rst -> _5491_/D : -0.101902
[setup in-reg] rst -> _5433_/D : -0.101865
[setup in-reg] rst -> _5443_/D : -0.095824
[setup in-reg] rst -> _5229_/D : -0.094065
[setup in-reg] rst -> _5214_/D : -0.093999
[setup in-reg] rst -> _5459_/D : -0.093522
[setup in-reg] rst -> _5371_/D : -0.087249
[setup in-reg] rst -> _5290_/D : -0.085616
[setup in-reg] rst -> _5374_/D : -0.085374
[setup in-reg] rst -> _5449_/D : -0.084757
[setup in-reg] rst -> _5397_/D : -0.084404
[setup in-reg] rst -> _5287_/D : -0.078958
[setup in-reg] rst -> _5222_/D : -0.078374
[setup in-reg] rst -> _5234_/D : -0.073831
[setup in-reg] rst -> _5436_/D : -0.073054
[setup in-reg] rst -> _5378_/D : -0.071264
[setup in-reg] rst -> _5391_/D : -0.070790
[setup in-reg] rst -> _5350_/D : -0.070684
[setup in-reg] rst -> _5394_/D : -0.067724
[setup in-reg] rst -> _5381_/D : -0.067620
[setup in-reg] rst -> _5499_/D : -0.066859
[setup in-reg] rst -> _5504_/D : -0.065151
[setup in-reg] rst -> _5467_/D : -0.063548
[setup in-reg] rst -> _5921_/D : -0.063106
[setup in-reg] rst -> _5396_/D : -0.061009
[setup in-reg] rst -> _5341_/D : -0.060585
[setup in-reg] rst -> _5357_/D : -0.059764
[setup in-reg] rst -> _5472_/D : -0.056653
[setup in-reg] rst -> _5919_/D : -0.055707
[setup in-reg] rst -> _5498_/D : -0.055087
[setup in-reg] rst -> _5380_/D : -0.054743
[setup in-reg] rst -> _5927_/D : -0.054142
[setup in-reg] rst -> _5368_/D : -0.052720
[setup in-reg] rst -> _5466_/D : -0.050536
[setup in-reg] rst -> _5925_/D : -0.050170
[setup in-reg] rst -> _5864_/D : -0.044131
[setup in-reg] rst -> _5868_/D : -0.043071
[setup in-reg] rst -> _5385_/D : -0.043006
[setup in-reg] rst -> _5390_/D : -0.041970
[setup in-reg] rst -> _5395_/D : -0.040960
[setup in-reg] rst -> _5376_/D : -0.036267
[setup in-reg] rst -> _5863_/D : -0.035775
[setup in-reg] rst -> _5372_/D : -0.033380
[setup in-reg] rst -> _5379_/D : -0.031810
[setup in-reg] rst -> _5392_/D : -0.029085
[setup in-reg] rst -> _5866_/D : -0.022276
[setup in-reg] rst -> _5873_/D : -0.021844
[setup in-reg] rst -> _5277_/D : -0.019885
[setup in-reg] rst -> _5369_/D : -0.019477
[setup in-reg] rst -> _5427_/D : -0.017904
[setup in-reg] rst -> _5879_/D : -0.017534
[setup in-reg] rst -> _5402_/D : -0.016931
[setup in-reg] rst -> _5286_/D : -0.016342
[setup in-reg] rst -> _5765_/D : -0.014381
[setup in-reg] rst -> _5293_/D : -0.012691
[setup in-reg] rst -> _5429_/D : -0.008888
[setup in-reg] rst -> _5915_/D : -0.008200
[setup in-reg] rst -> _5942_/D : -0.003892
