Clock: clk
Sources: clk 
Generated: no
Virtual: yes
Propagated: no
Period: 10.000000

===========================================================================
report_clock_properties
============================================================================
Clock                   Period          Waveform
----------------------------------------------------
clk                  10.000000    0.000000  5.000000

===========================================================================
report_clock_latency
============================================================================
Clock clk
rise -> rise
    min     max
0.000000 0.000000 source latency
0.727485         network latency _5536_/CLK
        0.746732 network latency _5745_/CLK
---------------
0.727485 0.746732 latency
        0.019246 skew

fall -> fall
    min     max
0.000000 0.000000 source latency
0.627249         network latency _5536_/CLK
        0.640895 network latency _5745_/CLK
---------------
0.627249 0.640895 latency
        0.013646 skew



===========================================================================
report_clock_min_period
============================================================================
clk period_min = 1.48 fmax = 676.31
