
===========================================================================
 report_power
============================================================================
======================= nom_tt_025C_1v80 Corner ===================================

Group                    Internal    Switching      Leakage        Total
                            Power        Power        Power        Power (Watts)
------------------------------------------------------------------------
Sequential           4.108881e-03 1.710376e-05 8.777412e-09 4.125993e-03  51.7%
Combinational        5.010013e-04 5.841047e-04 2.419384e-08 1.085130e-03  13.6%
Clock                1.482989e-03 1.293205e-03 1.967147e-09 2.776196e-03  34.8%
Macro                0.000000e+00 0.000000e+00 0.000000e+00 0.000000e+00   0.0%
Pad                  0.000000e+00 0.000000e+00 0.000000e+00 0.000000e+00   0.0%
------------------------------------------------------------------------
Total                6.092890e-03 1.894413e-03 3.493892e-08 7.987338e-03 100.0%
                            76.3%        23.7%         0.0%
Writing metric power__internal__total: 0.006092889700084925
Writing metric power__switching__total: 0.0018944131443277001
Writing metric power__leakage__total: 3.493892464234705e-8
Writing metric power__total: 0.007987338118255138

