
===========================================================================
report_checks -path_delay min (Hold)
============================================================================
======================= nom_ff_n40C_1v95 Corner ===================================

Startpoint: control[3] (input port clocked by __VIRTUAL_CLK__)
Endpoint: result[0] (output port clocked by __VIRTUAL_CLK__)
Path Group: __VIRTUAL_CLK__
Path Type: min

Fanout         Cap        Slew       Delay        Time   Description
---------------------------------------------------------------------------------------------
                      0.000000    0.000000    0.000000   clock __VIRTUAL_CLK__ (rise edge)
                                  0.000000    0.000000   clock network delay (ideal)
                                  2.000000    2.000000 v input external delay
    11    0.019691    0.031598    0.020642    2.020642 v control[3] (in)
                                                         control[3] (net)
                      0.031598    0.000000    2.020642 v _1068_/A2 (sky130_fd_sc_hd__a31o_2)
     2    0.034857    0.066890    0.202844    2.223486 v _1068_/X (sky130_fd_sc_hd__a31o_2)
                                                         result[0] (net)
                      0.066890    0.000000    2.223486 v result[0] (out)
                                              2.223486   data arrival time

                      0.000000    0.000000    0.000000   clock __VIRTUAL_CLK__ (rise edge)
                                  0.000000    0.000000   clock network delay (ideal)
                                  0.250000    0.250000   clock uncertainty
                                  0.000000    0.250000   clock reconvergence pessimism
                                 -2.000000   -1.750000   output external delay
                                             -1.750000   data required time
---------------------------------------------------------------------------------------------
                                             -1.750000   data required time
                                             -2.223486   data arrival time
---------------------------------------------------------------------------------------------
                                              3.973486   slack (MET)


Startpoint: control[0] (input port clocked by __VIRTUAL_CLK__)
Endpoint: result[14] (output port clocked by __VIRTUAL_CLK__)
Path Group: __VIRTUAL_CLK__
Path Type: min

Fanout         Cap        Slew       Delay        Time   Description
---------------------------------------------------------------------------------------------
                      0.000000    0.000000    0.000000   clock __VIRTUAL_CLK__ (rise edge)
                                  0.000000    0.000000   clock network delay (ideal)
                                  2.000000    2.000000 v input external delay
    14    0.031134    0.048732    0.033312    2.033312 v control[0] (in)
                                                         control[0] (net)
                      0.048732    0.000000    2.033312 v _1100_/A (sky130_fd_sc_hd__nand2_2)
     9    0.030325    0.123358    0.112348    2.145660 ^ _1100_/Y (sky130_fd_sc_hd__nand2_2)
                                                         _0274_ (net)
                      0.123358    0.000000    2.145660 ^ _1386_/A1 (sky130_fd_sc_hd__o21ai_2)
     2    0.034837    0.074660    0.106498    2.252158 v _1386_/Y (sky130_fd_sc_hd__o21ai_2)
                                                         result[14] (net)
                      0.074660    0.000000    2.252158 v result[14] (out)
                                              2.252158   data arrival time

                      0.000000    0.000000    0.000000   clock __VIRTUAL_CLK__ (rise edge)
                                  0.000000    0.000000   clock network delay (ideal)
                                  0.250000    0.250000   clock uncertainty
                                  0.000000    0.250000   clock reconvergence pessimism
                                 -2.000000   -1.750000   output external delay
                                             -1.750000   data required time
---------------------------------------------------------------------------------------------
                                             -1.750000   data required time
                                             -2.252158   data arrival time
---------------------------------------------------------------------------------------------
                                              4.002158   slack (MET)


Startpoint: B[4] (input port clocked by __VIRTUAL_CLK__)
Endpoint: result[3] (output port clocked by __VIRTUAL_CLK__)
Path Group: __VIRTUAL_CLK__
Path Type: min

Fanout         Cap        Slew       Delay        Time   Description
---------------------------------------------------------------------------------------------
                      0.000000    0.000000    0.000000   clock __VIRTUAL_CLK__ (rise edge)
                                  0.000000    0.000000   clock network delay (ideal)
                                  2.000000    2.000000 v input external delay
    28    0.072874    0.109830    0.080189    2.080189 v B[4] (in)
                                                         B[4] (net)
                      0.109830    0.000000    2.080189 v _1170_/A1 (sky130_fd_sc_hd__a21o_2)
     2    0.034907    0.068619    0.199427    2.279616 v _1170_/X (sky130_fd_sc_hd__a21o_2)
                                                         result[3] (net)
                      0.068619    0.000000    2.279616 v result[3] (out)
                                              2.279616   data arrival time

                      0.000000    0.000000    0.000000   clock __VIRTUAL_CLK__ (rise edge)
                                  0.000000    0.000000   clock network delay (ideal)
                                  0.250000    0.250000   clock uncertainty
                                  0.000000    0.250000   clock reconvergence pessimism
                                 -2.000000   -1.750000   output external delay
                                             -1.750000   data required time
---------------------------------------------------------------------------------------------
                                             -1.750000   data required time
                                             -2.279616   data arrival time
---------------------------------------------------------------------------------------------
                                              4.029616   slack (MET)


Startpoint: B[18] (input port clocked by __VIRTUAL_CLK__)
Endpoint: result[19] (output port clocked by __VIRTUAL_CLK__)
Path Group: __VIRTUAL_CLK__
Path Type: min

Fanout         Cap        Slew       Delay        Time   Description
---------------------------------------------------------------------------------------------
                      0.000000    0.000000    0.000000   clock __VIRTUAL_CLK__ (rise edge)
                                  0.000000    0.000000   clock network delay (ideal)
                                  2.000000    2.000000 v input external delay
     3    0.007234    0.011931    0.006735    2.006735 v B[18] (in)
                                                         B[18] (net)
                      0.011931    0.000000    2.006735 v _1042_/A (sky130_fd_sc_hd__nand2_2)
     5    0.015942    0.069529    0.060456    2.067191 ^ _1042_/Y (sky130_fd_sc_hd__nand2_2)
                                                         _0217_ (net)
                      0.069529    0.000000    2.067191 ^ _1466_/A1 (sky130_fd_sc_hd__a311o_2)
     1    0.004651    0.026201    0.100247    2.167438 ^ _1466_/X (sky130_fd_sc_hd__a311o_2)
                                                         _0622_ (net)
                      0.026201    0.000000    2.167438 ^ _1476_/B (sky130_fd_sc_hd__nand3b_2)
     2    0.034948    0.134463    0.115201    2.282639 v _1476_/Y (sky130_fd_sc_hd__nand3b_2)
                                                         result[19] (net)
                      0.134463    0.000000    2.282639 v result[19] (out)
                                              2.282639   data arrival time

                      0.000000    0.000000    0.000000   clock __VIRTUAL_CLK__ (rise edge)
                                  0.000000    0.000000   clock network delay (ideal)
                                  0.250000    0.250000   clock uncertainty
                                  0.000000    0.250000   clock reconvergence pessimism
                                 -2.000000   -1.750000   output external delay
                                             -1.750000   data required time
---------------------------------------------------------------------------------------------
                                             -1.750000   data required time
                                             -2.282639   data arrival time
---------------------------------------------------------------------------------------------
                                              4.032639   slack (MET)


Startpoint: B[24] (input port clocked by __VIRTUAL_CLK__)
Endpoint: result[24] (output port clocked by __VIRTUAL_CLK__)
Path Group: __VIRTUAL_CLK__
Path Type: min

Fanout         Cap        Slew       Delay        Time   Description
---------------------------------------------------------------------------------------------
                      0.000000    0.000000    0.000000   clock __VIRTUAL_CLK__ (rise edge)
                                  0.000000    0.000000   clock network delay (ideal)
                                  2.000000    2.000000 v input external delay
     4    0.009719    0.015988    0.009525    2.009525 v B[24] (in)
                                                         B[24] (net)
                      0.015988    0.000000    2.009525 v _1058_/A (sky130_fd_sc_hd__nand2_2)
     3    0.010782    0.050197    0.048114    2.057639 ^ _1058_/Y (sky130_fd_sc_hd__nand2_2)
                                                         _0233_ (net)
                      0.050197    0.000000    2.057639 ^ _1060_/A (sky130_fd_sc_hd__nand2_2)
     6    0.019741    0.055078    0.057250    2.114889 v _1060_/Y (sky130_fd_sc_hd__nand2_2)
                                                         _0235_ (net)
                      0.055078    0.000000    2.114889 v _1547_/A2 (sky130_fd_sc_hd__o21ai_2)
     1    0.004721    0.040312    0.086076    2.200965 ^ _1547_/Y (sky130_fd_sc_hd__o21ai_2)
                                                         _0698_ (net)
                      0.040312    0.000000    2.200965 ^ _1562_/A2 (sky130_fd_sc_hd__o21ai_2)
     2    0.034948    0.074697    0.085780    2.286744 v _1562_/Y (sky130_fd_sc_hd__o21ai_2)
                                                         result[24] (net)
                      0.074697    0.000000    2.286744 v result[24] (out)
                                              2.286744   data arrival time

                      0.000000    0.000000    0.000000   clock __VIRTUAL_CLK__ (rise edge)
                                  0.000000    0.000000   clock network delay (ideal)
                                  0.250000    0.250000   clock uncertainty
                                  0.000000    0.250000   clock reconvergence pessimism
                                 -2.000000   -1.750000   output external delay
                                             -1.750000   data required time
---------------------------------------------------------------------------------------------
                                             -1.750000   data required time
                                             -2.286744   data arrival time
---------------------------------------------------------------------------------------------
                                              4.036745   slack (MET)


Startpoint: B[26] (input port clocked by __VIRTUAL_CLK__)
Endpoint: result[27] (output port clocked by __VIRTUAL_CLK__)
Path Group: __VIRTUAL_CLK__
Path Type: min

Fanout         Cap        Slew       Delay        Time   Description
---------------------------------------------------------------------------------------------
                      0.000000    0.000000    0.000000   clock __VIRTUAL_CLK__ (rise edge)
                                  0.000000    0.000000   clock network delay (ideal)
                                  2.000000    2.000000 ^ input external delay
     4    0.010176    0.040057    0.025456    2.025456 ^ B[26] (in)
                                                         B[26] (net)
                      0.040057    0.000000    2.025456 ^ _0913_/A (sky130_fd_sc_hd__nand2_2)
     4    0.012296    0.038786    0.041287    2.066744 v _0913_/Y (sky130_fd_sc_hd__nand2_2)
                                                         _0088_ (net)
                      0.038786    0.000000    2.066744 v _1597_/B (sky130_fd_sc_hd__nand3b_2)
     1    0.002528    0.032909    0.046350    2.113094 ^ _1597_/Y (sky130_fd_sc_hd__nand3b_2)
                                                         _0745_ (net)
                      0.032909    0.000000    2.113094 ^ _1607_/A3 (sky130_fd_sc_hd__a31o_2)
     2    0.035344    0.156859    0.179567    2.292660 ^ _1607_/X (sky130_fd_sc_hd__a31o_2)
                                                         result[27] (net)
                      0.156859    0.000000    2.292660 ^ result[27] (out)
                                              2.292660   data arrival time

                      0.000000    0.000000    0.000000   clock __VIRTUAL_CLK__ (rise edge)
                                  0.000000    0.000000   clock network delay (ideal)
                                  0.250000    0.250000   clock uncertainty
                                  0.000000    0.250000   clock reconvergence pessimism
                                 -2.000000   -1.750000   output external delay
                                             -1.750000   data required time
---------------------------------------------------------------------------------------------
                                             -1.750000   data required time
                                             -2.292660   data arrival time
---------------------------------------------------------------------------------------------
                                              4.042661   slack (MET)


Startpoint: B[10] (input port clocked by __VIRTUAL_CLK__)
Endpoint: result[11] (output port clocked by __VIRTUAL_CLK__)
Path Group: __VIRTUAL_CLK__
Path Type: min

Fanout         Cap        Slew       Delay        Time   Description
---------------------------------------------------------------------------------------------
                      0.000000    0.000000    0.000000   clock __VIRTUAL_CLK__ (rise edge)
                                  0.000000    0.000000   clock network delay (ideal)
                                  2.000000    2.000000 v input external delay
     4    0.012393    0.020354    0.012526    2.012526 v B[10] (in)
                                                         B[10] (net)
                      0.020354    0.000000    2.012526 v _1006_/A (sky130_fd_sc_hd__nand2_2)
     4    0.013590    0.060809    0.057216    2.069743 ^ _1006_/Y (sky130_fd_sc_hd__nand2_2)
                                                         _0181_ (net)
                      0.060809    0.000000    2.069743 ^ _1310_/A1 (sky130_fd_sc_hd__a21oi_2)
     1    0.004193    0.023405    0.031405    2.101148 v _1310_/Y (sky130_fd_sc_hd__a21oi_2)
                                                         _0474_ (net)
                      0.023405    0.000000    2.101148 v _1312_/A (sky130_fd_sc_hd__nor2_2)
     1    0.002556    0.042174    0.057850    2.158997 ^ _1312_/Y (sky130_fd_sc_hd__nor2_2)
                                                         _0476_ (net)
                      0.042174    0.000000    2.158997 ^ _1325_/B1 (sky130_fd_sc_hd__a211o_2)
     2    0.035111    0.129270    0.136958    2.295955 ^ _1325_/X (sky130_fd_sc_hd__a211o_2)
                                                         result[11] (net)
                      0.129270    0.000000    2.295955 ^ result[11] (out)
                                              2.295955   data arrival time

                      0.000000    0.000000    0.000000   clock __VIRTUAL_CLK__ (rise edge)
                                  0.000000    0.000000   clock network delay (ideal)
                                  0.250000    0.250000   clock uncertainty
                                  0.000000    0.250000   clock reconvergence pessimism
                                 -2.000000   -1.750000   output external delay
                                             -1.750000   data required time
---------------------------------------------------------------------------------------------
                                             -1.750000   data required time
                                             -2.295955   data arrival time
---------------------------------------------------------------------------------------------
                                              4.045955   slack (MET)


Startpoint: B[28] (input port clocked by __VIRTUAL_CLK__)
Endpoint: result[29] (output port clocked by __VIRTUAL_CLK__)
Path Group: __VIRTUAL_CLK__
Path Type: min

Fanout         Cap        Slew       Delay        Time   Description
---------------------------------------------------------------------------------------------
                      0.000000    0.000000    0.000000   clock __VIRTUAL_CLK__ (rise edge)
                                  0.000000    0.000000   clock network delay (ideal)
                                  2.000000    2.000000 v input external delay
     4    0.011422    0.018769    0.011436    2.011436 v B[28] (in)
                                                         B[28] (net)
                      0.018769    0.000000    2.011436 v _0904_/A (sky130_fd_sc_hd__nand2_2)
     3    0.007401    0.037495    0.039962    2.051399 ^ _0904_/Y (sky130_fd_sc_hd__nand2_2)
                                                         _0079_ (net)
                      0.037495    0.000000    2.051399 ^ _1636_/A1 (sky130_fd_sc_hd__a21bo_2)
     1    0.002528    0.020763    0.068299    2.119698 ^ _1636_/X (sky130_fd_sc_hd__a21bo_2)
                                                         _0782_ (net)
                      0.020763    0.000000    2.119698 ^ _1638_/A3 (sky130_fd_sc_hd__a31o_2)
     2    0.035344    0.156896    0.177354    2.297052 ^ _1638_/X (sky130_fd_sc_hd__a31o_2)
                                                         result[29] (net)
                      0.156896    0.000000    2.297052 ^ result[29] (out)
                                              2.297052   data arrival time

                      0.000000    0.000000    0.000000   clock __VIRTUAL_CLK__ (rise edge)
                                  0.000000    0.000000   clock network delay (ideal)
                                  0.250000    0.250000   clock uncertainty
                                  0.000000    0.250000   clock reconvergence pessimism
                                 -2.000000   -1.750000   output external delay
                                             -1.750000   data required time
---------------------------------------------------------------------------------------------
                                             -1.750000   data required time
                                             -2.297052   data arrival time
---------------------------------------------------------------------------------------------
                                              4.047052   slack (MET)


Startpoint: B[8] (input port clocked by __VIRTUAL_CLK__)
Endpoint: result[9] (output port clocked by __VIRTUAL_CLK__)
Path Group: __VIRTUAL_CLK__
Path Type: min

Fanout         Cap        Slew       Delay        Time   Description
---------------------------------------------------------------------------------------------
                      0.000000    0.000000    0.000000   clock __VIRTUAL_CLK__ (rise edge)
                                  0.000000    0.000000   clock network delay (ideal)
                                  2.000000    2.000000 ^ input external delay
     4    0.010275    0.040393    0.025696    2.025696 ^ B[8] (in)
                                                         B[8] (net)
                      0.040393    0.000000    2.025696 ^ _1287_/A1 (sky130_fd_sc_hd__a211o_2)
     1    0.002590    0.017551    0.068363    2.094059 ^ _1287_/X (sky130_fd_sc_hd__a211o_2)
                                                         _0453_ (net)
                      0.017551    0.000000    2.094059 ^ _1290_/C1 (sky130_fd_sc_hd__o2111a_2)
     1    0.001556    0.020751    0.073917    2.167976 ^ _1290_/X (sky130_fd_sc_hd__o2111a_2)
                                                         _0456_ (net)
                      0.020751    0.000000    2.167976 ^ _1291_/C (sky130_fd_sc_hd__or3_2)
     2    0.034998    0.134772    0.143120    2.311096 ^ _1291_/X (sky130_fd_sc_hd__or3_2)
                                                         result[9] (net)
                      0.134772    0.000000    2.311096 ^ result[9] (out)
                                              2.311096   data arrival time

                      0.000000    0.000000    0.000000   clock __VIRTUAL_CLK__ (rise edge)
                                  0.000000    0.000000   clock network delay (ideal)
                                  0.250000    0.250000   clock uncertainty
                                  0.000000    0.250000   clock reconvergence pessimism
                                 -2.000000   -1.750000   output external delay
                                             -1.750000   data required time
---------------------------------------------------------------------------------------------
                                             -1.750000   data required time
                                             -2.311096   data arrival time
---------------------------------------------------------------------------------------------
                                              4.061096   slack (MET)


Startpoint: B[18] (input port clocked by __VIRTUAL_CLK__)
Endpoint: result[18] (output port clocked by __VIRTUAL_CLK__)
Path Group: __VIRTUAL_CLK__
Path Type: min

Fanout         Cap        Slew       Delay        Time   Description
---------------------------------------------------------------------------------------------
                      0.000000    0.000000    0.000000   clock __VIRTUAL_CLK__ (rise edge)
                                  0.000000    0.000000   clock network delay (ideal)
                                  2.000000    2.000000 ^ input external delay
     3    0.007788    0.031941    0.019674    2.019674 ^ B[18] (in)
                                                         B[18] (net)
                      0.031941    0.000000    2.019674 ^ _1042_/A (sky130_fd_sc_hd__nand2_2)
     5    0.014395    0.042530    0.043272    2.062946 v _1042_/Y (sky130_fd_sc_hd__nand2_2)
                                                         _0217_ (net)
                      0.042530    0.000000    2.062946 v _1452_/B (sky130_fd_sc_hd__nor2_2)
     1    0.002556    0.043046    0.049619    2.112565 ^ _1452_/Y (sky130_fd_sc_hd__nor2_2)
                                                         _0609_ (net)
                      0.043046    0.000000    2.112565 ^ _1454_/B1 (sky130_fd_sc_hd__a211o_2)
     1    0.001700    0.014476    0.054823    2.167387 ^ _1454_/X (sky130_fd_sc_hd__a211o_2)
                                                         _0611_ (net)
                      0.014476    0.000000    2.167387 ^ _1461_/C (sky130_fd_sc_hd__or4_2)
     2    0.035344    0.136439    0.146090    2.313477 ^ _1461_/X (sky130_fd_sc_hd__or4_2)
                                                         result[18] (net)
                      0.136439    0.000000    2.313477 ^ result[18] (out)
                                              2.313477   data arrival time

                      0.000000    0.000000    0.000000   clock __VIRTUAL_CLK__ (rise edge)
                                  0.000000    0.000000   clock network delay (ideal)
                                  0.250000    0.250000   clock uncertainty
                                  0.000000    0.250000   clock reconvergence pessimism
                                 -2.000000   -1.750000   output external delay
                                             -1.750000   data required time
---------------------------------------------------------------------------------------------
                                             -1.750000   data required time
                                             -2.313477   data arrival time
---------------------------------------------------------------------------------------------
                                              4.063477   slack (MET)


Startpoint: B[20] (input port clocked by __VIRTUAL_CLK__)
Endpoint: result[21] (output port clocked by __VIRTUAL_CLK__)
Path Group: __VIRTUAL_CLK__
Path Type: min

Fanout         Cap        Slew       Delay        Time   Description
---------------------------------------------------------------------------------------------
                      0.000000    0.000000    0.000000   clock __VIRTUAL_CLK__ (rise edge)
                                  0.000000    0.000000   clock network delay (ideal)
                                  2.000000    2.000000 ^ input external delay
     5    0.012770    0.048872    0.031737    2.031737 ^ B[20] (in)
                                                         B[20] (net)
                      0.048872    0.000000    2.031737 ^ _1508_/A1 (sky130_fd_sc_hd__a211o_2)
     1    0.002432    0.017456    0.070081    2.101818 ^ _1508_/X (sky130_fd_sc_hd__a211o_2)
                                                         _0662_ (net)
                      0.017456    0.000000    2.101818 ^ _1513_/A2 (sky130_fd_sc_hd__a41o_2)
     1    0.002567    0.017030    0.090449    2.192267 ^ _1513_/X (sky130_fd_sc_hd__a41o_2)
                                                         _0667_ (net)
                      0.017030    0.000000    2.192267 ^ _1514_/B1 (sky130_fd_sc_hd__a41o_2)
     2    0.034961    0.128125    0.125496    2.317763 ^ _1514_/X (sky130_fd_sc_hd__a41o_2)
                                                         result[21] (net)
                      0.128125    0.000000    2.317763 ^ result[21] (out)
                                              2.317763   data arrival time

                      0.000000    0.000000    0.000000   clock __VIRTUAL_CLK__ (rise edge)
                                  0.000000    0.000000   clock network delay (ideal)
                                  0.250000    0.250000   clock uncertainty
                                  0.000000    0.250000   clock reconvergence pessimism
                                 -2.000000   -1.750000   output external delay
                                             -1.750000   data required time
---------------------------------------------------------------------------------------------
                                             -1.750000   data required time
                                             -2.317763   data arrival time
---------------------------------------------------------------------------------------------
                                              4.067763   slack (MET)


Startpoint: B[29] (input port clocked by __VIRTUAL_CLK__)
Endpoint: result[30] (output port clocked by __VIRTUAL_CLK__)
Path Group: __VIRTUAL_CLK__
Path Type: min

Fanout         Cap        Slew       Delay        Time   Description
---------------------------------------------------------------------------------------------
                      0.000000    0.000000    0.000000   clock __VIRTUAL_CLK__ (rise edge)
                                  0.000000    0.000000   clock network delay (ideal)
                                  2.000000    2.000000 v input external delay
     5    0.014457    0.023724    0.014843    2.014843 v B[29] (in)
                                                         B[29] (net)
                      0.023724    0.000000    2.014843 v _0894_/A (sky130_fd_sc_hd__nand2_2)
     3    0.006460    0.034019    0.039200    2.054043 ^ _0894_/Y (sky130_fd_sc_hd__nand2_2)
                                                         _0069_ (net)
                      0.034019    0.000000    2.054043 ^ _1651_/A1 (sky130_fd_sc_hd__a311o_2)
     3    0.009663    0.044337    0.107056    2.161099 ^ _1651_/X (sky130_fd_sc_hd__a311o_2)
                                                         _0796_ (net)
                      0.044337    0.000000    2.161099 ^ _1653_/A1 (sky130_fd_sc_hd__a211o_2)
     2    0.038042    0.139494    0.158153    2.319252 ^ _1653_/X (sky130_fd_sc_hd__a211o_2)
                                                         result[30] (net)
                      0.139494    0.000000    2.319252 ^ result[30] (out)
                                              2.319252   data arrival time

                      0.000000    0.000000    0.000000   clock __VIRTUAL_CLK__ (rise edge)
                                  0.000000    0.000000   clock network delay (ideal)
                                  0.250000    0.250000   clock uncertainty
                                  0.000000    0.250000   clock reconvergence pessimism
                                 -2.000000   -1.750000   output external delay
                                             -1.750000   data required time
---------------------------------------------------------------------------------------------
                                             -1.750000   data required time
                                             -2.319252   data arrival time
---------------------------------------------------------------------------------------------
                                              4.069252   slack (MET)


Startpoint: B[22] (input port clocked by __VIRTUAL_CLK__)
Endpoint: result[23] (output port clocked by __VIRTUAL_CLK__)
Path Group: __VIRTUAL_CLK__
Path Type: min

Fanout         Cap        Slew       Delay        Time   Description
---------------------------------------------------------------------------------------------
                      0.000000    0.000000    0.000000   clock __VIRTUAL_CLK__ (rise edge)
                                  0.000000    0.000000   clock network delay (ideal)
                                  2.000000    2.000000 ^ input external delay
     4    0.010466    0.041042    0.026158    2.026158 ^ B[22] (in)
                                                         B[22] (net)
                      0.041042    0.000000    2.026158 ^ _0934_/A (sky130_fd_sc_hd__nand2_2)
     5    0.015366    0.045669    0.047238    2.073396 v _0934_/Y (sky130_fd_sc_hd__nand2_2)
                                                         _0109_ (net)
                      0.045669    0.000000    2.073396 v _1533_/A (sky130_fd_sc_hd__nand3_2)
     1    0.002463    0.025164    0.039273    2.112669 ^ _1533_/Y (sky130_fd_sc_hd__nand3_2)
                                                         _0685_ (net)
                      0.025164    0.000000    2.112669 ^ _1544_/A2 (sky130_fd_sc_hd__a31o_2)
     1    0.002561    0.020108    0.078655    2.191324 ^ _1544_/X (sky130_fd_sc_hd__a31o_2)
                                                         _0696_ (net)
                      0.020108    0.000000    2.191324 ^ _1545_/C1 (sky130_fd_sc_hd__a211o_2)
     2    0.035045    0.129119    0.128451    2.319776 ^ _1545_/X (sky130_fd_sc_hd__a211o_2)
                                                         result[23] (net)
                      0.129119    0.000000    2.319776 ^ result[23] (out)
                                              2.319776   data arrival time

                      0.000000    0.000000    0.000000   clock __VIRTUAL_CLK__ (rise edge)
                                  0.000000    0.000000   clock network delay (ideal)
                                  0.250000    0.250000   clock uncertainty
                                  0.000000    0.250000   clock reconvergence pessimism
                                 -2.000000   -1.750000   output external delay
                                             -1.750000   data required time
---------------------------------------------------------------------------------------------
                                             -1.750000   data required time
                                             -2.319776   data arrival time
---------------------------------------------------------------------------------------------
                                              4.069776   slack (MET)


Startpoint: B[24] (input port clocked by __VIRTUAL_CLK__)
Endpoint: result[25] (output port clocked by __VIRTUAL_CLK__)
Path Group: __VIRTUAL_CLK__
Path Type: min

Fanout         Cap        Slew       Delay        Time   Description
---------------------------------------------------------------------------------------------
                      0.000000    0.000000    0.000000   clock __VIRTUAL_CLK__ (rise edge)
                                  0.000000    0.000000   clock network delay (ideal)
                                  2.000000    2.000000 ^ input external delay
     4    0.010466    0.041042    0.026158    2.026158 ^ B[24] (in)
                                                         B[24] (net)
                      0.041042    0.000000    2.026158 ^ _1058_/A (sky130_fd_sc_hd__nand2_2)
     3    0.009938    0.033960    0.036934    2.063092 v _1058_/Y (sky130_fd_sc_hd__nand2_2)
                                                         _0233_ (net)
                      0.033960    0.000000    2.063092 v _1572_/B (sky130_fd_sc_hd__nand2_2)
     1    0.002501    0.027355    0.039930    2.103023 ^ _1572_/Y (sky130_fd_sc_hd__nand2_2)
                                                         _0722_ (net)
                      0.027355    0.000000    2.103023 ^ _1577_/A2 (sky130_fd_sc_hd__o211a_2)
     1    0.002561    0.025684    0.089202    2.192225 ^ _1577_/X (sky130_fd_sc_hd__o211a_2)
                                                         _0727_ (net)
                      0.025684    0.000000    2.192225 ^ _1578_/C1 (sky130_fd_sc_hd__a211o_2)
     2    0.035029    0.129065    0.129960    2.322184 ^ _1578_/X (sky130_fd_sc_hd__a211o_2)
                                                         result[25] (net)
                      0.129065    0.000000    2.322184 ^ result[25] (out)
                                              2.322184   data arrival time

                      0.000000    0.000000    0.000000   clock __VIRTUAL_CLK__ (rise edge)
                                  0.000000    0.000000   clock network delay (ideal)
                                  0.250000    0.250000   clock uncertainty
                                  0.000000    0.250000   clock reconvergence pessimism
                                 -2.000000   -1.750000   output external delay
                                             -1.750000   data required time
---------------------------------------------------------------------------------------------
                                             -1.750000   data required time
                                             -2.322184   data arrival time
---------------------------------------------------------------------------------------------
                                              4.072184   slack (MET)


Startpoint: A[2] (input port clocked by __VIRTUAL_CLK__)
Endpoint: result[2] (output port clocked by __VIRTUAL_CLK__)
Path Group: __VIRTUAL_CLK__
Path Type: min

Fanout         Cap        Slew       Delay        Time   Description
---------------------------------------------------------------------------------------------
                      0.000000    0.000000    0.000000   clock __VIRTUAL_CLK__ (rise edge)
                                  0.000000    0.000000   clock network delay (ideal)
                                  2.000000    2.000000 ^ input external delay
    10    0.021568    0.078316    0.052367    2.052366 ^ A[2] (in)
                                                         A[2] (net)
                      0.078316    0.000000    2.052366 ^ _1139_/A2 (sky130_fd_sc_hd__a31o_2)
     1    0.002461    0.019695    0.089561    2.141927 ^ _1139_/X (sky130_fd_sc_hd__a31o_2)
                                                         _0312_ (net)
                      0.019695    0.000000    2.141927 ^ _1140_/B1 (sky130_fd_sc_hd__a311o_2)
     1    0.002561    0.018948    0.053985    2.195912 ^ _1140_/X (sky130_fd_sc_hd__a311o_2)
                                                         _0313_ (net)
                      0.018948    0.000000    2.195912 ^ _1141_/C1 (sky130_fd_sc_hd__a211o_2)
     2    0.035344    0.130158    0.128837    2.324749 ^ _1141_/X (sky130_fd_sc_hd__a211o_2)
                                                         result[2] (net)
                      0.130158    0.000000    2.324749 ^ result[2] (out)
                                              2.324749   data arrival time

                      0.000000    0.000000    0.000000   clock __VIRTUAL_CLK__ (rise edge)
                                  0.000000    0.000000   clock network delay (ideal)
                                  0.250000    0.250000   clock uncertainty
                                  0.000000    0.250000   clock reconvergence pessimism
                                 -2.000000   -1.750000   output external delay
                                             -1.750000   data required time
---------------------------------------------------------------------------------------------
                                             -1.750000   data required time
                                             -2.324749   data arrival time
---------------------------------------------------------------------------------------------
                                              4.074749   slack (MET)


Startpoint: B[22] (input port clocked by __VIRTUAL_CLK__)
Endpoint: result[22] (output port clocked by __VIRTUAL_CLK__)
Path Group: __VIRTUAL_CLK__
Path Type: min

Fanout         Cap        Slew       Delay        Time   Description
---------------------------------------------------------------------------------------------
                      0.000000    0.000000    0.000000   clock __VIRTUAL_CLK__ (rise edge)
                                  0.000000    0.000000   clock network delay (ideal)
                                  2.000000    2.000000 v input external delay
     4    0.009719    0.015988    0.009525    2.009525 v B[22] (in)
                                                         B[22] (net)
                      0.015988    0.000000    2.009525 v _0934_/A (sky130_fd_sc_hd__nand2_2)
     5    0.016469    0.071550    0.063261    2.072786 ^ _0934_/Y (sky130_fd_sc_hd__nand2_2)
                                                         _0109_ (net)
                      0.071550    0.000000    2.072786 ^ _1516_/B1 (sky130_fd_sc_hd__a32o_2)
     2    0.004314    0.031593    0.073563    2.146349 ^ _1516_/X (sky130_fd_sc_hd__a32o_2)
                                                         _0669_ (net)
                      0.031593    0.000000    2.146349 ^ _1530_/A3 (sky130_fd_sc_hd__a31o_2)
     2    0.035029    0.155534    0.178444    2.324794 ^ _1530_/X (sky130_fd_sc_hd__a31o_2)
                                                         result[22] (net)
                      0.155534    0.000000    2.324794 ^ result[22] (out)
                                              2.324794   data arrival time

                      0.000000    0.000000    0.000000   clock __VIRTUAL_CLK__ (rise edge)
                                  0.000000    0.000000   clock network delay (ideal)
                                  0.250000    0.250000   clock uncertainty
                                  0.000000    0.250000   clock reconvergence pessimism
                                 -2.000000   -1.750000   output external delay
                                             -1.750000   data required time
---------------------------------------------------------------------------------------------
                                             -1.750000   data required time
                                             -2.324794   data arrival time
---------------------------------------------------------------------------------------------
                                              4.074794   slack (MET)


Startpoint: B[16] (input port clocked by __VIRTUAL_CLK__)
Endpoint: result[17] (output port clocked by __VIRTUAL_CLK__)
Path Group: __VIRTUAL_CLK__
Path Type: min

Fanout         Cap        Slew       Delay        Time   Description
---------------------------------------------------------------------------------------------
                      0.000000    0.000000    0.000000   clock __VIRTUAL_CLK__ (rise edge)
                                  0.000000    0.000000   clock network delay (ideal)
                                  2.000000    2.000000 v input external delay
     3    0.010111    0.016628    0.009965    2.009965 v B[16] (in)
                                                         B[16] (net)
                      0.016628    0.000000    2.009965 v _0828_/A (sky130_fd_sc_hd__inv_2)
     2    0.004018    0.019397    0.024878    2.034842 ^ _0828_/Y (sky130_fd_sc_hd__inv_2)
                                                         _0003_ (net)
                      0.019397    0.000000    2.034842 ^ _1426_/A1 (sky130_fd_sc_hd__a21o_2)
     1    0.002501    0.019250    0.060431    2.095273 ^ _1426_/X (sky130_fd_sc_hd__a21o_2)
                                                         _0584_ (net)
                      0.019250    0.000000    2.095273 ^ _1429_/A2 (sky130_fd_sc_hd__o211a_2)
     1    0.001758    0.022393    0.084304    2.179577 ^ _1429_/X (sky130_fd_sc_hd__o211a_2)
                                                         _0587_ (net)
                      0.022393    0.000000    2.179577 ^ _1445_/A (sky130_fd_sc_hd__or3_2)
     2    0.034961    0.134634    0.146044    2.325621 ^ _1445_/X (sky130_fd_sc_hd__or3_2)
                                                         result[17] (net)
                      0.134634    0.000000    2.325621 ^ result[17] (out)
                                              2.325621   data arrival time

                      0.000000    0.000000    0.000000   clock __VIRTUAL_CLK__ (rise edge)
                                  0.000000    0.000000   clock network delay (ideal)
                                  0.250000    0.250000   clock uncertainty
                                  0.000000    0.250000   clock reconvergence pessimism
                                 -2.000000   -1.750000   output external delay
                                             -1.750000   data required time
---------------------------------------------------------------------------------------------
                                             -1.750000   data required time
                                             -2.325621   data arrival time
---------------------------------------------------------------------------------------------
                                              4.075621   slack (MET)


Startpoint: B[12] (input port clocked by __VIRTUAL_CLK__)
Endpoint: result[13] (output port clocked by __VIRTUAL_CLK__)
Path Group: __VIRTUAL_CLK__
Path Type: min

Fanout         Cap        Slew       Delay        Time   Description
---------------------------------------------------------------------------------------------
                      0.000000    0.000000    0.000000   clock __VIRTUAL_CLK__ (rise edge)
                                  0.000000    0.000000   clock network delay (ideal)
                                  2.000000    2.000000 ^ input external delay
     3    0.007971    0.032563    0.020117    2.020118 ^ B[12] (in)
                                                         B[12] (net)
                      0.032563    0.000000    2.020118 ^ _0994_/A (sky130_fd_sc_hd__nand2_2)
     5    0.014621    0.043123    0.043824    2.063941 v _0994_/Y (sky130_fd_sc_hd__nand2_2)
                                                         _0169_ (net)
                      0.043123    0.000000    2.063941 v _1352_/B (sky130_fd_sc_hd__nand2_2)
     1    0.002501    0.028222    0.043807    2.107749 ^ _1352_/Y (sky130_fd_sc_hd__nand2_2)
                                                         _0514_ (net)
                      0.028222    0.000000    2.107749 ^ _1356_/A2 (sky130_fd_sc_hd__o211a_2)
     1    0.002556    0.025645    0.089330    2.197079 ^ _1356_/X (sky130_fd_sc_hd__o211a_2)
                                                         _0518_ (net)
                      0.025645    0.000000    2.197079 ^ _1367_/B1 (sky130_fd_sc_hd__a211o_2)
     2    0.035344    0.130158    0.133149    2.330228 ^ _1367_/X (sky130_fd_sc_hd__a211o_2)
                                                         result[13] (net)
                      0.130158    0.000000    2.330228 ^ result[13] (out)
                                              2.330228   data arrival time

                      0.000000    0.000000    0.000000   clock __VIRTUAL_CLK__ (rise edge)
                                  0.000000    0.000000   clock network delay (ideal)
                                  0.250000    0.250000   clock uncertainty
                                  0.000000    0.250000   clock reconvergence pessimism
                                 -2.000000   -1.750000   output external delay
                                             -1.750000   data required time
---------------------------------------------------------------------------------------------
                                             -1.750000   data required time
                                             -2.330228   data arrival time
---------------------------------------------------------------------------------------------
                                              4.080228   slack (MET)


Startpoint: B[4] (input port clocked by __VIRTUAL_CLK__)
Endpoint: result[8] (output port clocked by __VIRTUAL_CLK__)
Path Group: __VIRTUAL_CLK__
Path Type: min

Fanout         Cap        Slew       Delay        Time   Description
---------------------------------------------------------------------------------------------
                      0.000000    0.000000    0.000000   clock __VIRTUAL_CLK__ (rise edge)
                                  0.000000    0.000000   clock network delay (ideal)
                                  2.000000    2.000000 v input external delay
    28    0.072874    0.109830    0.080189    2.080189 v B[4] (in)
                                                         B[4] (net)
                      0.109830    0.000000    2.080189 v _1270_/A (sky130_fd_sc_hd__nor2_2)
     1    0.001685    0.035794    0.082905    2.163095 ^ _1270_/Y (sky130_fd_sc_hd__nor2_2)
                                                         _0437_ (net)
                      0.035794    0.000000    2.163095 ^ _1271_/C (sky130_fd_sc_hd__or4b_2)
     2    0.035236    0.161928    0.167192    2.330287 ^ _1271_/X (sky130_fd_sc_hd__or4b_2)
                                                         result[8] (net)
                      0.161928    0.000000    2.330287 ^ result[8] (out)
                                              2.330287   data arrival time

                      0.000000    0.000000    0.000000   clock __VIRTUAL_CLK__ (rise edge)
                                  0.000000    0.000000   clock network delay (ideal)
                                  0.250000    0.250000   clock uncertainty
                                  0.000000    0.250000   clock reconvergence pessimism
                                 -2.000000   -1.750000   output external delay
                                             -1.750000   data required time
---------------------------------------------------------------------------------------------
                                             -1.750000   data required time
                                             -2.330287   data arrival time
---------------------------------------------------------------------------------------------
                                              4.080287   slack (MET)


Startpoint: B[20] (input port clocked by __VIRTUAL_CLK__)
Endpoint: result[20] (output port clocked by __VIRTUAL_CLK__)
Path Group: __VIRTUAL_CLK__
Path Type: min

Fanout         Cap        Slew       Delay        Time   Description
---------------------------------------------------------------------------------------------
                      0.000000    0.000000    0.000000   clock __VIRTUAL_CLK__ (rise edge)
                                  0.000000    0.000000   clock network delay (ideal)
                                  2.000000    2.000000 ^ input external delay
     5    0.012770    0.048872    0.031737    2.031737 ^ B[20] (in)
                                                         B[20] (net)
                      0.048872    0.000000    2.031737 ^ _1492_/A1 (sky130_fd_sc_hd__a31o_2)
     1    0.002561    0.022953    0.079899    2.111636 ^ _1492_/X (sky130_fd_sc_hd__a31o_2)
                                                         _0647_ (net)
                      0.022953    0.000000    2.111636 ^ _1493_/C1 (sky130_fd_sc_hd__a211o_2)
     1    0.002616    0.017416    0.049234    2.160870 ^ _1493_/X (sky130_fd_sc_hd__a211o_2)
                                                         _0648_ (net)
                      0.017416    0.000000    2.160870 ^ _1494_/B1 (sky130_fd_sc_hd__a21o_2)
     1    0.002561    0.017713    0.044118    2.204988 ^ _1494_/X (sky130_fd_sc_hd__a21o_2)
                                                         _0649_ (net)
                      0.017713    0.000000    2.204988 ^ _1495_/C1 (sky130_fd_sc_hd__a211o_2)
     2    0.035142    0.129378    0.127992    2.332980 ^ _1495_/X (sky130_fd_sc_hd__a211o_2)
                                                         result[20] (net)
                      0.129378    0.000000    2.332980 ^ result[20] (out)
                                              2.332980   data arrival time

                      0.000000    0.000000    0.000000   clock __VIRTUAL_CLK__ (rise edge)
                                  0.000000    0.000000   clock network delay (ideal)
                                  0.250000    0.250000   clock uncertainty
                                  0.000000    0.250000   clock reconvergence pessimism
                                 -2.000000   -1.750000   output external delay
                                             -1.750000   data required time
---------------------------------------------------------------------------------------------
                                             -1.750000   data required time
                                             -2.332980   data arrival time
---------------------------------------------------------------------------------------------
                                              4.082980   slack (MET)


Startpoint: A[1] (input port clocked by __VIRTUAL_CLK__)
Endpoint: result[1] (output port clocked by __VIRTUAL_CLK__)
Path Group: __VIRTUAL_CLK__
Path Type: min

Fanout         Cap        Slew       Delay        Time   Description
---------------------------------------------------------------------------------------------
                      0.000000    0.000000    0.000000   clock __VIRTUAL_CLK__ (rise edge)
                                  0.000000    0.000000   clock network delay (ideal)
                                  2.000000    2.000000 ^ input external delay
    10    0.031579    0.111672    0.075621    2.075621 ^ A[1] (in)
                                                         A[1] (net)
                      0.111672    0.000000    2.075621 ^ _1097_/A2 (sky130_fd_sc_hd__o21ai_2)
     1    0.002288    0.026200    0.027235    2.102856 v _1097_/Y (sky130_fd_sc_hd__o21ai_2)
                                                         _0271_ (net)
                      0.026200    0.000000    2.102856 v _1098_/C1 (sky130_fd_sc_hd__o221a_2)
     1    0.004289    0.019627    0.073858    2.176714 v _1098_/X (sky130_fd_sc_hd__o221a_2)
                                                         _0272_ (net)
                      0.019627    0.000000    2.176714 v _1109_/C1 (sky130_fd_sc_hd__o211ai_2)
     1    0.002561    0.023468    0.030199    2.206913 ^ _1109_/Y (sky130_fd_sc_hd__o211ai_2)
                                                         _0283_ (net)
                      0.023468    0.000000    2.206913 ^ _1110_/C1 (sky130_fd_sc_hd__a211o_2)
     2    0.035045    0.129113    0.129413    2.336326 ^ _1110_/X (sky130_fd_sc_hd__a211o_2)
                                                         result[1] (net)
                      0.129113    0.000000    2.336326 ^ result[1] (out)
                                              2.336326   data arrival time

                      0.000000    0.000000    0.000000   clock __VIRTUAL_CLK__ (rise edge)
                                  0.000000    0.000000   clock network delay (ideal)
                                  0.250000    0.250000   clock uncertainty
                                  0.000000    0.250000   clock reconvergence pessimism
                                 -2.000000   -1.750000   output external delay
                                             -1.750000   data required time
---------------------------------------------------------------------------------------------
                                             -1.750000   data required time
                                             -2.336326   data arrival time
---------------------------------------------------------------------------------------------
                                              4.086326   slack (MET)


Startpoint: A[6] (input port clocked by __VIRTUAL_CLK__)
Endpoint: result[7] (output port clocked by __VIRTUAL_CLK__)
Path Group: __VIRTUAL_CLK__
Path Type: min

Fanout         Cap        Slew       Delay        Time   Description
---------------------------------------------------------------------------------------------
                      0.000000    0.000000    0.000000   clock __VIRTUAL_CLK__ (rise edge)
                                  0.000000    0.000000   clock network delay (ideal)
                                  2.000000    2.000000 v input external delay
    12    0.031738    0.049637    0.033980    2.033980 v A[6] (in)
                                                         A[6] (net)
                      0.049637    0.000000    2.033980 v _0988_/B (sky130_fd_sc_hd__nand2b_2)
     3    0.011685    0.057952    0.070683    2.104663 ^ _0988_/Y (sky130_fd_sc_hd__nand2b_2)
                                                         _0163_ (net)
                      0.057952    0.000000    2.104663 ^ _1234_/A1 (sky130_fd_sc_hd__a21oi_2)
     1    0.004193    0.019215    0.031208    2.135871 v _1234_/Y (sky130_fd_sc_hd__a21oi_2)
                                                         _0402_ (net)
                      0.019215    0.000000    2.135871 v _1236_/A (sky130_fd_sc_hd__nor2_2)
     1    0.001794    0.036399    0.052104    2.187975 ^ _1236_/Y (sky130_fd_sc_hd__nor2_2)
                                                         _0404_ (net)
                      0.036399    0.000000    2.187975 ^ _1250_/B (sky130_fd_sc_hd__or3_2)
     2    0.035111    0.135282    0.150315    2.338290 ^ _1250_/X (sky130_fd_sc_hd__or3_2)
                                                         result[7] (net)
                      0.135282    0.000000    2.338290 ^ result[7] (out)
                                              2.338290   data arrival time

                      0.000000    0.000000    0.000000   clock __VIRTUAL_CLK__ (rise edge)
                                  0.000000    0.000000   clock network delay (ideal)
                                  0.250000    0.250000   clock uncertainty
                                  0.000000    0.250000   clock reconvergence pessimism
                                 -2.000000   -1.750000   output external delay
                                             -1.750000   data required time
---------------------------------------------------------------------------------------------
                                             -1.750000   data required time
                                             -2.338290   data arrival time
---------------------------------------------------------------------------------------------
                                              4.088290   slack (MET)


Startpoint: B[31] (input port clocked by __VIRTUAL_CLK__)
Endpoint: result[31] (output port clocked by __VIRTUAL_CLK__)
Path Group: __VIRTUAL_CLK__
Path Type: min

Fanout         Cap        Slew       Delay        Time   Description
---------------------------------------------------------------------------------------------
                      0.000000    0.000000    0.000000   clock __VIRTUAL_CLK__ (rise edge)
                                  0.000000    0.000000   clock network delay (ideal)
                                  2.000000    2.000000 ^ input external delay
     3    0.007788    0.031941    0.019674    2.019674 ^ B[31] (in)
                                                         B[31] (net)
                      0.031941    0.000000    2.019674 ^ _0886_/A (sky130_fd_sc_hd__nand2_2)
     2    0.005646    0.023096    0.026940    2.046614 v _0886_/Y (sky130_fd_sc_hd__nand2_2)
                                                         _0061_ (net)
                      0.023096    0.000000    2.046614 v _1659_/B (sky130_fd_sc_hd__nor2_2)
     1    0.002556    0.042152    0.042115    2.088729 ^ _1659_/Y (sky130_fd_sc_hd__nor2_2)
                                                         _0803_ (net)
                      0.042152    0.000000    2.088729 ^ _1661_/B1 (sky130_fd_sc_hd__a211o_2)
     1    0.002616    0.017416    0.057137    2.145865 ^ _1661_/X (sky130_fd_sc_hd__a211o_2)
                                                         _0805_ (net)
                      0.017416    0.000000    2.145865 ^ _1662_/B1 (sky130_fd_sc_hd__a21o_2)
     1    0.001700    0.014722    0.041662    2.187527 ^ _1662_/X (sky130_fd_sc_hd__a21o_2)
                                                         _0806_ (net)
                      0.014722    0.000000    2.187527 ^ _1668_/C (sky130_fd_sc_hd__or4_2)
     2    0.038069    0.146236    0.153034    2.340561 ^ _1668_/X (sky130_fd_sc_hd__or4_2)
                                                         result[31] (net)
                      0.146236    0.000000    2.340561 ^ result[31] (out)
                                              2.340561   data arrival time

                      0.000000    0.000000    0.000000   clock __VIRTUAL_CLK__ (rise edge)
                                  0.000000    0.000000   clock network delay (ideal)
                                  0.250000    0.250000   clock uncertainty
                                  0.000000    0.250000   clock reconvergence pessimism
                                 -2.000000   -1.750000   output external delay
                                             -1.750000   data required time
---------------------------------------------------------------------------------------------
                                             -1.750000   data required time
                                             -2.340561   data arrival time
---------------------------------------------------------------------------------------------
                                              4.090561   slack (MET)


Startpoint: A[4] (input port clocked by __VIRTUAL_CLK__)
Endpoint: result[4] (output port clocked by __VIRTUAL_CLK__)
Path Group: __VIRTUAL_CLK__
Path Type: min

Fanout         Cap        Slew       Delay        Time   Description
---------------------------------------------------------------------------------------------
                      0.000000    0.000000    0.000000   clock __VIRTUAL_CLK__ (rise edge)
                                  0.000000    0.000000   clock network delay (ideal)
                                  2.000000    2.000000 ^ input external delay
    11    0.023771    0.085657    0.057484    2.057484 ^ A[4] (in)
                                                         A[4] (net)
                      0.085657    0.000000    2.057484 ^ _1186_/A2 (sky130_fd_sc_hd__a31o_2)
     1    0.002556    0.020069    0.091346    2.148830 ^ _1186_/X (sky130_fd_sc_hd__a31o_2)
                                                         _0357_ (net)
                      0.020069    0.000000    2.148830 ^ _1189_/B1 (sky130_fd_sc_hd__a211o_2)
     1    0.002557    0.017226    0.050918    2.199749 ^ _1189_/X (sky130_fd_sc_hd__a211o_2)
                                                         _0360_ (net)
                      0.017226    0.000000    2.199749 ^ _1190_/B1 (sky130_fd_sc_hd__a31o_2)
     2    0.034961    0.155283    0.141728    2.341476 ^ _1190_/X (sky130_fd_sc_hd__a31o_2)
                                                         result[4] (net)
                      0.155283    0.000000    2.341476 ^ result[4] (out)
                                              2.341476   data arrival time

                      0.000000    0.000000    0.000000   clock __VIRTUAL_CLK__ (rise edge)
                                  0.000000    0.000000   clock network delay (ideal)
                                  0.250000    0.250000   clock uncertainty
                                  0.000000    0.250000   clock reconvergence pessimism
                                 -2.000000   -1.750000   output external delay
                                             -1.750000   data required time
---------------------------------------------------------------------------------------------
                                             -1.750000   data required time
                                             -2.341476   data arrival time
---------------------------------------------------------------------------------------------
                                              4.091475   slack (MET)


Startpoint: B[28] (input port clocked by __VIRTUAL_CLK__)
Endpoint: result[28] (output port clocked by __VIRTUAL_CLK__)
Path Group: __VIRTUAL_CLK__
Path Type: min

Fanout         Cap        Slew       Delay        Time   Description
---------------------------------------------------------------------------------------------
                      0.000000    0.000000    0.000000   clock __VIRTUAL_CLK__ (rise edge)
                                  0.000000    0.000000   clock network delay (ideal)
                                  2.000000    2.000000 v input external delay
     4    0.011422    0.018769    0.011436    2.011436 v B[28] (in)
                                                         B[28] (net)
                      0.018769    0.000000    2.011436 v _0905_/A (sky130_fd_sc_hd__nor2_2)
     2    0.006658    0.072940    0.078442    2.089878 ^ _0905_/Y (sky130_fd_sc_hd__nor2_2)
                                                         _0080_ (net)
                      0.072940    0.000000    2.089878 ^ _0906_/B (sky130_fd_sc_hd__nor2_2)
     7    0.018796    0.039343    0.045963    2.135842 v _0906_/Y (sky130_fd_sc_hd__nor2_2)
                                                         _0081_ (net)
                      0.039343    0.000000    2.135842 v _1608_/A (sky130_fd_sc_hd__nand2_2)
     1    0.002463    0.022180    0.034466    2.170308 ^ _1608_/Y (sky130_fd_sc_hd__nand2_2)
                                                         _0755_ (net)
                      0.022180    0.000000    2.170308 ^ _1625_/A2 (sky130_fd_sc_hd__a31o_2)
     2    0.035142    0.156044    0.174288    2.344595 ^ _1625_/X (sky130_fd_sc_hd__a31o_2)
                                                         result[28] (net)
                      0.156044    0.000000    2.344595 ^ result[28] (out)
                                              2.344595   data arrival time

                      0.000000    0.000000    0.000000   clock __VIRTUAL_CLK__ (rise edge)
                                  0.000000    0.000000   clock network delay (ideal)
                                  0.250000    0.250000   clock uncertainty
                                  0.000000    0.250000   clock reconvergence pessimism
                                 -2.000000   -1.750000   output external delay
                                             -1.750000   data required time
---------------------------------------------------------------------------------------------
                                             -1.750000   data required time
                                             -2.344595   data arrival time
---------------------------------------------------------------------------------------------
                                              4.094595   slack (MET)


Startpoint: B[25] (input port clocked by __VIRTUAL_CLK__)
Endpoint: result[26] (output port clocked by __VIRTUAL_CLK__)
Path Group: __VIRTUAL_CLK__
Path Type: min

Fanout         Cap        Slew       Delay        Time   Description
---------------------------------------------------------------------------------------------
                      0.000000    0.000000    0.000000   clock __VIRTUAL_CLK__ (rise edge)
                                  0.000000    0.000000   clock network delay (ideal)
                                  2.000000    2.000000 v input external delay
     4    0.012243    0.020109    0.012358    2.012358 v B[25] (in)
                                                         B[25] (net)
                      0.020109    0.000000    2.012358 v _0923_/A1 (sky130_fd_sc_hd__o21a_2)
     3    0.008892    0.025791    0.136884    2.149242 v _0923_/X (sky130_fd_sc_hd__o21a_2)
                                                         _0098_ (net)
                      0.025791    0.000000    2.149242 v _1579_/B (sky130_fd_sc_hd__nand3_2)
     1    0.002463    0.027999    0.039812    2.189054 ^ _1579_/Y (sky130_fd_sc_hd__nand3_2)
                                                         _0728_ (net)
                      0.027999    0.000000    2.189054 ^ _1593_/A2 (sky130_fd_sc_hd__a31o_2)
     2    0.035045    0.155615    0.175358    2.364412 ^ _1593_/X (sky130_fd_sc_hd__a31o_2)
                                                         result[26] (net)
                      0.155615    0.000000    2.364412 ^ result[26] (out)
                                              2.364412   data arrival time

                      0.000000    0.000000    0.000000   clock __VIRTUAL_CLK__ (rise edge)
                                  0.000000    0.000000   clock network delay (ideal)
                                  0.250000    0.250000   clock uncertainty
                                  0.000000    0.250000   clock reconvergence pessimism
                                 -2.000000   -1.750000   output external delay
                                             -1.750000   data required time
---------------------------------------------------------------------------------------------
                                             -1.750000   data required time
                                             -2.364412   data arrival time
---------------------------------------------------------------------------------------------
                                              4.114412   slack (MET)


Startpoint: A[9] (input port clocked by __VIRTUAL_CLK__)
Endpoint: result[10] (output port clocked by __VIRTUAL_CLK__)
Path Group: __VIRTUAL_CLK__
Path Type: min

Fanout         Cap        Slew       Delay        Time   Description
---------------------------------------------------------------------------------------------
                      0.000000    0.000000    0.000000   clock __VIRTUAL_CLK__ (rise edge)
                                  0.000000    0.000000   clock network delay (ideal)
                                  2.000000    2.000000 v input external delay
    11    0.023836    0.037805    0.025231    2.025231 v A[9] (in)
                                                         A[9] (net)
                      0.037805    0.000000    2.025231 v _1019_/B (sky130_fd_sc_hd__nand2b_2)
     1    0.004594    0.030838    0.046692    2.071923 ^ _1019_/Y (sky130_fd_sc_hd__nand2b_2)
                                                         _0194_ (net)
                      0.030838    0.000000    2.071923 ^ _1021_/B1 (sky130_fd_sc_hd__o21ai_2)
     3    0.010440    0.027811    0.031350    2.103274 v _1021_/Y (sky130_fd_sc_hd__o21ai_2)
                                                         _0196_ (net)
                      0.027811    0.000000    2.103274 v _1022_/A (sky130_fd_sc_hd__inv_2)
     1    0.002510    0.016087    0.025368    2.128642 ^ _1022_/Y (sky130_fd_sc_hd__inv_2)
                                                         _0197_ (net)
                      0.016087    0.000000    2.128642 ^ _1292_/A1 (sky130_fd_sc_hd__a21bo_2)
     2    0.004170    0.026726    0.068673    2.197315 ^ _1292_/X (sky130_fd_sc_hd__a21bo_2)
                                                         _0457_ (net)
                      0.026726    0.000000    2.197315 ^ _1307_/A2 (sky130_fd_sc_hd__a31o_2)
     2    0.035029    0.155534    0.175018    2.372334 ^ _1307_/X (sky130_fd_sc_hd__a31o_2)
                                                         result[10] (net)
                      0.155534    0.000000    2.372334 ^ result[10] (out)
                                              2.372334   data arrival time

                      0.000000    0.000000    0.000000   clock __VIRTUAL_CLK__ (rise edge)
                                  0.000000    0.000000   clock network delay (ideal)
                                  0.250000    0.250000   clock uncertainty
                                  0.000000    0.250000   clock reconvergence pessimism
                                 -2.000000   -1.750000   output external delay
                                             -1.750000   data required time
---------------------------------------------------------------------------------------------
                                             -1.750000   data required time
                                             -2.372334   data arrival time
---------------------------------------------------------------------------------------------
                                              4.122334   slack (MET)


Startpoint: B[12] (input port clocked by __VIRTUAL_CLK__)
Endpoint: result[12] (output port clocked by __VIRTUAL_CLK__)
Path Group: __VIRTUAL_CLK__
Path Type: min

Fanout         Cap        Slew       Delay        Time   Description
---------------------------------------------------------------------------------------------
                      0.000000    0.000000    0.000000   clock __VIRTUAL_CLK__ (rise edge)
                                  0.000000    0.000000   clock network delay (ideal)
                                  2.000000    2.000000 ^ input external delay
     3    0.007971    0.032563    0.020117    2.020118 ^ B[12] (in)
                                                         B[12] (net)
                      0.032563    0.000000    2.020118 ^ _0993_/A (sky130_fd_sc_hd__or2_2)
     2    0.006413    0.034396    0.073618    2.093735 ^ _0993_/X (sky130_fd_sc_hd__or2_2)
                                                         _0168_ (net)
                      0.034396    0.000000    2.093735 ^ _1345_/B1 (sky130_fd_sc_hd__a2bb2o_2)
     1    0.001794    0.019026    0.084237    2.177972 ^ _1345_/X (sky130_fd_sc_hd__a2bb2o_2)
                                                         _0508_ (net)
                      0.019026    0.000000    2.177972 ^ _1347_/B (sky130_fd_sc_hd__or3_2)
     1    0.001556    0.016629    0.057676    2.235647 ^ _1347_/X (sky130_fd_sc_hd__or3_2)
                                                         _0510_ (net)
                      0.016629    0.000000    2.235647 ^ _1348_/C (sky130_fd_sc_hd__or3_2)
     2    0.035045    0.135072    0.141958    2.377605 ^ _1348_/X (sky130_fd_sc_hd__or3_2)
                                                         result[12] (net)
                      0.135072    0.000000    2.377605 ^ result[12] (out)
                                              2.377605   data arrival time

                      0.000000    0.000000    0.000000   clock __VIRTUAL_CLK__ (rise edge)
                                  0.000000    0.000000   clock network delay (ideal)
                                  0.250000    0.250000   clock uncertainty
                                  0.000000    0.250000   clock reconvergence pessimism
                                 -2.000000   -1.750000   output external delay
                                             -1.750000   data required time
---------------------------------------------------------------------------------------------
                                             -1.750000   data required time
                                             -2.377605   data arrival time
---------------------------------------------------------------------------------------------
                                              4.127605   slack (MET)


Startpoint: B[5] (input port clocked by __VIRTUAL_CLK__)
Endpoint: result[6] (output port clocked by __VIRTUAL_CLK__)
Path Group: __VIRTUAL_CLK__
Path Type: min

Fanout         Cap        Slew       Delay        Time   Description
---------------------------------------------------------------------------------------------
                      0.000000    0.000000    0.000000   clock __VIRTUAL_CLK__ (rise edge)
                                  0.000000    0.000000   clock network delay (ideal)
                                  2.000000    2.000000 v input external delay
     4    0.018373    0.029625    0.019183    2.019183 v B[5] (in)
                                                         B[5] (net)
                      0.029625    0.000000    2.019183 v _0951_/A (sky130_fd_sc_hd__nand2_2)
     4    0.010018    0.047656    0.051217    2.070400 ^ _0951_/Y (sky130_fd_sc_hd__nand2_2)
                                                         _0126_ (net)
                      0.047656    0.000000    2.070400 ^ _1211_/A1 (sky130_fd_sc_hd__a31o_2)
     1    0.008395    0.044778    0.099052    2.169452 ^ _1211_/X (sky130_fd_sc_hd__a31o_2)
                                                         _0380_ (net)
                      0.044778    0.000000    2.169452 ^ _1213_/B (sky130_fd_sc_hd__xnor2_2)
     1    0.002425    0.023860    0.060741    2.230193 ^ _1213_/Y (sky130_fd_sc_hd__xnor2_2)
                                                         _0382_ (net)
                      0.023860    0.000000    2.230193 ^ _1231_/A2 (sky130_fd_sc_hd__a21o_2)
     2    0.035200    0.137218    0.152051    2.382244 ^ _1231_/X (sky130_fd_sc_hd__a21o_2)
                                                         result[6] (net)
                      0.137218    0.000000    2.382244 ^ result[6] (out)
                                              2.382244   data arrival time

                      0.000000    0.000000    0.000000   clock __VIRTUAL_CLK__ (rise edge)
                                  0.000000    0.000000   clock network delay (ideal)
                                  0.250000    0.250000   clock uncertainty
                                  0.000000    0.250000   clock reconvergence pessimism
                                 -2.000000   -1.750000   output external delay
                                             -1.750000   data required time
---------------------------------------------------------------------------------------------
                                             -1.750000   data required time
                                             -2.382244   data arrival time
---------------------------------------------------------------------------------------------
                                              4.132244   slack (MET)


Startpoint: B[5] (input port clocked by __VIRTUAL_CLK__)
Endpoint: result[5] (output port clocked by __VIRTUAL_CLK__)
Path Group: __VIRTUAL_CLK__
Path Type: min

Fanout         Cap        Slew       Delay        Time   Description
---------------------------------------------------------------------------------------------
                      0.000000    0.000000    0.000000   clock __VIRTUAL_CLK__ (rise edge)
                                  0.000000    0.000000   clock network delay (ideal)
                                  2.000000    2.000000 ^ input external delay
     4    0.019901    0.072762    0.048495    2.048495 ^ B[5] (in)
                                                         B[5] (net)
                      0.072762    0.000000    2.048495 ^ _0951_/A (sky130_fd_sc_hd__nand2_2)
     4    0.009228    0.038438    0.040202    2.088697 v _0951_/Y (sky130_fd_sc_hd__nand2_2)
                                                         _0126_ (net)
                      0.038438    0.000000    2.088697 v _1202_/B1 (sky130_fd_sc_hd__o22a_2)
     1    0.004320    0.026841    0.122688    2.211385 v _1202_/X (sky130_fd_sc_hd__o22a_2)
                                                         _0372_ (net)
                      0.026841    0.000000    2.211385 v _1204_/A (sky130_fd_sc_hd__nand2_2)
     1    0.001758    0.017405    0.027540    2.238925 ^ _1204_/Y (sky130_fd_sc_hd__nand2_2)
                                                         _0374_ (net)
                      0.017405    0.000000    2.238925 ^ _1210_/A (sky130_fd_sc_hd__or3_2)
     2    0.035111    0.135162    0.144986    2.383912 ^ _1210_/X (sky130_fd_sc_hd__or3_2)
                                                         result[5] (net)
                      0.135162    0.000000    2.383912 ^ result[5] (out)
                                              2.383912   data arrival time

                      0.000000    0.000000    0.000000   clock __VIRTUAL_CLK__ (rise edge)
                                  0.000000    0.000000   clock network delay (ideal)
                                  0.250000    0.250000   clock uncertainty
                                  0.000000    0.250000   clock reconvergence pessimism
                                 -2.000000   -1.750000   output external delay
                                             -1.750000   data required time
---------------------------------------------------------------------------------------------
                                             -1.750000   data required time
                                             -2.383912   data arrival time
---------------------------------------------------------------------------------------------
                                              4.133912   slack (MET)


Startpoint: control[3] (input port clocked by __VIRTUAL_CLK__)
Endpoint: zero (output port clocked by __VIRTUAL_CLK__)
Path Group: __VIRTUAL_CLK__
Path Type: min

Fanout         Cap        Slew       Delay        Time   Description
---------------------------------------------------------------------------------------------
                      0.000000    0.000000    0.000000   clock __VIRTUAL_CLK__ (rise edge)
                                  0.000000    0.000000   clock network delay (ideal)
                                  2.000000    2.000000 ^ input external delay
    11    0.021922    0.079496    0.053189    2.053189 ^ control[3] (in)
                                                         control[3] (net)
                      0.079496    0.000000    2.053189 ^ _1068_/A2 (sky130_fd_sc_hd__a31o_2)
     2    0.035045    0.155636    0.186442    2.239631 ^ _1068_/X (sky130_fd_sc_hd__a31o_2)
                                                         result[0] (net)
                      0.155636    0.000000    2.239631 ^ _1678_/A (sky130_fd_sc_hd__or4_2)
     1    0.004667    0.027167    0.104055    2.343686 ^ _1678_/X (sky130_fd_sc_hd__or4_2)
                                                         _0821_ (net)
                      0.027167    0.000000    2.343686 ^ _1682_/C (sky130_fd_sc_hd__nor4_2)
     1    0.033442    0.057751    0.060640    2.404327 v _1682_/Y (sky130_fd_sc_hd__nor4_2)
                                                         zero (net)
                      0.057751    0.000000    2.404327 v zero (out)
                                              2.404327   data arrival time

                      0.000000    0.000000    0.000000   clock __VIRTUAL_CLK__ (rise edge)
                                  0.000000    0.000000   clock network delay (ideal)
                                  0.250000    0.250000   clock uncertainty
                                  0.000000    0.250000   clock reconvergence pessimism
                                 -2.000000   -1.750000   output external delay
                                             -1.750000   data required time
---------------------------------------------------------------------------------------------
                                             -1.750000   data required time
                                             -2.404327   data arrival time
---------------------------------------------------------------------------------------------
                                              4.154327   slack (MET)


Startpoint: B[15] (input port clocked by __VIRTUAL_CLK__)
Endpoint: result[15] (output port clocked by __VIRTUAL_CLK__)
Path Group: __VIRTUAL_CLK__
Path Type: min

Fanout         Cap        Slew       Delay        Time   Description
---------------------------------------------------------------------------------------------
                      0.000000    0.000000    0.000000   clock __VIRTUAL_CLK__ (rise edge)
                                  0.000000    0.000000   clock network delay (ideal)
                                  2.000000    2.000000 v input external delay
     3    0.007958    0.013113    0.007548    2.007548 v B[15] (in)
                                                         B[15] (net)
                      0.013113    0.000000    2.007548 v _1000_/A (sky130_fd_sc_hd__nor2_2)
     4    0.010965    0.104810    0.099561    2.107110 ^ _1000_/Y (sky130_fd_sc_hd__nor2_2)
                                                         _0175_ (net)
                      0.104810    0.000000    2.107110 ^ _1002_/A (sky130_fd_sc_hd__nor2_2)
     6    0.018815    0.040176    0.055272    2.162382 v _1002_/Y (sky130_fd_sc_hd__nor2_2)
                                                         _0177_ (net)
                      0.040176    0.000000    2.162382 v _1390_/B1 (sky130_fd_sc_hd__o21ai_2)
     1    0.002528    0.023141    0.035457    2.197839 ^ _1390_/Y (sky130_fd_sc_hd__o21ai_2)
                                                         _0550_ (net)
                      0.023141    0.000000    2.197839 ^ _1401_/A3 (sky130_fd_sc_hd__a31o_2)
     1    0.002616    0.020319    0.081433    2.279272 ^ _1401_/X (sky130_fd_sc_hd__a31o_2)
                                                         _0561_ (net)
                      0.020319    0.000000    2.279272 ^ _1402_/B1 (sky130_fd_sc_hd__a21o_2)
     2    0.035045    0.136644    0.128019    2.407292 ^ _1402_/X (sky130_fd_sc_hd__a21o_2)
                                                         result[15] (net)
                      0.136644    0.000000    2.407292 ^ result[15] (out)
                                              2.407292   data arrival time

                      0.000000    0.000000    0.000000   clock __VIRTUAL_CLK__ (rise edge)
                                  0.000000    0.000000   clock network delay (ideal)
                                  0.250000    0.250000   clock uncertainty
                                  0.000000    0.250000   clock reconvergence pessimism
                                 -2.000000   -1.750000   output external delay
                                             -1.750000   data required time
---------------------------------------------------------------------------------------------
                                             -1.750000   data required time
                                             -2.407292   data arrival time
---------------------------------------------------------------------------------------------
                                              4.157291   slack (MET)


Startpoint: B[16] (input port clocked by __VIRTUAL_CLK__)
Endpoint: result[16] (output port clocked by __VIRTUAL_CLK__)
Path Group: __VIRTUAL_CLK__
Path Type: min

Fanout         Cap        Slew       Delay        Time   Description
---------------------------------------------------------------------------------------------
                      0.000000    0.000000    0.000000   clock __VIRTUAL_CLK__ (rise edge)
                                  0.000000    0.000000   clock network delay (ideal)
                                  2.000000    2.000000 ^ input external delay
     3    0.010902    0.042524    0.027214    2.027214 ^ B[16] (in)
                                                         B[16] (net)
                      0.042524    0.000000    2.027214 ^ _1036_/A (sky130_fd_sc_hd__nand2_2)
     6    0.020418    0.057559    0.056536    2.083750 v _1036_/Y (sky130_fd_sc_hd__nand2_2)
                                                         _0211_ (net)
                      0.057559    0.000000    2.083750 v _1039_/A (sky130_fd_sc_hd__nand2_2)
     4    0.015474    0.068214    0.077084    2.160835 ^ _1039_/Y (sky130_fd_sc_hd__nand2_2)
                                                         _0214_ (net)
                      0.068214    0.000000    2.160835 ^ _1411_/B1 (sky130_fd_sc_hd__a21oi_2)
     2    0.006508    0.024633    0.025066    2.185901 v _1411_/Y (sky130_fd_sc_hd__a21oi_2)
                                                         _0570_ (net)
                      0.024633    0.000000    2.185901 v _1412_/B1 (sky130_fd_sc_hd__a311oi_2)
     1    0.001693    0.057692    0.073031    2.258932 ^ _1412_/Y (sky130_fd_sc_hd__a311oi_2)
                                                         _0571_ (net)
                      0.057692    0.000000    2.258932 ^ _1425_/B (sky130_fd_sc_hd__or3b_2)
     2    0.035142    0.159992    0.169430    2.428362 ^ _1425_/X (sky130_fd_sc_hd__or3b_2)
                                                         result[16] (net)
                      0.159992    0.000000    2.428362 ^ result[16] (out)
                                              2.428362   data arrival time

                      0.000000    0.000000    0.000000   clock __VIRTUAL_CLK__ (rise edge)
                                  0.000000    0.000000   clock network delay (ideal)
                                  0.250000    0.250000   clock uncertainty
                                  0.000000    0.250000   clock reconvergence pessimism
                                 -2.000000   -1.750000   output external delay
                                             -1.750000   data required time
---------------------------------------------------------------------------------------------
                                             -1.750000   data required time
                                             -2.428362   data arrival time
---------------------------------------------------------------------------------------------
                                              4.178362   slack (MET)



