Reading timing models for corner nom_tt_025C_1v80…
Reading timing library for the 'nom_tt_025C_1v80' corner at '/root/.ciel/ciel/sky130/versions/8afc8346a57fe1ab7934ba5a6056ea8b43078e71/sky130A/libs.ref/sky130_fd_sc_hd/lib/sky130_fd_sc_hd__tt_025C_1v80.lib'…
Reading technology LEF file at '/root/.ciel/ciel/sky130/versions/8afc8346a57fe1ab7934ba5a6056ea8b43078e71/sky130A/libs.ref/sky130_fd_sc_hd/techlef/sky130_fd_sc_hd__nom.tlef'…
[INFO ODB-0227] LEF file: /root/.ciel/ciel/sky130/versions/8afc8346a57fe1ab7934ba5a6056ea8b43078e71/sky130A/libs.ref/sky130_fd_sc_hd/techlef/sky130_fd_sc_hd__nom.tlef, created 14 layers, 25 vias
Reading cell LEF file at '/root/.ciel/ciel/sky130/versions/8afc8346a57fe1ab7934ba5a6056ea8b43078e71/sky130A/libs.ref/sky130_fd_sc_hd/lef/sky130_fd_sc_hd.lef'…
[WARNING ODB-0220] WARNING (LEFPARS-2008): NOWIREEXTENSIONATPIN statement is obsolete in version 5.6 or later.
The NOWIREEXTENSIONATPIN statement will be ignored. See file /root/.ciel/ciel/sky130/versions/8afc8346a57fe1ab7934ba5a6056ea8b43078e71/sky130A/libs.ref/sky130_fd_sc_hd/lef/sky130_fd_sc_hd.lef at line 2.

[INFO ODB-0227] LEF file: /root/.ciel/ciel/sky130/versions/8afc8346a57fe1ab7934ba5a6056ea8b43078e71/sky130A/libs.ref/sky130_fd_sc_hd/lef/sky130_fd_sc_hd.lef, created 437 library cells
Reading cell LEF file at '/root/.ciel/ciel/sky130/versions/8afc8346a57fe1ab7934ba5a6056ea8b43078e71/sky130A/libs.ref/sky130_fd_sc_hd/lef/sky130_ef_sc_hd.lef'…
[WARNING ODB-0220] WARNING (LEFPARS-2008): NOWIREEXTENSIONATPIN statement is obsolete in version 5.6 or later.
The NOWIREEXTENSIONATPIN statement will be ignored. See file /root/.ciel/ciel/sky130/versions/8afc8346a57fe1ab7934ba5a6056ea8b43078e71/sky130A/libs.ref/sky130_fd_sc_hd/lef/sky130_ef_sc_hd.lef at line 2.

[INFO ODB-0227] LEF file: /root/.ciel/ciel/sky130/versions/8afc8346a57fe1ab7934ba5a6056ea8b43078e71/sky130A/libs.ref/sky130_fd_sc_hd/lef/sky130_ef_sc_hd.lef, created 8 library cells
Reading top-level netlist at '/work/runs/RUN_2026-08-06_09-53-31/06-yosys-synthesis/registerfile.nl.v'…
Linking design 'registerfile' from netlist…
Reading design constraints file at '/nix/store/ffl2vg3m80k0p74pyffnmai83fnv38mf-python3-3.13.9-env/lib/python3.13/site-packages/librelane/scripts/base.sdc'…
[INFO] Using clock clk…
[INFO] Setting output delay to: 2
[INFO] Setting input delay to: 2
[INFO] Setting load to: 0.033442
[INFO] Setting clock uncertainty to: 0.25
[INFO] Setting clock transition to: 0.1499999999999999944488848768742172978818416595458984375
[INFO] Setting timing derate to: 5%
Using site height: 2.72 and site width: 0.46…
[INFO] Using relative sizing for the floorplan.
+ initialize_floorplan -site unithd -utilization 50 -aspect_ratio 1 -core_space 10.88 10.88 5.5200000000000005 5.5200000000000005
[INFO IFP-0107] Defining die area using utilization: 50.00% and aspect ratio: 1.
[INFO IFP-0001] Added 116 rows of 691 site unithd.
[INFO IFP-0100] Die BBox:  (  0.000  0.000 ) ( 328.960 339.680 ) um
[INFO IFP-0101] Core BBox: (  5.520 10.880 ) ( 323.380 326.400 ) um
[INFO IFP-0102] Core area:                       100291.187 um^2
[INFO IFP-0103] Total instances area:             50535.968 um^2
[INFO IFP-0104] Effective utilization:                0.504
[INFO IFP-0105] Number of instances:                   3580
[INFO IFP-0030] Inserted 0 tiecells using sky130_fd_sc_hd__conb_1/LO.
[INFO IFP-0030] Inserted 0 tiecells using sky130_fd_sc_hd__conb_1/HI.
[INFO] Extracting DIE_AREA and CORE_AREA from the floorplan
[INFO] Floorplanned on a die area of 0.0 0.0 328.96 339.68 (µm).
[INFO] Floorplanned on a core area of 5.52 10.88 323.38 326.4 (µm).
Writing metric design__die__bbox: 0.0 0.0 328.96 339.68
Writing metric design__core__bbox: 5.52 10.88 323.38 326.4
Setting global connections for newly added cells…
[INFO] Setting global connections...
[INFO ODB-0403] 0 connections made, 0 conflicts skipped.
Updating metrics…
Cell type report:                       Count       Area
  Inverter                                  4      15.01
  Sequential cell                        1024   21780.89
  Multi-Input combinational cell         2552   28740.06
  Total                                  3580   50535.97
Writing OpenROAD database to '/work/runs/RUN_2026-08-06_09-53-31/13-openroad-floorplan/registerfile.odb'…
Writing netlist to '/work/runs/RUN_2026-08-06_09-53-31/13-openroad-floorplan/registerfile.nl.v'…
Writing powered netlist to '/work/runs/RUN_2026-08-06_09-53-31/13-openroad-floorplan/registerfile.pnl.v'…
Writing layout to '/work/runs/RUN_2026-08-06_09-53-31/13-openroad-floorplan/registerfile.def'…
Writing timing constraints to '/work/runs/RUN_2026-08-06_09-53-31/13-openroad-floorplan/registerfile.sdc'…
