
===========================================================================
report_checks -unconstrained
===========================================================================
======================= min_ff_n40C_1v95 Corner ===================================

Startpoint: control[0] (input port clocked by __VIRTUAL_CLK__)
Endpoint: zero (output port clocked by __VIRTUAL_CLK__)
Path Group: __VIRTUAL_CLK__
Path Type: max

Fanout         Cap        Slew       Delay        Time   Description
---------------------------------------------------------------------------------------------
                      0.000000    0.000000    0.000000   clock __VIRTUAL_CLK__ (rise edge)
                                  0.000000    0.000000   clock network delay (ideal)
                                  2.000000    2.000000 ^ input external delay
     1    0.003157    0.015192    0.008155    2.008155 ^ control[0] (in)
                                                         control[0] (net)
                      0.015192    0.000000    2.008155 ^ input65/A (sky130_fd_sc_hd__clkdlybuf4s25_1)
     5    0.020013    0.155260    0.241451    2.249606 ^ input65/X (sky130_fd_sc_hd__clkdlybuf4s25_1)
                                                         net65 (net)
                      0.155260    0.000508    2.250113 ^ fanout156/A (sky130_fd_sc_hd__buf_4)
    10    0.038809    0.086346    0.136271    2.386385 ^ fanout156/X (sky130_fd_sc_hd__buf_4)
                                                         net156 (net)
                      0.086346    0.000412    2.386797 ^ _0868_/A (sky130_fd_sc_hd__or2_2)
     5    0.022174    0.091627    0.129554    2.516351 ^ _0868_/X (sky130_fd_sc_hd__or2_2)
                                                         _0043_ (net)
                      0.091627    0.000058    2.516409 ^ _1104_/B (sky130_fd_sc_hd__or2_2)
     4    0.044457    0.174920    0.187317    2.703726 ^ _1104_/X (sky130_fd_sc_hd__or2_2)
                                                         _0278_ (net)
                      0.174927    0.000978    2.704704 ^ fanout107/A (sky130_fd_sc_hd__dlymetal6s2s_1)
    10    0.092663    0.678748    0.527376    3.232080 ^ fanout107/X (sky130_fd_sc_hd__dlymetal6s2s_1)
                                                         net107 (net)
                      0.678764    0.002845    3.234925 ^ _1152_/B1 (sky130_fd_sc_hd__a21oi_2)
     1    0.002900    0.081358   -0.052121    3.182804 v _1152_/Y (sky130_fd_sc_hd__a21oi_2)
                                                         _0324_ (net)
                      0.081358    0.000027    3.182831 v _1153_/B1 (sky130_fd_sc_hd__o21a_2)
     1    0.002159    0.023122    0.087858    3.270689 v _1153_/X (sky130_fd_sc_hd__o21a_2)
                                                         _0325_ (net)
                      0.023122    0.000014    3.270703 v _1169_/A (sky130_fd_sc_hd__or4b_2)
     1    0.002877    0.065608    0.370610    3.641313 v _1169_/X (sky130_fd_sc_hd__or4b_2)
                                                         _0341_ (net)
                      0.065608    0.000028    3.641341 v _1170_/B1 (sky130_fd_sc_hd__a21o_2)
     2    0.005941    0.030659    0.101057    3.742398 v _1170_/X (sky130_fd_sc_hd__a21o_2)
                                                         net94 (net)
                      0.030659    0.000071    3.742469 v _1671_/C (sky130_fd_sc_hd__or4_4)
     1    0.005579    0.059744    0.283419    4.025887 v _1671_/X (sky130_fd_sc_hd__or4_4)
                                                         _0814_ (net)
                      0.059744    0.000122    4.026009 v _1672_/A (sky130_fd_sc_hd__or2_4)
     1    0.011817    0.040276    0.171839    4.197848 v _1672_/X (sky130_fd_sc_hd__or2_4)
                                                         _0815_ (net)
                      0.040290    0.000500    4.198348 v _1674_/C (sky130_fd_sc_hd__or4_4)
     1    0.024468    0.082220    0.321514    4.519862 v _1674_/X (sky130_fd_sc_hd__or4_4)
                                                         _0817_ (net)
                      0.082220    0.000579    4.520441 v _1677_/D (sky130_fd_sc_hd__or4_4)
     1    0.003719    0.056713    0.253421    4.773862 v _1677_/X (sky130_fd_sc_hd__or4_4)
                                                         _0820_ (net)
                      0.056713    0.000047    4.773909 v _1678_/C (sky130_fd_sc_hd__or4_4)
     1    0.008993    0.063896    0.298404    5.072312 v _1678_/X (sky130_fd_sc_hd__or4_4)
                                                         _0821_ (net)
                      0.063896    0.000111    5.072423 v _1682_/D (sky130_fd_sc_hd__nor4_4)
     1    0.005210    0.144199    0.100350    5.172773 ^ _1682_/Y (sky130_fd_sc_hd__nor4_4)
                                                         net101 (net)
                      0.144199    0.000025    5.172798 ^ output101/A (sky130_fd_sc_hd__buf_6)
     1    0.035914    0.060694    0.103951    5.276750 ^ output101/X (sky130_fd_sc_hd__buf_6)
                                                         zero (net)
                      0.060700    0.000650    5.277399 ^ zero (out)
                                              5.277399   data arrival time

                      0.000000   10.000000   10.000000   clock __VIRTUAL_CLK__ (rise edge)
                                  0.000000   10.000000   clock network delay (ideal)
                                 -0.250000    9.750000   clock uncertainty
                                  0.000000    9.750000   clock reconvergence pessimism
                                 -2.000000    7.750000   output external delay
                                              7.750000   data required time
---------------------------------------------------------------------------------------------
                                              7.750000   data required time
                                             -5.277399   data arrival time
---------------------------------------------------------------------------------------------
                                              2.472601   slack (MET)




===========================================================================
report_checks --slack_max -0.01
============================================================================
======================= min_ff_n40C_1v95 Corner ===================================

No paths found.


===========================================================================
 report_check_types -max_slew -max_cap -max_fanout -violators
============================================================================
======================= min_ff_n40C_1v95 Corner ===================================



===========================================================================
report_parasitic_annotation -report_unannotated
============================================================================
Found 0 unannotated drivers.
Found 0 partially unannotated drivers.

===========================================================================
max slew violation count 0
max fanout violation count 0
max cap violation count 0
============================================================================

===========================================================================
check_setup -verbose -unconstrained_endpoints -multiple_clock -no_clock -no_input_delay -loops -generated_clocks
===========================================================================
