
===========================================================================
 report_power
============================================================================
======================= min_ff_n40C_1v95 Corner ===================================

Group                    Internal    Switching      Leakage        Total
                            Power        Power        Power        Power (Watts)
------------------------------------------------------------------------
Sequential           0.000000e+00 0.000000e+00 0.000000e+00 0.000000e+00   0.0%
Combinational        3.882056e-04 4.016127e-04 1.474458e-08 7.898331e-04 100.0%
Clock                0.000000e+00 0.000000e+00 7.581987e-09 7.581987e-09   0.0%
Macro                0.000000e+00 0.000000e+00 0.000000e+00 0.000000e+00   0.0%
Pad                  0.000000e+00 0.000000e+00 0.000000e+00 0.000000e+00   0.0%
------------------------------------------------------------------------
Total                3.882056e-04 4.016127e-04 2.232651e-08 7.898407e-04 100.0%
                            49.1%        50.8%         0.0%

