
===========================================================================
report_checks -unconstrained
===========================================================================
======================= min_tt_025C_1v80 Corner ===================================

Startpoint: control[0] (input port clocked by __VIRTUAL_CLK__)
Endpoint: zero (output port clocked by __VIRTUAL_CLK__)
Path Group: __VIRTUAL_CLK__
Path Type: max

Fanout         Cap        Slew       Delay        Time   Description
---------------------------------------------------------------------------------------------
                      0.000000    0.000000    0.000000   clock __VIRTUAL_CLK__ (rise edge)
                                  0.000000    0.000000   clock network delay (ideal)
                                  2.000000    2.000000 v input external delay
     1    0.002892    0.008845    0.004571    2.004571 v control[0] (in)
                                                         control[0] (net)
                      0.008845    0.000000    2.004571 v input65/A (sky130_fd_sc_hd__clkdlybuf4s25_1)
     5    0.018877    0.147659    0.317752    2.322323 v input65/X (sky130_fd_sc_hd__clkdlybuf4s25_1)
                                                         net65 (net)
                      0.147659    0.000478    2.322801 v fanout156/A (sky130_fd_sc_hd__buf_4)
    10    0.036408    0.061728    0.216293    2.539094 v fanout156/X (sky130_fd_sc_hd__buf_4)
                                                         net156 (net)
                      0.061729    0.000407    2.539501 v _0865_/C (sky130_fd_sc_hd__and4b_2)
     1    0.004266    0.046419    0.226642    2.766144 v _0865_/X (sky130_fd_sc_hd__and4b_2)
                                                         _0040_ (net)
                      0.046419    0.000062    2.766206 v fanout123/A (sky130_fd_sc_hd__clkdlybuf4s25_1)
     6    0.040198    0.297652    0.446181    3.212387 v fanout123/X (sky130_fd_sc_hd__clkdlybuf4s25_1)
                                                         net123 (net)
                      0.297652    0.000627    3.213014 v fanout121/A (sky130_fd_sc_hd__buf_2)
    10    0.056862    0.136726    0.326069    3.539083 v fanout121/X (sky130_fd_sc_hd__buf_2)
                                                         net121 (net)
                      0.136726    0.000367    3.539450 v _1138_/A1 (sky130_fd_sc_hd__a221o_2)
     1    0.002575    0.050901    0.373043    3.912493 v _1138_/X (sky130_fd_sc_hd__a221o_2)
                                                         _0311_ (net)
                      0.050901    0.000023    3.912517 v _1139_/B1 (sky130_fd_sc_hd__a31o_2)
     1    0.003269    0.037767    0.210725    4.123241 v _1139_/X (sky130_fd_sc_hd__a31o_2)
                                                         _0312_ (net)
                      0.037767    0.000027    4.123268 v _1140_/B1 (sky130_fd_sc_hd__a311o_2)
     1    0.005865    0.062001    0.357371    4.480639 v _1140_/X (sky130_fd_sc_hd__a311o_2)
                                                         _0313_ (net)
                      0.062001    0.000116    4.480755 v _1141_/C1 (sky130_fd_sc_hd__a211o_2)
     2    0.008859    0.063617    0.291184    4.771939 v _1141_/X (sky130_fd_sc_hd__a211o_2)
                                                         net91 (net)
                      0.063677    0.000212    4.772151 v _1671_/B (sky130_fd_sc_hd__or4_4)
     1    0.005557    0.086203    0.515458    5.287610 v _1671_/X (sky130_fd_sc_hd__or4_4)
                                                         _0814_ (net)
                      0.086203    0.000121    5.287731 v _1672_/A (sky130_fd_sc_hd__or2_4)
     1    0.011821    0.056420    0.276454    5.564184 v _1672_/X (sky130_fd_sc_hd__or2_4)
                                                         _0815_ (net)
                      0.056420    0.000500    5.564685 v _1674_/C (sky130_fd_sc_hd__or4_4)
     1    0.024475    0.118163    0.537592    6.102277 v _1674_/X (sky130_fd_sc_hd__or4_4)
                                                         _0817_ (net)
                      0.118181    0.000579    6.102856 v _1677_/D (sky130_fd_sc_hd__or4_4)
     1    0.003723    0.081314    0.427362    6.530218 v _1677_/X (sky130_fd_sc_hd__or4_4)
                                                         _0820_ (net)
                      0.081314    0.000048    6.530265 v _1678_/C (sky130_fd_sc_hd__or4_4)
     1    0.009012    0.092355    0.501716    7.031981 v _1678_/X (sky130_fd_sc_hd__or4_4)
                                                         _0821_ (net)
                      0.092355    0.000111    7.032091 v _1682_/D (sky130_fd_sc_hd__nor4_4)
     1    0.005156    0.201891    0.150425    7.182516 ^ _1682_/Y (sky130_fd_sc_hd__nor4_4)
                                                         net101 (net)
                      0.201891    0.000025    7.182541 ^ output101/A (sky130_fd_sc_hd__buf_6)
     1    0.035914    0.081088    0.170365    7.352906 ^ output101/X (sky130_fd_sc_hd__buf_6)
                                                         zero (net)
                      0.081091    0.000650    7.353555 ^ zero (out)
                                              7.353555   data arrival time

                      0.000000   10.000000   10.000000   clock __VIRTUAL_CLK__ (rise edge)
                                  0.000000   10.000000   clock network delay (ideal)
                                 -0.250000    9.750000   clock uncertainty
                                  0.000000    9.750000   clock reconvergence pessimism
                                 -2.000000    7.750000   output external delay
                                              7.750000   data required time
---------------------------------------------------------------------------------------------
                                              7.750000   data required time
                                             -7.353555   data arrival time
---------------------------------------------------------------------------------------------
                                              0.396445   slack (MET)




===========================================================================
report_checks --slack_max -0.01
============================================================================
======================= min_tt_025C_1v80 Corner ===================================

No paths found.


===========================================================================
 report_check_types -max_slew -max_cap -max_fanout -violators
============================================================================
======================= min_tt_025C_1v80 Corner ===================================

max slew

Pin                                        Limit        Slew       Slack
------------------------------------------------------------------------
_1484_/B1                               0.750000    0.881948   -0.131948 (VIOLATED)
_1466_/C1                               0.750000    0.881947   -0.131947 (VIOLATED)
_1412_/C1                               0.750000    0.881943   -0.131944 (VIOLATED)
_1372_/B1                               0.750000    0.881932   -0.131932 (VIOLATED)
_1336_/C1                               0.750000    0.881925   -0.131925 (VIOLATED)
_1311_/B1                               0.750000    0.881916   -0.131916 (VIOLATED)
_1152_/B1                               0.750000    0.881862   -0.131862 (VIOLATED)
_1561_/A1                               0.750000    0.881857   -0.131857 (VIOLATED)
_1130_/B1                               0.750000    0.881852   -0.131852 (VIOLATED)
_1105_/B1                               0.750000    0.881850   -0.131850 (VIOLATED)
fanout107/X                             0.750000    0.881850   -0.131850 (VIOLATED)



===========================================================================
report_parasitic_annotation -report_unannotated
============================================================================
Found 0 unannotated drivers.
Found 0 partially unannotated drivers.

===========================================================================
max slew violation count 11
max fanout violation count 0
max cap violation count 0
============================================================================

===========================================================================
check_setup -verbose -unconstrained_endpoints -multiple_clock -no_clock -no_input_delay -loops -generated_clocks
===========================================================================
