Clock: clk
Sources: clk 
Generated: no
Virtual: yes
Propagated: no
Period: 10.000000

===========================================================================
report_clock_properties
============================================================================
Clock                   Period          Waveform
----------------------------------------------------
clk                  10.000000    0.000000  5.000000

===========================================================================
report_clock_latency
============================================================================
Clock clk
rise -> rise
    min     max
0.000000 0.000000 source latency
0.706207         network latency _5226_/CLK
        0.724031 network latency _5072_/CLK
---------------
0.706207 0.724031 latency
        0.017824 skew

fall -> fall
    min     max
0.000000 0.000000 source latency
0.610518         network latency _5226_/CLK
        0.623004 network latency _5072_/CLK
---------------
0.610518 0.623004 latency
        0.012486 skew



===========================================================================
report_clock_min_period
============================================================================
clk period_min = 1.46 fmax = 687.06
