
===========================================================================
 report_power
============================================================================
======================= nom_tt_025C_1v80 Corner ===================================

Group                    Internal    Switching      Leakage        Total
                            Power        Power        Power        Power (Watts)
------------------------------------------------------------------------
Sequential           4.111330e-03 1.457077e-05 8.777412e-09 4.125909e-03  52.9%
Combinational        4.999310e-04 5.387159e-04 2.419384e-08 1.038671e-03  13.3%
Clock                1.480382e-03 1.158503e-03 1.966960e-09 2.638887e-03  33.8%
Macro                0.000000e+00 0.000000e+00 0.000000e+00 0.000000e+00   0.0%
Pad                  0.000000e+00 0.000000e+00 0.000000e+00 0.000000e+00   0.0%
------------------------------------------------------------------------
Total                6.091633e-03 1.711785e-03 3.493873e-08 7.803453e-03 100.0%
                            78.1%        21.9%         0.0%
Writing metric power__internal__total: 0.006091632880270481
Writing metric power__switching__total: 0.0017117848619818687
Writing metric power__leakage__total: 3.493872924309471e-8
Writing metric power__total: 0.007803452666848898

