Reading timing models for corner nom_tt_025C_1v80…
Reading timing library for the 'nom_tt_025C_1v80' corner at '/home/naghul/.ciel/ciel/sky130/versions/8afc8346a57fe1ab7934ba5a6056ea8b43078e71/sky130A/libs.ref/sky130_fd_sc_hd/lib/sky130_fd_sc_hd__tt_025C_1v80.lib'…
Reading OpenROAD database at '/home/naghul/vlsi/projects/alu_pd/runs/RUN_2026-08-01_18-08-22/25-openroad-ioplacement/ALU.odb'…
Reading design constraints file at '/nix/store/ffl2vg3m80k0p74pyffnmai83fnv38mf-python3-3.13.9-env/lib/python3.13/site-packages/librelane/scripts/base.sdc'…
[WARNING STA-0366] port '__VIRTUAL_CLK__' not found.
[INFO] Using clock __VIRTUAL_CLK__…
[INFO] Setting output delay to: 2
[INFO] Setting input delay to: 2
[WARNING STA-0366] port '__VIRTUAL_CLK__' not found.
[INFO] Setting load to: 0.033442
[INFO] Setting clock uncertainty to: 0.25
[INFO] Setting clock transition to: 0.1499999999999999944488848768742172978818416595458984375
[WARNING STA-0419] transition time can not be specified for virtual clocks.
[INFO] Setting timing derate to: 5%
[WARNING STA-0450] virtual clock __VIRTUAL_CLK__ can not be propagated.
[INFO] Setting signal min routing layer to: met1 and clock min routing layer to met1. 
[INFO] Setting signal max routing layer to: met5 and clock max routing layer to met5. 
+ global_placement -density 0.520098 -routability_driven -pad_right 0 -pad_left 0 -init_wirelength_coef 0.25
[INFO GPL-0001] ---- Initialize GPL Main Data Structures
[INFO GPL-0002] DBU: 1000
[INFO GPL-0003] SiteSize: (  0.460  2.720 ) um
[INFO GPL-0004] CoreBBox: (  5.520 10.880 ) ( 149.500 155.040 ) um
[INFO GPL-0036] Movable instances area:       8341.750 um^2
[INFO GPL-0037] Total instances area:         9117.494 um^2
[INFO GPL-0035] Pin density area adjust:       413.841 um^2
[INFO GPL-0032] ---- Initialize Region: Top-level
[INFO GPL-0006] Number of instances:              1266
[INFO GPL-0007] Movable instances:                 858
[INFO GPL-0008] Fixed instances:                   408
[INFO GPL-0009] Dummy instances:                     0
[INFO GPL-0010] Number of nets:                    926
[INFO GPL-0011] Number of pins:                   3677
[INFO GPL-0012] Die BBox:  (  0.000  0.000 ) ( 155.450 166.170 ) um
[INFO GPL-0013] Core BBox: (  5.520 10.880 ) ( 149.500 155.040 ) um
[INFO GPL-0016] Core area:                   20756.157 um^2
[INFO GPL-0014] Region name: top-level.
[INFO GPL-0015] Region area:                 20756.157 um^2
[INFO GPL-0017] Fixed instances area:          775.744 um^2
[INFO GPL-0018] Movable instances area:       8755.591 um^2
[INFO GPL-0019] Utilization:                    43.821 %
[INFO GPL-0020] Standard cells area:          8755.591 um^2
[INFO GPL-0021] Large instances area:            0.000 um^2
[INFO GPL-0005] ---- Execute Conjugate Gradient Initial Placement.
[INFO GPL-0051] Source of initial instance position counters:
	Odb location = 858	Core center = 0	Region center = 0
[InitialPlace]  Iter: 1 conjugate gradient residual: 0.00000009 HPWL: 31806737
[InitialPlace]  Iter: 2 conjugate gradient residual: 0.00000009 HPWL: 24620347
[InitialPlace]  Iter: 3 conjugate gradient residual: 0.00000007 HPWL: 20927260
[InitialPlace]  Iter: 4 conjugate gradient residual: 0.00000009 HPWL: 19013204
[InitialPlace]  Iter: 5 conjugate gradient residual: 0.00000011 HPWL: 18161721
[INFO GPL-0033] ---- Initialize Nesterov Region: Top-level
[INFO GPL-0023] Placement target density:       0.5201
[INFO GPL-0024] Movable insts average area:     10.205 um^2
[INFO GPL-0025] Ideal bin area:                 19.621 um^2
[INFO GPL-0026] Ideal bin count:                  1057
[INFO GPL-0027] Total bin area:              20756.157 um^2
[INFO GPL-0028] Bin count (X, Y):          32 ,     32
[INFO GPL-0029] Bin size (W * H):       4.499 *  4.505 um
[INFO GPL-0030] Number of bins:                   1024
[INFO GPL-0007] ---- Execute Nesterov Global Placement.
[INFO GPL-0031] HPWL: Half-Perimeter Wirelength
Iteration | Overflow |     HPWL (um) |  HPWL(%) |   Penalty | Group
---------------------------------------------------------------
        0 |   0.9274 |  1.404635e+04 |   +0.00% |  7.54e-15 |      
       10 |   0.8030 |  1.721303e+04 |  +22.54% |  1.23e-14 |      
       20 |   0.7633 |  1.777491e+04 |   +3.26% |  2.00e-14 |      
       30 |   0.7789 |  1.752160e+04 |   -1.43% |  3.25e-14 |      
       40 |   0.7782 |  1.754072e+04 |   +0.11% |  5.30e-14 |      
       50 |   0.7752 |  1.759570e+04 |   +0.31% |  8.64e-14 |      
       60 |   0.7771 |  1.755356e+04 |   -0.24% |  1.41e-13 |      
       70 |   0.7766 |  1.756318e+04 |   +0.05% |  2.29e-13 |      
       80 |   0.7760 |  1.757345e+04 |   +0.06% |  3.73e-13 |      
       90 |   0.7765 |  1.756465e+04 |   -0.05% |  6.08e-13 |      
      100 |   0.7762 |  1.757169e+04 |   +0.04% |  9.90e-13 |      
      110 |   0.7759 |  1.757771e+04 |   +0.03% |  1.61e-12 |      
      120 |   0.7757 |  1.758162e+04 |   +0.02% |  2.63e-12 |      
      130 |   0.7749 |  1.759462e+04 |   +0.07% |  4.28e-12 |      
      140 |   0.7739 |  1.761465e+04 |   +0.11% |  6.97e-12 |      
      150 |   0.7725 |  1.764599e+04 |   +0.18% |  1.14e-11 |      
      160 |   0.7700 |  1.769793e+04 |   +0.29% |  1.85e-11 |      
      170 |   0.7665 |  1.777458e+04 |   +0.43% |  3.01e-11 |      
      180 |   0.7606 |  1.788103e+04 |   +0.60% |  4.91e-11 |      
      190 |   0.7523 |  1.803803e+04 |   +0.88% |  7.99e-11 |      
      200 |   0.7414 |  1.825835e+04 |   +1.22% |  1.30e-10 |      
      210 |   0.7247 |  1.856392e+04 |   +1.67% |  2.12e-10 |      
      220 |   0.7006 |  1.891484e+04 |   +1.89% |  3.45e-10 |      
      230 |   0.6765 |  1.936301e+04 |   +2.37% |  5.63e-10 |      
      240 |   0.6426 |  1.985822e+04 |   +2.56% |  9.17e-10 |      
      250 |   0.6035 |  2.036415e+04 |   +2.55% |  1.49e-09 |      
[INFO GPL-0038] Routability snapshot saved at iter = 252
      251 |   0.5997 |  2.041271e+04 |          |           |      
      260 |   0.5598 |  2.092228e+04 |   +2.74% |  2.43e-09 |      
      270 |   0.5149 |  2.142267e+04 |   +2.39% |  3.96e-09 |      
      280 |   0.4689 |  2.200642e+04 |   +2.72% |  6.45e-09 |      
      290 |   0.4303 |  2.259240e+04 |   +2.66% |  1.05e-08 |      
      300 |   0.3919 |  2.316490e+04 |   +2.53% |  1.71e-08 |      
      310 |   0.3478 |  2.352999e+04 |   +1.58% |  2.79e-08 |      
      320 |   0.3149 |  2.376525e+04 |   +1.00% |  4.15e-08 |      
[INFO GPL-0040] Routability iteration: 1
[INFO GPL-0041] Total routing overflow: 0.4339
[INFO GPL-0042] Number of overflowed tiles: 7 (1.33%)
[INFO GPL-0043] Average top 0.5% routing congestion: 1.0820
[INFO GPL-0044] Average top 1.0% routing congestion: 1.0670
[INFO GPL-0045] Average top 2.0% routing congestion: 1.0364
[INFO GPL-0046] Average top 5.0% routing congestion: 0.9872
[INFO GPL-0047] Routability iteration weighted routing congestion: 1.0745
[INFO GPL-0048] Routing congestion (1.0745) lower than previous minimum (1e+30). Updating minimum.
[INFO GPL-0051] Inflated area:                  43.550 um^2 (+0.50%)
[INFO GPL-0052] Placement target density:       0.5201
[INFO GPL-0076] Removing fillers, count: Before: 165, After: 161 (-2.42%)
[INFO GPL-0077] Filler area (um^2)     : Before: 1636.181, After: 1589.419 (-2.86%)
[INFO GPL-0078] Removed fillers count: 4, area removed: 39.489 um^2. Remaining area to be compensated by modifying density: 4.061 um^2
[INFO GPL-0058] White space area:            19980.413 um^2 (+0.00%)
[INFO GPL-0059] Movable instances area:      10391.772 um^2 (+0.00%)
[INFO GPL-0060] Total filler area:            1589.419 um^2 (-2.86%)
[INFO GPL-0061] Total non-inflated area:     10388.560 um^2 (-0.03%)
[INFO GPL-0062] Total inflated area:         10432.110 um^2 (-0.03%)
[INFO GPL-0063] New Target Density:             0.5201
[INFO GPL-0087] Routability end iteration: increase inflation and revert back to snapshot.
Iteration | Overflow |     HPWL (um) |  HPWL(%) |   Penalty | Group
---------------------------------------------------------------
      330 |   0.5810 |  2.071007e+04 |  -12.86% |  1.92e-09 |      
      340 |   0.5465 |  2.106757e+04 |   +1.73% |  2.83e-09 |      
      350 |   0.5108 |  2.153198e+04 |   +2.20% |  4.17e-09 |      
      360 |   0.4741 |  2.196502e+04 |   +2.01% |  6.14e-09 |      
      370 |   0.4415 |  2.243455e+04 |   +2.14% |  9.05e-09 |      
      380 |   0.4123 |  2.292379e+04 |   +2.18% |  1.33e-08 |      
      390 |   0.3792 |  2.328802e+04 |   +1.59% |  1.96e-08 |      
      400 |   0.3445 |  2.358212e+04 |   +1.26% |  2.89e-08 |      
      410 |   0.3129 |  2.385095e+04 |   +1.14% |  4.26e-08 |      
[INFO GPL-0040] Routability iteration: 2
[INFO GPL-0041] Total routing overflow: 0.3091
[INFO GPL-0042] Number of overflowed tiles: 8 (1.52%)
[INFO GPL-0043] Average top 0.5% routing congestion: 1.0693
[INFO GPL-0044] Average top 1.0% routing congestion: 1.0498
[INFO GPL-0045] Average top 2.0% routing congestion: 1.0241
[INFO GPL-0046] Average top 5.0% routing congestion: 0.9817
[INFO GPL-0047] Routability iteration weighted routing congestion: 1.0595
[INFO GPL-0048] Routing congestion (1.0595) lower than previous minimum (1.075). Updating minimum.
[INFO GPL-0051] Inflated area:                  31.341 um^2 (+0.36%)
[INFO GPL-0052] Placement target density:       0.5201
[INFO GPL-0076] Removing fillers, count: Before: 161, After: 158 (-1.86%)
[INFO GPL-0077] Filler area (um^2)     : Before: 1589.419, After: 1559.802 (-1.86%)
[INFO GPL-0078] Removed fillers count: 3, area removed: 29.616 um^2. Remaining area to be compensated by modifying density: 1.725 um^2
[INFO GPL-0058] White space area:            19980.413 um^2 (+0.00%)
[INFO GPL-0059] Movable instances area:      10391.772 um^2 (+0.00%)
[INFO GPL-0060] Total filler area:            1559.802 um^2 (-1.86%)
[INFO GPL-0061] Total non-inflated area:     10390.285 um^2 (+0.02%)
[INFO GPL-0062] Total inflated area:         10421.626 um^2 (+0.02%)
[INFO GPL-0063] New Target Density:             0.5201
[INFO GPL-0087] Routability end iteration: increase inflation and revert back to snapshot.
Iteration | Overflow |     HPWL (um) |  HPWL(%) |   Penalty | Group
---------------------------------------------------------------
      420 |   0.5815 |  2.073648e+04 |  -13.06% |  1.92e-09 |      
      430 |   0.5471 |  2.108294e+04 |   +1.67% |  2.83e-09 |      
      440 |   0.5114 |  2.156796e+04 |   +2.30% |  4.17e-09 |      
      450 |   0.4746 |  2.199556e+04 |   +1.98% |  6.14e-09 |      
      460 |   0.4418 |  2.246566e+04 |   +2.14% |  9.05e-09 |      
      470 |   0.4125 |  2.296690e+04 |   +2.23% |  1.33e-08 |      
      480 |   0.3796 |  2.332986e+04 |   +1.58% |  1.96e-08 |      
      490 |   0.3451 |  2.362978e+04 |   +1.29% |  2.89e-08 |      
      500 |   0.3142 |  2.389878e+04 |   +1.14% |  4.26e-08 |      
[INFO GPL-0040] Routability iteration: 3
[INFO GPL-0041] Total routing overflow: 0.2418
[INFO GPL-0042] Number of overflowed tiles: 9 (1.70%)
[INFO GPL-0043] Average top 0.5% routing congestion: 1.0518
[INFO GPL-0044] Average top 1.0% routing congestion: 1.0379
[INFO GPL-0045] Average top 2.0% routing congestion: 1.0190
[INFO GPL-0046] Average top 5.0% routing congestion: 0.9790
[INFO GPL-0047] Routability iteration weighted routing congestion: 1.0448
[INFO GPL-0048] Routing congestion (1.0448) lower than previous minimum (1.06). Updating minimum.
[INFO GPL-0051] Inflated area:                  23.451 um^2 (+0.27%)
[INFO GPL-0052] Placement target density:       0.5201
[INFO GPL-0076] Removing fillers, count: Before: 158, After: 156 (-1.27%)
[INFO GPL-0077] Filler area (um^2)     : Before: 1559.802, After: 1540.058 (-1.27%)
[INFO GPL-0078] Removed fillers count: 2, area removed: 19.744 um^2. Remaining area to be compensated by modifying density: 3.707 um^2
[INFO GPL-0058] White space area:            19980.413 um^2 (+0.00%)
[INFO GPL-0059] Movable instances area:      10391.772 um^2 (+0.00%)
[INFO GPL-0060] Total filler area:            1540.058 um^2 (-1.27%)
[INFO GPL-0061] Total non-inflated area:     10393.992 um^2 (+0.04%)
[INFO GPL-0062] Total inflated area:         10417.443 um^2 (+0.04%)
[INFO GPL-0063] New Target Density:             0.5201
[INFO GPL-0087] Routability end iteration: increase inflation and revert back to snapshot.
Iteration | Overflow |     HPWL (um) |  HPWL(%) |   Penalty | Group
---------------------------------------------------------------
      510 |   0.5818 |  2.075882e+04 |  -13.14% |  1.92e-09 |      
      520 |   0.5477 |  2.109942e+04 |   +1.64% |  2.83e-09 |      
      530 |   0.5119 |  2.159097e+04 |   +2.33% |  4.17e-09 |      
      540 |   0.4749 |  2.201790e+04 |   +1.98% |  6.14e-09 |      
      550 |   0.4428 |  2.249173e+04 |   +2.15% |  9.05e-09 |      
      560 |   0.4124 |  2.299831e+04 |   +2.25% |  1.33e-08 |      
      570 |   0.3798 |  2.335526e+04 |   +1.55% |  1.96e-08 |      
      580 |   0.3458 |  2.366565e+04 |   +1.33% |  2.89e-08 |      
      590 |   0.3150 |  2.393463e+04 |   +1.14% |  4.26e-08 |      
[INFO GPL-0040] Routability iteration: 4
[INFO GPL-0041] Total routing overflow: 0.1985
[INFO GPL-0042] Number of overflowed tiles: 9 (1.70%)
[INFO GPL-0043] Average top 0.5% routing congestion: 1.0425
[INFO GPL-0044] Average top 1.0% routing congestion: 1.0304
[INFO GPL-0045] Average top 2.0% routing congestion: 1.0150
[INFO GPL-0046] Average top 5.0% routing congestion: 0.9757
[INFO GPL-0047] Routability iteration weighted routing congestion: 1.0364
[INFO GPL-0048] Routing congestion (1.0364) lower than previous minimum (1.045). Updating minimum.
[INFO GPL-0051] Inflated area:                  17.924 um^2 (+0.20%)
[INFO GPL-0052] Placement target density:       0.5201
[INFO GPL-0076] Removing fillers, count: Before: 156, After: 155 (-0.64%)
[INFO GPL-0077] Filler area (um^2)     : Before: 1540.058, After: 1530.186 (-0.64%)
[INFO GPL-0078] Removed fillers count: 1, area removed: 9.872 um^2. Remaining area to be compensated by modifying density: 8.052 um^2
[INFO GPL-0058] White space area:            19980.413 um^2 (+0.00%)
[INFO GPL-0059] Movable instances area:      10391.772 um^2 (+0.00%)
[INFO GPL-0060] Total filler area:            1530.186 um^2 (-0.64%)
[INFO GPL-0061] Total non-inflated area:     10402.043 um^2 (+0.08%)
[INFO GPL-0062] Total inflated area:         10419.967 um^2 (+0.08%)
[INFO GPL-0063] New Target Density:             0.5201
[INFO GPL-0087] Routability end iteration: increase inflation and revert back to snapshot.
Iteration | Overflow |     HPWL (um) |  HPWL(%) |   Penalty | Group
---------------------------------------------------------------
      600 |   0.5820 |  2.077513e+04 |  -13.20% |  1.92e-09 |      
      610 |   0.5481 |  2.111099e+04 |   +1.62% |  2.83e-09 |      
      620 |   0.5122 |  2.160644e+04 |   +2.35% |  4.17e-09 |      
      630 |   0.4752 |  2.203396e+04 |   +1.98% |  6.14e-09 |      
      640 |   0.4436 |  2.251102e+04 |   +2.17% |  9.05e-09 |      
      650 |   0.4123 |  2.301584e+04 |   +2.24% |  1.33e-08 |      
      660 |   0.3799 |  2.337471e+04 |   +1.56% |  1.96e-08 |      
      670 |   0.3463 |  2.368559e+04 |   +1.33% |  2.89e-08 |      
      680 |   0.3158 |  2.395550e+04 |   +1.14% |  4.26e-08 |      
[INFO GPL-0040] Routability iteration: 5
[INFO GPL-0041] Total routing overflow: 0.1668
[INFO GPL-0042] Number of overflowed tiles: 9 (1.70%)
[INFO GPL-0043] Average top 0.5% routing congestion: 1.0362
[INFO GPL-0044] Average top 1.0% routing congestion: 1.0254
[INFO GPL-0045] Average top 2.0% routing congestion: 1.0123
[INFO GPL-0046] Average top 5.0% routing congestion: 0.9731
[INFO GPL-0047] Routability iteration weighted routing congestion: 1.0308
[INFO GPL-0048] Routing congestion (1.0308) lower than previous minimum (1.036). Updating minimum.
[INFO GPL-0051] Inflated area:                  15.613 um^2 (+0.18%)
[INFO GPL-0052] Placement target density:       0.5201
[INFO GPL-0076] Removing fillers, count: Before: 155, After: 154 (-0.65%)
[INFO GPL-0077] Filler area (um^2)     : Before: 1530.186, After: 1520.314 (-0.65%)
[INFO GPL-0078] Removed fillers count: 1, area removed: 9.872 um^2. Remaining area to be compensated by modifying density: 5.741 um^2
[INFO GPL-0058] White space area:            19980.413 um^2 (+0.00%)
[INFO GPL-0059] Movable instances area:      10391.772 um^2 (+0.00%)
[INFO GPL-0060] Total filler area:            1520.314 um^2 (-0.65%)
[INFO GPL-0061] Total non-inflated area:     10407.785 um^2 (+0.06%)
[INFO GPL-0062] Total inflated area:         10423.398 um^2 (+0.06%)
[INFO GPL-0063] New Target Density:             0.5201
[INFO GPL-0087] Routability end iteration: increase inflation and revert back to snapshot.
Iteration | Overflow |     HPWL (um) |  HPWL(%) |   Penalty | Group
---------------------------------------------------------------
      690 |   0.5822 |  2.079021e+04 |  -13.21% |  1.92e-09 |      
      700 |   0.5486 |  2.112094e+04 |   +1.59% |  2.83e-09 |      
      710 |   0.5124 |  2.162010e+04 |   +2.36% |  4.17e-09 |      
      720 |   0.4755 |  2.204748e+04 |   +1.98% |  6.14e-09 |      
      730 |   0.4443 |  2.252898e+04 |   +2.18% |  9.05e-09 |      
      740 |   0.4128 |  2.303614e+04 |   +2.25% |  1.33e-08 |      
      750 |   0.3800 |  2.339357e+04 |   +1.55% |  1.96e-08 |      
      760 |   0.3467 |  2.371250e+04 |   +1.36% |  2.89e-08 |      
      770 |   0.3160 |  2.397786e+04 |   +1.12% |  4.26e-08 |      
[INFO GPL-0040] Routability iteration: 6
[INFO GPL-0041] Total routing overflow: 0.1315
[INFO GPL-0042] Number of overflowed tiles: 8 (1.52%)
[INFO GPL-0043] Average top 0.5% routing congestion: 1.0282
[INFO GPL-0044] Average top 1.0% routing congestion: 1.0201
[INFO GPL-0045] Average top 2.0% routing congestion: 1.0091
[INFO GPL-0046] Average top 5.0% routing congestion: 0.9712
[INFO GPL-0047] Routability iteration weighted routing congestion: 1.0242
[INFO GPL-0048] Routing congestion (1.0242) lower than previous minimum (1.031). Updating minimum.
[INFO GPL-0051] Inflated area:                  12.837 um^2 (+0.14%)
[INFO GPL-0052] Placement target density:       0.5201
[INFO GPL-0076] Removing fillers, count: Before: 154, After: 153 (-0.65%)
[INFO GPL-0077] Filler area (um^2)     : Before: 1520.314, After: 1510.441 (-0.65%)
[INFO GPL-0078] Removed fillers count: 1, area removed: 9.872 um^2. Remaining area to be compensated by modifying density: 2.965 um^2
[INFO GPL-0058] White space area:            19980.413 um^2 (+0.00%)
[INFO GPL-0059] Movable instances area:      10391.772 um^2 (+0.00%)
[INFO GPL-0060] Total filler area:            1510.441 um^2 (-0.65%)
[INFO GPL-0061] Total non-inflated area:     10410.749 um^2 (+0.03%)
[INFO GPL-0062] Total inflated area:         10423.586 um^2 (+0.03%)
[INFO GPL-0063] New Target Density:             0.5201
[INFO GPL-0087] Routability end iteration: increase inflation and revert back to snapshot.
Iteration | Overflow |     HPWL (um) |  HPWL(%) |   Penalty | Group
---------------------------------------------------------------
      780 |   0.5825 |  2.079423e+04 |  -13.28% |  1.92e-09 |      
      790 |   0.5490 |  2.113364e+04 |   +1.63% |  2.83e-09 |      
      800 |   0.5125 |  2.163301e+04 |   +2.36% |  4.17e-09 |      
      810 |   0.4758 |  2.205912e+04 |   +1.97% |  6.14e-09 |      
      820 |   0.4448 |  2.254576e+04 |   +2.21% |  9.05e-09 |      
      830 |   0.4134 |  2.305064e+04 |   +2.24% |  1.33e-08 |      
      840 |   0.3802 |  2.340983e+04 |   +1.56% |  1.96e-08 |      
      850 |   0.3471 |  2.373444e+04 |   +1.39% |  2.89e-08 |      
      860 |   0.3159 |  2.399810e+04 |   +1.11% |  4.26e-08 |      
[INFO GPL-0040] Routability iteration: 7
[INFO GPL-0041] Total routing overflow: 0.1059
[INFO GPL-0042] Number of overflowed tiles: 8 (1.52%)
[INFO GPL-0043] Average top 0.5% routing congestion: 1.0224
[INFO GPL-0044] Average top 1.0% routing congestion: 1.0165
[INFO GPL-0045] Average top 2.0% routing congestion: 1.0067
[INFO GPL-0046] Average top 5.0% routing congestion: 0.9696
[INFO GPL-0047] Routability iteration weighted routing congestion: 1.0194
[INFO GPL-0048] Routing congestion (1.0194) lower than previous minimum (1.024). Updating minimum.
[INFO GPL-0051] Inflated area:                  10.164 um^2 (+0.11%)
[INFO GPL-0052] Placement target density:       0.5201
[INFO GPL-0076] Removing fillers, count: Before: 153, After: 152 (-0.65%)
[INFO GPL-0077] Filler area (um^2)     : Before: 1510.441, After: 1500.569 (-0.65%)
[INFO GPL-0078] Removed fillers count: 1, area removed: 9.872 um^2. Remaining area to be compensated by modifying density: 0.292 um^2
[INFO GPL-0058] White space area:            19980.413 um^2 (+0.00%)
[INFO GPL-0059] Movable instances area:      10391.772 um^2 (+0.00%)
[INFO GPL-0060] Total filler area:            1500.569 um^2 (-0.65%)
[INFO GPL-0061] Total non-inflated area:     10411.042 um^2 (+0.00%)
[INFO GPL-0062] Total inflated area:         10421.206 um^2 (+0.00%)
[INFO GPL-0063] New Target Density:             0.5201
[INFO GPL-0087] Routability end iteration: increase inflation and revert back to snapshot.
Iteration | Overflow |     HPWL (um) |  HPWL(%) |   Penalty | Group
---------------------------------------------------------------
      870 |   0.5825 |  2.080352e+04 |  -13.31% |  1.92e-09 |      
      880 |   0.5490 |  2.113728e+04 |   +1.60% |  2.83e-09 |      
      890 |   0.5126 |  2.164246e+04 |   +2.39% |  4.17e-09 |      
      900 |   0.4760 |  2.206762e+04 |   +1.96% |  6.14e-09 |      
      910 |   0.4448 |  2.255873e+04 |   +2.23% |  9.05e-09 |      
      920 |   0.4135 |  2.305933e+04 |   +2.22% |  1.33e-08 |      
      930 |   0.3800 |  2.342442e+04 |   +1.58% |  1.96e-08 |      
      940 |   0.3472 |  2.374940e+04 |   +1.39% |  2.89e-08 |      
      950 |   0.3160 |  2.401810e+04 |   +1.13% |  4.26e-08 |      
[INFO GPL-0040] Routability iteration: 8
[INFO GPL-0041] Total routing overflow: 0.0979
[INFO GPL-0042] Number of overflowed tiles: 9 (1.70%)
[INFO GPL-0043] Average top 0.5% routing congestion: 1.0197
[INFO GPL-0044] Average top 1.0% routing congestion: 1.0148
[INFO GPL-0045] Average top 2.0% routing congestion: 1.0061
[INFO GPL-0046] Average top 5.0% routing congestion: 0.9690
[INFO GPL-0047] Routability iteration weighted routing congestion: 1.0172
[INFO GPL-0048] Routing congestion (1.0172) lower than previous minimum (1.019). Updating minimum.
[INFO GPL-0051] Inflated area:                   7.585 um^2 (+0.09%)
[INFO GPL-0052] Placement target density:       0.5201
[INFO GPL-0076] Removing fillers, count: Before: 152, After: 152 (+0.00%)
[INFO GPL-0077] Filler area (um^2)     : Before: 1500.569, After: 1500.569 (+0.00%)
[INFO GPL-0078] Removed fillers count: 0, area removed: 0.000 um^2. Remaining area to be compensated by modifying density: 7.585 um^2
[INFO GPL-0058] White space area:            19980.413 um^2 (+0.00%)
[INFO GPL-0059] Movable instances area:      10391.772 um^2 (+0.00%)
[INFO GPL-0060] Total filler area:            1500.569 um^2 (+0.00%)
[INFO GPL-0061] Total non-inflated area:     10418.627 um^2 (+0.07%)
[INFO GPL-0062] Total inflated area:         10426.212 um^2 (+0.07%)
[INFO GPL-0063] New Target Density:             0.5201
[INFO GPL-0087] Routability end iteration: increase inflation and revert back to snapshot.
Iteration | Overflow |     HPWL (um) |  HPWL(%) |   Penalty | Group
---------------------------------------------------------------
      960 |   0.5827 |  2.080987e+04 |  -13.36% |  1.92e-09 |      
      970 |   0.5492 |  2.114150e+04 |   +1.59% |  2.83e-09 |      
      980 |   0.5127 |  2.164858e+04 |   +2.40% |  4.17e-09 |      
      990 |   0.4761 |  2.207404e+04 |   +1.97% |  6.14e-09 |      
     1000 |   0.4450 |  2.256642e+04 |   +2.23% |  9.05e-09 |      
     1010 |   0.4137 |  2.306518e+04 |   +2.21% |  1.33e-08 |      
     1020 |   0.3801 |  2.343112e+04 |   +1.59% |  1.96e-08 |      
     1030 |   0.3473 |  2.375757e+04 |   +1.39% |  2.89e-08 |      
     1040 |   0.3162 |  2.402768e+04 |   +1.14% |  4.26e-08 |      
[INFO GPL-0040] Routability iteration: 9
[INFO GPL-0041] Total routing overflow: 0.0989
[INFO GPL-0042] Number of overflowed tiles: 9 (1.70%)
[INFO GPL-0043] Average top 0.5% routing congestion: 1.0187
[INFO GPL-0044] Average top 1.0% routing congestion: 1.0146
[INFO GPL-0045] Average top 2.0% routing congestion: 1.0060
[INFO GPL-0046] Average top 5.0% routing congestion: 0.9686
[INFO GPL-0047] Routability iteration weighted routing congestion: 1.0167
[INFO GPL-0049] Routing congestion (1.0167) higher than minimum (1.0172). Consecutive non-improvement count: 1.
[INFO GPL-0051] Inflated area:                   6.949 um^2 (+0.08%)
[INFO GPL-0052] Placement target density:       0.5201
[INFO GPL-0076] Removing fillers, count: Before: 152, After: 152 (+0.00%)
[INFO GPL-0077] Filler area (um^2)     : Before: 1500.569, After: 1500.569 (+0.00%)
[INFO GPL-0078] Removed fillers count: 0, area removed: 0.000 um^2. Remaining area to be compensated by modifying density: 6.949 um^2
[INFO GPL-0058] White space area:            19980.413 um^2 (+0.00%)
[INFO GPL-0059] Movable instances area:      10391.772 um^2 (+0.00%)
[INFO GPL-0060] Total filler area:            1500.569 um^2 (+0.00%)
[INFO GPL-0061] Total non-inflated area:     10425.576 um^2 (+0.07%)
[INFO GPL-0062] Total inflated area:         10432.525 um^2 (+0.07%)
[INFO GPL-0063] New Target Density:             0.5201
[INFO GPL-0087] Routability end iteration: increase inflation and revert back to snapshot.
Iteration | Overflow |     HPWL (um) |  HPWL(%) |   Penalty | Group
---------------------------------------------------------------
     1050 |   0.5828 |  2.081576e+04 |  -13.37% |  1.92e-09 |      
     1060 |   0.5494 |  2.114554e+04 |   +1.58% |  2.83e-09 |      
     1070 |   0.5129 |  2.165359e+04 |   +2.40% |  4.17e-09 |      
     1080 |   0.4763 |  2.207975e+04 |   +1.97% |  6.14e-09 |      
     1090 |   0.4453 |  2.257320e+04 |   +2.23% |  9.05e-09 |      
     1100 |   0.4138 |  2.307016e+04 |   +2.20% |  1.33e-08 |      
     1110 |   0.3803 |  2.343682e+04 |   +1.59% |  1.96e-08 |      
     1120 |   0.3474 |  2.376354e+04 |   +1.39% |  2.89e-08 |      
     1130 |   0.3166 |  2.403573e+04 |   +1.15% |  4.26e-08 |      
[INFO GPL-0040] Routability iteration: 10
[INFO GPL-0041] Total routing overflow: 0.1013
[INFO GPL-0042] Number of overflowed tiles: 9 (1.70%)
[INFO GPL-0043] Average top 0.5% routing congestion: 1.0195
[INFO GPL-0044] Average top 1.0% routing congestion: 1.0149
[INFO GPL-0045] Average top 2.0% routing congestion: 1.0062
[INFO GPL-0046] Average top 5.0% routing congestion: 0.9682
[INFO GPL-0047] Routability iteration weighted routing congestion: 1.0172
[INFO GPL-0049] Routing congestion (1.0172) higher than minimum (1.0172). Consecutive non-improvement count: 2.
[INFO GPL-0051] Inflated area:                   6.560 um^2 (+0.07%)
[INFO GPL-0052] Placement target density:       0.5201
[INFO GPL-0076] Removing fillers, count: Before: 152, After: 152 (+0.00%)
[INFO GPL-0077] Filler area (um^2)     : Before: 1500.569, After: 1500.569 (+0.00%)
[INFO GPL-0078] Removed fillers count: 0, area removed: 0.000 um^2. Remaining area to be compensated by modifying density: 6.560 um^2
[INFO GPL-0058] White space area:            19980.413 um^2 (+0.00%)
[INFO GPL-0059] Movable instances area:      10391.772 um^2 (+0.00%)
[INFO GPL-0060] Total filler area:            1500.569 um^2 (+0.00%)
[INFO GPL-0061] Total non-inflated area:     10432.136 um^2 (+0.06%)
[INFO GPL-0062] Total inflated area:         10438.696 um^2 (+0.06%)
[INFO GPL-0063] New Target Density:             0.5201
[INFO GPL-0087] Routability end iteration: increase inflation and revert back to snapshot.
Iteration | Overflow |     HPWL (um) |  HPWL(%) |   Penalty | Group
---------------------------------------------------------------
     1140 |   0.5828 |  2.082135e+04 |  -13.37% |  1.92e-09 |      
     1150 |   0.5496 |  2.114957e+04 |   +1.58% |  2.83e-09 |      
     1160 |   0.5130 |  2.165845e+04 |   +2.41% |  4.17e-09 |      
     1170 |   0.4765 |  2.208488e+04 |   +1.97% |  6.14e-09 |      
     1180 |   0.4456 |  2.258013e+04 |   +2.24% |  9.05e-09 |      
     1190 |   0.4139 |  2.307457e+04 |   +2.19% |  1.33e-08 |      
     1200 |   0.3805 |  2.344216e+04 |   +1.59% |  1.96e-08 |      
     1210 |   0.3476 |  2.376842e+04 |   +1.39% |  2.89e-08 |      
     1220 |   0.3166 |  2.404303e+04 |   +1.16% |  4.26e-08 |      
[INFO GPL-0040] Routability iteration: 11
[INFO GPL-0041] Total routing overflow: 0.1056
[INFO GPL-0042] Number of overflowed tiles: 9 (1.70%)
[INFO GPL-0043] Average top 0.5% routing congestion: 1.0210
[INFO GPL-0044] Average top 1.0% routing congestion: 1.0158
[INFO GPL-0045] Average top 2.0% routing congestion: 1.0064
[INFO GPL-0046] Average top 5.0% routing congestion: 0.9681
[INFO GPL-0047] Routability iteration weighted routing congestion: 1.0184
[INFO GPL-0049] Routing congestion (1.0184) higher than minimum (1.0172). Consecutive non-improvement count: 3.
[INFO GPL-0051] Inflated area:                   7.133 um^2 (+0.08%)
[INFO GPL-0052] Placement target density:       0.5201
[INFO GPL-0076] Removing fillers, count: Before: 152, After: 152 (+0.00%)
[INFO GPL-0077] Filler area (um^2)     : Before: 1500.569, After: 1500.569 (+0.00%)
[INFO GPL-0078] Removed fillers count: 0, area removed: 0.000 um^2. Remaining area to be compensated by modifying density: 7.133 um^2
[INFO GPL-0054] No improvement in routing congestion for 3 consecutive iterations (limit is 3).
[INFO GPL-0055] Reverting inflation values and target density from the iteration with minimum observed routing congestion.
[INFO GPL-0056] Minimum observed routing congestion: 1.0172
[INFO GPL-0057] Target density at minimum routing congestion: 0.5201
[INFO GPL-0080] Restoring 0 previously removed fillers.
[INFO GPL-0089] Routability finished. Reverting to minimal observed routing congestion, could not reach target.
Iteration | Overflow |     HPWL (um) |  HPWL(%) |   Penalty | Group
---------------------------------------------------------------
     1230 |   0.5815 |  2.079275e+04 |  -13.52% |  1.92e-09 |      
     1240 |   0.5479 |  2.112920e+04 |   +1.62% |  2.83e-09 |      
     1250 |   0.5118 |  2.163124e+04 |   +2.38% |  4.17e-09 |      
     1260 |   0.4753 |  2.205806e+04 |   +1.97% |  6.14e-09 |      
     1270 |   0.4441 |  2.255114e+04 |   +2.24% |  9.05e-09 |      
     1280 |   0.4129 |  2.305297e+04 |   +2.23% |  1.33e-08 |      
     1290 |   0.3795 |  2.341828e+04 |   +1.58% |  1.96e-08 |      
     1300 |   0.3467 |  2.374483e+04 |   +1.39% |  2.89e-08 |      
     1310 |   0.3155 |  2.401396e+04 |   +1.13% |  4.26e-08 |      
     1320 |   0.2831 |  2.426763e+04 |   +1.06% |  6.28e-08 |      
     1330 |   0.2515 |  2.448015e+04 |   +0.88% |  9.25e-08 |      
     1340 |   0.2217 |  2.468658e+04 |   +0.84% |  1.36e-07 |      
     1350 |   0.1916 |  2.485019e+04 |   +0.66% |  2.01e-07 |      
     1360 |   0.1695 |  2.500991e+04 |   +0.64% |  2.96e-07 |      
     1370 |   0.1469 |  2.513301e+04 |   +0.49% |  4.35e-07 |      
     1380 |   0.1270 |  2.522121e+04 |   +0.35% |  6.42e-07 |      
     1390 |   0.1111 |  2.531973e+04 |   +0.39% |  9.45e-07 |      
     1398 |   0.0993 |  2.540062e+04 |          |  1.34e-06 |      
---------------------------------------------------------------
[INFO GPL-1001] Global placement finished at iteration 1398
[INFO GPL-1003] Routability mode iteration count: 1052
[INFO GPL-1005] Routability final weighted congestion: 0.9827
[INFO GPL-1002] Placed Cell Area             8931.5665
[INFO GPL-1003] Available Free Area         19980.4128
[INFO GPL-1004] Minimum Feasible Density        0.4400 (cell_area / free_area)
[INFO GPL-1006]   Suggested Target Densities:
[INFO GPL-1007]     - For 90% usage of free space: 0.4967
[INFO GPL-1008]     - For 80% usage of free space: 0.5588
[INFO GPL-1009]     - For 50% usage of free space: 0.8940
[INFO GPL-1011] Original area (um^2): 8755.59
[INFO GPL-1012] Total routability artificial inflation: 154.88 (+1.77%)
[INFO GPL-1014] Final placement area: 8931.57 (+2.01%)
Setting global connections for newly added cells…
[INFO] Setting global connections...
[INFO ODB-0403] 0 connections made, 0 conflicts skipped.
Updating metrics…
Cell type report:                       Count       Area
  Fill cell                               106     397.88
  Tap cell                                302     377.86
  Inverter                                 27     101.35
  Multi-Input combinational cell          831    8240.40
  Total                                  1266    9117.49
Writing OpenROAD database to '/home/naghul/vlsi/projects/alu_pd/runs/RUN_2026-08-01_18-08-22/28-openroad-globalplacement/ALU.odb'…
Writing netlist to '/home/naghul/vlsi/projects/alu_pd/runs/RUN_2026-08-01_18-08-22/28-openroad-globalplacement/ALU.nl.v'…
Writing powered netlist to '/home/naghul/vlsi/projects/alu_pd/runs/RUN_2026-08-01_18-08-22/28-openroad-globalplacement/ALU.pnl.v'…
Writing layout to '/home/naghul/vlsi/projects/alu_pd/runs/RUN_2026-08-01_18-08-22/28-openroad-globalplacement/ALU.def'…
Writing timing constraints to '/home/naghul/vlsi/projects/alu_pd/runs/RUN_2026-08-01_18-08-22/28-openroad-globalplacement/ALU.sdc'…
