
===========================================================================
report_checks -unconstrained
===========================================================================
======================= nom_tt_025C_1v80 Corner ===================================

Startpoint: B[0] (input port clocked by __VIRTUAL_CLK__)
Endpoint: zero (output port clocked by __VIRTUAL_CLK__)
Path Group: __VIRTUAL_CLK__
Path Type: max

Fanout         Cap        Slew       Delay        Time   Description
---------------------------------------------------------------------------------------------
                      0.000000    0.000000    0.000000   clock __VIRTUAL_CLK__ (rise edge)
                                  0.000000    0.000000   clock network delay (ideal)
                                  2.000000    2.000000 ^ input external delay
    73    0.332586    1.494935    1.020987    3.020987 ^ B[0] (in)
                                                         B[0] (net)
                      1.494935    0.000000    3.020987 ^ _1076_/S (sky130_fd_sc_hd__mux2_1)
     4    0.006783    0.079509    0.419209    3.440196 v _1076_/X (sky130_fd_sc_hd__mux2_1)
                                                         _0250_ (net)
                      0.079509    0.000000    3.440196 v _1083_/A0 (sky130_fd_sc_hd__mux2_1)
     3    0.006297    0.074615    0.313924    3.754120 v _1083_/X (sky130_fd_sc_hd__mux2_1)
                                                         _0257_ (net)
                      0.074615    0.000000    3.754120 v _1084_/A1 (sky130_fd_sc_hd__mux2_1)
     2    0.006084    0.073550    0.321229    4.075349 v _1084_/X (sky130_fd_sc_hd__mux2_1)
                                                         _0258_ (net)
                      0.073550    0.000000    4.075349 v _1085_/A1 (sky130_fd_sc_hd__mux2_1)
     1    0.002145    0.052763    0.290784    4.366133 v _1085_/X (sky130_fd_sc_hd__mux2_1)
                                                         _0259_ (net)
                      0.052763    0.000000    4.366133 v _1086_/B2 (sky130_fd_sc_hd__a22o_2)
     2    0.004461    0.044745    0.228829    4.594962 v _1086_/X (sky130_fd_sc_hd__a22o_2)
                                                         _0260_ (net)
                      0.044745    0.000000    4.594962 v _1435_/A1 (sky130_fd_sc_hd__o21a_2)
     1    0.001625    0.030292    0.195714    4.790677 v _1435_/X (sky130_fd_sc_hd__o21a_2)
                                                         _0593_ (net)
                      0.030292    0.000000    4.790677 v _1438_/B (sky130_fd_sc_hd__or4_2)
     1    0.001539    0.091669    0.617508    5.408185 v _1438_/X (sky130_fd_sc_hd__or4_2)
                                                         _0596_ (net)
                      0.091669    0.000000    5.408185 v _1445_/B (sky130_fd_sc_hd__or3_2)
     2    0.034703    0.168891    0.590802    5.998986 v _1445_/X (sky130_fd_sc_hd__or3_2)
                                                         result[17] (net)
                      0.168891    0.000000    5.998986 v _1669_/D (sky130_fd_sc_hd__or4_2)
     1    0.001344    0.090593    0.553201    6.552187 v _1669_/X (sky130_fd_sc_hd__or4_2)
                                                         _0812_ (net)
                      0.090593    0.000000    6.552187 v _1674_/A (sky130_fd_sc_hd__or4_2)
     1    0.001625    0.092214    0.653009    7.205197 v _1674_/X (sky130_fd_sc_hd__or4_2)
                                                         _0817_ (net)
                      0.092214    0.000000    7.205197 v _1677_/B (sky130_fd_sc_hd__or4_2)
     1    0.001261    0.089890    0.631109    7.836306 v _1677_/X (sky130_fd_sc_hd__or4_2)
                                                         _0820_ (net)
                      0.089890    0.000000    7.836306 v _1678_/D (sky130_fd_sc_hd__or4_2)
     1    0.003962    0.105662    0.553062    8.389368 v _1678_/X (sky130_fd_sc_hd__or4_2)
                                                         _0821_ (net)
                      0.105662    0.000000    8.389368 v _1682_/C (sky130_fd_sc_hd__nor4_2)
     1    0.033442    0.824084    0.696570    9.085938 ^ _1682_/Y (sky130_fd_sc_hd__nor4_2)
                                                         zero (net)
                      0.824084    0.000000    9.085938 ^ zero (out)
                                              9.085938   data arrival time

                      0.000000   10.000000   10.000000   clock __VIRTUAL_CLK__ (rise edge)
                                  0.000000   10.000000   clock network delay (ideal)
                                 -0.250000    9.750000   clock uncertainty
                                  0.000000    9.750000   clock reconvergence pessimism
                                 -2.000000    7.750000   output external delay
                                              7.750000   data required time
---------------------------------------------------------------------------------------------
                                              7.750000   data required time
                                             -9.085938   data arrival time
---------------------------------------------------------------------------------------------
                                             -1.335938   slack (VIOLATED)




===========================================================================
report_checks --slack_max -0.01
============================================================================
======================= nom_tt_025C_1v80 Corner ===================================

Startpoint: B[0] (input port clocked by __VIRTUAL_CLK__)
Endpoint: zero (output port clocked by __VIRTUAL_CLK__)
Path Group: __VIRTUAL_CLK__
Path Type: max

Fanout         Cap        Slew       Delay        Time   Description
---------------------------------------------------------------------------------------------
                      0.000000    0.000000    0.000000   clock __VIRTUAL_CLK__ (rise edge)
                                  0.000000    0.000000   clock network delay (ideal)
                                  2.000000    2.000000 ^ input external delay
    73    0.332586    1.494935    1.020987    3.020987 ^ B[0] (in)
                                                         B[0] (net)
                      1.494935    0.000000    3.020987 ^ _1076_/S (sky130_fd_sc_hd__mux2_1)
     4    0.006783    0.079509    0.419209    3.440196 v _1076_/X (sky130_fd_sc_hd__mux2_1)
                                                         _0250_ (net)
                      0.079509    0.000000    3.440196 v _1083_/A0 (sky130_fd_sc_hd__mux2_1)
     3    0.006297    0.074615    0.313924    3.754120 v _1083_/X (sky130_fd_sc_hd__mux2_1)
                                                         _0257_ (net)
                      0.074615    0.000000    3.754120 v _1084_/A1 (sky130_fd_sc_hd__mux2_1)
     2    0.006084    0.073550    0.321229    4.075349 v _1084_/X (sky130_fd_sc_hd__mux2_1)
                                                         _0258_ (net)
                      0.073550    0.000000    4.075349 v _1085_/A1 (sky130_fd_sc_hd__mux2_1)
     1    0.002145    0.052763    0.290784    4.366133 v _1085_/X (sky130_fd_sc_hd__mux2_1)
                                                         _0259_ (net)
                      0.052763    0.000000    4.366133 v _1086_/B2 (sky130_fd_sc_hd__a22o_2)
     2    0.004461    0.044745    0.228829    4.594962 v _1086_/X (sky130_fd_sc_hd__a22o_2)
                                                         _0260_ (net)
                      0.044745    0.000000    4.594962 v _1435_/A1 (sky130_fd_sc_hd__o21a_2)
     1    0.001625    0.030292    0.195714    4.790677 v _1435_/X (sky130_fd_sc_hd__o21a_2)
                                                         _0593_ (net)
                      0.030292    0.000000    4.790677 v _1438_/B (sky130_fd_sc_hd__or4_2)
     1    0.001539    0.091669    0.617508    5.408185 v _1438_/X (sky130_fd_sc_hd__or4_2)
                                                         _0596_ (net)
                      0.091669    0.000000    5.408185 v _1445_/B (sky130_fd_sc_hd__or3_2)
     2    0.034703    0.168891    0.590802    5.998986 v _1445_/X (sky130_fd_sc_hd__or3_2)
                                                         result[17] (net)
                      0.168891    0.000000    5.998986 v _1669_/D (sky130_fd_sc_hd__or4_2)
     1    0.001344    0.090593    0.553201    6.552187 v _1669_/X (sky130_fd_sc_hd__or4_2)
                                                         _0812_ (net)
                      0.090593    0.000000    6.552187 v _1674_/A (sky130_fd_sc_hd__or4_2)
     1    0.001625    0.092214    0.653009    7.205197 v _1674_/X (sky130_fd_sc_hd__or4_2)
                                                         _0817_ (net)
                      0.092214    0.000000    7.205197 v _1677_/B (sky130_fd_sc_hd__or4_2)
     1    0.001261    0.089890    0.631109    7.836306 v _1677_/X (sky130_fd_sc_hd__or4_2)
                                                         _0820_ (net)
                      0.089890    0.000000    7.836306 v _1678_/D (sky130_fd_sc_hd__or4_2)
     1    0.003962    0.105662    0.553062    8.389368 v _1678_/X (sky130_fd_sc_hd__or4_2)
                                                         _0821_ (net)
                      0.105662    0.000000    8.389368 v _1682_/C (sky130_fd_sc_hd__nor4_2)
     1    0.033442    0.824084    0.696570    9.085938 ^ _1682_/Y (sky130_fd_sc_hd__nor4_2)
                                                         zero (net)
                      0.824084    0.000000    9.085938 ^ zero (out)
                                              9.085938   data arrival time

                      0.000000   10.000000   10.000000   clock __VIRTUAL_CLK__ (rise edge)
                                  0.000000   10.000000   clock network delay (ideal)
                                 -0.250000    9.750000   clock uncertainty
                                  0.000000    9.750000   clock reconvergence pessimism
                                 -2.000000    7.750000   output external delay
                                              7.750000   data required time
---------------------------------------------------------------------------------------------
                                              7.750000   data required time
                                             -9.085938   data arrival time
---------------------------------------------------------------------------------------------
                                             -1.335938   slack (VIOLATED)




===========================================================================
 report_check_types -max_slew -max_cap -max_fanout -violators
============================================================================
======================= nom_tt_025C_1v80 Corner ===================================

max slew

Pin                                        Limit        Slew       Slack
------------------------------------------------------------------------
B[0]                                    0.750000    1.494935   -0.744935 (VIOLATED)
_0835_/A                                0.750000    1.494935   -0.744935 (VIOLATED)
_0838_/S0                               0.750000    1.494935   -0.744935 (VIOLATED)
_0839_/S0                               0.750000    1.494935   -0.744935 (VIOLATED)
_0841_/S                                0.750000    1.494935   -0.744935 (VIOLATED)
_0842_/S0                               0.750000    1.494935   -0.744935 (VIOLATED)
_0843_/S0                               0.750000    1.494935   -0.744935 (VIOLATED)
_0849_/S0                               0.750000    1.494935   -0.744935 (VIOLATED)
_0850_/S0                               0.750000    1.494935   -0.744935 (VIOLATED)
_0853_/S                                0.750000    1.494935   -0.744935 (VIOLATED)
_0854_/S0                               0.750000    1.494935   -0.744935 (VIOLATED)
_0858_/S                                0.750000    1.494935   -0.744935 (VIOLATED)
_0859_/S                                0.750000    1.494935   -0.744935 (VIOLATED)
_0867_/A                                0.750000    1.494935   -0.744935 (VIOLATED)
_0873_/A1                               0.750000    1.494935   -0.744935 (VIOLATED)
_0876_/B                                0.750000    1.494935   -0.744935 (VIOLATED)
_0883_/A1                               0.750000    1.494935   -0.744935 (VIOLATED)
_0959_/B                                0.750000    1.494935   -0.744935 (VIOLATED)
_1070_/S0                               0.750000    1.494935   -0.744935 (VIOLATED)
_1071_/S0                               0.750000    1.494935   -0.744935 (VIOLATED)
_1073_/S                                0.750000    1.494935   -0.744935 (VIOLATED)
_1074_/S                                0.750000    1.494935   -0.744935 (VIOLATED)
_1076_/S                                0.750000    1.494935   -0.744935 (VIOLATED)
_1081_/A_N                              0.750000    1.494935   -0.744935 (VIOLATED)
_1087_/S0                               0.750000    1.494935   -0.744935 (VIOLATED)
_1088_/S0                               0.750000    1.494935   -0.744935 (VIOLATED)
_1090_/S                                0.750000    1.494935   -0.744935 (VIOLATED)
_1091_/S0                               0.750000    1.494935   -0.744935 (VIOLATED)
_1092_/S                                0.750000    1.494935   -0.744935 (VIOLATED)
_1093_/S                                0.750000    1.494935   -0.744935 (VIOLATED)
_1112_/S0                               0.750000    1.494935   -0.744935 (VIOLATED)
_1113_/S0                               0.750000    1.494935   -0.744935 (VIOLATED)
_1115_/S0                               0.750000    1.494935   -0.744935 (VIOLATED)
_1122_/S0                               0.750000    1.494935   -0.744935 (VIOLATED)
_1123_/S0                               0.750000    1.494935   -0.744935 (VIOLATED)
_1125_/S0                               0.750000    1.494935   -0.744935 (VIOLATED)
_1135_/S                                0.750000    1.494935   -0.744935 (VIOLATED)
_1136_/B2                               0.750000    1.494935   -0.744935 (VIOLATED)
_1142_/S0                               0.750000    1.494935   -0.744935 (VIOLATED)
_1143_/S0                               0.750000    1.494935   -0.744935 (VIOLATED)
_1157_/S0                               0.750000    1.494935   -0.744935 (VIOLATED)
_1158_/S0                               0.750000    1.494935   -0.744935 (VIOLATED)
_1160_/S0                               0.750000    1.494935   -0.744935 (VIOLATED)
_1164_/S0                               0.750000    1.494935   -0.744935 (VIOLATED)
_1182_/S0                               0.750000    1.494935   -0.744935 (VIOLATED)
_1199_/S0                               0.750000    1.494935   -0.744935 (VIOLATED)
_1219_/S0                               0.750000    1.494935   -0.744935 (VIOLATED)
_1240_/S0                               0.750000    1.494935   -0.744935 (VIOLATED)
_1264_/S0                               0.750000    1.494935   -0.744935 (VIOLATED)
_1280_/S0                               0.750000    1.494935   -0.744935 (VIOLATED)
_1299_/S0                               0.750000    1.494935   -0.744935 (VIOLATED)
_1317_/S0                               0.750000    1.494935   -0.744935 (VIOLATED)
_1337_/S                                0.750000    1.494935   -0.744935 (VIOLATED)
_1338_/S0                               0.750000    1.494935   -0.744935 (VIOLATED)
_1358_/S0                               0.750000    1.494935   -0.744935 (VIOLATED)
_1375_/S                                0.750000    1.494935   -0.744935 (VIOLATED)
_1396_/S0                               0.750000    1.494935   -0.744935 (VIOLATED)
_1413_/S                                0.750000    1.494935   -0.744935 (VIOLATED)
_1431_/S                                0.750000    1.494935   -0.744935 (VIOLATED)
_1432_/S0                               0.750000    1.494935   -0.744935 (VIOLATED)
_1455_/S                                0.750000    1.494935   -0.744935 (VIOLATED)
_1469_/S                                0.750000    1.494935   -0.744935 (VIOLATED)
_1486_/S                                0.750000    1.494935   -0.744935 (VIOLATED)
_1499_/S                                0.750000    1.494935   -0.744935 (VIOLATED)
_1523_/S                                0.750000    1.494935   -0.744935 (VIOLATED)
_1538_/S                                0.750000    1.494935   -0.744935 (VIOLATED)
_1556_/S                                0.750000    1.494935   -0.744935 (VIOLATED)
_1567_/S                                0.750000    1.494935   -0.744935 (VIOLATED)
_1586_/S                                0.750000    1.494935   -0.744935 (VIOLATED)
_1599_/S                                0.750000    1.494935   -0.744935 (VIOLATED)
_1613_/S                                0.750000    1.494935   -0.744935 (VIOLATED)
_1629_/S                                0.750000    1.494935   -0.744935 (VIOLATED)
_1644_/S                                0.750000    1.494935   -0.744935 (VIOLATED)
_1663_/A2                               0.750000    1.494935   -0.744935 (VIOLATED)
_0833_/Y                                0.750000    0.856950   -0.106950 (VIOLATED)
_0840_/S                                0.750000    0.856950   -0.106950 (VIOLATED)
_0844_/S                                0.750000    0.856950   -0.106950 (VIOLATED)
_0851_/S                                0.750000    0.856950   -0.106950 (VIOLATED)
_1072_/S                                0.750000    0.856950   -0.106950 (VIOLATED)
_1078_/S0                               0.750000    0.856950   -0.106950 (VIOLATED)
_1089_/S                                0.750000    0.856950   -0.106950 (VIOLATED)
_1114_/S                                0.750000    0.856950   -0.106950 (VIOLATED)
_1118_/A1                               0.750000    0.856950   -0.106950 (VIOLATED)
_1124_/S                                0.750000    0.856950   -0.106950 (VIOLATED)
_1144_/S                                0.750000    0.856950   -0.106950 (VIOLATED)
_1146_/A1                               0.750000    0.856950   -0.106950 (VIOLATED)
_1148_/B2                               0.750000    0.856950   -0.106950 (VIOLATED)
_1159_/S                                0.750000    0.856950   -0.106950 (VIOLATED)
_1165_/A                                0.750000    0.856950   -0.106950 (VIOLATED)
_1175_/A                                0.750000    0.856950   -0.106950 (VIOLATED)
_1183_/B2                               0.750000    0.856950   -0.106950 (VIOLATED)
_1187_/S0                               0.750000    0.856950   -0.106950 (VIOLATED)
_1194_/A1                               0.750000    0.856950   -0.106950 (VIOLATED)
_1197_/A2                               0.750000    0.856950   -0.106950 (VIOLATED)
_1200_/B2                               0.750000    0.856950   -0.106950 (VIOLATED)
_1205_/S0                               0.750000    0.856950   -0.106950 (VIOLATED)
_1216_/S0                               0.750000    0.856950   -0.106950 (VIOLATED)
_1220_/A                                0.750000    0.856950   -0.106950 (VIOLATED)
_1221_/A1                               0.750000    0.856950   -0.106950 (VIOLATED)
_1237_/S0                               0.750000    0.856950   -0.106950 (VIOLATED)
_1241_/S                                0.750000    0.856950   -0.106950 (VIOLATED)
_1265_/S                                0.750000    0.856950   -0.106950 (VIOLATED)
_1281_/S                                0.750000    0.856950   -0.106950 (VIOLATED)
_1300_/S                                0.750000    0.856950   -0.106950 (VIOLATED)
_1316_/S0                               0.750000    0.856950   -0.106950 (VIOLATED)
_1318_/S                                0.750000    0.856950   -0.106950 (VIOLATED)
_1339_/S                                0.750000    0.856950   -0.106950 (VIOLATED)
_1359_/S                                0.750000    0.856950   -0.106950 (VIOLATED)
_1362_/A1                               0.750000    0.856950   -0.106950 (VIOLATED)
_1377_/S                                0.750000    0.856950   -0.106950 (VIOLATED)
_1397_/S                                0.750000    0.856950   -0.106950 (VIOLATED)
_1415_/S                                0.750000    0.856950   -0.106950 (VIOLATED)
_1433_/S                                0.750000    0.856950   -0.106950 (VIOLATED)
_1457_/S                                0.750000    0.856950   -0.106950 (VIOLATED)
_1471_/S                                0.750000    0.856950   -0.106950 (VIOLATED)
_1488_/S                                0.750000    0.856950   -0.106950 (VIOLATED)
_1501_/S                                0.750000    0.856950   -0.106950 (VIOLATED)
_1525_/S                                0.750000    0.856950   -0.106950 (VIOLATED)
_1540_/S                                0.750000    0.856950   -0.106950 (VIOLATED)
_1558_/S                                0.750000    0.856950   -0.106950 (VIOLATED)
_1569_/S0                               0.750000    0.856950   -0.106950 (VIOLATED)
_1588_/S                                0.750000    0.856950   -0.106950 (VIOLATED)
_1602_/S0                               0.750000    0.856950   -0.106950 (VIOLATED)
_1614_/A1                               0.750000    0.856950   -0.106950 (VIOLATED)
_1631_/A1                               0.750000    0.856950   -0.106950 (VIOLATED)
zero                                    0.750000    0.824084   -0.074084 (VIOLATED)
_1682_/Y                                0.750000    0.824084   -0.074084 (VIOLATED)

max fanout

Pin                                   Limit Fanout  Slack
---------------------------------------------------------
B[0]                                     10     73    -63 (VIOLATED)
_0833_/Y                                 10     50    -40 (VIOLATED)
B[1]                                     10     48    -38 (VIOLATED)
_0832_/Y                                 10     40    -30 (VIOLATED)
B[3]                                     10     36    -26 (VIOLATED)
B[4]                                     10     28    -18 (VIOLATED)
B[2]                                     10     27    -17 (VIOLATED)
_0865_/X                                 10     24    -14 (VIOLATED)
_1099_/X                                 10     22    -12 (VIOLATED)
_1103_/Y                                 10     18     -8 (VIOLATED)
A[31]                                    10     17     -7 (VIOLATED)
_0852_/Y                                 10     17     -7 (VIOLATED)
_0831_/Y                                 10     16     -6 (VIOLATED)
_0834_/Y                                 10     16     -6 (VIOLATED)
_0869_/Y                                 10     16     -6 (VIOLATED)
_0870_/X                                 10     16     -6 (VIOLATED)
_0874_/X                                 10     16     -6 (VIOLATED)
_0875_/X                                 10     16     -6 (VIOLATED)
_1392_/X                                 10     16     -6 (VIOLATED)
A[11]                                    10     14     -4 (VIOLATED)
control[0]                               10     14     -4 (VIOLATED)
A[10]                                    10     13     -3 (VIOLATED)
_1104_/X                                 10     13     -3 (VIOLATED)
A[17]                                    10     12     -2 (VIOLATED)
A[5]                                     10     12     -2 (VIOLATED)
A[6]                                     10     12     -2 (VIOLATED)
A[7]                                     10     12     -2 (VIOLATED)
A[8]                                     10     12     -2 (VIOLATED)
control[1]                               10     12     -2 (VIOLATED)
_0880_/X                                 10     12     -2 (VIOLATED)
A[12]                                    10     11        (VIOLATED)
A[13]                                    10     11        (VIOLATED)
A[16]                                    10     11        (VIOLATED)
A[20]                                    10     11        (VIOLATED)
A[21]                                    10     11        (VIOLATED)
A[4]                                     10     11        (VIOLATED)
A[9]                                     10     11        (VIOLATED)
control[3]                               10     11        (VIOLATED)
_0856_/Y                                 10     11        (VIOLATED)
_0877_/X                                 10     11        (VIOLATED)

max capacitance

Pin                                        Limit         Cap       Slack
------------------------------------------------------------------------
B[0]                                    0.200000    0.332586   -0.132586 (VIOLATED)



===========================================================================
report_parasitic_annotation -report_unannotated
============================================================================
Found 926 unannotated drivers.
 A[0]
 A[10]
 A[11]
 A[12]
 A[13]
 A[14]
 A[15]
 A[16]
 A[17]
 A[18]
 A[19]
 A[1]
 A[20]
 A[21]
 A[22]
 A[23]
 A[24]
 A[25]
 A[26]
 A[27]
 A[28]
 A[29]
 A[2]
 A[30]
 A[31]
 A[3]
 A[4]
 A[5]
 A[6]
 A[7]
 A[8]
 A[9]
 B[0]
 B[10]
 B[11]
 B[12]
 B[13]
 B[14]
 B[15]
 B[16]
 B[17]
 B[18]
 B[19]
 B[1]
 B[20]
 B[21]
 B[22]
 B[23]
 B[24]
 B[25]
 B[26]
 B[27]
 B[28]
 B[29]
 B[2]
 B[30]
 B[31]
 B[3]
 B[4]
 B[5]
 B[6]
 B[7]
 B[8]
 B[9]
 control[0]
 control[1]
 control[2]
 control[3]
 _0825_/Y
 _0826_/Y
 _0827_/Y
 _0828_/Y
 _0829_/Y
 _0830_/Y
 _0831_/Y
 _0832_/Y
 _0833_/Y
 _0834_/Y
 _0835_/Y
 _0836_/Y
 _0837_/Y
 _0838_/X
 _0839_/X
 _0840_/X
 _0841_/X
 _0842_/X
 _0843_/X
 _0844_/X
 _0845_/X
 _0846_/X
 _0847_/Y
 _0848_/X
 _0849_/X
 _0850_/X
 _0851_/X
 _0852_/Y
 _0853_/X
 _0854_/X
 _0855_/X
 _0856_/Y
 _0857_/X
 _0858_/X
 _0859_/X
 _0860_/Y
 _0861_/Y
 _0862_/X
 _0863_/X
 _0864_/X
 _0865_/X
 _0866_/X
 _0867_/Y
 _0868_/X
 _0869_/Y
 _0870_/X
 _0871_/Y
 _0872_/X
 _0873_/X
 _0874_/X
 _0875_/X
 _0876_/X
 _0877_/X
 _0878_/X
 _0879_/Y
 _0880_/X
 _0881_/Y
 _0882_/Y
 _0883_/X
 _0884_/X
 _0885_/Y
 _0886_/Y
 _0887_/X
 _0888_/X
 _0889_/Y
 _0890_/Y
 _0891_/X
 _0892_/X
 _0893_/Y
 _0894_/Y
 _0895_/Y
 _0896_/X
 _0897_/X
 _0898_/Y
 _0899_/X
 _0900_/X
 _0901_/X
 _0902_/X
 _0903_/X
 _0904_/Y
 _0905_/Y
 _0906_/Y
 _0907_/X
 _0908_/Y
 _0909_/Y
 _0910_/X
 _0911_/Y
 _0912_/Y
 _0913_/Y
 _0914_/X
 _0915_/X
 _0916_/Y
 _0917_/X
 _0918_/Y
 _0919_/Y
 _0920_/X
 _0921_/X
 _0922_/Y
 _0923_/X
 _0924_/X
 _0925_/Y
 _0926_/X
 _0927_/Y
 _0928_/X
 _0929_/Y
 _0930_/X
 _0931_/Y
 _0932_/Y
 _0933_/X
 _0934_/Y
 _0935_/Y
 _0936_/X
 _0937_/Y
 _0938_/Y
 _0939_/Y
 _0940_/X
 _0941_/X
 _0942_/Y
 _0943_/Y
 _0944_/X
 _0945_/Y
 _0946_/X
 _0947_/X
 _0948_/X
 _0949_/Y
 _0950_/Y
 _0951_/Y
 _0952_/Y
 _0953_/Y
 _0954_/Y
 _0955_/Y
 _0956_/X
 _0957_/Y
 _0958_/Y
 _0959_/Y
 _0960_/X
 _0961_/X
 _0962_/Y
 _0963_/Y
 _0964_/Y
 _0965_/X
 _0966_/X
 _0967_/X
 _0968_/X
 _0969_/Y
 _0970_/X
 _0971_/Y
 _0972_/Y
 _0973_/Y
 _0974_/Y
 _0975_/X
 _0976_/Y
 _0977_/X
 _0978_/Y
 _0979_/Y
 _0980_/X
 _0981_/X
 _0982_/Y
 _0983_/X
 _0984_/X
 _0985_/X
 _0986_/X
 _0987_/Y
 _0988_/Y
 _0989_/Y
 _0990_/Y
 _0991_/Y
 _0992_/Y
 _0993_/X
 _0994_/Y
 _0995_/Y
 _0996_/Y
 _0997_/Y
 _0998_/X
 _0999_/X
 _1000_/Y
 _1001_/X
 _1002_/Y
 _1003_/X
 _1004_/Y
 _1005_/X
 _1006_/Y
 _1007_/Y
 _1008_/X
 _1009_/X
 _1010_/Y
 _1011_/X
 _1012_/Y
 _1013_/Y
 _1014_/X
 _1015_/Y
 _1016_/Y
 _1017_/X
 _1018_/X
 _1019_/Y
 _1020_/Y
 _1021_/Y
 _1022_/Y
 _1023_/X
 _1024_/Y
 _1025_/X
 _1026_/Y
 _1027_/X
 _1028_/X
 _1029_/X
 _1030_/Y
 _1031_/X
 _1032_/X
 _1033_/X
 _1034_/Y
 _1035_/Y
 _1036_/Y
 _1037_/X
 _1038_/X
 _1039_/Y
 _1040_/Y
 _1041_/X
 _1042_/Y
 _1043_/X
 _1044_/Y
 _1045_/X
 _1046_/Y
 _1047_/X
 _1048_/Y
 _1049_/X
 _1050_/X
 _1051_/Y
 _1052_/Y
 _1053_/X
 _1054_/Y
 _1055_/X
 _1056_/X
 _1057_/Y
 _1058_/Y
 _1059_/X
 _1060_/Y
 _1061_/Y
 _1062_/Y
 _1063_/Y
 _1064_/Y
 _1065_/X
 _1066_/Y
 _1067_/X
 _1068_/X
 _1069_/X
 _1070_/X
 _1071_/X
 _1072_/X
 _1073_/X
 _1074_/X
 _1075_/X
 _1076_/X
 _1077_/Y
 _1078_/X
 _1079_/X
 _1080_/Y
 _1081_/X
 _1082_/Y
 _1083_/X
 _1084_/X
 _1085_/X
 _1086_/X
 _1087_/X
 _1088_/X
 _1089_/X
 _1090_/X
 _1091_/X
 _1092_/X
 _1093_/X
 _1094_/X
 _1095_/X
 _1096_/X
 _1097_/Y
 _1098_/X
 _1099_/X
 _1100_/Y
 _1101_/Y
 _1102_/Y
 _1103_/Y
 _1104_/X
 _1105_/X
 _1106_/X
 _1107_/X
 _1108_/X
 _1109_/Y
 _1110_/X
 _1111_/Y
 _1112_/X
 _1113_/X
 _1114_/X
 _1115_/X
 _1116_/X
 _1117_/X
 _1118_/X
 _1119_/Y
 _1120_/Y
 _1121_/X
 _1122_/X
 _1123_/X
 _1124_/X
 _1125_/X
 _1126_/X
 _1127_/X
 _1128_/X
 _1129_/X
 _1130_/Y
 _1131_/X
 _1132_/X
 _1133_/Y
 _1134_/Y
 _1135_/X
 _1136_/X
 _1137_/Y
 _1138_/X
 _1139_/X
 _1140_/X
 _1141_/X
 _1142_/X
 _1143_/X
 _1144_/X
 _1145_/X
 _1146_/X
 _1147_/X
 _1148_/X
 _1149_/X
 _1150_/X
 _1151_/X
 _1152_/Y
 _1153_/X
 _1154_/Y
 _1155_/X
 _1156_/Y
 _1157_/X
 _1158_/X
 _1159_/X
 _1160_/X
 _1161_/X
 _1162_/X
 _1163_/X
 _1164_/X
 _1165_/Y
 _1166_/Y
 _1167_/X
 _1168_/X
 _1169_/X
 _1170_/X
 _1171_/X
 _1172_/Y
 _1173_/X
 _1174_/X
 _1175_/Y
 _1176_/Y
 _1177_/Y
 _1178_/X
 _1179_/X
 _1180_/X
 _1181_/X
 _1182_/X
 _1183_/X
 _1184_/X
 _1185_/X
 _1186_/X
 _1187_/X
 _1188_/X
 _1189_/X
 _1190_/X
 _1191_/Y
 _1192_/Y
 _1193_/X
 _1194_/X
 _1195_/X
 _1196_/X
 _1197_/X
 _1198_/X
 _1199_/X
 _1200_/Y
 _1201_/Y
 _1202_/X
 _1203_/X
 _1204_/Y
 _1205_/X
 _1206_/X
 _1207_/Y
 _1208_/Y
 _1209_/X
 _1210_/X
 _1211_/X
 _1212_/X
 _1213_/Y
 _1214_/X
 _1215_/Y
 _1216_/X
 _1217_/Y
 _1218_/X
 _1219_/X
 _1220_/Y
 _1221_/Y
 _1222_/X
 _1223_/X
 _1224_/X
 _1225_/X
 _1226_/X
 _1227_/X
 _1228_/X
 _1229_/X
 _1230_/X
 _1231_/X
 _1232_/Y
 _1233_/Y
 _1234_/Y
 _1235_/X
 _1236_/Y
 _1237_/X
 _1238_/Y
 _1239_/X
 _1240_/X
 _1241_/X
 _1242_/X
 _1243_/X
 _1244_/X
 _1245_/Y
 _1246_/X
 _1247_/Y
 _1248_/X
 _1249_/X
 _1250_/X
 _1251_/X
 _1252_/Y
 _1253_/X
 _1254_/X
 _1255_/X
 _1256_/X
 _1257_/X
 _1258_/Y
 _1259_/X
 _1260_/X
 _1261_/X
 _1262_/Y
 _1263_/X
 _1264_/X
 _1265_/X
 _1266_/Y
 _1267_/X
 _1268_/X
 _1269_/Y
 _1270_/Y
 _1271_/X
 _1272_/Y
 _1273_/X
 _1274_/X
 _1275_/X
 _1276_/X
 _1277_/Y
 _1278_/Y
 _1279_/X
 _1280_/X
 _1281_/X
 _1282_/X
 _1283_/X
 _1284_/X
 _1285_/X
 _1286_/X
 _1287_/X
 _1288_/X
 _1289_/X
 _1290_/X
 _1291_/X
 _1292_/X
 _1293_/X
 _1294_/X
 _1295_/Y
 _1296_/X
 _1297_/Y
 _1298_/X
 _1299_/X
 _1300_/X
 _1301_/X
 _1302_/X
 _1303_/X
 _1304_/X
 _1305_/X
 _1306_/X
 _1307_/X
 _1308_/Y
 _1309_/Y
 _1310_/Y
 _1311_/X
 _1312_/Y
 _1313_/X
 _1314_/Y
 _1315_/Y
 _1316_/X
 _1317_/X
 _1318_/X
 _1319_/X
 _1320_/X
 _1321_/Y
 _1322_/X
 _1323_/X
 _1324_/X
 _1325_/X
 _1326_/X
 _1327_/Y
 _1328_/X
 _1329_/X
 _1330_/X
 _1331_/Y
 _1332_/X
 _1333_/X
 _1334_/X
 _1335_/Y
 _1336_/Y
 _1337_/X
 _1338_/X
 _1339_/X
 _1340_/X
 _1341_/Y
 _1342_/X
 _1343_/X
 _1344_/X
 _1345_/X
 _1346_/X
 _1347_/X
 _1348_/X
 _1349_/X
 _1350_/X
 _1351_/X
 _1352_/Y
 _1353_/X
 _1354_/X
 _1355_/X
 _1356_/X
 _1357_/X
 _1358_/X
 _1359_/X
 _1360_/X
 _1361_/X
 _1362_/X
 _1363_/Y
 _1364_/Y
 _1365_/X
 _1366_/X
 _1367_/X
 _1368_/Y
 _1369_/Y
 _1370_/X
 _1371_/Y
 _1372_/X
 _1373_/X
 _1374_/Y
 _1375_/X
 _1376_/X
 _1377_/X
 _1378_/X
 _1379_/X
 _1380_/X
 _1381_/X
 _1382_/Y
 _1383_/X
 _1384_/Y
 _1385_/X
 _1386_/Y
 _1387_/X
 _1388_/Y
 _1389_/X
 _1390_/Y
 _1391_/X
 _1392_/X
 _1393_/X
 _1394_/X
 _1395_/Y
 _1396_/X
 _1397_/X
 _1398_/X
 _1399_/X
 _1400_/X
 _1401_/X
 _1402_/X
 _1403_/Y
 _1404_/X
 _1405_/X
 _1406_/X
 _1407_/X
 _1408_/Y
 _1409_/X
 _1410_/X
 _1411_/Y
 _1412_/Y
 _1413_/X
 _1414_/X
 _1415_/X
 _1416_/X
 _1417_/Y
 _1418_/X
 _1419_/Y
 _1420_/X
 _1421_/X
 _1422_/Y
 _1423_/X
 _1424_/X
 _1425_/X
 _1426_/X
 _1427_/X
 _1428_/Y
 _1429_/X
 _1430_/X
 _1431_/X
 _1432_/X
 _1433_/X
 _1434_/X
 _1435_/X
 _1436_/X
 _1437_/X
 _1438_/X
 _1439_/Y
 _1440_/X
 _1441_/X
 _1442_/Y
 _1443_/Y
 _1444_/X
 _1445_/X
 _1446_/X
 _1447_/X
 _1448_/X
 _1449_/Y
 _1450_/Y
 _1451_/X
 _1452_/Y
 _1453_/X
 _1454_/X
 _1455_/X
 _1456_/X
 _1457_/X
 _1458_/X
 _1459_/X
 _1460_/X
 _1461_/X
 _1462_/X
 _1463_/Y
 _1464_/X
 _1465_/Y
 _1466_/X
 _1467_/X
 _1468_/X
 _1469_/X
 _1470_/X
 _1471_/X
 _1472_/X
 _1473_/X
 _1474_/X
 _1475_/X
 _1476_/Y
 _1477_/Y
 _1478_/X
 _1479_/Y
 _1480_/X
 _1481_/X
 _1482_/X
 _1483_/Y
 _1484_/X
 _1485_/Y
 _1486_/X
 _1487_/X
 _1488_/X
 _1489_/X
 _1490_/X
 _1491_/X
 _1492_/X
 _1493_/X
 _1494_/X
 _1495_/X
 _1496_/Y
 _1497_/X
 _1498_/X
 _1499_/X
 _1500_/X
 _1501_/X
 _1502_/X
 _1503_/Y
 _1504_/X
 _1505_/X
 _1506_/X
 _1507_/X
 _1508_/X
 _1509_/X
 _1510_/X
 _1511_/Y
 _1512_/Y
 _1513_/X
 _1514_/X
 _1515_/X
 _1516_/X
 _1517_/X
 _1518_/X
 _1519_/Y
 _1520_/X
 _1521_/X
 _1522_/X
 _1523_/X
 _1524_/X
 _1525_/X
 _1526_/X
 _1527_/X
 _1528_/X
 _1529_/X
 _1530_/X
 _1531_/X
 _1532_/Y
 _1533_/Y
 _1534_/X
 _1535_/Y
 _1536_/X
 _1537_/X
 _1538_/X
 _1539_/X
 _1540_/X
 _1541_/X
 _1542_/X
 _1543_/X
 _1544_/X
 _1545_/X
 _1546_/Y
 _1547_/Y
 _1548_/X
 _1549_/X
 _1550_/X
 _1551_/X
 _1552_/X
 _1553_/Y
 _1554_/X
 _1555_/X
 _1556_/X
 _1557_/X
 _1558_/X
 _1559_/X
 _1560_/Y
 _1561_/X
 _1562_/Y
 _1563_/X
 _1564_/X
 _1565_/Y
 _1566_/X
 _1567_/X
 _1568_/X
 _1569_/X
 _1570_/X
 _1571_/X
 _1572_/Y
 _1573_/X
 _1574_/X
 _1575_/X
 _1576_/X
 _1577_/X
 _1578_/X
 _1579_/Y
 _1580_/X
 _1581_/Y
 _1582_/X
 _1583_/X
 _1584_/X
 _1585_/X
 _1586_/X
 _1587_/X
 _1588_/X
 _1589_/X
 _1590_/X
 _1591_/X
 _1592_/X
 _1593_/X
 _1594_/Y
 _1595_/X
 _1596_/X
 _1597_/Y
 _1598_/Y
 _1599_/X
 _1600_/X
 _1601_/Y
 _1602_/X
 _1603_/X
 _1604_/X
 _1605_/X
 _1606_/X
 _1607_/X
 _1608_/Y
 _1609_/X
 _1610_/X
 _1611_/X
 _1612_/X
 _1613_/X
 _1614_/X
 _1615_/X
 _1616_/X
 _1617_/Y
 _1618_/Y
 _1619_/Y
 _1620_/X
 _1621_/X
 _1622_/Y
 _1623_/X
 _1624_/X
 _1625_/X
 _1626_/Y
 _1627_/X
 _1628_/X
 _1629_/X
 _1630_/X
 _1631_/X
 _1632_/X
 _1633_/X
 _1634_/X
 _1635_/X
 _1636_/X
 _1637_/X
 _1638_/X
 _1639_/Y
 _1640_/X
 _1641_/Y
 _1642_/Y
 _1643_/X
 _1644_/X
 _1645_/X
 _1646_/X
 _1647_/X
 _1648_/X
 _1649_/X
 _1650_/X
 _1651_/X
 _1652_/Y
 _1653_/X
 _1654_/Y
 _1655_/X
 _1656_/X
 _1657_/Y
 _1658_/X
 _1659_/Y
 _1660_/X
 _1661_/X
 _1662_/X
 _1663_/X
 _1664_/X
 _1665_/X
 _1666_/X
 _1667_/X
 _1668_/X
 _1669_/X
 _1670_/X
 _1671_/X
 _1672_/X
 _1673_/X
 _1674_/X
 _1675_/X
 _1676_/X
 _1677_/X
 _1678_/X
 _1679_/X
 _1680_/X
 _1681_/X
 _1682_/Y
Found 0 partially unannotated drivers.

===========================================================================
max slew violation count 127
max fanout violation count 40
max cap violation count 1
============================================================================

===========================================================================
check_setup -verbose -unconstrained_endpoints -multiple_clock -no_clock -no_input_delay -loops -generated_clocks
===========================================================================
