
===========================================================================
report_checks -path_delay min (Hold)
============================================================================
======================= nom_tt_025C_1v80 Corner ===================================

Startpoint: control[3] (input port clocked by __VIRTUAL_CLK__)
Endpoint: result[0] (output port clocked by __VIRTUAL_CLK__)
Path Group: __VIRTUAL_CLK__
Path Type: min

Fanout         Cap        Slew       Delay        Time   Description
---------------------------------------------------------------------------------------------
                      0.000000    0.000000    0.000000   clock __VIRTUAL_CLK__ (rise edge)
                                  0.000000    0.000000   clock network delay (ideal)
                                  2.000000    2.000000 v input external delay
    11    0.018989    0.044161    0.030506    2.030506 v control[3] (in)
                                                         control[3] (net)
                      0.044161    0.000000    2.030506 v _1068_/A2 (sky130_fd_sc_hd__a31o_2)
     2    0.034786    0.105440    0.309928    2.340434 v _1068_/X (sky130_fd_sc_hd__a31o_2)
                                                         result[0] (net)
                      0.105440    0.000000    2.340434 v result[0] (out)
                                              2.340434   data arrival time

                      0.000000    0.000000    0.000000   clock __VIRTUAL_CLK__ (rise edge)
                                  0.000000    0.000000   clock network delay (ideal)
                                  0.250000    0.250000   clock uncertainty
                                  0.000000    0.250000   clock reconvergence pessimism
                                 -2.000000   -1.750000   output external delay
                                             -1.750000   data required time
---------------------------------------------------------------------------------------------
                                             -1.750000   data required time
                                             -2.340434   data arrival time
---------------------------------------------------------------------------------------------
                                              4.090434   slack (MET)


Startpoint: control[0] (input port clocked by __VIRTUAL_CLK__)
Endpoint: result[14] (output port clocked by __VIRTUAL_CLK__)
Path Group: __VIRTUAL_CLK__
Path Type: min

Fanout         Cap        Slew       Delay        Time   Description
---------------------------------------------------------------------------------------------
                      0.000000    0.000000    0.000000   clock __VIRTUAL_CLK__ (rise edge)
                                  0.000000    0.000000   clock network delay (ideal)
                                  2.000000    2.000000 v input external delay
    14    0.030389    0.068475    0.048573    2.048573 v control[0] (in)
                                                         control[0] (net)
                      0.068475    0.000000    2.048573 v _1100_/A (sky130_fd_sc_hd__nand2_2)
     9    0.029864    0.161986    0.153003    2.201576 ^ _1100_/Y (sky130_fd_sc_hd__nand2_2)
                                                         _0274_ (net)
                      0.161986    0.000000    2.201576 ^ _1386_/A1 (sky130_fd_sc_hd__o21ai_2)
     2    0.034763    0.141097    0.171575    2.373150 v _1386_/Y (sky130_fd_sc_hd__o21ai_2)
                                                         result[14] (net)
                      0.141097    0.000000    2.373150 v result[14] (out)
                                              2.373150   data arrival time

                      0.000000    0.000000    0.000000   clock __VIRTUAL_CLK__ (rise edge)
                                  0.000000    0.000000   clock network delay (ideal)
                                  0.250000    0.250000   clock uncertainty
                                  0.000000    0.250000   clock reconvergence pessimism
                                 -2.000000   -1.750000   output external delay
                                             -1.750000   data required time
---------------------------------------------------------------------------------------------
                                             -1.750000   data required time
                                             -2.373150   data arrival time
---------------------------------------------------------------------------------------------
                                              4.123150   slack (MET)


Startpoint: B[4] (input port clocked by __VIRTUAL_CLK__)
Endpoint: result[3] (output port clocked by __VIRTUAL_CLK__)
Path Group: __VIRTUAL_CLK__
Path Type: min

Fanout         Cap        Slew       Delay        Time   Description
---------------------------------------------------------------------------------------------
                      0.000000    0.000000    0.000000   clock __VIRTUAL_CLK__ (rise edge)
                                  0.000000    0.000000   clock network delay (ideal)
                                  2.000000    2.000000 v input external delay
    28    0.071838    0.156024    0.115470    2.115470 v B[4] (in)
                                                         B[4] (net)
                      0.156024    0.000000    2.115470 v _1170_/A1 (sky130_fd_sc_hd__a21o_2)
     2    0.034851    0.103715    0.307190    2.422660 v _1170_/X (sky130_fd_sc_hd__a21o_2)
                                                         result[3] (net)
                      0.103715    0.000000    2.422660 v result[3] (out)
                                              2.422660   data arrival time

                      0.000000    0.000000    0.000000   clock __VIRTUAL_CLK__ (rise edge)
                                  0.000000    0.000000   clock network delay (ideal)
                                  0.250000    0.250000   clock uncertainty
                                  0.000000    0.250000   clock reconvergence pessimism
                                 -2.000000   -1.750000   output external delay
                                             -1.750000   data required time
---------------------------------------------------------------------------------------------
                                             -1.750000   data required time
                                             -2.422660   data arrival time
---------------------------------------------------------------------------------------------
                                              4.172660   slack (MET)


Startpoint: B[10] (input port clocked by __VIRTUAL_CLK__)
Endpoint: result[11] (output port clocked by __VIRTUAL_CLK__)
Path Group: __VIRTUAL_CLK__
Path Type: min

Fanout         Cap        Slew       Delay        Time   Description
---------------------------------------------------------------------------------------------
                      0.000000    0.000000    0.000000   clock __VIRTUAL_CLK__ (rise edge)
                                  0.000000    0.000000   clock network delay (ideal)
                                  2.000000    2.000000 v input external delay
     4    0.012255    0.029777    0.019813    2.019813 v B[10] (in)
                                                         B[10] (net)
                      0.029777    0.000000    2.019813 v _1006_/A (sky130_fd_sc_hd__nand2_2)
     4    0.013496    0.080745    0.079082    2.098895 ^ _1006_/Y (sky130_fd_sc_hd__nand2_2)
                                                         _0181_ (net)
                      0.080745    0.000000    2.098895 ^ _1310_/A1 (sky130_fd_sc_hd__a21oi_2)
     1    0.004190    0.034079    0.056318    2.155213 v _1310_/Y (sky130_fd_sc_hd__a21oi_2)
                                                         _0474_ (net)
                      0.034079    0.000000    2.155213 v _1312_/A (sky130_fd_sc_hd__nor2_2)
     1    0.002524    0.058802    0.085093    2.240306 ^ _1312_/Y (sky130_fd_sc_hd__nor2_2)
                                                         _0476_ (net)
                      0.058802    0.000000    2.240306 ^ _1325_/B1 (sky130_fd_sc_hd__a211o_2)
     2    0.035012    0.169887    0.200161    2.440467 ^ _1325_/X (sky130_fd_sc_hd__a211o_2)
                                                         result[11] (net)
                      0.169887    0.000000    2.440467 ^ result[11] (out)
                                              2.440467   data arrival time

                      0.000000    0.000000    0.000000   clock __VIRTUAL_CLK__ (rise edge)
                                  0.000000    0.000000   clock network delay (ideal)
                                  0.250000    0.250000   clock uncertainty
                                  0.000000    0.250000   clock reconvergence pessimism
                                 -2.000000   -1.750000   output external delay
                                             -1.750000   data required time
---------------------------------------------------------------------------------------------
                                             -1.750000   data required time
                                             -2.440467   data arrival time
---------------------------------------------------------------------------------------------
                                              4.190467   slack (MET)


Startpoint: B[24] (input port clocked by __VIRTUAL_CLK__)
Endpoint: result[24] (output port clocked by __VIRTUAL_CLK__)
Path Group: __VIRTUAL_CLK__
Path Type: min

Fanout         Cap        Slew       Delay        Time   Description
---------------------------------------------------------------------------------------------
                      0.000000    0.000000    0.000000   clock __VIRTUAL_CLK__ (rise edge)
                                  0.000000    0.000000   clock network delay (ideal)
                                  2.000000    2.000000 v input external delay
     4    0.009494    0.023790    0.015343    2.015343 v B[24] (in)
                                                         B[24] (net)
                      0.023790    0.000000    2.015343 v _1058_/A (sky130_fd_sc_hd__nand2_2)
     3    0.010674    0.066703    0.066533    2.081876 ^ _1058_/Y (sky130_fd_sc_hd__nand2_2)
                                                         _0233_ (net)
                      0.066703    0.000000    2.081876 ^ _1060_/A (sky130_fd_sc_hd__nand2_2)
     6    0.019459    0.084521    0.091490    2.173366 v _1060_/Y (sky130_fd_sc_hd__nand2_2)
                                                         _0235_ (net)
                      0.084521    0.000000    2.173366 v _1547_/A2 (sky130_fd_sc_hd__o21ai_2)
     1    0.004720    0.064038    0.128959    2.302325 ^ _1547_/Y (sky130_fd_sc_hd__o21ai_2)
                                                         _0698_ (net)
                      0.064038    0.000000    2.302325 ^ _1562_/A2 (sky130_fd_sc_hd__o21ai_2)
     2    0.034857    0.141455    0.138414    2.440739 v _1562_/Y (sky130_fd_sc_hd__o21ai_2)
                                                         result[24] (net)
                      0.141455    0.000000    2.440739 v result[24] (out)
                                              2.440739   data arrival time

                      0.000000    0.000000    0.000000   clock __VIRTUAL_CLK__ (rise edge)
                                  0.000000    0.000000   clock network delay (ideal)
                                  0.250000    0.250000   clock uncertainty
                                  0.000000    0.250000   clock reconvergence pessimism
                                 -2.000000   -1.750000   output external delay
                                             -1.750000   data required time
---------------------------------------------------------------------------------------------
                                             -1.750000   data required time
                                             -2.440739   data arrival time
---------------------------------------------------------------------------------------------
                                              4.190739   slack (MET)


Startpoint: B[26] (input port clocked by __VIRTUAL_CLK__)
Endpoint: result[27] (output port clocked by __VIRTUAL_CLK__)
Path Group: __VIRTUAL_CLK__
Path Type: min

Fanout         Cap        Slew       Delay        Time   Description
---------------------------------------------------------------------------------------------
                      0.000000    0.000000    0.000000   clock __VIRTUAL_CLK__ (rise edge)
                                  0.000000    0.000000   clock network delay (ideal)
                                  2.000000    2.000000 ^ input external delay
     4    0.009926    0.052359    0.033723    2.033723 ^ B[26] (in)
                                                         B[26] (net)
                      0.052359    0.000000    2.033723 ^ _0913_/A (sky130_fd_sc_hd__nand2_2)
     4    0.012197    0.057666    0.066691    2.100414 v _0913_/Y (sky130_fd_sc_hd__nand2_2)
                                                         _0088_ (net)
                      0.057666    0.000000    2.100414 v _1597_/B (sky130_fd_sc_hd__nand3b_2)
     1    0.002507    0.043671    0.067305    2.167719 ^ _1597_/Y (sky130_fd_sc_hd__nand3b_2)
                                                         _0745_ (net)
                      0.043671    0.000000    2.167719 ^ _1607_/A3 (sky130_fd_sc_hd__a31o_2)
     2    0.035250    0.204432    0.274115    2.441833 ^ _1607_/X (sky130_fd_sc_hd__a31o_2)
                                                         result[27] (net)
                      0.204432    0.000000    2.441833 ^ result[27] (out)
                                              2.441833   data arrival time

                      0.000000    0.000000    0.000000   clock __VIRTUAL_CLK__ (rise edge)
                                  0.000000    0.000000   clock network delay (ideal)
                                  0.250000    0.250000   clock uncertainty
                                  0.000000    0.250000   clock reconvergence pessimism
                                 -2.000000   -1.750000   output external delay
                                             -1.750000   data required time
---------------------------------------------------------------------------------------------
                                             -1.750000   data required time
                                             -2.441833   data arrival time
---------------------------------------------------------------------------------------------
                                              4.191833   slack (MET)


Startpoint: B[28] (input port clocked by __VIRTUAL_CLK__)
Endpoint: result[29] (output port clocked by __VIRTUAL_CLK__)
Path Group: __VIRTUAL_CLK__
Path Type: min

Fanout         Cap        Slew       Delay        Time   Description
---------------------------------------------------------------------------------------------
                      0.000000    0.000000    0.000000   clock __VIRTUAL_CLK__ (rise edge)
                                  0.000000    0.000000   clock network delay (ideal)
                                  2.000000    2.000000 v input external delay
     4    0.011229    0.027552    0.018152    2.018152 v B[28] (in)
                                                         B[28] (net)
                      0.027552    0.000000    2.018152 v _0904_/A (sky130_fd_sc_hd__nand2_2)
     3    0.007332    0.050181    0.056092    2.074244 ^ _0904_/Y (sky130_fd_sc_hd__nand2_2)
                                                         _0079_ (net)
                      0.050181    0.000000    2.074244 ^ _1636_/A1 (sky130_fd_sc_hd__a21bo_2)
     1    0.002507    0.029647    0.110928    2.185171 ^ _1636_/X (sky130_fd_sc_hd__a21bo_2)
                                                         _0782_ (net)
                      0.029647    0.000000    2.185171 ^ _1638_/A3 (sky130_fd_sc_hd__a31o_2)
     2    0.035250    0.204427    0.270398    2.455570 ^ _1638_/X (sky130_fd_sc_hd__a31o_2)
                                                         result[29] (net)
                      0.204427    0.000000    2.455570 ^ result[29] (out)
                                              2.455570   data arrival time

                      0.000000    0.000000    0.000000   clock __VIRTUAL_CLK__ (rise edge)
                                  0.000000    0.000000   clock network delay (ideal)
                                  0.250000    0.250000   clock uncertainty
                                  0.000000    0.250000   clock reconvergence pessimism
                                 -2.000000   -1.750000   output external delay
                                             -1.750000   data required time
---------------------------------------------------------------------------------------------
                                             -1.750000   data required time
                                             -2.455570   data arrival time
---------------------------------------------------------------------------------------------
                                              4.205569   slack (MET)


Startpoint: B[18] (input port clocked by __VIRTUAL_CLK__)
Endpoint: result[19] (output port clocked by __VIRTUAL_CLK__)
Path Group: __VIRTUAL_CLK__
Path Type: min

Fanout         Cap        Slew       Delay        Time   Description
---------------------------------------------------------------------------------------------
                      0.000000    0.000000    0.000000   clock __VIRTUAL_CLK__ (rise edge)
                                  0.000000    0.000000   clock network delay (ideal)
                                  2.000000    2.000000 v input external delay
     3    0.007036    0.018459    0.011363    2.011363 v B[18] (in)
                                                         B[18] (net)
                      0.018459    0.000000    2.011363 v _1042_/A (sky130_fd_sc_hd__nand2_2)
     5    0.015750    0.091882    0.082301    2.093664 ^ _1042_/Y (sky130_fd_sc_hd__nand2_2)
                                                         _0217_ (net)
                      0.091882    0.000000    2.093664 ^ _1466_/A1 (sky130_fd_sc_hd__a311o_2)
     1    0.004665    0.039651    0.171170    2.264834 ^ _1466_/X (sky130_fd_sc_hd__a311o_2)
                                                         _0622_ (net)
                      0.039651    0.000000    2.264834 ^ _1476_/B (sky130_fd_sc_hd__nand3b_2)
     2    0.034857    0.219815    0.193446    2.458280 v _1476_/Y (sky130_fd_sc_hd__nand3b_2)
                                                         result[19] (net)
                      0.219815    0.000000    2.458280 v result[19] (out)
                                              2.458280   data arrival time

                      0.000000    0.000000    0.000000   clock __VIRTUAL_CLK__ (rise edge)
                                  0.000000    0.000000   clock network delay (ideal)
                                  0.250000    0.250000   clock uncertainty
                                  0.000000    0.250000   clock reconvergence pessimism
                                 -2.000000   -1.750000   output external delay
                                             -1.750000   data required time
---------------------------------------------------------------------------------------------
                                             -1.750000   data required time
                                             -2.458280   data arrival time
---------------------------------------------------------------------------------------------
                                              4.208280   slack (MET)


Startpoint: B[18] (input port clocked by __VIRTUAL_CLK__)
Endpoint: result[18] (output port clocked by __VIRTUAL_CLK__)
Path Group: __VIRTUAL_CLK__
Path Type: min

Fanout         Cap        Slew       Delay        Time   Description
---------------------------------------------------------------------------------------------
                      0.000000    0.000000    0.000000   clock __VIRTUAL_CLK__ (rise edge)
                                  0.000000    0.000000   clock network delay (ideal)
                                  2.000000    2.000000 ^ input external delay
     3    0.007565    0.041804    0.026096    2.026096 ^ B[18] (in)
                                                         B[18] (net)
                      0.041804    0.000000    2.026096 ^ _1042_/A (sky130_fd_sc_hd__nand2_2)
     5    0.014261    0.065204    0.068930    2.095026 v _1042_/Y (sky130_fd_sc_hd__nand2_2)
                                                         _0217_ (net)
                      0.065204    0.000000    2.095026 v _1452_/B (sky130_fd_sc_hd__nor2_2)
     1    0.002524    0.060148    0.074824    2.169849 ^ _1452_/Y (sky130_fd_sc_hd__nor2_2)
                                                         _0609_ (net)
                      0.060148    0.000000    2.169849 ^ _1454_/B1 (sky130_fd_sc_hd__a211o_2)
     1    0.001607    0.021484    0.088477    2.258327 ^ _1454_/X (sky130_fd_sc_hd__a211o_2)
                                                         _0611_ (net)
                      0.021484    0.000000    2.258327 ^ _1461_/C (sky130_fd_sc_hd__or4_2)
     2    0.035250    0.180441    0.206455    2.464782 ^ _1461_/X (sky130_fd_sc_hd__or4_2)
                                                         result[18] (net)
                      0.180441    0.000000    2.464782 ^ result[18] (out)
                                              2.464782   data arrival time

                      0.000000    0.000000    0.000000   clock __VIRTUAL_CLK__ (rise edge)
                                  0.000000    0.000000   clock network delay (ideal)
                                  0.250000    0.250000   clock uncertainty
                                  0.000000    0.250000   clock reconvergence pessimism
                                 -2.000000   -1.750000   output external delay
                                             -1.750000   data required time
---------------------------------------------------------------------------------------------
                                             -1.750000   data required time
                                             -2.464782   data arrival time
---------------------------------------------------------------------------------------------
                                              4.214782   slack (MET)


Startpoint: B[4] (input port clocked by __VIRTUAL_CLK__)
Endpoint: result[8] (output port clocked by __VIRTUAL_CLK__)
Path Group: __VIRTUAL_CLK__
Path Type: min

Fanout         Cap        Slew       Delay        Time   Description
---------------------------------------------------------------------------------------------
                      0.000000    0.000000    0.000000   clock __VIRTUAL_CLK__ (rise edge)
                                  0.000000    0.000000   clock network delay (ideal)
                                  2.000000    2.000000 v input external delay
    28    0.071838    0.156024    0.115470    2.115470 v B[4] (in)
                                                         B[4] (net)
                      0.156024    0.000000    2.115470 v _1270_/A (sky130_fd_sc_hd__nor2_2)
     1    0.001591    0.049268    0.123416    2.238886 ^ _1270_/Y (sky130_fd_sc_hd__nor2_2)
                                                         _0437_ (net)
                      0.049268    0.000000    2.238886 ^ _1271_/C (sky130_fd_sc_hd__or4b_2)
     2    0.035147    0.209281    0.234044    2.472930 ^ _1271_/X (sky130_fd_sc_hd__or4b_2)
                                                         result[8] (net)
                      0.209281    0.000000    2.472930 ^ result[8] (out)
                                              2.472930   data arrival time

                      0.000000    0.000000    0.000000   clock __VIRTUAL_CLK__ (rise edge)
                                  0.000000    0.000000   clock network delay (ideal)
                                  0.250000    0.250000   clock uncertainty
                                  0.000000    0.250000   clock reconvergence pessimism
                                 -2.000000   -1.750000   output external delay
                                             -1.750000   data required time
---------------------------------------------------------------------------------------------
                                             -1.750000   data required time
                                             -2.472930   data arrival time
---------------------------------------------------------------------------------------------
                                              4.222930   slack (MET)


Startpoint: B[8] (input port clocked by __VIRTUAL_CLK__)
Endpoint: result[9] (output port clocked by __VIRTUAL_CLK__)
Path Group: __VIRTUAL_CLK__
Path Type: min

Fanout         Cap        Slew       Delay        Time   Description
---------------------------------------------------------------------------------------------
                      0.000000    0.000000    0.000000   clock __VIRTUAL_CLK__ (rise edge)
                                  0.000000    0.000000   clock network delay (ideal)
                                  2.000000    2.000000 v input external delay
     4    0.009276    0.023317    0.014990    2.014990 v B[8] (in)
                                                         B[8] (net)
                      0.023317    0.000000    2.014990 v _1013_/A (sky130_fd_sc_hd__nand2_2)
     5    0.016765    0.096990    0.087876    2.102866 ^ _1013_/Y (sky130_fd_sc_hd__nand2_2)
                                                         _0188_ (net)
                      0.096990    0.000000    2.102866 ^ _1290_/A2 (sky130_fd_sc_hd__o2111a_2)
     1    0.001469    0.034444    0.172568    2.275434 ^ _1290_/X (sky130_fd_sc_hd__o2111a_2)
                                                         _0456_ (net)
                      0.034444    0.000000    2.275434 ^ _1291_/C (sky130_fd_sc_hd__or3_2)
     2    0.034911    0.178439    0.205043    2.480477 ^ _1291_/X (sky130_fd_sc_hd__or3_2)
                                                         result[9] (net)
                      0.178439    0.000000    2.480477 ^ result[9] (out)
                                              2.480477   data arrival time

                      0.000000    0.000000    0.000000   clock __VIRTUAL_CLK__ (rise edge)
                                  0.000000    0.000000   clock network delay (ideal)
                                  0.250000    0.250000   clock uncertainty
                                  0.000000    0.250000   clock reconvergence pessimism
                                 -2.000000   -1.750000   output external delay
                                             -1.750000   data required time
---------------------------------------------------------------------------------------------
                                             -1.750000   data required time
                                             -2.480477   data arrival time
---------------------------------------------------------------------------------------------
                                              4.230476   slack (MET)


Startpoint: B[22] (input port clocked by __VIRTUAL_CLK__)
Endpoint: result[23] (output port clocked by __VIRTUAL_CLK__)
Path Group: __VIRTUAL_CLK__
Path Type: min

Fanout         Cap        Slew       Delay        Time   Description
---------------------------------------------------------------------------------------------
                      0.000000    0.000000    0.000000   clock __VIRTUAL_CLK__ (rise edge)
                                  0.000000    0.000000   clock network delay (ideal)
                                  2.000000    2.000000 ^ input external delay
     4    0.010199    0.053579    0.034605    2.034605 ^ B[22] (in)
                                                         B[22] (net)
                      0.053579    0.000000    2.034605 ^ _0934_/A (sky130_fd_sc_hd__nand2_2)
     5    0.015206    0.068952    0.075409    2.110014 v _0934_/Y (sky130_fd_sc_hd__nand2_2)
                                                         _0109_ (net)
                      0.068952    0.000000    2.110014 v _1533_/A (sky130_fd_sc_hd__nand3_2)
     1    0.002445    0.034560    0.058332    2.168346 ^ _1533_/Y (sky130_fd_sc_hd__nand3_2)
                                                         _0685_ (net)
                      0.034560    0.000000    2.168346 ^ _1544_/A2 (sky130_fd_sc_hd__a31o_2)
     1    0.002522    0.030863    0.133481    2.301827 ^ _1544_/X (sky130_fd_sc_hd__a31o_2)
                                                         _0696_ (net)
                      0.030863    0.000000    2.301827 ^ _1545_/C1 (sky130_fd_sc_hd__a211o_2)
     2    0.034948    0.169600    0.186164    2.487991 ^ _1545_/X (sky130_fd_sc_hd__a211o_2)
                                                         result[23] (net)
                      0.169600    0.000000    2.487991 ^ result[23] (out)
                                              2.487991   data arrival time

                      0.000000    0.000000    0.000000   clock __VIRTUAL_CLK__ (rise edge)
                                  0.000000    0.000000   clock network delay (ideal)
                                  0.250000    0.250000   clock uncertainty
                                  0.000000    0.250000   clock reconvergence pessimism
                                 -2.000000   -1.750000   output external delay
                                             -1.750000   data required time
---------------------------------------------------------------------------------------------
                                             -1.750000   data required time
                                             -2.487991   data arrival time
---------------------------------------------------------------------------------------------
                                              4.237991   slack (MET)


Startpoint: B[24] (input port clocked by __VIRTUAL_CLK__)
Endpoint: result[25] (output port clocked by __VIRTUAL_CLK__)
Path Group: __VIRTUAL_CLK__
Path Type: min

Fanout         Cap        Slew       Delay        Time   Description
---------------------------------------------------------------------------------------------
                      0.000000    0.000000    0.000000   clock __VIRTUAL_CLK__ (rise edge)
                                  0.000000    0.000000   clock network delay (ideal)
                                  2.000000    2.000000 ^ input external delay
     4    0.010199    0.053579    0.034605    2.034605 ^ B[24] (in)
                                                         B[24] (net)
                      0.053579    0.000000    2.034605 ^ _1058_/A (sky130_fd_sc_hd__nand2_2)
     3    0.009840    0.049610    0.060375    2.094980 v _1058_/Y (sky130_fd_sc_hd__nand2_2)
                                                         _0233_ (net)
                      0.049610    0.000000    2.094980 v _1572_/B (sky130_fd_sc_hd__nand2_2)
     1    0.002487    0.035020    0.057458    2.152438 ^ _1572_/Y (sky130_fd_sc_hd__nand2_2)
                                                         _0722_ (net)
                      0.035020    0.000000    2.152438 ^ _1577_/A2 (sky130_fd_sc_hd__o211a_2)
     1    0.002522    0.040347    0.150376    2.302814 ^ _1577_/X (sky130_fd_sc_hd__o211a_2)
                                                         _0727_ (net)
                      0.040347    0.000000    2.302814 ^ _1578_/C1 (sky130_fd_sc_hd__a211o_2)
     2    0.034938    0.169559    0.189697    2.492511 ^ _1578_/X (sky130_fd_sc_hd__a211o_2)
                                                         result[25] (net)
                      0.169559    0.000000    2.492511 ^ result[25] (out)
                                              2.492511   data arrival time

                      0.000000    0.000000    0.000000   clock __VIRTUAL_CLK__ (rise edge)
                                  0.000000    0.000000   clock network delay (ideal)
                                  0.250000    0.250000   clock uncertainty
                                  0.000000    0.250000   clock reconvergence pessimism
                                 -2.000000   -1.750000   output external delay
                                             -1.750000   data required time
---------------------------------------------------------------------------------------------
                                             -1.750000   data required time
                                             -2.492511   data arrival time
---------------------------------------------------------------------------------------------
                                              4.242511   slack (MET)


Startpoint: B[29] (input port clocked by __VIRTUAL_CLK__)
Endpoint: result[30] (output port clocked by __VIRTUAL_CLK__)
Path Group: __VIRTUAL_CLK__
Path Type: min

Fanout         Cap        Slew       Delay        Time   Description
---------------------------------------------------------------------------------------------
                      0.000000    0.000000    0.000000   clock __VIRTUAL_CLK__ (rise edge)
                                  0.000000    0.000000   clock network delay (ideal)
                                  2.000000    2.000000 v input external delay
     5    0.014332    0.034229    0.023126    2.023126 v B[29] (in)
                                                         B[29] (net)
                      0.034229    0.000000    2.023126 v _0894_/A (sky130_fd_sc_hd__nand2_2)
     3    0.006302    0.045235    0.055235    2.078360 ^ _0894_/Y (sky130_fd_sc_hd__nand2_2)
                                                         _0069_ (net)
                      0.045235    0.000000    2.078360 ^ _1651_/A1 (sky130_fd_sc_hd__a311o_2)
     3    0.009615    0.062512    0.178549    2.256910 ^ _1651_/X (sky130_fd_sc_hd__a311o_2)
                                                         _0796_ (net)
                      0.062512    0.000000    2.256910 ^ _1653_/A1 (sky130_fd_sc_hd__a211o_2)
     2    0.038025    0.183554    0.237183    2.494093 ^ _1653_/X (sky130_fd_sc_hd__a211o_2)
                                                         result[30] (net)
                      0.183554    0.000000    2.494093 ^ result[30] (out)
                                              2.494093   data arrival time

                      0.000000    0.000000    0.000000   clock __VIRTUAL_CLK__ (rise edge)
                                  0.000000    0.000000   clock network delay (ideal)
                                  0.250000    0.250000   clock uncertainty
                                  0.000000    0.250000   clock reconvergence pessimism
                                 -2.000000   -1.750000   output external delay
                                             -1.750000   data required time
---------------------------------------------------------------------------------------------
                                             -1.750000   data required time
                                             -2.494093   data arrival time
---------------------------------------------------------------------------------------------
                                              4.244093   slack (MET)


Startpoint: A[6] (input port clocked by __VIRTUAL_CLK__)
Endpoint: result[7] (output port clocked by __VIRTUAL_CLK__)
Path Group: __VIRTUAL_CLK__
Path Type: min

Fanout         Cap        Slew       Delay        Time   Description
---------------------------------------------------------------------------------------------
                      0.000000    0.000000    0.000000   clock __VIRTUAL_CLK__ (rise edge)
                                  0.000000    0.000000   clock network delay (ideal)
                                  2.000000    2.000000 v input external delay
    12    0.031370    0.070567    0.050127    2.050128 v A[6] (in)
                                                         A[6] (net)
                      0.070567    0.000000    2.050128 v _0988_/B (sky130_fd_sc_hd__nand2b_2)
     3    0.011573    0.077935    0.100119    2.150246 ^ _0988_/Y (sky130_fd_sc_hd__nand2b_2)
                                                         _0163_ (net)
                      0.077935    0.000000    2.150246 ^ _1234_/A1 (sky130_fd_sc_hd__a21oi_2)
     1    0.004190    0.029869    0.055531    2.205777 v _1234_/Y (sky130_fd_sc_hd__a21oi_2)
                                                         _0402_ (net)
                      0.029869    0.000000    2.205777 v _1236_/A (sky130_fd_sc_hd__nor2_2)
     1    0.001705    0.050334    0.076965    2.282743 ^ _1236_/Y (sky130_fd_sc_hd__nor2_2)
                                                         _0404_ (net)
                      0.050334    0.000000    2.282743 ^ _1250_/B (sky130_fd_sc_hd__or3_2)
     2    0.035012    0.178949    0.213712    2.496455 ^ _1250_/X (sky130_fd_sc_hd__or3_2)
                                                         result[7] (net)
                      0.178949    0.000000    2.496455 ^ result[7] (out)
                                              2.496455   data arrival time

                      0.000000    0.000000    0.000000   clock __VIRTUAL_CLK__ (rise edge)
                                  0.000000    0.000000   clock network delay (ideal)
                                  0.250000    0.250000   clock uncertainty
                                  0.000000    0.250000   clock reconvergence pessimism
                                 -2.000000   -1.750000   output external delay
                                             -1.750000   data required time
---------------------------------------------------------------------------------------------
                                             -1.750000   data required time
                                             -2.496455   data arrival time
---------------------------------------------------------------------------------------------
                                              4.246455   slack (MET)


Startpoint: A[2] (input port clocked by __VIRTUAL_CLK__)
Endpoint: result[2] (output port clocked by __VIRTUAL_CLK__)
Path Group: __VIRTUAL_CLK__
Path Type: min

Fanout         Cap        Slew       Delay        Time   Description
---------------------------------------------------------------------------------------------
                      0.000000    0.000000    0.000000   clock __VIRTUAL_CLK__ (rise edge)
                                  0.000000    0.000000   clock network delay (ideal)
                                  2.000000    2.000000 ^ input external delay
    10    0.020949    0.101723    0.068443    2.068443 ^ A[2] (in)
                                                         A[2] (net)
                      0.101723    0.000000    2.068443 ^ _1139_/A2 (sky130_fd_sc_hd__a31o_2)
     1    0.002434    0.030407    0.152645    2.221088 ^ _1139_/X (sky130_fd_sc_hd__a31o_2)
                                                         _0312_ (net)
                      0.030407    0.000000    2.221088 ^ _1140_/B1 (sky130_fd_sc_hd__a311o_2)
     1    0.002522    0.029845    0.088930    2.310018 ^ _1140_/X (sky130_fd_sc_hd__a311o_2)
                                                         _0313_ (net)
                      0.029845    0.000000    2.310018 ^ _1141_/C1 (sky130_fd_sc_hd__a211o_2)
     2    0.035250    0.170965    0.186750    2.496768 ^ _1141_/X (sky130_fd_sc_hd__a211o_2)
                                                         result[2] (net)
                      0.170965    0.000000    2.496768 ^ result[2] (out)
                                              2.496768   data arrival time

                      0.000000    0.000000    0.000000   clock __VIRTUAL_CLK__ (rise edge)
                                  0.000000    0.000000   clock network delay (ideal)
                                  0.250000    0.250000   clock uncertainty
                                  0.000000    0.250000   clock reconvergence pessimism
                                 -2.000000   -1.750000   output external delay
                                             -1.750000   data required time
---------------------------------------------------------------------------------------------
                                             -1.750000   data required time
                                             -2.496768   data arrival time
---------------------------------------------------------------------------------------------
                                              4.246768   slack (MET)


Startpoint: B[17] (input port clocked by __VIRTUAL_CLK__)
Endpoint: result[17] (output port clocked by __VIRTUAL_CLK__)
Path Group: __VIRTUAL_CLK__
Path Type: min

Fanout         Cap        Slew       Delay        Time   Description
---------------------------------------------------------------------------------------------
                      0.000000    0.000000    0.000000   clock __VIRTUAL_CLK__ (rise edge)
                                  0.000000    0.000000   clock network delay (ideal)
                                  2.000000    2.000000 ^ input external delay
     5    0.017736    0.087325    0.058417    2.058417 ^ B[17] (in)
                                                         B[17] (net)
                      0.087325    0.000000    2.058417 ^ _1437_/A1 (sky130_fd_sc_hd__a32o_2)
     1    0.001436    0.034246    0.148902    2.207319 ^ _1437_/X (sky130_fd_sc_hd__a32o_2)
                                                         _0595_ (net)
                      0.034246    0.000000    2.207319 ^ _1438_/D (sky130_fd_sc_hd__or4_2)
     1    0.001705    0.024655    0.088867    2.296186 ^ _1438_/X (sky130_fd_sc_hd__or4_2)
                                                         _0596_ (net)
                      0.024655    0.000000    2.296186 ^ _1445_/B (sky130_fd_sc_hd__or3_2)
     2    0.034878    0.178284    0.203384    2.499571 ^ _1445_/X (sky130_fd_sc_hd__or3_2)
                                                         result[17] (net)
                      0.178284    0.000000    2.499571 ^ result[17] (out)
                                              2.499571   data arrival time

                      0.000000    0.000000    0.000000   clock __VIRTUAL_CLK__ (rise edge)
                                  0.000000    0.000000   clock network delay (ideal)
                                  0.250000    0.250000   clock uncertainty
                                  0.000000    0.250000   clock reconvergence pessimism
                                 -2.000000   -1.750000   output external delay
                                             -1.750000   data required time
---------------------------------------------------------------------------------------------
                                             -1.750000   data required time
                                             -2.499571   data arrival time
---------------------------------------------------------------------------------------------
                                              4.249570   slack (MET)


Startpoint: B[12] (input port clocked by __VIRTUAL_CLK__)
Endpoint: result[13] (output port clocked by __VIRTUAL_CLK__)
Path Group: __VIRTUAL_CLK__
Path Type: min

Fanout         Cap        Slew       Delay        Time   Description
---------------------------------------------------------------------------------------------
                      0.000000    0.000000    0.000000   clock __VIRTUAL_CLK__ (rise edge)
                                  0.000000    0.000000   clock network delay (ideal)
                                  2.000000    2.000000 ^ input external delay
     3    0.007741    0.042591    0.026664    2.026664 ^ B[12] (in)
                                                         B[12] (net)
                      0.042591    0.000000    2.026664 ^ _0994_/A (sky130_fd_sc_hd__nand2_2)
     5    0.014507    0.066133    0.069868    2.096533 v _0994_/Y (sky130_fd_sc_hd__nand2_2)
                                                         _0169_ (net)
                      0.066133    0.000000    2.096533 v _1352_/B (sky130_fd_sc_hd__nand2_2)
     1    0.002487    0.037185    0.064633    2.161165 ^ _1352_/Y (sky130_fd_sc_hd__nand2_2)
                                                         _0514_ (net)
                      0.037185    0.000000    2.161165 ^ _1356_/A2 (sky130_fd_sc_hd__o211a_2)
     1    0.002524    0.040354    0.151014    2.312180 ^ _1356_/X (sky130_fd_sc_hd__o211a_2)
                                                         _0518_ (net)
                      0.040354    0.000000    2.312180 ^ _1367_/B1 (sky130_fd_sc_hd__a211o_2)
     2    0.035250    0.170963    0.194168    2.506348 ^ _1367_/X (sky130_fd_sc_hd__a211o_2)
                                                         result[13] (net)
                      0.170963    0.000000    2.506348 ^ result[13] (out)
                                              2.506348   data arrival time

                      0.000000    0.000000    0.000000   clock __VIRTUAL_CLK__ (rise edge)
                                  0.000000    0.000000   clock network delay (ideal)
                                  0.250000    0.250000   clock uncertainty
                                  0.000000    0.250000   clock reconvergence pessimism
                                 -2.000000   -1.750000   output external delay
                                             -1.750000   data required time
---------------------------------------------------------------------------------------------
                                             -1.750000   data required time
                                             -2.506348   data arrival time
---------------------------------------------------------------------------------------------
                                              4.256348   slack (MET)


Startpoint: B[22] (input port clocked by __VIRTUAL_CLK__)
Endpoint: result[22] (output port clocked by __VIRTUAL_CLK__)
Path Group: __VIRTUAL_CLK__
Path Type: min

Fanout         Cap        Slew       Delay        Time   Description
---------------------------------------------------------------------------------------------
                      0.000000    0.000000    0.000000   clock __VIRTUAL_CLK__ (rise edge)
                                  0.000000    0.000000   clock network delay (ideal)
                                  2.000000    2.000000 v input external delay
     4    0.009494    0.023790    0.015343    2.015343 v B[22] (in)
                                                         B[22] (net)
                      0.023790    0.000000    2.015343 v _0934_/A (sky130_fd_sc_hd__nand2_2)
     5    0.016342    0.094886    0.086586    2.101929 ^ _0934_/Y (sky130_fd_sc_hd__nand2_2)
                                                         _0109_ (net)
                      0.094886    0.000000    2.101929 ^ _1516_/B1 (sky130_fd_sc_hd__a32o_2)
     2    0.004196    0.048509    0.131767    2.233696 ^ _1516_/X (sky130_fd_sc_hd__a32o_2)
                                                         _0669_ (net)
                      0.048509    0.000000    2.233696 ^ _1530_/A3 (sky130_fd_sc_hd__a31o_2)
     2    0.034938    0.202721    0.274237    2.507933 ^ _1530_/X (sky130_fd_sc_hd__a31o_2)
                                                         result[22] (net)
                      0.202721    0.000000    2.507933 ^ result[22] (out)
                                              2.507933   data arrival time

                      0.000000    0.000000    0.000000   clock __VIRTUAL_CLK__ (rise edge)
                                  0.000000    0.000000   clock network delay (ideal)
                                  0.250000    0.250000   clock uncertainty
                                  0.000000    0.250000   clock reconvergence pessimism
                                 -2.000000   -1.750000   output external delay
                                             -1.750000   data required time
---------------------------------------------------------------------------------------------
                                             -1.750000   data required time
                                             -2.507933   data arrival time
---------------------------------------------------------------------------------------------
                                              4.257933   slack (MET)


Startpoint: B[31] (input port clocked by __VIRTUAL_CLK__)
Endpoint: result[31] (output port clocked by __VIRTUAL_CLK__)
Path Group: __VIRTUAL_CLK__
Path Type: min

Fanout         Cap        Slew       Delay        Time   Description
---------------------------------------------------------------------------------------------
                      0.000000    0.000000    0.000000   clock __VIRTUAL_CLK__ (rise edge)
                                  0.000000    0.000000   clock network delay (ideal)
                                  2.000000    2.000000 ^ input external delay
     3    0.007565    0.041804    0.026096    2.026096 ^ B[31] (in)
                                                         B[31] (net)
                      0.041804    0.000000    2.026096 ^ _0886_/A (sky130_fd_sc_hd__nand2_2)
     2    0.005554    0.033829    0.044352    2.070448 v _0886_/Y (sky130_fd_sc_hd__nand2_2)
                                                         _0061_ (net)
                      0.033829    0.000000    2.070448 v _1659_/B (sky130_fd_sc_hd__nor2_2)
     1    0.002524    0.058846    0.062924    2.133372 ^ _1659_/Y (sky130_fd_sc_hd__nor2_2)
                                                         _0803_ (net)
                      0.058846    0.000000    2.133372 ^ _1661_/B1 (sky130_fd_sc_hd__a211o_2)
     1    0.002564    0.025483    0.092010    2.225382 ^ _1661_/X (sky130_fd_sc_hd__a211o_2)
                                                         _0805_ (net)
                      0.025483    0.000000    2.225382 ^ _1662_/B1 (sky130_fd_sc_hd__a21o_2)
     1    0.001607    0.021414    0.066939    2.292321 ^ _1662_/X (sky130_fd_sc_hd__a21o_2)
                                                         _0806_ (net)
                      0.021414    0.000000    2.292321 ^ _1668_/C (sky130_fd_sc_hd__or4_2)
     2    0.038050    0.193783    0.215839    2.508161 ^ _1668_/X (sky130_fd_sc_hd__or4_2)
                                                         result[31] (net)
                      0.193783    0.000000    2.508161 ^ result[31] (out)
                                              2.508161   data arrival time

                      0.000000    0.000000    0.000000   clock __VIRTUAL_CLK__ (rise edge)
                                  0.000000    0.000000   clock network delay (ideal)
                                  0.250000    0.250000   clock uncertainty
                                  0.000000    0.250000   clock reconvergence pessimism
                                 -2.000000   -1.750000   output external delay
                                             -1.750000   data required time
---------------------------------------------------------------------------------------------
                                             -1.750000   data required time
                                             -2.508161   data arrival time
---------------------------------------------------------------------------------------------
                                              4.258161   slack (MET)


Startpoint: B[20] (input port clocked by __VIRTUAL_CLK__)
Endpoint: result[21] (output port clocked by __VIRTUAL_CLK__)
Path Group: __VIRTUAL_CLK__
Path Type: min

Fanout         Cap        Slew       Delay        Time   Description
---------------------------------------------------------------------------------------------
                      0.000000    0.000000    0.000000   clock __VIRTUAL_CLK__ (rise edge)
                                  0.000000    0.000000   clock network delay (ideal)
                                  2.000000    2.000000 ^ input external delay
     5    0.012477    0.063763    0.041964    2.041964 ^ B[20] (in)
                                                         B[20] (net)
                      0.063763    0.000000    2.041964 ^ _1508_/A1 (sky130_fd_sc_hd__a211o_2)
     1    0.002418    0.026142    0.114557    2.156521 ^ _1508_/X (sky130_fd_sc_hd__a211o_2)
                                                         _0662_ (net)
                      0.026142    0.000000    2.156521 ^ _1513_/A2 (sky130_fd_sc_hd__a41o_2)
     1    0.002514    0.028230    0.161914    2.318436 ^ _1513_/X (sky130_fd_sc_hd__a41o_2)
                                                         _0667_ (net)
                      0.028230    0.000000    2.318436 ^ _1514_/B1 (sky130_fd_sc_hd__a41o_2)
     2    0.034878    0.170662    0.190769    2.509205 ^ _1514_/X (sky130_fd_sc_hd__a41o_2)
                                                         result[21] (net)
                      0.170662    0.000000    2.509205 ^ result[21] (out)
                                              2.509205   data arrival time

                      0.000000    0.000000    0.000000   clock __VIRTUAL_CLK__ (rise edge)
                                  0.000000    0.000000   clock network delay (ideal)
                                  0.250000    0.250000   clock uncertainty
                                  0.000000    0.250000   clock reconvergence pessimism
                                 -2.000000   -1.750000   output external delay
                                             -1.750000   data required time
---------------------------------------------------------------------------------------------
                                             -1.750000   data required time
                                             -2.509205   data arrival time
---------------------------------------------------------------------------------------------
                                              4.259205   slack (MET)


Startpoint: A[1] (input port clocked by __VIRTUAL_CLK__)
Endpoint: result[1] (output port clocked by __VIRTUAL_CLK__)
Path Group: __VIRTUAL_CLK__
Path Type: min

Fanout         Cap        Slew       Delay        Time   Description
---------------------------------------------------------------------------------------------
                      0.000000    0.000000    0.000000   clock __VIRTUAL_CLK__ (rise edge)
                                  0.000000    0.000000   clock network delay (ideal)
                                  2.000000    2.000000 ^ input external delay
    10    0.031129    0.147340    0.100207    2.100207 ^ A[1] (in)
                                                         A[1] (net)
                      0.147340    0.000000    2.100207 ^ _1097_/A2 (sky130_fd_sc_hd__o21ai_2)
     1    0.002253    0.032058    0.058726    2.158933 v _1097_/Y (sky130_fd_sc_hd__o21ai_2)
                                                         _0271_ (net)
                      0.032058    0.000000    2.158933 v _1098_/C1 (sky130_fd_sc_hd__o221a_2)
     1    0.004253    0.031361    0.116144    2.275076 v _1098_/X (sky130_fd_sc_hd__o221a_2)
                                                         _0272_ (net)
                      0.031361    0.000000    2.275076 v _1109_/C1 (sky130_fd_sc_hd__o211ai_2)
     1    0.002522    0.042941    0.044818    2.319895 ^ _1109_/Y (sky130_fd_sc_hd__o211ai_2)
                                                         _0283_ (net)
                      0.042941    0.000000    2.319895 ^ _1110_/C1 (sky130_fd_sc_hd__a211o_2)
     2    0.034948    0.169606    0.190705    2.510600 ^ _1110_/X (sky130_fd_sc_hd__a211o_2)
                                                         result[1] (net)
                      0.169606    0.000000    2.510600 ^ result[1] (out)
                                              2.510600   data arrival time

                      0.000000    0.000000    0.000000   clock __VIRTUAL_CLK__ (rise edge)
                                  0.000000    0.000000   clock network delay (ideal)
                                  0.250000    0.250000   clock uncertainty
                                  0.000000    0.250000   clock reconvergence pessimism
                                 -2.000000   -1.750000   output external delay
                                             -1.750000   data required time
---------------------------------------------------------------------------------------------
                                             -1.750000   data required time
                                             -2.510600   data arrival time
---------------------------------------------------------------------------------------------
                                              4.260600   slack (MET)


Startpoint: B[20] (input port clocked by __VIRTUAL_CLK__)
Endpoint: result[20] (output port clocked by __VIRTUAL_CLK__)
Path Group: __VIRTUAL_CLK__
Path Type: min

Fanout         Cap        Slew       Delay        Time   Description
---------------------------------------------------------------------------------------------
                      0.000000    0.000000    0.000000   clock __VIRTUAL_CLK__ (rise edge)
                                  0.000000    0.000000   clock network delay (ideal)
                                  2.000000    2.000000 ^ input external delay
     5    0.012477    0.063763    0.041964    2.041964 ^ B[20] (in)
                                                         B[20] (net)
                      0.063763    0.000000    2.041964 ^ _1492_/A1 (sky130_fd_sc_hd__a31o_2)
     1    0.002522    0.034929    0.135523    2.177487 ^ _1492_/X (sky130_fd_sc_hd__a31o_2)
                                                         _0647_ (net)
                      0.034929    0.000000    2.177487 ^ _1493_/C1 (sky130_fd_sc_hd__a211o_2)
     1    0.002564    0.025426    0.079635    2.257122 ^ _1493_/X (sky130_fd_sc_hd__a211o_2)
                                                         _0648_ (net)
                      0.025426    0.000000    2.257122 ^ _1494_/B1 (sky130_fd_sc_hd__a21o_2)
     1    0.002522    0.025497    0.070743    2.327865 ^ _1494_/X (sky130_fd_sc_hd__a21o_2)
                                                         _0649_ (net)
                      0.025497    0.000000    2.327865 ^ _1495_/C1 (sky130_fd_sc_hd__a211o_2)
     2    0.035049    0.170054    0.184470    2.512336 ^ _1495_/X (sky130_fd_sc_hd__a211o_2)
                                                         result[20] (net)
                      0.170054    0.000000    2.512336 ^ result[20] (out)
                                              2.512336   data arrival time

                      0.000000    0.000000    0.000000   clock __VIRTUAL_CLK__ (rise edge)
                                  0.000000    0.000000   clock network delay (ideal)
                                  0.250000    0.250000   clock uncertainty
                                  0.000000    0.250000   clock reconvergence pessimism
                                 -2.000000   -1.750000   output external delay
                                             -1.750000   data required time
---------------------------------------------------------------------------------------------
                                             -1.750000   data required time
                                             -2.512336   data arrival time
---------------------------------------------------------------------------------------------
                                              4.262335   slack (MET)


Startpoint: A[4] (input port clocked by __VIRTUAL_CLK__)
Endpoint: result[4] (output port clocked by __VIRTUAL_CLK__)
Path Group: __VIRTUAL_CLK__
Path Type: min

Fanout         Cap        Slew       Delay        Time   Description
---------------------------------------------------------------------------------------------
                      0.000000    0.000000    0.000000   clock __VIRTUAL_CLK__ (rise edge)
                                  0.000000    0.000000   clock network delay (ideal)
                                  2.000000    2.000000 ^ input external delay
    11    0.023114    0.111424    0.075198    2.075198 ^ A[4] (in)
                                                         A[4] (net)
                      0.111424    0.000000    2.075198 ^ _1186_/A2 (sky130_fd_sc_hd__a31o_2)
     1    0.002524    0.030862    0.155995    2.231193 ^ _1186_/X (sky130_fd_sc_hd__a31o_2)
                                                         _0357_ (net)
                      0.030862    0.000000    2.231193 ^ _1189_/B1 (sky130_fd_sc_hd__a211o_2)
     1    0.002504    0.025174    0.081423    2.312616 ^ _1189_/X (sky130_fd_sc_hd__a211o_2)
                                                         _0360_ (net)
                      0.025174    0.000000    2.312616 ^ _1190_/B1 (sky130_fd_sc_hd__a31o_2)
     2    0.034878    0.202383    0.206723    2.519338 ^ _1190_/X (sky130_fd_sc_hd__a31o_2)
                                                         result[4] (net)
                      0.202383    0.000000    2.519338 ^ result[4] (out)
                                              2.519338   data arrival time

                      0.000000    0.000000    0.000000   clock __VIRTUAL_CLK__ (rise edge)
                                  0.000000    0.000000   clock network delay (ideal)
                                  0.250000    0.250000   clock uncertainty
                                  0.000000    0.250000   clock reconvergence pessimism
                                 -2.000000   -1.750000   output external delay
                                             -1.750000   data required time
---------------------------------------------------------------------------------------------
                                             -1.750000   data required time
                                             -2.519338   data arrival time
---------------------------------------------------------------------------------------------
                                              4.269338   slack (MET)


Startpoint: B[28] (input port clocked by __VIRTUAL_CLK__)
Endpoint: result[28] (output port clocked by __VIRTUAL_CLK__)
Path Group: __VIRTUAL_CLK__
Path Type: min

Fanout         Cap        Slew       Delay        Time   Description
---------------------------------------------------------------------------------------------
                      0.000000    0.000000    0.000000   clock __VIRTUAL_CLK__ (rise edge)
                                  0.000000    0.000000   clock network delay (ideal)
                                  2.000000    2.000000 v input external delay
     4    0.011229    0.027552    0.018152    2.018152 v B[28] (in)
                                                         B[28] (net)
                      0.027552    0.000000    2.018152 v _0905_/A (sky130_fd_sc_hd__nor2_2)
     2    0.006564    0.100128    0.113066    2.131217 ^ _0905_/Y (sky130_fd_sc_hd__nor2_2)
                                                         _0080_ (net)
                      0.100128    0.000000    2.131217 ^ _0906_/B (sky130_fd_sc_hd__nor2_2)
     7    0.018467    0.053177    0.076054    2.207271 v _0906_/Y (sky130_fd_sc_hd__nor2_2)
                                                         _0081_ (net)
                      0.053177    0.000000    2.207271 v _1608_/A (sky130_fd_sc_hd__nand2_2)
     1    0.002445    0.028248    0.049345    2.256616 ^ _1608_/Y (sky130_fd_sc_hd__nand2_2)
                                                         _0755_ (net)
                      0.028248    0.000000    2.256616 ^ _1625_/A2 (sky130_fd_sc_hd__a31o_2)
     2    0.035049    0.203320    0.264464    2.521080 ^ _1625_/X (sky130_fd_sc_hd__a31o_2)
                                                         result[28] (net)
                      0.203320    0.000000    2.521080 ^ result[28] (out)
                                              2.521080   data arrival time

                      0.000000    0.000000    0.000000   clock __VIRTUAL_CLK__ (rise edge)
                                  0.000000    0.000000   clock network delay (ideal)
                                  0.250000    0.250000   clock uncertainty
                                  0.000000    0.250000   clock reconvergence pessimism
                                 -2.000000   -1.750000   output external delay
                                             -1.750000   data required time
---------------------------------------------------------------------------------------------
                                             -1.750000   data required time
                                             -2.521080   data arrival time
---------------------------------------------------------------------------------------------
                                              4.271080   slack (MET)


Startpoint: B[12] (input port clocked by __VIRTUAL_CLK__)
Endpoint: result[12] (output port clocked by __VIRTUAL_CLK__)
Path Group: __VIRTUAL_CLK__
Path Type: min

Fanout         Cap        Slew       Delay        Time   Description
---------------------------------------------------------------------------------------------
                      0.000000    0.000000    0.000000   clock __VIRTUAL_CLK__ (rise edge)
                                  0.000000    0.000000   clock network delay (ideal)
                                  2.000000    2.000000 ^ input external delay
     3    0.007741    0.042591    0.026664    2.026664 ^ B[12] (in)
                                                         B[12] (net)
                      0.042591    0.000000    2.026664 ^ _0993_/A (sky130_fd_sc_hd__or2_2)
     2    0.006352    0.046477    0.108681    2.135345 ^ _0993_/X (sky130_fd_sc_hd__or2_2)
                                                         _0168_ (net)
                      0.046477    0.000000    2.135345 ^ _1345_/B1 (sky130_fd_sc_hd__a2bb2o_2)
     1    0.001705    0.027619    0.135987    2.271332 ^ _1345_/X (sky130_fd_sc_hd__a2bb2o_2)
                                                         _0508_ (net)
                      0.027619    0.000000    2.271332 ^ _1347_/B (sky130_fd_sc_hd__or3_2)
     1    0.001469    0.023109    0.086149    2.357481 ^ _1347_/X (sky130_fd_sc_hd__or3_2)
                                                         _0510_ (net)
                      0.023109    0.000000    2.357481 ^ _1348_/C (sky130_fd_sc_hd__or3_2)
     2    0.034948    0.178647    0.200858    2.558340 ^ _1348_/X (sky130_fd_sc_hd__or3_2)
                                                         result[12] (net)
                      0.178647    0.000000    2.558340 ^ result[12] (out)
                                              2.558340   data arrival time

                      0.000000    0.000000    0.000000   clock __VIRTUAL_CLK__ (rise edge)
                                  0.000000    0.000000   clock network delay (ideal)
                                  0.250000    0.250000   clock uncertainty
                                  0.000000    0.250000   clock reconvergence pessimism
                                 -2.000000   -1.750000   output external delay
                                             -1.750000   data required time
---------------------------------------------------------------------------------------------
                                             -1.750000   data required time
                                             -2.558340   data arrival time
---------------------------------------------------------------------------------------------
                                              4.308340   slack (MET)


Startpoint: B[25] (input port clocked by __VIRTUAL_CLK__)
Endpoint: result[26] (output port clocked by __VIRTUAL_CLK__)
Path Group: __VIRTUAL_CLK__
Path Type: min

Fanout         Cap        Slew       Delay        Time   Description
---------------------------------------------------------------------------------------------
                      0.000000    0.000000    0.000000   clock __VIRTUAL_CLK__ (rise edge)
                                  0.000000    0.000000   clock network delay (ideal)
                                  2.000000    2.000000 v input external delay
     4    0.012138    0.029523    0.019623    2.019624 v B[25] (in)
                                                         B[25] (net)
                      0.029523    0.000000    2.019624 v _0923_/A1 (sky130_fd_sc_hd__o21a_2)
     3    0.008855    0.040600    0.217108    2.236731 v _0923_/X (sky130_fd_sc_hd__o21a_2)
                                                         _0098_ (net)
                      0.040600    0.000000    2.236731 v _1579_/B (sky130_fd_sc_hd__nand3_2)
     1    0.002445    0.038024    0.058051    2.294782 ^ _1579_/Y (sky130_fd_sc_hd__nand3_2)
                                                         _0728_ (net)
                      0.038024    0.000000    2.294782 ^ _1593_/A2 (sky130_fd_sc_hd__a31o_2)
     2    0.034948    0.202774    0.267030    2.561812 ^ _1593_/X (sky130_fd_sc_hd__a31o_2)
                                                         result[26] (net)
                      0.202774    0.000000    2.561812 ^ result[26] (out)
                                              2.561812   data arrival time

                      0.000000    0.000000    0.000000   clock __VIRTUAL_CLK__ (rise edge)
                                  0.000000    0.000000   clock network delay (ideal)
                                  0.250000    0.250000   clock uncertainty
                                  0.000000    0.250000   clock reconvergence pessimism
                                 -2.000000   -1.750000   output external delay
                                             -1.750000   data required time
---------------------------------------------------------------------------------------------
                                             -1.750000   data required time
                                             -2.561812   data arrival time
---------------------------------------------------------------------------------------------
                                              4.311812   slack (MET)


Startpoint: B[6] (input port clocked by __VIRTUAL_CLK__)
Endpoint: result[6] (output port clocked by __VIRTUAL_CLK__)
Path Group: __VIRTUAL_CLK__
Path Type: min

Fanout         Cap        Slew       Delay        Time   Description
---------------------------------------------------------------------------------------------
                      0.000000    0.000000    0.000000   clock __VIRTUAL_CLK__ (rise edge)
                                  0.000000    0.000000   clock network delay (ideal)
                                  2.000000    2.000000 ^ input external delay
     4    0.016941    0.083763    0.055937    2.055937 ^ B[6] (in)
                                                         B[6] (net)
                      0.083763    0.000000    2.055937 ^ _0981_/A (sky130_fd_sc_hd__xor2_2)
     7    0.027317    0.087959    0.141480    2.197417 v _0981_/X (sky130_fd_sc_hd__xor2_2)
                                                         _0156_ (net)
                      0.087959    0.000000    2.197417 v _1213_/A (sky130_fd_sc_hd__xnor2_2)
     1    0.002423    0.032923    0.146908    2.344325 ^ _1213_/Y (sky130_fd_sc_hd__xnor2_2)
                                                         _0382_ (net)
                      0.032923    0.000000    2.344325 ^ _1231_/A2 (sky130_fd_sc_hd__a21o_2)
     2    0.035091    0.179412    0.222345    2.566670 ^ _1231_/X (sky130_fd_sc_hd__a21o_2)
                                                         result[6] (net)
                      0.179412    0.000000    2.566670 ^ result[6] (out)
                                              2.566670   data arrival time

                      0.000000    0.000000    0.000000   clock __VIRTUAL_CLK__ (rise edge)
                                  0.000000    0.000000   clock network delay (ideal)
                                  0.250000    0.250000   clock uncertainty
                                  0.000000    0.250000   clock reconvergence pessimism
                                 -2.000000   -1.750000   output external delay
                                             -1.750000   data required time
---------------------------------------------------------------------------------------------
                                             -1.750000   data required time
                                             -2.566670   data arrival time
---------------------------------------------------------------------------------------------
                                              4.316670   slack (MET)


Startpoint: B[5] (input port clocked by __VIRTUAL_CLK__)
Endpoint: result[5] (output port clocked by __VIRTUAL_CLK__)
Path Group: __VIRTUAL_CLK__
Path Type: min

Fanout         Cap        Slew       Delay        Time   Description
---------------------------------------------------------------------------------------------
                      0.000000    0.000000    0.000000   clock __VIRTUAL_CLK__ (rise edge)
                                  0.000000    0.000000   clock network delay (ideal)
                                  2.000000    2.000000 ^ input external delay
     4    0.019822    0.096673    0.064926    2.064926 ^ B[5] (in)
                                                         B[5] (net)
                      0.096673    0.000000    2.064926 ^ _0951_/A (sky130_fd_sc_hd__nand2_2)
     4    0.009155    0.054736    0.070585    2.135511 v _0951_/Y (sky130_fd_sc_hd__nand2_2)
                                                         _0126_ (net)
                      0.054736    0.000000    2.135511 v _1202_/B1 (sky130_fd_sc_hd__o22a_2)
     1    0.004304    0.040500    0.203312    2.338823 v _1202_/X (sky130_fd_sc_hd__o22a_2)
                                                         _0372_ (net)
                      0.040500    0.000000    2.338823 v _1204_/A (sky130_fd_sc_hd__nand2_2)
     1    0.001649    0.023693    0.040805    2.379627 ^ _1204_/Y (sky130_fd_sc_hd__nand2_2)
                                                         _0374_ (net)
                      0.023693    0.000000    2.379627 ^ _1210_/A (sky130_fd_sc_hd__or3_2)
     2    0.035012    0.178936    0.205401    2.585028 ^ _1210_/X (sky130_fd_sc_hd__or3_2)
                                                         result[5] (net)
                      0.178936    0.000000    2.585028 ^ result[5] (out)
                                              2.585028   data arrival time

                      0.000000    0.000000    0.000000   clock __VIRTUAL_CLK__ (rise edge)
                                  0.000000    0.000000   clock network delay (ideal)
                                  0.250000    0.250000   clock uncertainty
                                  0.000000    0.250000   clock reconvergence pessimism
                                 -2.000000   -1.750000   output external delay
                                             -1.750000   data required time
---------------------------------------------------------------------------------------------
                                             -1.750000   data required time
                                             -2.585028   data arrival time
---------------------------------------------------------------------------------------------
                                              4.335029   slack (MET)


Startpoint: A[9] (input port clocked by __VIRTUAL_CLK__)
Endpoint: result[10] (output port clocked by __VIRTUAL_CLK__)
Path Group: __VIRTUAL_CLK__
Path Type: min

Fanout         Cap        Slew       Delay        Time   Description
---------------------------------------------------------------------------------------------
                      0.000000    0.000000    0.000000   clock __VIRTUAL_CLK__ (rise edge)
                                  0.000000    0.000000   clock network delay (ideal)
                                  2.000000    2.000000 v input external delay
    11    0.023402    0.053573    0.037500    2.037500 v A[9] (in)
                                                         A[9] (net)
                      0.053573    0.000000    2.037500 v _1019_/B (sky130_fd_sc_hd__nand2b_2)
     1    0.004522    0.042805    0.066877    2.104377 ^ _1019_/Y (sky130_fd_sc_hd__nand2b_2)
                                                         _0194_ (net)
                      0.042805    0.000000    2.104377 ^ _1021_/B1 (sky130_fd_sc_hd__o21ai_2)
     3    0.010371    0.052651    0.063925    2.168301 v _1021_/Y (sky130_fd_sc_hd__o21ai_2)
                                                         _0196_ (net)
                      0.052651    0.000000    2.168301 v _1022_/A (sky130_fd_sc_hd__inv_2)
     1    0.002481    0.023773    0.042280    2.210581 ^ _1022_/Y (sky130_fd_sc_hd__inv_2)
                                                         _0197_ (net)
                      0.023773    0.000000    2.210581 ^ _1292_/A1 (sky130_fd_sc_hd__a21bo_2)
     2    0.004056    0.036935    0.109930    2.320511 ^ _1292_/X (sky130_fd_sc_hd__a21bo_2)
                                                         _0457_ (net)
                      0.036935    0.000000    2.320511 ^ _1307_/A2 (sky130_fd_sc_hd__a31o_2)
     2    0.034938    0.202721    0.266665    2.587176 ^ _1307_/X (sky130_fd_sc_hd__a31o_2)
                                                         result[10] (net)
                      0.202721    0.000000    2.587176 ^ result[10] (out)
                                              2.587176   data arrival time

                      0.000000    0.000000    0.000000   clock __VIRTUAL_CLK__ (rise edge)
                                  0.000000    0.000000   clock network delay (ideal)
                                  0.250000    0.250000   clock uncertainty
                                  0.000000    0.250000   clock reconvergence pessimism
                                 -2.000000   -1.750000   output external delay
                                             -1.750000   data required time
---------------------------------------------------------------------------------------------
                                             -1.750000   data required time
                                             -2.587176   data arrival time
---------------------------------------------------------------------------------------------
                                              4.337176   slack (MET)


Startpoint: B[15] (input port clocked by __VIRTUAL_CLK__)
Endpoint: result[15] (output port clocked by __VIRTUAL_CLK__)
Path Group: __VIRTUAL_CLK__
Path Type: min

Fanout         Cap        Slew       Delay        Time   Description
---------------------------------------------------------------------------------------------
                      0.000000    0.000000    0.000000   clock __VIRTUAL_CLK__ (rise edge)
                                  0.000000    0.000000   clock network delay (ideal)
                                  2.000000    2.000000 v input external delay
     3    0.007854    0.020233    0.012687    2.012687 v B[15] (in)
                                                         B[15] (net)
                      0.020233    0.000000    2.012687 v _1000_/A (sky130_fd_sc_hd__nor2_2)
     4    0.010719    0.142428    0.141253    2.153940 ^ _1000_/Y (sky130_fd_sc_hd__nor2_2)
                                                         _0175_ (net)
                      0.142428    0.000000    2.153940 ^ _1002_/A (sky130_fd_sc_hd__nor2_2)
     6    0.018560    0.053356    0.093792    2.247732 v _1002_/Y (sky130_fd_sc_hd__nor2_2)
                                                         _0177_ (net)
                      0.053356    0.000000    2.247732 v _1388_/A (sky130_fd_sc_hd__xnor2_2)
     1    0.002423    0.032758    0.133429    2.381161 ^ _1388_/Y (sky130_fd_sc_hd__xnor2_2)
                                                         _0548_ (net)
                      0.032758    0.000000    2.381161 ^ _1402_/A2 (sky130_fd_sc_hd__a21o_2)
     2    0.034948    0.178725    0.221803    2.602964 ^ _1402_/X (sky130_fd_sc_hd__a21o_2)
                                                         result[15] (net)
                      0.178725    0.000000    2.602964 ^ result[15] (out)
                                              2.602964   data arrival time

                      0.000000    0.000000    0.000000   clock __VIRTUAL_CLK__ (rise edge)
                                  0.000000    0.000000   clock network delay (ideal)
                                  0.250000    0.250000   clock uncertainty
                                  0.000000    0.250000   clock reconvergence pessimism
                                 -2.000000   -1.750000   output external delay
                                             -1.750000   data required time
---------------------------------------------------------------------------------------------
                                             -1.750000   data required time
                                             -2.602964   data arrival time
---------------------------------------------------------------------------------------------
                                              4.352964   slack (MET)


Startpoint: control[3] (input port clocked by __VIRTUAL_CLK__)
Endpoint: zero (output port clocked by __VIRTUAL_CLK__)
Path Group: __VIRTUAL_CLK__
Path Type: min

Fanout         Cap        Slew       Delay        Time   Description
---------------------------------------------------------------------------------------------
                      0.000000    0.000000    0.000000   clock __VIRTUAL_CLK__ (rise edge)
                                  0.000000    0.000000   clock network delay (ideal)
                                  2.000000    2.000000 ^ input external delay
    11    0.021036    0.102113    0.068714    2.068714 ^ control[3] (in)
                                                         control[3] (net)
                      0.102113    0.000000    2.068714 ^ _1068_/A2 (sky130_fd_sc_hd__a31o_2)
     2    0.034948    0.202767    0.285701    2.354415 ^ _1068_/X (sky130_fd_sc_hd__a31o_2)
                                                         result[0] (net)
                      0.202767    0.000000    2.354415 ^ _1678_/A (sky130_fd_sc_hd__or4_2)
     1    0.004638    0.037818    0.165323    2.519738 ^ _1678_/X (sky130_fd_sc_hd__or4_2)
                                                         _0821_ (net)
                      0.037818    0.000000    2.519738 ^ _1682_/C (sky130_fd_sc_hd__nor4_2)
     1    0.033442    0.081663    0.088978    2.608716 v _1682_/Y (sky130_fd_sc_hd__nor4_2)
                                                         zero (net)
                      0.081663    0.000000    2.608716 v zero (out)
                                              2.608716   data arrival time

                      0.000000    0.000000    0.000000   clock __VIRTUAL_CLK__ (rise edge)
                                  0.000000    0.000000   clock network delay (ideal)
                                  0.250000    0.250000   clock uncertainty
                                  0.000000    0.250000   clock reconvergence pessimism
                                 -2.000000   -1.750000   output external delay
                                             -1.750000   data required time
---------------------------------------------------------------------------------------------
                                             -1.750000   data required time
                                             -2.608716   data arrival time
---------------------------------------------------------------------------------------------
                                              4.358716   slack (MET)


Startpoint: B[16] (input port clocked by __VIRTUAL_CLK__)
Endpoint: result[16] (output port clocked by __VIRTUAL_CLK__)
Path Group: __VIRTUAL_CLK__
Path Type: min

Fanout         Cap        Slew       Delay        Time   Description
---------------------------------------------------------------------------------------------
                      0.000000    0.000000    0.000000   clock __VIRTUAL_CLK__ (rise edge)
                                  0.000000    0.000000   clock network delay (ideal)
                                  2.000000    2.000000 v input external delay
     3    0.009995    0.024876    0.016154    2.016154 v B[16] (in)
                                                         B[16] (net)
                      0.024876    0.000000    2.016154 v _1036_/A (sky130_fd_sc_hd__nand2_2)
     6    0.022437    0.125199    0.108456    2.124610 ^ _1036_/Y (sky130_fd_sc_hd__nand2_2)
                                                         _0211_ (net)
                      0.125199    0.000000    2.124610 ^ _1039_/A (sky130_fd_sc_hd__nand2_2)
     4    0.013992    0.064456    0.094865    2.219475 v _1039_/Y (sky130_fd_sc_hd__nand2_2)
                                                         _0214_ (net)
                      0.064456    0.000000    2.219475 v _1412_/A1 (sky130_fd_sc_hd__a311oi_2)
     1    0.001615    0.109353    0.175303    2.394778 ^ _1412_/Y (sky130_fd_sc_hd__a311oi_2)
                                                         _0571_ (net)
                      0.109353    0.000000    2.394778 ^ _1425_/B (sky130_fd_sc_hd__or3b_2)
     2    0.035049    0.206103    0.250130    2.644908 ^ _1425_/X (sky130_fd_sc_hd__or3b_2)
                                                         result[16] (net)
                      0.206103    0.000000    2.644908 ^ result[16] (out)
                                              2.644908   data arrival time

                      0.000000    0.000000    0.000000   clock __VIRTUAL_CLK__ (rise edge)
                                  0.000000    0.000000   clock network delay (ideal)
                                  0.250000    0.250000   clock uncertainty
                                  0.000000    0.250000   clock reconvergence pessimism
                                 -2.000000   -1.750000   output external delay
                                             -1.750000   data required time
---------------------------------------------------------------------------------------------
                                             -1.750000   data required time
                                             -2.644908   data arrival time
---------------------------------------------------------------------------------------------
                                              4.394907   slack (MET)



