Reading timing models for corner max_tt_025C_1v80…
Reading timing library for the 'max_tt_025C_1v80' corner at '/root/.ciel/ciel/sky130/versions/8afc8346a57fe1ab7934ba5a6056ea8b43078e71/sky130A/libs.ref/sky130_fd_sc_hd/lib/sky130_fd_sc_hd__tt_025C_1v80.lib'…
Reading timing models for corner min_ss_100C_1v60…
Reading timing library for the 'min_ss_100C_1v60' corner at '/root/.ciel/ciel/sky130/versions/8afc8346a57fe1ab7934ba5a6056ea8b43078e71/sky130A/libs.ref/sky130_fd_sc_hd/lib/sky130_fd_sc_hd__ss_100C_1v60.lib'…
Reading timing models for corner nom_tt_025C_1v80…
Reading timing library for the 'nom_tt_025C_1v80' corner at '/root/.ciel/ciel/sky130/versions/8afc8346a57fe1ab7934ba5a6056ea8b43078e71/sky130A/libs.ref/sky130_fd_sc_hd/lib/sky130_fd_sc_hd__tt_025C_1v80.lib'…
[WARNING STA-1140] /root/.ciel/ciel/sky130/versions/8afc8346a57fe1ab7934ba5a6056ea8b43078e71/sky130A/libs.ref/sky130_fd_sc_hd/lib/sky130_fd_sc_hd__tt_025C_1v80.lib line 1, library sky130_fd_sc_hd__tt_025C_1v80 already exists.
Reading timing models for corner max_ff_n40C_1v95…
Reading timing library for the 'max_ff_n40C_1v95' corner at '/root/.ciel/ciel/sky130/versions/8afc8346a57fe1ab7934ba5a6056ea8b43078e71/sky130A/libs.ref/sky130_fd_sc_hd/lib/sky130_fd_sc_hd__ff_n40C_1v95.lib'…
Reading timing models for corner nom_ff_n40C_1v95…
Reading timing library for the 'nom_ff_n40C_1v95' corner at '/root/.ciel/ciel/sky130/versions/8afc8346a57fe1ab7934ba5a6056ea8b43078e71/sky130A/libs.ref/sky130_fd_sc_hd/lib/sky130_fd_sc_hd__ff_n40C_1v95.lib'…
[WARNING STA-1140] /root/.ciel/ciel/sky130/versions/8afc8346a57fe1ab7934ba5a6056ea8b43078e71/sky130A/libs.ref/sky130_fd_sc_hd/lib/sky130_fd_sc_hd__ff_n40C_1v95.lib line 1, library sky130_fd_sc_hd__ff_n40C_1v95 already exists.
Reading timing models for corner max_ss_100C_1v60…
Reading timing library for the 'max_ss_100C_1v60' corner at '/root/.ciel/ciel/sky130/versions/8afc8346a57fe1ab7934ba5a6056ea8b43078e71/sky130A/libs.ref/sky130_fd_sc_hd/lib/sky130_fd_sc_hd__ss_100C_1v60.lib'…
[WARNING STA-1140] /root/.ciel/ciel/sky130/versions/8afc8346a57fe1ab7934ba5a6056ea8b43078e71/sky130A/libs.ref/sky130_fd_sc_hd/lib/sky130_fd_sc_hd__ss_100C_1v60.lib line 1, library sky130_fd_sc_hd__ss_100C_1v60 already exists.
Reading timing models for corner min_tt_025C_1v80…
Reading timing library for the 'min_tt_025C_1v80' corner at '/root/.ciel/ciel/sky130/versions/8afc8346a57fe1ab7934ba5a6056ea8b43078e71/sky130A/libs.ref/sky130_fd_sc_hd/lib/sky130_fd_sc_hd__tt_025C_1v80.lib'…
[WARNING STA-1140] /root/.ciel/ciel/sky130/versions/8afc8346a57fe1ab7934ba5a6056ea8b43078e71/sky130A/libs.ref/sky130_fd_sc_hd/lib/sky130_fd_sc_hd__tt_025C_1v80.lib line 1, library sky130_fd_sc_hd__tt_025C_1v80 already exists.
Reading timing models for corner nom_ss_100C_1v60…
Reading timing library for the 'nom_ss_100C_1v60' corner at '/root/.ciel/ciel/sky130/versions/8afc8346a57fe1ab7934ba5a6056ea8b43078e71/sky130A/libs.ref/sky130_fd_sc_hd/lib/sky130_fd_sc_hd__ss_100C_1v60.lib'…
[WARNING STA-1140] /root/.ciel/ciel/sky130/versions/8afc8346a57fe1ab7934ba5a6056ea8b43078e71/sky130A/libs.ref/sky130_fd_sc_hd/lib/sky130_fd_sc_hd__ss_100C_1v60.lib line 1, library sky130_fd_sc_hd__ss_100C_1v60 already exists.
Reading timing models for corner min_ff_n40C_1v95…
Reading timing library for the 'min_ff_n40C_1v95' corner at '/root/.ciel/ciel/sky130/versions/8afc8346a57fe1ab7934ba5a6056ea8b43078e71/sky130A/libs.ref/sky130_fd_sc_hd/lib/sky130_fd_sc_hd__ff_n40C_1v95.lib'…
[WARNING STA-1140] /root/.ciel/ciel/sky130/versions/8afc8346a57fe1ab7934ba5a6056ea8b43078e71/sky130A/libs.ref/sky130_fd_sc_hd/lib/sky130_fd_sc_hd__ff_n40C_1v95.lib line 1, library sky130_fd_sc_hd__ff_n40C_1v95 already exists.
Reading OpenROAD database at '/work/runs/RUN_2026-08-06_09-53-31/28-openroad-globalplacement/registerfile.odb'…
Reading design constraints file at '/nix/store/ffl2vg3m80k0p74pyffnmai83fnv38mf-python3-3.13.9-env/lib/python3.13/site-packages/librelane/scripts/base.sdc'…
[INFO] Using clock clk…
[INFO] Setting output delay to: 2
[INFO] Setting input delay to: 2
[INFO] Setting load to: 0.033442
[INFO] Setting clock uncertainty to: 0.25
[INFO] Setting clock transition to: 0.1499999999999999944488848768742172978818416595458984375
[INFO] Setting timing derate to: 5%
[INFO RSZ-0027] Inserted 49 sky130_fd_sc_hd__clkdlybuf4s25_1 input buffers.
[INFO RSZ-0028] Inserted 64 sky130_fd_sc_hd__clkdlybuf4s25_1 output buffers.
+ repair_design -verbose -max_wire_length 0 -slew_margin 20 -cap_margin 20
Iteration |   Area    | Resized | Buffers | Nets repaired | Remaining
---------------------------------------------------------------------
        0 |     +0.0% |       0 |       0 |             0 |      3743
       10 |     +0.0% |       0 |       0 |             0 |      3733
       20 |     +0.0% |       0 |       0 |             0 |      3723
       30 |     +0.0% |       0 |       0 |             0 |      3713
       40 |     +0.0% |       0 |       0 |             0 |      3703
       50 |     +0.0% |       0 |       0 |             0 |      3693
       60 |     +0.0% |       0 |       0 |             0 |      3683
       70 |     +0.0% |       0 |       0 |             0 |      3673
       80 |     +0.0% |       0 |       0 |             0 |      3663
       90 |     +0.0% |       0 |       0 |             0 |      3653
      100 |     +0.0% |       0 |       0 |             0 |      3643
      110 |     +0.0% |       0 |       0 |             0 |      3633
      120 |     +0.0% |       0 |       0 |             0 |      3623
      130 |     +0.0% |       0 |       0 |             0 |      3613
      140 |     +0.0% |       0 |       0 |             0 |      3603
      150 |     +0.0% |       0 |       0 |             0 |      3593
      160 |     +0.0% |       0 |       0 |             0 |      3583
      170 |     +0.0% |       0 |       0 |             0 |      3573
      180 |     +0.0% |       0 |       0 |             0 |      3563
      190 |     +0.0% |       0 |       0 |             0 |      3553
      200 |     +0.0% |       0 |       0 |             0 |      3543
      210 |     +0.0% |       0 |       0 |             0 |      3533
      220 |     +0.0% |       0 |       0 |             0 |      3523
      230 |     +0.0% |       0 |       0 |             0 |      3513
      240 |     +0.0% |       0 |       0 |             0 |      3503
      250 |     +0.0% |       0 |       0 |             0 |      3493
      260 |     +0.0% |       0 |       0 |             0 |      3483
      270 |     +0.0% |       0 |       0 |             0 |      3473
      280 |     +0.0% |       0 |       0 |             0 |      3463
      290 |     +0.0% |       0 |       0 |             0 |      3453
      300 |     +0.0% |       0 |       0 |             0 |      3443
      310 |     +0.0% |       0 |       0 |             0 |      3433
      320 |     +0.0% |       0 |       0 |             0 |      3423
      330 |     +0.0% |       0 |       0 |             0 |      3413
      340 |     +0.0% |       0 |       0 |             0 |      3403
      350 |     +0.0% |       0 |       0 |             0 |      3393
      360 |     +0.0% |       0 |       0 |             0 |      3383
      370 |     +0.0% |       0 |       0 |             0 |      3373
      380 |     +0.0% |       0 |       0 |             0 |      3363
      390 |     +0.0% |       0 |       0 |             0 |      3353
      400 |     +0.0% |       0 |       0 |             0 |      3343
      410 |     +0.0% |       0 |       0 |             0 |      3333
      420 |     +0.0% |       0 |       0 |             0 |      3323
      430 |     +0.0% |       0 |       0 |             0 |      3313
      440 |     +0.0% |       0 |       0 |             0 |      3303
      450 |     +0.0% |       0 |       0 |             0 |      3293
      460 |     +0.0% |       0 |       0 |             0 |      3283
      470 |     +0.0% |       0 |       0 |             0 |      3273
      480 |     +0.0% |       0 |       0 |             0 |      3263
      490 |     +0.0% |       0 |       0 |             0 |      3253
      500 |     +0.0% |       0 |       0 |             0 |      3243
      510 |     +0.0% |       0 |       0 |             0 |      3233
      520 |     +0.0% |       0 |       0 |             0 |      3223
      530 |     +0.0% |       0 |       0 |             0 |      3213
      540 |     +0.0% |       0 |       0 |             0 |      3203
      550 |     +0.0% |       0 |       0 |             0 |      3193
      560 |     +0.0% |       0 |       0 |             0 |      3183
      570 |     +0.0% |       0 |       0 |             0 |      3173
      580 |     +0.0% |       0 |       0 |             0 |      3163
      590 |     +0.0% |       0 |       0 |             0 |      3153
      600 |     +0.0% |       0 |       0 |             0 |      3143
      610 |     +0.0% |       0 |       0 |             0 |      3133
      620 |     +0.0% |       0 |       0 |             0 |      3123
      630 |     +0.0% |       0 |       0 |             0 |      3113
      640 |     +0.0% |       0 |       0 |             0 |      3103
      650 |     +0.0% |       0 |       0 |             0 |      3093
      660 |     +0.0% |       0 |       0 |             0 |      3083
      670 |     +0.0% |       0 |       0 |             0 |      3073
      680 |     +0.0% |       0 |       0 |             0 |      3063
      690 |     +0.0% |       0 |       0 |             0 |      3053
      700 |     +0.0% |       0 |       0 |             0 |      3043
      710 |     +0.0% |       0 |       0 |             0 |      3033
      720 |     +0.0% |       0 |       0 |             0 |      3023
      730 |     +0.0% |       0 |       0 |             0 |      3013
      740 |     +0.0% |       0 |       0 |             0 |      3003
      750 |     +0.0% |       0 |       0 |             0 |      2993
      760 |     +0.0% |       0 |       0 |             0 |      2983
      770 |     +0.0% |       0 |       0 |             0 |      2973
      780 |     +0.0% |       0 |       0 |             0 |      2963
      790 |     +0.0% |       0 |       0 |             0 |      2953
      800 |     +0.0% |       0 |       0 |             0 |      2943
      810 |     +0.0% |       0 |       0 |             0 |      2933
      820 |     +0.0% |       0 |       0 |             0 |      2923
      830 |     +0.0% |       0 |       0 |             0 |      2913
      840 |     +0.0% |       0 |       0 |             0 |      2903
      850 |     +0.0% |       0 |       0 |             0 |      2893
      860 |     +0.0% |       0 |       0 |             0 |      2883
      870 |     +0.0% |       0 |       0 |             0 |      2873
      880 |     +0.0% |       0 |       0 |             0 |      2863
      890 |     +0.0% |       0 |       0 |             0 |      2853
      900 |     +0.0% |       0 |       0 |             0 |      2843
      910 |     +0.0% |       0 |       0 |             0 |      2833
      920 |     +0.0% |       0 |       0 |             0 |      2823
      930 |     +0.0% |       0 |       0 |             0 |      2813
      940 |     +0.0% |       0 |       0 |             0 |      2803
      950 |     +0.0% |       0 |       0 |             0 |      2793
      960 |     +0.0% |       0 |       0 |             0 |      2783
      970 |     +0.0% |       0 |       0 |             0 |      2773
      980 |     +0.0% |       0 |       0 |             0 |      2763
      990 |     +0.0% |       0 |       0 |             0 |      2753
     1000 |     +0.0% |       0 |       0 |             0 |      2743
     1010 |     +0.0% |       0 |       0 |             0 |      2733
     1020 |     +0.0% |       0 |       0 |             0 |      2723
     1030 |     +0.0% |       0 |       0 |             0 |      2713
     1040 |     +0.0% |       0 |       0 |             0 |      2703
     1050 |     +0.0% |       0 |       0 |             0 |      2693
     1060 |     +0.0% |       0 |       0 |             0 |      2683
     1070 |     +0.0% |       0 |       0 |             0 |      2673
     1080 |     +0.0% |       0 |       0 |             0 |      2663
     1090 |     +0.0% |       0 |       0 |             0 |      2653
     1100 |     +0.0% |       0 |       0 |             0 |      2643
     1110 |     +0.0% |       0 |       0 |             0 |      2633
     1120 |     +0.0% |       0 |       0 |             0 |      2623
     1130 |     +0.0% |       0 |       0 |             0 |      2613
     1140 |     +0.0% |       0 |       0 |             0 |      2603
     1150 |     +0.0% |       0 |       0 |             0 |      2593
     1160 |     +0.0% |       0 |       0 |             0 |      2583
     1170 |     +0.0% |       0 |       0 |             0 |      2573
     1180 |     +0.0% |       0 |       0 |             0 |      2563
     1190 |     +0.0% |       0 |       0 |             0 |      2553
     1200 |     +0.0% |       0 |       0 |             0 |      2543
     1210 |     +0.0% |       0 |       0 |             0 |      2533
     1220 |     +0.1% |       0 |       6 |             1 |      2523
     1230 |     +1.2% |       1 |      71 |            11 |      2513
     1240 |     +2.4% |       1 |     140 |            21 |      2503
     1250 |     +3.6% |       1 |     214 |            31 |      2493
     1260 |     +3.6% |       1 |     214 |            31 |      2483
     1270 |     +3.6% |       1 |     214 |            31 |      2473
     1280 |     +3.6% |       1 |     214 |            31 |      2463
     1290 |     +3.6% |       1 |     214 |            31 |      2453
     1300 |     +3.6% |       1 |     214 |            31 |      2443
     1310 |     +3.6% |       1 |     214 |            31 |      2433
     1320 |     +3.6% |       1 |     214 |            31 |      2423
     1330 |     +3.6% |       1 |     214 |            31 |      2413
     1340 |     +3.6% |       1 |     214 |            31 |      2403
     1350 |     +3.6% |       1 |     214 |            31 |      2393
     1360 |     +3.6% |       1 |     214 |            31 |      2383
     1370 |     +3.6% |       1 |     214 |            31 |      2373
     1380 |     +3.6% |       1 |     214 |            31 |      2363
     1390 |     +3.6% |       1 |     214 |            31 |      2353
     1400 |     +3.6% |       1 |     214 |            31 |      2343
     1410 |     +3.6% |       1 |     214 |            31 |      2333
     1420 |     +3.6% |       1 |     214 |            31 |      2323
     1430 |     +3.6% |       1 |     214 |            31 |      2313
     1440 |     +3.6% |       1 |     214 |            31 |      2303
     1450 |     +4.8% |       2 |     285 |            41 |      2293
     1460 |     +6.0% |       2 |     353 |            51 |      2283
     1470 |     +7.2% |       2 |     427 |            61 |      2273
     1480 |     +7.4% |       2 |     435 |            62 |      2263
     1490 |     +7.4% |       2 |     435 |            62 |      2253
     1500 |     +7.4% |       2 |     435 |            62 |      2243
     1510 |     +7.4% |       2 |     435 |            62 |      2233
     1520 |     +7.4% |       2 |     435 |            62 |      2223
     1530 |     +7.4% |       2 |     435 |            62 |      2213
     1540 |     +7.4% |       2 |     435 |            62 |      2203
     1550 |     +7.4% |       2 |     435 |            62 |      2193
     1560 |     +7.4% |       2 |     435 |            62 |      2183
     1570 |     +7.4% |       2 |     435 |            62 |      2173
     1580 |     +7.4% |       2 |     435 |            62 |      2163
     1590 |     +7.4% |       2 |     435 |            62 |      2153
     1600 |     +7.4% |       2 |     435 |            62 |      2143
     1610 |     +7.4% |       2 |     435 |            62 |      2133
     1620 |     +7.4% |       2 |     435 |            62 |      2123
     1630 |     +7.4% |       2 |     435 |            62 |      2113
     1640 |     +7.4% |       2 |     435 |            62 |      2103
     1650 |     +7.4% |       2 |     435 |            62 |      2093
     1660 |     +7.4% |       2 |     435 |            62 |      2083
     1670 |     +7.4% |       2 |     435 |            62 |      2073
     1680 |     +7.4% |       2 |     435 |            62 |      2063
     1690 |     +7.4% |       2 |     435 |            62 |      2053
     1700 |     +7.4% |       2 |     435 |            62 |      2043
     1710 |     +7.4% |       2 |     435 |            62 |      2033
     1720 |     +7.4% |       2 |     435 |            62 |      2023
     1730 |     +7.4% |       2 |     435 |            62 |      2013
     1740 |     +7.4% |       2 |     435 |            62 |      2003
     1750 |     +7.4% |       2 |     435 |            62 |      1993
     1760 |     +7.4% |       2 |     435 |            62 |      1983
     1770 |     +7.4% |       2 |     435 |            62 |      1973
     1780 |     +7.4% |       2 |     435 |            62 |      1963
     1790 |     +7.4% |       2 |     435 |            62 |      1953
     1800 |     +7.4% |       2 |     435 |            62 |      1943
     1810 |     +7.4% |       2 |     435 |            62 |      1933
     1820 |     +7.4% |       2 |     435 |            62 |      1923
     1830 |     +7.4% |       2 |     435 |            62 |      1913
     1840 |     +7.4% |       2 |     435 |            62 |      1903
     1850 |     +7.4% |       2 |     435 |            62 |      1893
     1860 |     +7.4% |       2 |     435 |            62 |      1883
     1870 |     +7.4% |       2 |     435 |            62 |      1873
     1880 |     +7.4% |       2 |     435 |            62 |      1863
     1890 |     +7.4% |       2 |     435 |            62 |      1853
     1900 |     +7.4% |       2 |     435 |            62 |      1843
     1910 |     +7.4% |       2 |     435 |            62 |      1833
     1920 |     +7.4% |       2 |     435 |            62 |      1823
     1930 |     +7.4% |       2 |     435 |            62 |      1813
     1940 |     +7.4% |       2 |     435 |            62 |      1803
     1950 |     +7.4% |       2 |     435 |            62 |      1793
     1960 |     +7.4% |       2 |     435 |            62 |      1783
     1970 |     +7.4% |       2 |     435 |            62 |      1773
     1980 |     +7.4% |       2 |     435 |            62 |      1763
     1990 |     +7.4% |       2 |     435 |            62 |      1753
     2000 |     +7.4% |       2 |     435 |            62 |      1743
     2010 |     +7.4% |       2 |     435 |            62 |      1733
     2020 |     +7.4% |       2 |     435 |            62 |      1723
     2030 |     +7.4% |       2 |     435 |            62 |      1713
     2040 |     +7.4% |       2 |     435 |            62 |      1703
     2050 |     +7.4% |       2 |     435 |            62 |      1693
     2060 |     +7.4% |       2 |     435 |            62 |      1683
     2070 |     +7.4% |       2 |     435 |            62 |      1673
     2080 |     +7.4% |       2 |     435 |            62 |      1663
     2090 |     +7.4% |       2 |     435 |            62 |      1653
     2100 |     +7.4% |       2 |     435 |            62 |      1643
     2110 |     +7.4% |       2 |     435 |            62 |      1633
     2120 |     +7.4% |       2 |     435 |            62 |      1623
     2130 |     +7.4% |       2 |     435 |            62 |      1613
     2140 |     +7.4% |       2 |     435 |            62 |      1603
     2150 |     +7.4% |       2 |     435 |            62 |      1593
     2160 |     +7.4% |       2 |     435 |            62 |      1583
     2170 |     +7.4% |       2 |     435 |            62 |      1573
     2180 |     +7.4% |       2 |     435 |            62 |      1563
     2190 |     +7.4% |       2 |     435 |            62 |      1553
     2200 |     +7.4% |       2 |     435 |            62 |      1543
     2210 |     +7.4% |       2 |     435 |            62 |      1533
     2220 |     +7.5% |       2 |     441 |            63 |      1523
     2230 |     +7.5% |       2 |     441 |            63 |      1513
     2240 |     +7.5% |       2 |     441 |            63 |      1503
     2250 |     +7.5% |       2 |     441 |            63 |      1493
     2260 |     +7.5% |       2 |     441 |            63 |      1483
     2270 |     +7.5% |       2 |     441 |            63 |      1473
     2280 |     +7.5% |       2 |     441 |            63 |      1463
     2290 |     +7.5% |       2 |     441 |            63 |      1453
     2300 |     +7.5% |       2 |     441 |            63 |      1443
     2310 |     +7.5% |       2 |     441 |            63 |      1433
     2320 |     +7.5% |       2 |     441 |            63 |      1423
     2330 |     +7.5% |       2 |     441 |            63 |      1413
     2340 |     +7.5% |       2 |     441 |            63 |      1403
     2350 |     +7.5% |       2 |     441 |            63 |      1393
     2360 |     +7.5% |       2 |     441 |            63 |      1383
     2370 |     +7.5% |       2 |     441 |            63 |      1373
     2380 |     +7.5% |       2 |     441 |            63 |      1363
     2390 |     +7.5% |       2 |     441 |            63 |      1353
     2400 |     +7.5% |       2 |     441 |            63 |      1343
     2410 |     +7.5% |       2 |     441 |            63 |      1333
     2420 |     +7.5% |       2 |     441 |            63 |      1323
     2430 |     +7.5% |       2 |     441 |            63 |      1313
     2440 |     +7.5% |       2 |     441 |            63 |      1303
     2450 |     +7.5% |       2 |     441 |            63 |      1293
     2460 |     +7.5% |       2 |     441 |            63 |      1283
     2470 |     +7.5% |       2 |     441 |            63 |      1273
     2480 |     +7.5% |       2 |     441 |            63 |      1263
     2490 |     +7.5% |       2 |     441 |            63 |      1253
     2500 |     +7.5% |       2 |     441 |            63 |      1243
     2510 |     +7.5% |       2 |     441 |            63 |      1233
     2520 |     +7.5% |       2 |     441 |            63 |      1223
     2530 |     +7.5% |       2 |     441 |            63 |      1213
     2540 |     +7.5% |       2 |     441 |            63 |      1203
     2550 |     +7.5% |       2 |     441 |            63 |      1193
     2560 |     +7.5% |       2 |     441 |            63 |      1183
     2570 |     +7.5% |       2 |     441 |            63 |      1173
     2580 |     +7.5% |       2 |     441 |            63 |      1163
     2590 |     +7.6% |       2 |     448 |            64 |      1153
     2600 |     +7.8% |       2 |     458 |            66 |      1143
     2610 |     +7.8% |       2 |     458 |            66 |      1133
     2620 |     +7.8% |       2 |     458 |            66 |      1123
     2630 |     +7.8% |       2 |     458 |            66 |      1113
     2640 |     +7.8% |       2 |     458 |            66 |      1103
     2650 |     +7.8% |       2 |     458 |            66 |      1093
     2660 |     +7.8% |       2 |     458 |            66 |      1083
     2670 |     +7.8% |       2 |     458 |            66 |      1073
     2680 |     +7.8% |       2 |     458 |            66 |      1063
     2690 |     +7.8% |       2 |     458 |            66 |      1053
     2700 |     +7.8% |       2 |     458 |            66 |      1043
     2710 |     +7.8% |       2 |     458 |            66 |      1033
     2720 |     +7.8% |       2 |     458 |            66 |      1023
     2730 |     +7.8% |       2 |     458 |            66 |      1013
     2740 |     +7.8% |       2 |     458 |            66 |      1003
     2750 |     +7.8% |       2 |     458 |            66 |       993
     2760 |     +7.8% |       2 |     458 |            66 |       983
     2770 |     +7.8% |       2 |     458 |            66 |       973
     2780 |     +7.8% |       2 |     458 |            66 |       963
     2790 |     +7.8% |       2 |     458 |            66 |       953
     2800 |     +7.8% |       2 |     458 |            66 |       943
     2810 |     +7.8% |       2 |     458 |            66 |       933
     2820 |     +7.8% |       2 |     458 |            66 |       923
     2830 |     +7.8% |       2 |     458 |            66 |       913
     2840 |     +7.8% |       2 |     458 |            66 |       903
     2850 |     +7.8% |       2 |     458 |            66 |       893
     2860 |     +7.8% |       2 |     458 |            66 |       883
     2870 |     +7.8% |       2 |     458 |            66 |       873
     2880 |     +7.8% |       2 |     458 |            66 |       863
     2890 |     +7.8% |       2 |     458 |            66 |       853
     2900 |     +7.8% |       2 |     458 |            66 |       843
     2910 |     +7.8% |       2 |     458 |            66 |       833
     2920 |     +7.8% |       2 |     458 |            66 |       823
     2930 |     +7.8% |       2 |     458 |            66 |       813
     2940 |     +7.8% |       2 |     458 |            66 |       803
     2950 |     +7.8% |       2 |     458 |            66 |       793
     2960 |     +7.8% |       2 |     458 |            66 |       783
     2970 |     +7.8% |       2 |     458 |            66 |       773
     2980 |     +7.8% |       2 |     458 |            66 |       763
     2990 |     +7.8% |       2 |     458 |            66 |       753
     3000 |     +7.8% |       2 |     458 |            66 |       743
     3010 |     +7.8% |       2 |     458 |            66 |       733
     3020 |     +7.8% |       2 |     458 |            66 |       723
     3030 |     +7.8% |       2 |     458 |            66 |       713
     3040 |     +7.8% |       2 |     458 |            66 |       703
     3050 |     +7.8% |       2 |     458 |            66 |       693
     3060 |     +7.8% |       2 |     458 |            66 |       683
     3070 |     +7.8% |       2 |     458 |            66 |       673
     3080 |     +7.8% |       2 |     458 |            66 |       663
     3090 |     +7.8% |       2 |     458 |            66 |       653
     3100 |     +7.8% |       2 |     458 |            66 |       643
     3110 |     +7.8% |       2 |     458 |            66 |       633
     3120 |     +7.8% |       2 |     458 |            66 |       623
     3130 |     +7.8% |       2 |     458 |            66 |       613
     3140 |     +7.8% |       2 |     458 |            66 |       603
     3150 |     +7.8% |       2 |     458 |            66 |       593
     3160 |     +7.8% |       2 |     458 |            66 |       583
     3170 |     +7.8% |       2 |     458 |            66 |       573
     3180 |     +7.8% |       2 |     458 |            66 |       563
     3190 |     +7.8% |       2 |     458 |            66 |       553
     3200 |     +7.8% |       2 |     458 |            66 |       543
     3210 |     +7.8% |       2 |     458 |            66 |       533
     3220 |     +7.8% |       2 |     458 |            66 |       523
     3230 |     +7.8% |       2 |     458 |            66 |       513
     3240 |     +7.8% |       2 |     458 |            66 |       503
     3250 |     +7.8% |       2 |     458 |            66 |       493
     3260 |     +7.8% |       2 |     458 |            66 |       483
     3270 |     +7.8% |       2 |     458 |            66 |       473
     3280 |     +7.8% |       2 |     458 |            66 |       463
     3290 |     +7.8% |       2 |     458 |            66 |       453
     3300 |     +7.8% |       2 |     458 |            66 |       443
     3310 |     +7.8% |       2 |     458 |            66 |       433
     3320 |     +7.8% |       2 |     458 |            66 |       423
     3330 |     +7.8% |       2 |     458 |            66 |       413
     3340 |     +7.8% |       2 |     458 |            66 |       403
     3350 |     +7.8% |       2 |     458 |            66 |       393
     3360 |     +7.8% |       2 |     458 |            66 |       383
     3370 |     +7.8% |       2 |     458 |            66 |       373
     3380 |     +7.8% |       2 |     458 |            66 |       363
     3390 |     +7.8% |       2 |     458 |            66 |       353
     3400 |     +7.8% |       2 |     458 |            66 |       343
     3410 |     +7.8% |       2 |     458 |            66 |       333
     3420 |     +7.8% |       2 |     458 |            66 |       323
     3430 |     +7.8% |       2 |     458 |            66 |       313
     3440 |     +7.8% |       2 |     458 |            66 |       303
     3450 |     +7.8% |       2 |     458 |            66 |       293
     3460 |     +7.8% |       2 |     458 |            66 |       283
     3470 |     +7.8% |       2 |     458 |            66 |       273
     3480 |     +7.8% |       2 |     458 |            66 |       263
     3490 |     +7.8% |       2 |     458 |            66 |       253
     3500 |     +7.8% |       2 |     458 |            66 |       243
     3510 |     +7.8% |       2 |     458 |            66 |       233
     3520 |     +7.8% |       2 |     458 |            66 |       223
     3530 |     +7.8% |       2 |     458 |            66 |       213
     3540 |     +7.8% |       2 |     458 |            66 |       203
     3550 |     +7.8% |       2 |     458 |            66 |       193
     3560 |     +7.8% |       2 |     458 |            66 |       183
     3570 |     +7.8% |       2 |     458 |            66 |       173
     3580 |     +7.8% |       2 |     458 |            66 |       163
     3590 |     +7.8% |       2 |     458 |            66 |       153
     3600 |     +7.8% |       2 |     458 |            66 |       143
     3610 |     +7.8% |       2 |     458 |            66 |       133
     3620 |     +7.8% |       2 |     458 |            66 |       123
     3630 |     +8.0% |       2 |     468 |            69 |       113
     3640 |     +9.9% |       2 |     578 |            79 |       103
     3650 |    +12.8% |       2 |     751 |            86 |        93
     3660 |    +13.5% |       2 |     787 |            95 |        83
     3670 |    +14.2% |       2 |     823 |           104 |        73
     3680 |    +14.9% |       2 |     858 |           113 |        63
     3690 |    +15.8% |       2 |     907 |           122 |        53
     3700 |    +17.7% |       2 |    1023 |           124 |        43
     3710 |    +17.7% |       2 |    1023 |           124 |        33
     3720 |    +17.7% |       2 |    1023 |           124 |        23
     3730 |    +17.7% |       2 |    1023 |           124 |        13
     3740 |    +17.7% |       2 |    1023 |           124 |         3
    final |    +17.7% |       2 |    1023 |           124 |         0
---------------------------------------------------------------------
[INFO RSZ-0034] Found 123 slew violations.
[INFO RSZ-0035] Found 124 fanout violations.
[INFO RSZ-0039] Resized 2 instances.
[INFO RSZ-0038] Inserted 1023 buffers in 124 nets.
[WARNING RSZ-0020] found 2 floating nets.
 VGND
 VPWR
+ detailed_placement -max_displacement  500 100 
Placement Analysis
---------------------------------
total displacement      23937.4 u
average displacement        3.8 u
max displacement           29.3 u
original HPWL          187978.6 u
legalized HPWL         210785.7 u
delta HPWL                   12 %

[INFO DPL-0020] Mirrored 2020 instances
[INFO DPL-0021] HPWL before          210785.7 u
[INFO DPL-0022] HPWL after           206336.5 u
[INFO DPL-0023] HPWL delta               -2.1 %
Setting global connections for newly added cells…
[INFO] Setting global connections...
[INFO ODB-0403] 4544 connections made, 0 conflicts skipped.
Updating metrics…
Cell type report:                       Count       Area
  Fill cell                               232     870.84
  Tap cell                               1416    1771.70
  Timing Repair Buffer                   1136   10288.62
  Inverter                                  4      15.01
  Sequential cell                        1024   21780.89
  Multi-Input combinational cell         2552   28735.06
  Total                                  6364   63462.12
Writing OpenROAD database to '/work/runs/RUN_2026-08-06_09-53-31/32-openroad-repairdesignpostgpl/registerfile.odb'…
Writing netlist to '/work/runs/RUN_2026-08-06_09-53-31/32-openroad-repairdesignpostgpl/registerfile.nl.v'…
Writing powered netlist to '/work/runs/RUN_2026-08-06_09-53-31/32-openroad-repairdesignpostgpl/registerfile.pnl.v'…
Writing layout to '/work/runs/RUN_2026-08-06_09-53-31/32-openroad-repairdesignpostgpl/registerfile.def'…
Writing timing constraints to '/work/runs/RUN_2026-08-06_09-53-31/32-openroad-repairdesignpostgpl/registerfile.sdc'…
