┏━━━━━━━┳━━━━━━━━━┳━━━━━━━━━━┳━━━━━━━━━┳━━━━━━━━━━━━━━━━┳━━━━━━━┓
┃ P / R ┃ Partial ┃ Required ┃ Net     ┃ Pin            ┃ Layer ┃
┡━━━━━━━╇━━━━━━━━━╇━━━━━━━━━━╇━━━━━━━━━╇━━━━━━━━━━━━━━━━╇━━━━━━━┩
│ 3.27  │ 1306.59 │ 400.00   │ net565  │ fanout563/A    │ met3  │
│ 3.20  │ 1281.59 │ 400.00   │ _1753_  │ fanout576/A    │ met4  │
│ 2.62  │ 1047.29 │ 400.00   │ _2426_  │ fanout527/A    │ met3  │
│ 2.35  │ 941.45  │ 400.00   │ net503  │ _4145_/A2      │ met3  │
│ 2.24  │ 896.98  │ 400.00   │ _2465_  │ fanout415/A    │ met3  │
│ 2.24  │ 896.68  │ 400.00   │ net294  │ _4100_/B1      │ met3  │
│ 2.24  │ 896.68  │ 400.00   │ net511  │ _4100_/A2      │ met3  │
│ 2.15  │ 861.03  │ 400.00   │ net495  │ _4168_/A2      │ met3  │
│ 2.02  │ 807.47  │ 400.00   │ net275  │ _4168_/B1      │ met3  │
│ 2.02  │ 806.14  │ 400.00   │ net1037 │ fanout1033/A   │ met3  │
│ 2.02  │ 806.14  │ 400.00   │ net1037 │ fanout1035/A   │ met3  │
│ 1.99  │ 797.52  │ 400.00   │ net822  │ fanout795/A    │ met3  │
│ 1.98  │ 791.79  │ 400.00   │ net765  │ fanout752/A    │ met3  │
│ 1.98  │ 791.79  │ 400.00   │ net765  │ fanout759/A    │ met3  │
│ 1.91  │ 762.86  │ 400.00   │ net464  │ _4341_/A2      │ met3  │
│ 1.90  │ 761.56  │ 400.00   │ _1735_  │ fanout552/A    │ met4  │
│ 1.90  │ 761.56  │ 400.00   │ _1735_  │ fanout554/A    │ met4  │
│ 1.84  │ 736.11  │ 400.00   │ _2482_  │ fanout358/A    │ met3  │
│ 1.80  │ 718.25  │ 400.00   │ net284  │ _4134_/B1      │ met3  │
│ 1.77  │ 709.90  │ 400.00   │ net733  │ _2883_/A       │ met3  │
│ 1.70  │ 679.29  │ 400.00   │ _2448_  │ fanout461/A    │ met3  │
│ 1.70  │ 679.06  │ 400.00   │ _2480_  │ fanout363/A    │ met3  │
│ 1.70  │ 679.06  │ 400.00   │ _2480_  │ fanout365/A    │ met3  │
│ 1.69  │ 10.16   │ 6.00     │ _1753_  │ fanout576/A    │ via4  │
│ 1.57  │ 629.04  │ 400.00   │ net297  │ wire298/A      │ met3  │
│ 1.56  │ 622.29  │ 400.00   │ _1735_  │ fanout552/A    │ met3  │
│ 1.45  │ 580.96  │ 400.00   │ net16   │ fanout994/A    │ met3  │
│ 1.45  │ 578.54  │ 400.00   │ _1739_  │ fanout584/A    │ met3  │
│ 1.45  │ 578.54  │ 400.00   │ _1739_  │ fanout588/A    │ met3  │
│ 1.44  │ 575.44  │ 400.00   │ net16   │ fanout993/A    │ met3  │
│ 1.44  │ 575.44  │ 400.00   │ net632  │ fanout627/A    │ met3  │
│ 1.40  │ 559.95  │ 400.00   │ net373  │ _4811_/B       │ met3  │
│ 1.40  │ 559.95  │ 400.00   │ net373  │ _4831_/A2      │ met3  │
│ 1.38  │ 550.67  │ 400.00   │ _1738_  │ fanout600/A    │ met4  │
│ 1.34  │ 535.08  │ 400.00   │ net731  │ _3000_/A1      │ met3  │
│ 1.34  │ 535.08  │ 400.00   │ net731  │ _3108_/A       │ met3  │
│ 1.34  │ 535.08  │ 400.00   │ net731  │ fanout728/A    │ met3  │
│ 1.32  │ 526.14  │ 400.00   │ net460  │ fanout455/A    │ met3  │
│ 1.32  │ 526.14  │ 400.00   │ net460  │ fanout458/A    │ met3  │
│ 1.31  │ 525.69  │ 400.00   │ net158  │ fanout155/A    │ met4  │
│ 1.31  │ 525.69  │ 400.00   │ net158  │ fanout157/A    │ met4  │
│ 1.31  │ 523.94  │ 400.00   │ net561  │ fanout558/A    │ met3  │
│ 1.25  │ 499.68  │ 400.00   │ _1738_  │ _3860_/A1      │ met3  │
│ 1.24  │ 495.52  │ 400.00   │ _1753_  │ _3703_/B2      │ met3  │
│ 1.24  │ 495.52  │ 400.00   │ net401  │ _4671_/A2      │ met3  │
│ 1.22  │ 488.15  │ 400.00   │ net363  │ _4851_/A2      │ met3  │
│ 1.22  │ 488.15  │ 400.00   │ net363  │ _4854_/A2      │ met3  │
│ 1.22  │ 488.15  │ 400.00   │ net363  │ load_slew364/A │ met3  │
│ 1.20  │ 481.24  │ 400.00   │ _2477_  │ fanout159/A    │ met4  │
│ 1.20  │ 481.24  │ 400.00   │ _2486_  │ fanout344/A    │ met4  │
│ 1.20  │ 481.24  │ 400.00   │ net384  │ fanout381/A    │ met4  │
│ 1.19  │ 477.15  │ 400.00   │ _2474_  │ fanout385/A    │ met3  │
│ 1.18  │ 471.77  │ 400.00   │ _2470_  │ fanout178/A    │ met3  │
│ 1.18  │ 471.77  │ 400.00   │ net473  │ fanout469/A    │ met3  │
│ 1.18  │ 471.77  │ 400.00   │ net822  │ fanout785/A    │ met3  │
│ 1.17  │ 469.26  │ 400.00   │ _2490_  │ fanout328/A    │ met3  │
│ 1.17  │ 469.26  │ 400.00   │ _2490_  │ fanout333/A    │ met3  │
│ 1.17  │ 469.13  │ 400.00   │ _2487_  │ fanout128/A    │ met3  │
│ 1.17  │ 469.13  │ 400.00   │ _2487_  │ fanout131/A    │ met3  │
│ 1.16  │ 463.05  │ 400.00   │ net720  │ _3459_/A       │ met4  │
│ 1.16  │ 462.80  │ 400.00   │ net283  │ _4169_/B1      │ met3  │
│ 1.16  │ 462.80  │ 400.00   │ net283  │ fanout275/A    │ met3  │
│ 1.13  │ 450.78  │ 400.00   │ net415  │ _4603_/A2      │ met3  │
│ 1.12  │ 447.05  │ 400.00   │ _1753_  │ fanout576/A    │ met3  │
│ 1.12  │ 447.05  │ 400.00   │ net992  │ _4783_/A_N     │ met3  │
│ 1.05  │ 420.09  │ 400.00   │ net184  │ fanout180/A    │ met3  │
│ 1.05  │ 419.94  │ 400.00   │ _2482_  │ fanout356/A    │ met3  │
│ 1.05  │ 419.94  │ 400.00   │ _2482_  │ fanout361/A    │ met3  │
│ 1.04  │ 417.74  │ 400.00   │ net16   │ _4801_/A_N     │ met3  │
│ 1.04  │ 417.74  │ 400.00   │ net16   │ _4806_/A_N     │ met3  │
│ 1.04  │ 417.74  │ 400.00   │ net16   │ _4808_/A_N     │ met3  │
│ 1.03  │ 410.57  │ 400.00   │ net636  │ _2984_/A1      │ met3  │
│ 1.02  │ 406.01  │ 400.00   │ net658  │ _2943_/B2      │ met3  │
└───────┴─────────┴──────────┴─────────┴────────────────┴───────┘
