
===========================================================================
Violator List
============================================================================
[setup in-out] rs1[0] -> rd1[4] : -1.337049
[setup in-out] rs1[0] -> rd1[28] : -1.234369
[setup in-out] rs1[0] -> rd1[0] : -1.219957
[setup in-out] rs1[0] -> rd1[13] : -1.219904
[setup in-out] rs1[0] -> rd1[15] : -1.219904
[setup in-out] rs1[0] -> rd1[18] : -1.219904
[setup in-out] rs1[0] -> rd1[23] : -1.219904
[setup in-out] rs1[0] -> rd1[30] : -1.219904
[setup in-out] rs2[0] -> rd2[10] : -1.216295
[setup in-out] rs2[0] -> rd2[16] : -1.216295
[setup in-out] rs2[0] -> rd2[5] : -1.216295
[setup in-out] rs2[0] -> rd2[19] : -1.201760
[setup in-out] rs2[0] -> rd2[22] : -1.201761
[setup in-out] rs2[0] -> rd2[24] : -1.201761
[setup in-out] rs2[0] -> rd2[6] : -1.201760
[setup in-out] rs1[0] -> rd1[2] : -1.193864
[setup in-out] rs2[0] -> rd2[23] : -1.180004
[setup in-out] rs1[0] -> rd1[1] : -1.167035
[setup in-out] rs2[0] -> rd2[11] : -1.159416
[setup in-out] rs2[0] -> rd2[28] : -1.159416
[setup in-out] rs2[0] -> rd2[15] : -1.158631
[setup in-out] rs2[0] -> rd2[17] : -1.158631
[setup in-out] rs2[0] -> rd2[21] : -1.158631
[setup in-out] rs1[0] -> rd1[16] : -1.149570
[setup in-out] rs1[0] -> rd1[29] : -1.149570
[setup in-out] rs1[0] -> rd1[10] : -1.149083
[setup in-out] rs1[0] -> rd1[11] : -1.149083
[setup in-out] rs1[0] -> rd1[12] : -1.149083
[setup in-out] rs1[0] -> rd1[17] : -1.149083
[setup in-out] rs1[0] -> rd1[19] : -1.149083
[setup in-out] rs1[0] -> rd1[20] : -1.149083
[setup in-out] rs1[0] -> rd1[22] : -1.149083
[setup in-out] rs1[0] -> rd1[24] : -1.149083
[setup in-out] rs1[0] -> rd1[26] : -1.149083
[setup in-out] rs1[0] -> rd1[27] : -1.149083
[setup in-out] rs1[0] -> rd1[31] : -1.149083
[setup in-out] rs1[0] -> rd1[6] : -1.149083
[setup in-out] rs1[0] -> rd1[7] : -1.149083
[setup in-out] rs1[0] -> rd1[8] : -1.146499
[setup in-out] rs2[0] -> rd2[13] : -1.144972
[setup in-out] rs2[0] -> rd2[14] : -1.144972
[setup in-out] rs2[0] -> rd2[29] : -1.144163
[setup in-out] rs2[0] -> rd2[26] : -1.135054
[setup in-out] rs1[0] -> rd1[25] : -1.126740
[setup in-out] rs1[0] -> rd1[21] : -1.095426
[setup in-out] rs1[0] -> rd1[14] : -1.075493
[setup in-out] rs2[0] -> rd2[20] : -1.073356
[setup in-out] rs2[0] -> rd2[2] : -1.073356
[setup in-out] rs2[0] -> rd2[12] : -1.068076
[setup in-out] rs2[0] -> rd2[7] : -1.068076
[setup in-out] rs2[0] -> rd2[1] : -1.052731
[setup in-out] rs2[0] -> rd2[9] : -1.052731
[setup in-out] rs2[0] -> rd2[30] : -1.051946
[setup in-out] rs2[0] -> rd2[18] : -1.051052
[setup in-out] rs2[0] -> rd2[4] : -1.042535
[setup in-out] rs2[0] -> rd2[0] : -1.037511
[setup in-out] rs2[0] -> rd2[31] : -1.037471
[setup in-out] rs2[0] -> rd2[8] : -1.027773
[setup in-out] rs2[0] -> rd2[3] : -0.994937
[setup in-out] rs2[0] -> rd2[25] : -0.994623
[setup in-out] rs2[0] -> rd2[27] : -0.994623
[setup in-out] rs1[0] -> rd1[3] : -0.978700
[setup in-out] rs1[0] -> rd1[5] : -0.978700
[setup in-out] rs1[0] -> rd1[9] : -0.978700
