
===========================================================================
report_checks -unconstrained
===========================================================================
======================= max_tt_025C_1v80 Corner ===================================

Startpoint: rs1[3] (input port clocked by clk)
Endpoint: rd1[16] (output port clocked by clk)
Path Group: clk
Path Type: max

Fanout         Cap        Slew       Delay        Time   Description
---------------------------------------------------------------------------------------------
                                  0.000000    0.000000   clock clk (rise edge)
                                  0.000000    0.000000   clock network delay (propagated)
                                  2.000000    2.000000 v input external delay
     1    0.004453    0.012432    0.007282    2.007282 v rs1[3] (in)
                                                         rs1[3] (net)
                      0.012436    0.000000    2.007282 v input9/A (sky130_fd_sc_hd__clkdlybuf4s25_1)
     7    0.036017    0.268624    0.407852    2.415135 v input9/X (sky130_fd_sc_hd__clkdlybuf4s25_1)
                                                         net9 (net)
                      0.268685    0.003873    2.419008 v _2493_/A (sky130_fd_sc_hd__inv_2)
     6    0.039814    0.192261    0.255914    2.674922 ^ _2493_/Y (sky130_fd_sc_hd__inv_2)
                                                         _1025_ (net)
                      0.192300    0.002266    2.677188 ^ _2500_/B (sky130_fd_sc_hd__and2_2)
     1    0.017641    0.105095    0.226550    2.903738 ^ _2500_/X (sky130_fd_sc_hd__and2_2)
                                                         _1032_ (net)
                      0.105148    0.002191    2.905929 ^ fanout565/A (sky130_fd_sc_hd__clkdlybuf4s25_1)
     8    0.155653    1.539323    1.304957    4.210886 ^ fanout565/X (sky130_fd_sc_hd__clkdlybuf4s25_1)
                                                         net565 (net)
                      1.539340    0.004447    4.215333 ^ fanout562/A (sky130_fd_sc_hd__clkdlybuf4s25_1)
    10    0.127035    1.248672    1.269930    5.485262 ^ fanout562/X (sky130_fd_sc_hd__clkdlybuf4s25_1)
                                                         net562 (net)
                      1.248707    0.005661    5.490923 ^ _2881_/C1 (sky130_fd_sc_hd__o211a_2)
     1    0.007830    0.083634    0.380629    5.871552 ^ _2881_/X (sky130_fd_sc_hd__o211a_2)
                                                         _1397_ (net)
                      0.083641    0.000788    5.872340 ^ _2887_/B1 (sky130_fd_sc_hd__a31o_2)
     1    0.018541    0.117018    0.164757    6.037097 ^ _2887_/X (sky130_fd_sc_hd__a31o_2)
                                                         _1403_ (net)
                      0.117055    0.001981    6.039078 ^ _2894_/A1 (sky130_fd_sc_hd__o21a_2)
     1    0.022452    0.125616    0.215698    6.254776 ^ _2894_/X (sky130_fd_sc_hd__o21a_2)
                                                         net57 (net)
                      0.125639    0.001664    6.256440 ^ output57/A (sky130_fd_sc_hd__dlymetal6s2s_1)
     1    0.035053    0.353782    0.333243    6.589683 ^ output57/X (sky130_fd_sc_hd__dlymetal6s2s_1)
                                                         rd1[16] (net)
                      0.353796    0.001835    6.591518 ^ rd1[16] (out)
                                              6.591518   data arrival time

                                 10.000000   10.000000   clock clk (rise edge)
                                  0.000000   10.000000   clock network delay (propagated)
                                 -0.250000    9.750000   clock uncertainty
                                  0.000000    9.750000   clock reconvergence pessimism
                                 -2.000000    7.750000   output external delay
                                              7.750000   data required time
---------------------------------------------------------------------------------------------
                                              7.750000   data required time
                                             -6.591518   data arrival time
---------------------------------------------------------------------------------------------
                                              1.158482   slack (MET)




===========================================================================
report_checks --slack_max -0.01
============================================================================
======================= max_tt_025C_1v80 Corner ===================================

No paths found.


===========================================================================
 report_check_types -max_slew -max_cap -max_fanout -violators
============================================================================
======================= max_tt_025C_1v80 Corner ===================================

max slew

Pin                                        Limit        Slew       Slack
------------------------------------------------------------------------
_3207_/B2                               0.750000    1.539616   -0.789616 (VIOLATED)
_3049_/C1                               0.750000    1.539601   -0.789601 (VIOLATED)
_3161_/C1                               0.750000    1.539585   -0.789585 (VIOLATED)
fanout564/A                             0.750000    1.539498   -0.789498 (VIOLATED)
_3066_/C1                               0.750000    1.539492   -0.789492 (VIOLATED)
fanout563/A                             0.750000    1.539407   -0.789407 (VIOLATED)
ANTENNA_24/DIODE                        0.750000    1.539405   -0.789405 (VIOLATED)
fanout562/A                             0.750000    1.539340   -0.789340 (VIOLATED)
fanout565/X                             0.750000    1.539323   -0.789323 (VIOLATED)
fanout636/A                             0.750000    1.333850   -0.583850 (VIOLATED)
_3196_/C1                               0.750000    1.333844   -0.583844 (VIOLATED)
_3050_/A1                               0.750000    1.333821   -0.583821 (VIOLATED)
_3162_/B1                               0.750000    1.333802   -0.583802 (VIOLATED)
_3073_/B2                               0.750000    1.333738   -0.583738 (VIOLATED)
fanout635/A                             0.750000    1.333524   -0.583524 (VIOLATED)
fanout634/A                             0.750000    1.333517   -0.583517 (VIOLATED)
fanout637/X                             0.750000    1.333480   -0.583480 (VIOLATED)
_2525_/B2                               0.750000    1.248847   -0.498847 (VIOLATED)
_2803_/B2                               0.750000    1.248848   -0.498848 (VIOLATED)
_2961_/B2                               0.750000    1.248764   -0.498764 (VIOLATED)
_3029_/B2                               0.750000    1.248731   -0.498731 (VIOLATED)
_2824_/C1                               0.750000    1.248730   -0.498730 (VIOLATED)
_2881_/C1                               0.750000    1.248707   -0.498707 (VIOLATED)
_3185_/A1                               0.750000    1.248707   -0.498707 (VIOLATED)
_3135_/A1                               0.750000    1.248701   -0.498701 (VIOLATED)
_2711_/A1                               0.750000    1.248698   -0.498699 (VIOLATED)
_2768_/C1                               0.750000    1.248677   -0.498677 (VIOLATED)
fanout562/X                             0.750000    1.248672   -0.498672 (VIOLATED)
_2524_/B1                               0.750000    1.178654   -0.428654 (VIOLATED)
_2791_/C1                               0.750000    1.178654   -0.428654 (VIOLATED)
_2774_/A1                               0.750000    1.178597   -0.428598 (VIOLATED)
_2955_/A1                               0.750000    1.178575   -0.428575 (VIOLATED)
_3023_/A1                               0.750000    1.178559   -0.428559 (VIOLATED)
_2694_/C_N                              0.750000    1.178459   -0.428459 (VIOLATED)
_2825_/A1                               0.750000    1.178431   -0.428431 (VIOLATED)
_2893_/B2                               0.750000    1.178354   -0.428354 (VIOLATED)
_3179_/A1                               0.750000    1.178282   -0.428282 (VIOLATED)
_3129_/C1                               0.750000    1.178277   -0.428277 (VIOLATED)
fanout634/X                             0.750000    1.178249   -0.428250 (VIOLATED)
_3392_/B2                               0.750000    1.163555   -0.413555 (VIOLATED)
_3555_/A1                               0.750000    1.163554   -0.413554 (VIOLATED)
_3881_/B2                               0.750000    1.163548   -0.413548 (VIOLATED)
_3291_/B2                               0.750000    1.163547   -0.413547 (VIOLATED)
_3446_/A1                               0.750000    1.163525   -0.413525 (VIOLATED)
_3708_/B2                               0.750000    1.163525   -0.413525 (VIOLATED)
_3400_/A1                               0.750000    1.163513   -0.413513 (VIOLATED)
_3381_/B2                               0.750000    1.163480   -0.413480 (VIOLATED)
_3376_/B2                               0.750000    1.163425   -0.413425 (VIOLATED)
_3387_/B2                               0.750000    1.163418   -0.413418 (VIOLATED)
fanout600/X                             0.750000    1.163394   -0.413394 (VIOLATED)
_2717_/C1                               0.750000    1.147491   -0.397491 (VIOLATED)
_2681_/A1                               0.750000    1.147475   -0.397475 (VIOLATED)
_2745_/C1                               0.750000    1.147218   -0.397218 (VIOLATED)
_2657_/C1                               0.750000    1.147066   -0.397066 (VIOLATED)
_2629_/C1                               0.750000    1.146923   -0.396923 (VIOLATED)
_3106_/C1                               0.750000    1.146506   -0.396506 (VIOLATED)
_3006_/A1                               0.750000    1.146048   -0.396048 (VIOLATED)
_2842_/C1                               0.750000    1.145811   -0.395811 (VIOLATED)
_2595_/C1                               0.750000    1.145318   -0.395318 (VIOLATED)
_2573_/B2                               0.750000    1.145227   -0.395227 (VIOLATED)
fanout635/X                             0.750000    1.145217   -0.395217 (VIOLATED)
_2687_/B2                               0.750000    1.133733   -0.383733 (VIOLATED)
_2728_/C1                               0.750000    1.133697   -0.383697 (VIOLATED)
_2757_/B2                               0.750000    1.133680   -0.383680 (VIOLATED)
_2624_/C1                               0.750000    1.133626   -0.383626 (VIOLATED)
_2664_/B2                               0.750000    1.133539   -0.383539 (VIOLATED)
_2837_/C1                               0.750000    1.133507   -0.383507 (VIOLATED)
_3118_/B2                               0.750000    1.133503   -0.383503 (VIOLATED)
_3000_/C1                               0.750000    1.133480   -0.383480 (VIOLATED)
_2596_/A1                               0.750000    1.133434   -0.383434 (VIOLATED)
_2573_/A1                               0.750000    1.133345   -0.383345 (VIOLATED)
fanout563/X                             0.750000    1.133345   -0.383345 (VIOLATED)
_3515_/B1                               0.750000    1.081522   -0.331522 (VIOLATED)
_3254_/B1                               0.750000    1.081501   -0.331501 (VIOLATED)
_3741_/B1                               0.750000    1.081372   -0.331372 (VIOLATED)
_3440_/A1                               0.750000    1.081270   -0.331270 (VIOLATED)
_3503_/C1                               0.750000    1.080973   -0.330973 (VIOLATED)
_3280_/A1                               0.750000    1.080733   -0.330733 (VIOLATED)
_3633_/B1                               0.750000    1.080547   -0.330547 (VIOLATED)
_3341_/A                                0.750000    1.080390   -0.330390 (VIOLATED)
_3854_/A1                               0.750000    1.080228   -0.330228 (VIOLATED)
_3897_/C1                               0.750000    1.080068   -0.330068 (VIOLATED)
fanout575/X                             0.750000    1.080054   -0.330054 (VIOLATED)
_5021_/A2                               0.750000    0.981453   -0.231453 (VIOLATED)
load_slew329/A                          0.750000    0.981413   -0.231413 (VIOLATED)
_5027_/A2                               0.750000    0.981412   -0.231412 (VIOLATED)
_5024_/A2                               0.750000    0.981386   -0.231386 (VIOLATED)
_5038_/A2                               0.750000    0.981331   -0.231331 (VIOLATED)
fanout328/X                             0.750000    0.981303   -0.231303 (VIOLATED)
_3472_/A1                               0.750000    0.960461   -0.210461 (VIOLATED)
_3360_/A1                               0.750000    0.960453   -0.210453 (VIOLATED)
_3377_/C1                               0.750000    0.960376   -0.210376 (VIOLATED)
_3370_/C1                               0.750000    0.960324   -0.210324 (VIOLATED)
_3781_/C1                               0.750000    0.960300   -0.210300 (VIOLATED)
_3662_/C1                               0.750000    0.960297   -0.210297 (VIOLATED)
_3735_/C1                               0.750000    0.960288   -0.210288 (VIOLATED)
_3429_/C1                               0.750000    0.960254   -0.210254 (VIOLATED)
_3607_/C1                               0.750000    0.960161   -0.210161 (VIOLATED)
_3602_/A1                               0.750000    0.960098   -0.210098 (VIOLATED)
fanout700/X                             0.750000    0.960070   -0.210070 (VIOLATED)
_4330_/B1                               0.750000    0.935573   -0.185573 (VIOLATED)
_4325_/B1                               0.750000    0.935571   -0.185571 (VIOLATED)
fanout247/A                             0.750000    0.935568   -0.185568 (VIOLATED)
fanout249/A                             0.750000    0.935568   -0.185568 (VIOLATED)
_4331_/B1                               0.750000    0.935562   -0.185562 (VIOLATED)
_4320_/B1                               0.750000    0.935558   -0.185558 (VIOLATED)
fanout251/A                             0.750000    0.935539   -0.185539 (VIOLATED)
fanout253/X                             0.750000    0.935522   -0.185522 (VIOLATED)
_4837_/B1                               0.750000    0.904034   -0.154034 (VIOLATED)
_4832_/B1                               0.750000    0.904010   -0.154010 (VIOLATED)
_4830_/B1                               0.750000    0.903935   -0.153935 (VIOLATED)
_4827_/B1                               0.750000    0.903787   -0.153787 (VIOLATED)
_4828_/B1                               0.750000    0.903779   -0.153779 (VIOLATED)
_4843_/B1                               0.750000    0.903763   -0.153763 (VIOLATED)
fanout157/X                             0.750000    0.903746   -0.153746 (VIOLATED)
_4875_/B1                               0.750000    0.901116   -0.151116 (VIOLATED)
_4860_/B1                               0.750000    0.901021   -0.151021 (VIOLATED)
_4867_/B1                               0.750000    0.900969   -0.150969 (VIOLATED)
_4872_/B1                               0.750000    0.900914   -0.150914 (VIOLATED)
_4856_/B1                               0.750000    0.900866   -0.150866 (VIOLATED)
_4852_/B1                               0.750000    0.900863   -0.150863 (VIOLATED)
fanout147/X                             0.750000    0.900807   -0.150807 (VIOLATED)
fanout536/A                             0.750000    0.891108   -0.141108 (VIOLATED)
fanout534/A                             0.750000    0.891068   -0.141068 (VIOLATED)
fanout539/A                             0.750000    0.890985   -0.140985 (VIOLATED)
_3987_/Y                                0.750000    0.890956   -0.140956 (VIOLATED)
fanout466/A                             0.750000    0.890000   -0.140000 (VIOLATED)
ANTENNA_7/DIODE                         0.750000    0.889998   -0.139998 (VIOLATED)
ANTENNA_6/DIODE                         0.750000    0.889995   -0.139995 (VIOLATED)
fanout464/A                             0.750000    0.889995   -0.139995 (VIOLATED)
fanout461/A                             0.750000    0.889968   -0.139968 (VIOLATED)
fanout463/A                             0.750000    0.889959   -0.139959 (VIOLATED)
_4332_/Y                                0.750000    0.889931   -0.139931 (VIOLATED)
fanout135/A                             0.750000    0.869503   -0.119503 (VIOLATED)
fanout132/A                             0.750000    0.869486   -0.119486 (VIOLATED)
fanout134/A                             0.750000    0.869457   -0.119457 (VIOLATED)
fanout137/A                             0.750000    0.869445   -0.119445 (VIOLATED)
_4913_/Y                                0.750000    0.869400   -0.119400 (VIOLATED)
_4341_/A2                               0.750000    0.866208   -0.116208 (VIOLATED)
wire465/A                               0.750000    0.866110   -0.116110 (VIOLATED)
_4350_/A2                               0.750000    0.866108   -0.116108 (VIOLATED)
_4333_/B                                0.750000    0.866100   -0.116100 (VIOLATED)
_3241_/B1                               0.750000    0.865855   -0.115855 (VIOLATED)
fanout464/X                             0.750000    0.865844   -0.115844 (VIOLATED)
_3786_/B2                               0.750000    0.865840   -0.115840 (VIOLATED)
_3791_/B2                               0.750000    0.865802   -0.115802 (VIOLATED)
_3672_/B2                               0.750000    0.865757   -0.115757 (VIOLATED)
_3775_/B2                               0.750000    0.865632   -0.115632 (VIOLATED)
_3752_/B2                               0.750000    0.865535   -0.115535 (VIOLATED)
_3734_/B2                               0.750000    0.865532   -0.115532 (VIOLATED)
_3510_/A1                               0.750000    0.865522   -0.115522 (VIOLATED)
fanout598/A                             0.750000    0.865412   -0.115412 (VIOLATED)
_3780_/B2                               0.750000    0.865305   -0.115305 (VIOLATED)
fanout599/X                             0.750000    0.865253   -0.115253 (VIOLATED)
fanout330/A                             0.750000    0.857836   -0.107836 (VIOLATED)
fanout333/A                             0.750000    0.857774   -0.107774 (VIOLATED)
fanout328/A                             0.750000    0.857650   -0.107650 (VIOLATED)
fanout331/A                             0.750000    0.857646   -0.107646 (VIOLATED)
_5014_/Y                                0.750000    0.857645   -0.107645 (VIOLATED)
_4841_/A2                               0.750000    0.846342   -0.096342 (VIOLATED)
_4826_/A2                               0.750000    0.846224   -0.096224 (VIOLATED)
_5045_/B1                               0.750000    0.846198   -0.096198 (VIOLATED)
_5037_/B1                               0.750000    0.846156   -0.096156 (VIOLATED)
_4833_/A2                               0.750000    0.846141   -0.096141 (VIOLATED)
_5030_/B1                               0.750000    0.846114   -0.096114 (VIOLATED)
_4838_/A2                               0.750000    0.846101   -0.096101 (VIOLATED)
_5042_/B1                               0.750000    0.846018   -0.096018 (VIOLATED)
_4822_/A2                               0.750000    0.846016   -0.096016 (VIOLATED)
_4818_/A2                               0.750000    0.846015   -0.096015 (VIOLATED)
fanout372/X                             0.750000    0.845980   -0.095980 (VIOLATED)
_4885_/A2                               0.750000    0.845843   -0.095843 (VIOLATED)
_4891_/A2                               0.750000    0.845775   -0.095775 (VIOLATED)
load_slew357/A                          0.750000    0.845770   -0.095770 (VIOLATED)
_4888_/A2                               0.750000    0.845747   -0.095747 (VIOLATED)
_5026_/B1                               0.750000    0.845552   -0.095552 (VIOLATED)
_5022_/B1                               0.750000    0.845548   -0.095548 (VIOLATED)
fanout116/X                             0.750000    0.845534   -0.095534 (VIOLATED)
_4902_/A2                               0.750000    0.845491   -0.095491 (VIOLATED)
fanout356/X                             0.750000    0.845476   -0.095476 (VIOLATED)
fanout254/A                             0.750000    0.845365   -0.095365 (VIOLATED)
fanout256/A                             0.750000    0.845285   -0.095285 (VIOLATED)
_4297_/B1                               0.750000    0.845229   -0.095229 (VIOLATED)
_4286_/B1                               0.750000    0.845164   -0.095164 (VIOLATED)
_4291_/B1                               0.750000    0.845003   -0.095003 (VIOLATED)
_4296_/B1                               0.750000    0.844927   -0.094927 (VIOLATED)
fanout258/A                             0.750000    0.844812   -0.094812 (VIOLATED)
fanout260/X                             0.750000    0.844794   -0.094794 (VIOLATED)
ANTENNA_38/DIODE                        0.750000    0.842709   -0.092709 (VIOLATED)
fanout351/A                             0.750000    0.842708   -0.092708 (VIOLATED)
fanout354/A                             0.750000    0.842566   -0.092566 (VIOLATED)
ANTENNA_39/DIODE                        0.750000    0.842563   -0.092563 (VIOLATED)
fanout349/A                             0.750000    0.842455   -0.092455 (VIOLATED)
fanout352/A                             0.750000    0.842203   -0.092203 (VIOLATED)
_4912_/Y                                0.750000    0.842180   -0.092180 (VIOLATED)
_4808_/A_N                              0.750000    0.838974   -0.088974 (VIOLATED)
_4801_/A_N                              0.750000    0.838926   -0.088927 (VIOLATED)
ANTENNA_13/DIODE                        0.750000    0.838925   -0.088925 (VIOLATED)
_4806_/A_N                              0.750000    0.838782   -0.088782 (VIOLATED)
ANTENNA_33/DIODE                        0.750000    0.838781   -0.088781 (VIOLATED)
fanout1002/A                            0.750000    0.838168   -0.088168 (VIOLATED)
ANTENNA_35/DIODE                        0.750000    0.838159   -0.088159 (VIOLATED)
fanout994/A                             0.750000    0.837793   -0.087793 (VIOLATED)
ANTENNA_34/DIODE                        0.750000    0.837792   -0.087792 (VIOLATED)
fanout993/A                             0.750000    0.837524   -0.087524 (VIOLATED)
fanout991/A                             0.750000    0.837439   -0.087439 (VIOLATED)
input16/X                               0.750000    0.837255   -0.087255 (VIOLATED)
_4919_/A2                               0.750000    0.835911   -0.085911 (VIOLATED)
_4925_/A2                               0.750000    0.835851   -0.085851 (VIOLATED)
load_slew350/A                          0.750000    0.835847   -0.085847 (VIOLATED)
_4922_/A2                               0.750000    0.835837   -0.085837 (VIOLATED)
_4936_/A2                               0.750000    0.835727   -0.085727 (VIOLATED)
fanout349/X                             0.750000    0.835653   -0.085653 (VIOLATED)
fanout387/A                             0.750000    0.835148   -0.085148 (VIOLATED)
fanout385/A                             0.750000    0.834927   -0.084927 (VIOLATED)
fanout390/A                             0.750000    0.834925   -0.084925 (VIOLATED)
_4710_/Y                                0.750000    0.834907   -0.084908 (VIOLATED)
ANTENNA_40/DIODE                        0.750000    0.834094   -0.084094 (VIOLATED)
fanout114/A                             0.750000    0.834092   -0.084092 (VIOLATED)
fanout116/A                             0.750000    0.834064   -0.084064 (VIOLATED)
ANTENNA_41/DIODE                        0.750000    0.834063   -0.084063 (VIOLATED)
fanout117/A                             0.750000    0.834049   -0.084049 (VIOLATED)
fanout119/A                             0.750000    0.833999   -0.083999 (VIOLATED)
_5015_/Y                                0.750000    0.833978   -0.083978 (VIOLATED)
fanout358/A                             0.750000    0.832553   -0.082553 (VIOLATED)
ANTENNA_37/DIODE                        0.750000    0.832553   -0.082553 (VIOLATED)
fanout356/A                             0.750000    0.832533   -0.082533 (VIOLATED)
fanout361/A                             0.750000    0.832528   -0.082528 (VIOLATED)
_4878_/Y                                0.750000    0.832493   -0.082494 (VIOLATED)
_5045_/A2                               0.750000    0.830028   -0.080028 (VIOLATED)
_5037_/A2                               0.750000    0.829988   -0.079988 (VIOLATED)
_5030_/A2                               0.750000    0.829937   -0.079937 (VIOLATED)
_5041_/B1                               0.750000    0.829932   -0.079932 (VIOLATED)
_5036_/B1                               0.750000    0.829906   -0.079906 (VIOLATED)
_5034_/B1                               0.750000    0.829896   -0.079896 (VIOLATED)
_5042_/A2                               0.750000    0.829860   -0.079860 (VIOLATED)
_5031_/B1                               0.750000    0.829708   -0.079708 (VIOLATED)
_5047_/B1                               0.750000    0.829653   -0.079653 (VIOLATED)
_5032_/B1                               0.750000    0.829540   -0.079540 (VIOLATED)
_5026_/A2                               0.750000    0.829520   -0.079520 (VIOLATED)
_5022_/A2                               0.750000    0.829517   -0.079517 (VIOLATED)
fanout119/X                             0.750000    0.829505   -0.079505 (VIOLATED)
fanout330/X                             0.750000    0.829504   -0.079504 (VIOLATED)
fanout452/A                             0.750000    0.821985   -0.071985 (VIOLATED)
fanout448/A                             0.750000    0.821973   -0.071973 (VIOLATED)
fanout446/A                             0.750000    0.821917   -0.071917 (VIOLATED)
fanout450/A                             0.750000    0.821794   -0.071794 (VIOLATED)
_4402_/Y                                0.750000    0.821762   -0.071762 (VIOLATED)
fanout416/A                             0.750000    0.819711   -0.069711 (VIOLATED)
fanout418/A                             0.750000    0.819695   -0.069695 (VIOLATED)
fanout413/A                             0.750000    0.819580   -0.069580 (VIOLATED)
fanout415/A                             0.750000    0.819580   -0.069580 (VIOLATED)
_4573_/Y                                0.750000    0.819554   -0.069554 (VIOLATED)
_4374_/A2                               0.750000    0.818199   -0.068200 (VIOLATED)
_4375_/A2                               0.750000    0.818190   -0.068190 (VIOLATED)
_4380_/A2                               0.750000    0.817993   -0.067993 (VIOLATED)
load_slew454/A                          0.750000    0.817990   -0.067990 (VIOLATED)
_4377_/A2                               0.750000    0.817983   -0.067983 (VIOLATED)
fanout453/X                             0.750000    0.817961   -0.067961 (VIOLATED)
fanout744/A                             0.750000    0.816849   -0.066849 (VIOLATED)
_2875_/A1                               0.750000    0.816833   -0.066833 (VIOLATED)
_2891_/A1                               0.750000    0.816826   -0.066826 (VIOLATED)
_3027_/A1                               0.750000    0.816805   -0.066805 (VIOLATED)
fanout742/A                             0.750000    0.816805   -0.066805 (VIOLATED)
_3011_/A1                               0.750000    0.816754   -0.066754 (VIOLATED)
fanout746/X                             0.750000    0.816747   -0.066747 (VIOLATED)
_4939_/B1                               0.750000    0.815538   -0.065538 (VIOLATED)
_4934_/B1                               0.750000    0.815458   -0.065458 (VIOLATED)
_4932_/B1                               0.750000    0.815410   -0.065410 (VIOLATED)
fanout435/A                             0.750000    0.815390   -0.065390 (VIOLATED)
fanout438/A                             0.750000    0.815373   -0.065373 (VIOLATED)
_4929_/B1                               0.750000    0.815370   -0.065370 (VIOLATED)
fanout433/A                             0.750000    0.815330   -0.065330 (VIOLATED)
fanout436/A                             0.750000    0.815323   -0.065323 (VIOLATED)
_4470_/Y                                0.750000    0.815291   -0.065291 (VIOLATED)
_4945_/B1                               0.750000    0.815203   -0.065203 (VIOLATED)
_4930_/B1                               0.750000    0.814932   -0.064932 (VIOLATED)
fanout137/X                             0.750000    0.814912   -0.064912 (VIOLATED)
_4841_/B1                               0.750000    0.800897   -0.050898 (VIOLATED)
_4826_/B1                               0.750000    0.800760   -0.050760 (VIOLATED)
_4833_/B1                               0.750000    0.800686   -0.050686 (VIOLATED)
_4838_/B1                               0.750000    0.800664   -0.050664 (VIOLATED)
_4822_/B1                               0.750000    0.800621   -0.050621 (VIOLATED)
_4818_/B1                               0.750000    0.800604   -0.050604 (VIOLATED)
fanout154/X                             0.750000    0.800580   -0.050580 (VIOLATED)
_4851_/A2                               0.750000    0.800436   -0.050436 (VIOLATED)
_4857_/A2                               0.750000    0.800339   -0.050339 (VIOLATED)
load_slew364/A                          0.750000    0.800331   -0.050331 (VIOLATED)
_4854_/A2                               0.750000    0.800271   -0.050271 (VIOLATED)
_4868_/A2                               0.750000    0.800201   -0.050201 (VIOLATED)
fanout363/X                             0.750000    0.800159   -0.050159 (VIOLATED)
fanout402/A                             0.750000    0.796616   -0.046616 (VIOLATED)
fanout404/A                             0.750000    0.796599   -0.046599 (VIOLATED)
fanout399/A                             0.750000    0.796501   -0.046501 (VIOLATED)
fanout401/A                             0.750000    0.796498   -0.046499 (VIOLATED)
_4641_/Y                                0.750000    0.796464   -0.046464 (VIOLATED)
_4690_/A2                               0.750000    0.790912   -0.040912 (VIOLATED)
_4707_/A2                               0.750000    0.790883   -0.040883 (VIOLATED)
_4700_/A2                               0.750000    0.790855   -0.040855 (VIOLATED)
_4689_/A2                               0.750000    0.790746   -0.040746 (VIOLATED)
_4705_/A2                               0.750000    0.790646   -0.040646 (VIOLATED)
_4696_/A2                               0.750000    0.790388   -0.040388 (VIOLATED)
_4701_/A2                               0.750000    0.790385   -0.040385 (VIOLATED)
fanout394/X                             0.750000    0.790379   -0.040379 (VIOLATED)
fanout529/A                             0.750000    0.786300   -0.036300 (VIOLATED)
fanout527/A                             0.750000    0.786129   -0.036129 (VIOLATED)
fanout532/A                             0.750000    0.786015   -0.036015 (VIOLATED)
_4022_/Y                                0.750000    0.785993   -0.035993 (VIOLATED)
fanout337/A                             0.750000    0.784709   -0.034709 (VIOLATED)
fanout335/A                             0.750000    0.784684   -0.034684 (VIOLATED)
fanout340/A                             0.750000    0.784651   -0.034652 (VIOLATED)
_4980_/Y                                0.750000    0.784630   -0.034630 (VIOLATED)
_4765_/B1                               0.750000    0.782913   -0.032913 (VIOLATED)
_4770_/B1                               0.750000    0.782908   -0.032908 (VIOLATED)
_4774_/B1                               0.750000    0.782876   -0.032876 (VIOLATED)
_4769_/B1                               0.750000    0.782818   -0.032818 (VIOLATED)
_4776_/B1                               0.750000    0.782788   -0.032788 (VIOLATED)
_4759_/B1                               0.750000    0.782714   -0.032714 (VIOLATED)
fanout161/X                             0.750000    0.782714   -0.032714 (VIOLATED)
_3971_/B1                               0.750000    0.782131   -0.032131 (VIOLATED)
_3976_/B1                               0.750000    0.782123   -0.032123 (VIOLATED)
_3952_/B1                               0.750000    0.782065   -0.032065 (VIOLATED)
_3980_/B1                               0.750000    0.782008   -0.032008 (VIOLATED)
_3964_/B1                               0.750000    0.781977   -0.031977 (VIOLATED)
_3975_/B1                               0.750000    0.781807   -0.031807 (VIOLATED)
_3982_/B1                               0.750000    0.781722   -0.031722 (VIOLATED)
fanout268/A                             0.750000    0.781711   -0.031711 (VIOLATED)
_3965_/B1                               0.750000    0.781660   -0.031660 (VIOLATED)
fanout323/X                             0.750000    0.781624   -0.031624 (VIOLATED)
fanout270/A                             0.750000    0.781617   -0.031617 (VIOLATED)
_4229_/B1                               0.750000    0.781495   -0.031495 (VIOLATED)
_4218_/B1                               0.750000    0.781440   -0.031440 (VIOLATED)
_4223_/B1                               0.750000    0.781193   -0.031193 (VIOLATED)
_4228_/B1                               0.750000    0.781186   -0.031186 (VIOLATED)
fanout272/A                             0.750000    0.781129   -0.031129 (VIOLATED)
fanout274/X                             0.750000    0.781058   -0.031058 (VIOLATED)
fanout480/A                             0.750000    0.780614   -0.030614 (VIOLATED)
fanout476/A                             0.750000    0.780528   -0.030528 (VIOLATED)
fanout474/A                             0.750000    0.780500   -0.030500 (VIOLATED)
fanout478/A                             0.750000    0.780491   -0.030491 (VIOLATED)
_4264_/Y                                0.750000    0.780464   -0.030464 (VIOLATED)
fanout317/A                             0.750000    0.779665   -0.029665 (VIOLATED)
fanout320/A                             0.750000    0.779647   -0.029647 (VIOLATED)
fanout315/A                             0.750000    0.779628   -0.029628 (VIOLATED)
fanout318/A                             0.750000    0.779612   -0.029612 (VIOLATED)
_3988_/Y                                0.750000    0.779587   -0.029587 (VIOLATED)
_4875_/A2                               0.750000    0.779005   -0.029005 (VIOLATED)
_4860_/A2                               0.750000    0.778828   -0.028828 (VIOLATED)
_4867_/A2                               0.750000    0.778794   -0.028794 (VIOLATED)
_4872_/A2                               0.750000    0.778715   -0.028715 (VIOLATED)
_4856_/A2                               0.750000    0.778629   -0.028629 (VIOLATED)
_4852_/A2                               0.750000    0.778459   -0.028459 (VIOLATED)
fanout365/X                             0.750000    0.778414   -0.028414 (VIOLATED)
fanout761/A                             0.750000    0.777240   -0.027240 (VIOLATED)
fanout759/A                             0.750000    0.777090   -0.027090 (VIOLATED)
fanout764/A                             0.750000    0.776976   -0.026976 (VIOLATED)
fanout762/A                             0.750000    0.776711   -0.026711 (VIOLATED)
fanout757/A                             0.750000    0.776354   -0.026354 (VIOLATED)
fanout754/A                             0.750000    0.775884   -0.025884 (VIOLATED)
fanout311/A                             0.750000    0.775767   -0.025767 (VIOLATED)
fanout752/A                             0.750000    0.775719   -0.025719 (VIOLATED)
fanout314/A                             0.750000    0.775705   -0.025705 (VIOLATED)
fanout312/A                             0.750000    0.775655   -0.025655 (VIOLATED)
fanout309/A                             0.750000    0.775596   -0.025596 (VIOLATED)
_4023_/Y                                0.750000    0.775571   -0.025571 (VIOLATED)
fanout755/A                             0.750000    0.775303   -0.025303 (VIOLATED)
fanout765/X                             0.750000    0.775215   -0.025215 (VIOLATED)
_5015_/B                                0.750000    0.775074   -0.025074 (VIOLATED)
_5035_/A2                               0.750000    0.775030   -0.025030 (VIOLATED)
_5040_/A2                               0.750000    0.774928   -0.024928 (VIOLATED)
wire332/A                               0.750000    0.774906   -0.024906 (VIOLATED)
_5016_/A2                               0.750000    0.774904   -0.024904 (VIOLATED)
fanout331/X                             0.750000    0.774898   -0.024898 (VIOLATED)
fanout122/A                             0.750000    0.773495   -0.023495 (VIOLATED)
fanout120/A                             0.750000    0.773476   -0.023476 (VIOLATED)
fanout125/A                             0.750000    0.773466   -0.023466 (VIOLATED)
fanout123/A                             0.750000    0.773454   -0.023454 (VIOLATED)
_4981_/Y                                0.750000    0.773419   -0.023419 (VIOLATED)
fanout423/A                             0.750000    0.772846   -0.022846 (VIOLATED)
fanout425/A                             0.750000    0.772837   -0.022837 (VIOLATED)
fanout422/A                             0.750000    0.772812   -0.022812 (VIOLATED)
fanout420/A                             0.750000    0.772811   -0.022811 (VIOLATED)
_4539_/Y                                0.750000    0.772786   -0.022786 (VIOLATED)
_2670_/A1                               0.750000    0.771472   -0.021472 (VIOLATED)
_3191_/A1                               0.750000    0.771456   -0.021456 (VIOLATED)
load_slew698/A                          0.750000    0.771430   -0.021430 (VIOLATED)
_3056_/A1                               0.750000    0.771210   -0.021210 (VIOLATED)
_2959_/B2                               0.750000    0.771209   -0.021209 (VIOLATED)
_3072_/A1                               0.750000    0.771205   -0.021205 (VIOLATED)
fanout697/X                             0.750000    0.771205   -0.021205 (VIOLATED)
fanout128/A                             0.750000    0.769884   -0.019884 (VIOLATED)
fanout131/A                             0.750000    0.769861   -0.019862 (VIOLATED)
fanout126/A                             0.750000    0.769819   -0.019819 (VIOLATED)
fanout129/A                             0.750000    0.769819   -0.019819 (VIOLATED)
_4947_/Y                                0.750000    0.769805   -0.019805 (VIOLATED)
_4943_/B1                               0.750000    0.766740   -0.016740 (VIOLATED)
_4935_/B1                               0.750000    0.766503   -0.016503 (VIOLATED)
_4928_/B1                               0.750000    0.766434   -0.016434 (VIOLATED)
_4940_/B1                               0.750000    0.766315   -0.016315 (VIOLATED)
fanout164/A                             0.750000    0.766141   -0.016141 (VIOLATED)
fanout161/A                             0.750000    0.766124   -0.016124 (VIOLATED)
ANTENNA_9/DIODE                         0.750000    0.766097   -0.016097 (VIOLATED)
fanout159/A                             0.750000    0.766097   -0.016097 (VIOLATED)
fanout162/A                             0.750000    0.766089   -0.016089 (VIOLATED)
_4745_/Y                                0.750000    0.766078   -0.016078 (VIOLATED)
_4924_/B1                               0.750000    0.766038   -0.016038 (VIOLATED)
_4920_/B1                               0.750000    0.765965   -0.015965 (VIOLATED)
fanout134/X                             0.750000    0.765945   -0.015945 (VIOLATED)
_4696_/B1                               0.750000    0.765906   -0.015906 (VIOLATED)
_4701_/B1                               0.750000    0.765879   -0.015879 (VIOLATED)
_4705_/B1                               0.750000    0.765721   -0.015721 (VIOLATED)
_4700_/B1                               0.750000    0.765252   -0.015252 (VIOLATED)
_4707_/B1                               0.750000    0.765086   -0.015086 (VIOLATED)
_4690_/B1                               0.750000    0.765023   -0.015023 (VIOLATED)
fanout174/X                             0.750000    0.765009   -0.015009 (VIOLATED)
_2825_/B2                               0.750000    0.763561   -0.013561 (VIOLATED)
_3207_/A1                               0.750000    0.763460   -0.013460 (VIOLATED)
_3040_/C1                               0.750000    0.763366   -0.013366 (VIOLATED)
_3152_/C1                               0.750000    0.763142   -0.013142 (VIOLATED)
_3067_/A1                               0.750000    0.762988   -0.012988 (VIOLATED)
_2954_/C1                               0.750000    0.762976   -0.012976 (VIOLATED)
fanout557/X                             0.750000    0.762965   -0.012965 (VIOLATED)
_4658_/B1                               0.750000    0.761436   -0.011436 (VIOLATED)
_4661_/B1                               0.750000    0.761378   -0.011378 (VIOLATED)
_4650_/B1                               0.750000    0.761294   -0.011294 (VIOLATED)
_4652_/B1                               0.750000    0.761276   -0.011276 (VIOLATED)
_4663_/B1                               0.750000    0.761227   -0.011227 (VIOLATED)
_4668_/B1                               0.750000    0.760997   -0.010997 (VIOLATED)
_4656_/B1                               0.750000    0.760967   -0.010967 (VIOLATED)
fanout183/X                             0.750000    0.760967   -0.010967 (VIOLATED)
_3747_/A1                               0.750000    0.760838   -0.010838 (VIOLATED)
_3793_/A1                               0.750000    0.760824   -0.010824 (VIOLATED)
_3679_/A1                               0.750000    0.760822   -0.010822 (VIOLATED)
_3232_/A                                0.750000    0.760708   -0.010708 (VIOLATED)
_3261_/A                                0.750000    0.760637   -0.010637 (VIOLATED)
_3248_/B                                0.750000    0.760626   -0.010626 (VIOLATED)
_3601_/B1                               0.750000    0.760533   -0.010533 (VIOLATED)
_3613_/C_N                              0.750000    0.760518   -0.010518 (VIOLATED)
_3430_/C1                               0.750000    0.760517   -0.010517 (VIOLATED)
_3253_/A_N                              0.750000    0.760514   -0.010514 (VIOLATED)
fanout1005/X                            0.750000    0.760500   -0.010500 (VIOLATED)
fanout261/A                             0.750000    0.758042   -0.008042 (VIOLATED)
_4262_/B1                               0.750000    0.758032   -0.008032 (VIOLATED)
_4257_/B1                               0.750000    0.758030   -0.008030 (VIOLATED)
_4252_/B1                               0.750000    0.758017   -0.008017 (VIOLATED)
fanout265/A                             0.750000    0.758007   -0.008007 (VIOLATED)
fanout263/A                             0.750000    0.757997   -0.007997 (VIOLATED)
_4263_/B1                               0.750000    0.757985   -0.007985 (VIOLATED)
fanout267/X                             0.750000    0.757980   -0.007980 (VIOLATED)
fanout1007/A                            0.750000    0.757143   -0.007143 (VIOLATED)
_3612_/C1                               0.750000    0.757141   -0.007141 (VIOLATED)
_3382_/C1                               0.750000    0.757066   -0.007066 (VIOLATED)
_3477_/C1                               0.750000    0.757047   -0.007047 (VIOLATED)
_3471_/A1                               0.750000    0.757044   -0.007044 (VIOLATED)
_3356_/C1                               0.750000    0.757039   -0.007039 (VIOLATED)
_3365_/C1                               0.750000    0.757023   -0.007023 (VIOLATED)
fanout1008/X                            0.750000    0.757016   -0.007016 (VIOLATED)
fanout365/A                             0.750000    0.755807   -0.005807 (VIOLATED)
fanout363/A                             0.750000    0.755774   -0.005774 (VIOLATED)
fanout368/A                             0.750000    0.755769   -0.005769 (VIOLATED)
_4844_/Y                                0.750000    0.755716   -0.005716 (VIOLATED)
_4909_/B1                               0.750000    0.754722   -0.004722 (VIOLATED)
_4894_/B1                               0.750000    0.754655   -0.004655 (VIOLATED)
_4901_/B1                               0.750000    0.754503   -0.004503 (VIOLATED)
_4906_/B1                               0.750000    0.754416   -0.004416 (VIOLATED)
_4890_/B1                               0.750000    0.754223   -0.004223 (VIOLATED)
_4886_/B1                               0.750000    0.754049   -0.004049 (VIOLATED)
fanout140/X                             0.750000    0.754025   -0.004025 (VIOLATED)
_4759_/A2                               0.750000    0.753493   -0.003493 (VIOLATED)
_4776_/A2                               0.750000    0.753479   -0.003479 (VIOLATED)
_4769_/A2                               0.750000    0.753414   -0.003414 (VIOLATED)
_4758_/A2                               0.750000    0.753391   -0.003391 (VIOLATED)
_4774_/A2                               0.750000    0.753289   -0.003289 (VIOLATED)
_4765_/A2                               0.750000    0.753184   -0.003184 (VIOLATED)
_4770_/A2                               0.750000    0.753181   -0.003181 (VIOLATED)
fanout380/X                             0.750000    0.753162   -0.003162 (VIOLATED)
_4741_/B1                               0.750000    0.750907   -0.000907 (VIOLATED)
_4726_/B1                               0.750000    0.750725   -0.000725 (VIOLATED)
_4733_/B1                               0.750000    0.750678   -0.000678 (VIOLATED)
_4738_/B1                               0.750000    0.750617   -0.000617 (VIOLATED)
_4722_/B1                               0.750000    0.750238   -0.000238 (VIOLATED)
_4718_/B1                               0.750000    0.750112   -0.000112 (VIOLATED)
fanout167/X                             0.750000    0.750065   -0.000066 (VIOLATED)

max fanout

Pin                                   Limit Fanout  Slack
---------------------------------------------------------
clkbuf_0_clk/X                           10     16     -6 (VIOLATED)
clkbuf_leaf_79_clk/X                     10     13     -3 (VIOLATED)
clkbuf_leaf_85_clk/X                     10     13     -3 (VIOLATED)
clkbuf_leaf_15_clk/X                     10     12     -2 (VIOLATED)
clkbuf_leaf_16_clk/X                     10     12     -2 (VIOLATED)
clkbuf_leaf_17_clk/X                     10     12     -2 (VIOLATED)
clkbuf_leaf_38_clk/X                     10     12     -2 (VIOLATED)
clkbuf_leaf_39_clk/X                     10     12     -2 (VIOLATED)
clkbuf_leaf_41_clk/X                     10     12     -2 (VIOLATED)
clkbuf_leaf_45_clk/X                     10     12     -2 (VIOLATED)
clkbuf_leaf_57_clk/X                     10     12     -2 (VIOLATED)
clkbuf_leaf_59_clk/X                     10     12     -2 (VIOLATED)
clkbuf_leaf_64_clk/X                     10     12     -2 (VIOLATED)
clkbuf_leaf_101_clk/X                    10     11        (VIOLATED)
clkbuf_leaf_11_clk/X                     10     11        (VIOLATED)
clkbuf_leaf_22_clk/X                     10     11        (VIOLATED)
clkbuf_leaf_31_clk/X                     10     11        (VIOLATED)
clkbuf_leaf_35_clk/X                     10     11        (VIOLATED)
clkbuf_leaf_50_clk/X                     10     11        (VIOLATED)
clkbuf_leaf_51_clk/X                     10     11        (VIOLATED)
clkbuf_leaf_53_clk/X                     10     11        (VIOLATED)
clkbuf_leaf_5_clk/X                      10     11        (VIOLATED)
clkbuf_leaf_65_clk/X                     10     11        (VIOLATED)
clkbuf_leaf_70_clk/X                     10     11        (VIOLATED)
clkbuf_leaf_73_clk/X                     10     11        (VIOLATED)
clkbuf_leaf_86_clk/X                     10     11        (VIOLATED)
clkbuf_leaf_97_clk/X                     10     11        (VIOLATED)
input16/X                                10     11        (VIOLATED)

max capacitance

Pin                                        Limit         Cap       Slack
------------------------------------------------------------------------
clkbuf_0_clk/X                          0.200000    0.245925   -0.045925 (VIOLATED)
fanout565/X                             0.151987    0.155653   -0.003666 (VIOLATED)



===========================================================================
report_parasitic_annotation -report_unannotated
============================================================================
Found 51 unannotated drivers.
 clkload0/X
 clkload1/X
 clkload10/Y
 clkload11/Y
 clkload12/X
 clkload13/X
 clkload14/X
 clkload15/X
 clkload16/Y
 clkload17/X
 clkload18/X
 clkload19/Y
 clkload2/X
 clkload20/X
 clkload21/X
 clkload22/X
 clkload23/X
 clkload24/X
 clkload25/X
 clkload26/X
 clkload27/Y
 clkload28/X
 clkload29/X
 clkload3/X
 clkload30/Y
 clkload31/X
 clkload32/X
 clkload33/Y
 clkload34/Y
 clkload35/X
 clkload36/X
 clkload37/X
 clkload38/X
 clkload39/X
 clkload4/X
 clkload40/Y
 clkload41/Y
 clkload42/Y
 clkload43/Y
 clkload44/Y
 clkload45/X
 clkload46/Y
 clkload47/X
 clkload48/Y
 clkload49/Y
 clkload5/X
 clkload50/X
 clkload6/X
 clkload7/X
 clkload8/X
 clkload9/Y
Found 0 partially unannotated drivers.

===========================================================================
max slew violation count 482
max fanout violation count 28
max cap violation count 2
============================================================================

===========================================================================
check_setup -verbose -unconstrained_endpoints -multiple_clock -no_clock -no_input_delay -loops -generated_clocks
===========================================================================
