Clock: clk
Sources: clk 
Generated: no
Virtual: yes
Propagated: no
Period: 10.000000

===========================================================================
report_clock_properties
============================================================================
Clock                   Period          Waveform
----------------------------------------------------
clk                  10.000000    0.000000  5.000000

===========================================================================
report_clock_latency
============================================================================
Clock clk
rise -> rise
    min     max
0.000000 0.000000 source latency
1.022544         network latency _5536_/CLK
        1.070832 network latency _6059_/CLK
---------------
1.022544 1.070832 latency
        0.048288 skew

fall -> fall
    min     max
0.000000 0.000000 source latency
0.822126         network latency _5536_/CLK
        0.856701 network latency _6059_/CLK
---------------
0.822126 0.856701 latency
        0.034574 skew



===========================================================================
report_clock_min_period
============================================================================
clk period_min = 1.51 fmax = 660.10
