Reading timing models for corner max_tt_025C_1v80…
Reading timing library for the 'max_tt_025C_1v80' corner at '/home/naghul/.ciel/ciel/sky130/versions/8afc8346a57fe1ab7934ba5a6056ea8b43078e71/sky130A/libs.ref/sky130_fd_sc_hd/lib/sky130_fd_sc_hd__tt_025C_1v80.lib'…
Reading timing models for corner min_ss_100C_1v60…
Reading timing library for the 'min_ss_100C_1v60' corner at '/home/naghul/.ciel/ciel/sky130/versions/8afc8346a57fe1ab7934ba5a6056ea8b43078e71/sky130A/libs.ref/sky130_fd_sc_hd/lib/sky130_fd_sc_hd__ss_100C_1v60.lib'…
Reading timing models for corner nom_tt_025C_1v80…
Reading timing library for the 'nom_tt_025C_1v80' corner at '/home/naghul/.ciel/ciel/sky130/versions/8afc8346a57fe1ab7934ba5a6056ea8b43078e71/sky130A/libs.ref/sky130_fd_sc_hd/lib/sky130_fd_sc_hd__tt_025C_1v80.lib'…
[WARNING STA-1140] /home/naghul/.ciel/ciel/sky130/versions/8afc8346a57fe1ab7934ba5a6056ea8b43078e71/sky130A/libs.ref/sky130_fd_sc_hd/lib/sky130_fd_sc_hd__tt_025C_1v80.lib line 1, library sky130_fd_sc_hd__tt_025C_1v80 already exists.
Reading timing models for corner max_ff_n40C_1v95…
Reading timing library for the 'max_ff_n40C_1v95' corner at '/home/naghul/.ciel/ciel/sky130/versions/8afc8346a57fe1ab7934ba5a6056ea8b43078e71/sky130A/libs.ref/sky130_fd_sc_hd/lib/sky130_fd_sc_hd__ff_n40C_1v95.lib'…
Reading timing models for corner nom_ff_n40C_1v95…
Reading timing library for the 'nom_ff_n40C_1v95' corner at '/home/naghul/.ciel/ciel/sky130/versions/8afc8346a57fe1ab7934ba5a6056ea8b43078e71/sky130A/libs.ref/sky130_fd_sc_hd/lib/sky130_fd_sc_hd__ff_n40C_1v95.lib'…
[WARNING STA-1140] /home/naghul/.ciel/ciel/sky130/versions/8afc8346a57fe1ab7934ba5a6056ea8b43078e71/sky130A/libs.ref/sky130_fd_sc_hd/lib/sky130_fd_sc_hd__ff_n40C_1v95.lib line 1, library sky130_fd_sc_hd__ff_n40C_1v95 already exists.
Reading timing models for corner max_ss_100C_1v60…
Reading timing library for the 'max_ss_100C_1v60' corner at '/home/naghul/.ciel/ciel/sky130/versions/8afc8346a57fe1ab7934ba5a6056ea8b43078e71/sky130A/libs.ref/sky130_fd_sc_hd/lib/sky130_fd_sc_hd__ss_100C_1v60.lib'…
[WARNING STA-1140] /home/naghul/.ciel/ciel/sky130/versions/8afc8346a57fe1ab7934ba5a6056ea8b43078e71/sky130A/libs.ref/sky130_fd_sc_hd/lib/sky130_fd_sc_hd__ss_100C_1v60.lib line 1, library sky130_fd_sc_hd__ss_100C_1v60 already exists.
Reading timing models for corner min_tt_025C_1v80…
Reading timing library for the 'min_tt_025C_1v80' corner at '/home/naghul/.ciel/ciel/sky130/versions/8afc8346a57fe1ab7934ba5a6056ea8b43078e71/sky130A/libs.ref/sky130_fd_sc_hd/lib/sky130_fd_sc_hd__tt_025C_1v80.lib'…
[WARNING STA-1140] /home/naghul/.ciel/ciel/sky130/versions/8afc8346a57fe1ab7934ba5a6056ea8b43078e71/sky130A/libs.ref/sky130_fd_sc_hd/lib/sky130_fd_sc_hd__tt_025C_1v80.lib line 1, library sky130_fd_sc_hd__tt_025C_1v80 already exists.
Reading timing models for corner nom_ss_100C_1v60…
Reading timing library for the 'nom_ss_100C_1v60' corner at '/home/naghul/.ciel/ciel/sky130/versions/8afc8346a57fe1ab7934ba5a6056ea8b43078e71/sky130A/libs.ref/sky130_fd_sc_hd/lib/sky130_fd_sc_hd__ss_100C_1v60.lib'…
[WARNING STA-1140] /home/naghul/.ciel/ciel/sky130/versions/8afc8346a57fe1ab7934ba5a6056ea8b43078e71/sky130A/libs.ref/sky130_fd_sc_hd/lib/sky130_fd_sc_hd__ss_100C_1v60.lib line 1, library sky130_fd_sc_hd__ss_100C_1v60 already exists.
Reading timing models for corner min_ff_n40C_1v95…
Reading timing library for the 'min_ff_n40C_1v95' corner at '/home/naghul/.ciel/ciel/sky130/versions/8afc8346a57fe1ab7934ba5a6056ea8b43078e71/sky130A/libs.ref/sky130_fd_sc_hd/lib/sky130_fd_sc_hd__ff_n40C_1v95.lib'…
[WARNING STA-1140] /home/naghul/.ciel/ciel/sky130/versions/8afc8346a57fe1ab7934ba5a6056ea8b43078e71/sky130A/libs.ref/sky130_fd_sc_hd/lib/sky130_fd_sc_hd__ff_n40C_1v95.lib line 1, library sky130_fd_sc_hd__ff_n40C_1v95 already exists.
Reading OpenROAD database at '/home/naghul/vlsi/projects/alu_pd/runs/RUN_2026-08-01_18-08-22/34-openroad-detailedplacement/ALU.odb'…
Reading design constraints file at '/nix/store/ffl2vg3m80k0p74pyffnmai83fnv38mf-python3-3.13.9-env/lib/python3.13/site-packages/librelane/scripts/base.sdc'…
[WARNING STA-0366] port '__VIRTUAL_CLK__' not found.
[INFO] Using clock __VIRTUAL_CLK__…
[INFO] Setting output delay to: 2
[INFO] Setting input delay to: 2
[WARNING STA-0366] port '__VIRTUAL_CLK__' not found.
[INFO] Setting load to: 0.033442
[INFO] Setting clock uncertainty to: 0.25
[INFO] Setting clock transition to: 0.1499999999999999944488848768742172978818416595458984375
[WARNING STA-0419] transition time can not be specified for virtual clocks.
[INFO] Setting timing derate to: 5%
[WARNING STA-0450] virtual clock __VIRTUAL_CLK__ can not be propagated.
[WARNING STA-0450] virtual clock __VIRTUAL_CLK__ can not be propagated.
+ repair_timing -verbose -setup -setup_margin 0.05000000000000000277555756156289135105907917022705078125 -max_buffer_percent 50
[INFO RSZ-0100] Repair move sequence: UnbufferMove SizeUpMove SwapPinsMove BufferMove CloneMove SplitLoadMove 
[INFO RSZ-0094] Found 33 endpoints with setup violations.
[INFO RSZ-0099] Repairing 33 out of 33 (100.00%) violating endpoints...
   Iter   | Removed | Resized | Inserted | Cloned |  Pin  |   Area   |    WNS   |   TNS      |  Viol  | Worst
          | Buffers |  Gates  | Buffers  |  Gates | Swaps |          |          |            | Endpts | Endpt
--------------------------------------------------------------------------------------------------------------
        0 |       0 |       0 |        0 |      0 |     0 |    +0.0% |  -11.765 |     -143.1 |     33 | zero
       10 |       1 |       8 |        0 |      0 |     0 |    -0.1% |  -10.872 |     -136.6 |     33 | zero
       20 |       2 |      17 |        0 |      0 |     0 |    -0.3% |   -9.516 |     -123.2 |     33 | zero
       30 |       2 |      27 |        0 |      0 |     0 |    -0.2% |   -9.333 |     -121.0 |     33 | zero
       40 |       2 |      37 |        0 |      0 |     0 |    +0.1% |   -8.693 |     -117.3 |     33 | zero
       50 |       3 |      45 |        0 |      0 |     1 |    +0.0% |   -7.962 |     -112.4 |     33 | zero
       60 |       3 |      55 |        0 |      0 |     1 |    +0.0% |   -7.570 |     -108.7 |     33 | zero
       70 |       3 |      65 |        0 |      0 |     1 |    +0.1% |   -7.463 |     -105.9 |     33 | zero
       80 |       3 |      74 |        1 |      0 |     1 |    +0.0% |   -7.365 |     -101.0 |     33 | zero
       90 |       3 |      84 |        1 |      0 |     1 |    -0.0% |   -7.274 |     -100.1 |     33 | zero
      100 |       3 |      94 |        1 |      0 |     1 |    -0.1% |   -7.204 |      -95.0 |     33 | zero
      110 |       3 |     104 |        1 |      0 |     1 |    +0.1% |   -7.102 |      -94.2 |     33 | zero
      120 |       3 |     114 |        1 |      0 |     1 |    -0.0% |   -6.820 |      -85.2 |     33 | zero
      130 |       3 |     123 |        1 |      0 |     2 |    -0.0% |   -6.617 |      -83.4 |     33 | zero
      140 |       5 |     130 |        2 |      0 |     2 |    -0.2% |   -6.542 |      -79.8 |     33 | zero
      150 |       5 |     140 |        2 |      0 |     2 |    -0.0% |   -6.467 |      -78.6 |     33 | zero
      160 |       5 |     147 |        4 |      0 |     3 |    +0.1% |   -6.561 |      -76.3 |     33 | zero
      170 |       5 |     157 |        4 |      0 |     3 |    +0.1% |   -6.456 |      -74.9 |     33 | zero
      180 |       5 |     165 |        7 |      0 |     3 |    +0.1% |   -6.405 |      -74.8 |     33 | zero
      190 |       5 |     172 |        9 |      0 |     4 |    +0.3% |   -6.332 |      -72.8 |     33 | zero
      200 |       5 |     181 |       10 |      0 |     4 |    +0.4% |   -6.279 |      -70.0 |     33 | zero
      210 |       5 |     191 |       10 |      0 |     4 |    +0.7% |   -5.966 |      -68.7 |     33 | zero
      220 |       5 |     200 |       12 |      0 |     4 |    +0.7% |   -5.652 |      -68.4 |     33 | zero
      230 |       5 |     210 |       12 |      0 |     4 |    +0.9% |   -5.633 |      -68.1 |     33 | zero
      240 |       5 |     219 |       13 |      0 |     4 |    +0.9% |   -5.612 |      -67.4 |     33 | zero
      250 |       5 |     229 |       13 |      0 |     4 |    +0.9% |   -5.560 |      -66.4 |     33 | zero
      260 |       5 |     239 |       13 |      0 |     4 |    +1.0% |   -5.532 |      -65.5 |     33 | zero
      270 |       5 |     247 |       14 |      0 |     5 |    +1.1% |   -5.373 |      -64.7 |     33 | zero
      280 |       5 |     256 |       15 |      0 |     5 |    +1.3% |   -5.338 |      -64.3 |     33 | zero
      290 |       6 |     264 |       17 |      0 |     5 |    +1.3% |   -5.292 |      -62.0 |     33 | zero
      300 |       6 |     274 |       17 |      0 |     5 |    +1.3% |   -5.224 |      -59.2 |     33 | zero
      310 |       6 |     283 |       18 |      0 |     5 |    +1.4% |   -5.135 |      -57.9 |     33 | zero
      320 |       6 |     291 |       19 |      0 |     6 |    +1.6% |   -5.148 |      -56.6 |     33 | zero
      330 |       6 |     301 |       19 |      0 |     6 |    +1.3% |   -5.035 |      -56.2 |     33 | zero
      340 |       6 |     310 |       20 |      0 |     6 |    +1.4% |   -4.987 |      -54.9 |     33 | zero
      350 |       6 |     318 |       21 |      0 |     7 |    +1.6% |   -4.938 |      -53.7 |     33 | zero
      360 |       6 |     328 |       21 |      0 |     7 |    +1.8% |   -4.771 |      -52.4 |     33 | zero
      370 |       6 |     337 |       22 |      0 |     7 |    +2.1% |   -4.670 |      -51.2 |     33 | zero
      380 |       6 |     345 |       23 |      0 |     8 |    +2.2% |   -4.707 |      -50.9 |     33 | zero
      390 |       6 |     352 |       24 |      0 |    10 |    +2.4% |   -4.626 |      -50.6 |     33 | zero
      400 |       6 |     358 |       26 |      0 |    12 |    +2.6% |   -4.568 |      -50.9 |     33 | zero
      410 |       6 |     366 |       28 |      0 |    12 |    +3.1% |   -4.502 |      -49.7 |     33 | zero
      413 |       6 |     368 |       29 |      0 |    12 |    +3.1% |   -4.496 |      -49.8 |     33 | zero
      420 |       6 |     374 |       29 |      0 |    12 |    +3.1% |   -4.496 |      -49.3 |     33 | zero
      430 |       6 |     380 |       30 |      0 |    15 |    +3.5% |   -4.505 |      -48.4 |     33 | zero
      440 |       6 |     385 |       34 |      0 |    16 |    +3.7% |   -4.496 |      -49.0 |     33 | zero
      450 |       6 |     392 |       35 |      0 |    18 |    +3.8% |   -4.496 |      -48.8 |     33 | zero
      460 |       6 |     401 |       36 |      0 |    18 |    +3.8% |   -4.496 |      -47.0 |     33 | zero
      470 |       6 |     410 |       36 |      0 |    19 |    +4.0% |   -4.496 |      -46.7 |     33 | zero
      480 |       6 |     419 |       37 |      0 |    19 |    +4.3% |   -4.496 |      -46.4 |     33 | zero
      490 |       6 |     427 |       40 |      0 |    19 |    +4.8% |   -4.496 |      -46.3 |     33 | zero
      500 |       6 |     433 |       42 |      0 |    21 |    +5.1% |   -4.496 |      -48.1 |     33 | zero
      510 |       6 |     439 |       44 |      0 |    23 |    +5.5% |   -4.496 |      -44.5 |     33 | zero
      520 |       6 |     447 |       49 |      0 |    23 |    +6.0% |   -4.496 |      -44.5 |     33 | zero
      526 |       6 |     416 |       36 |      0 |    19 |    +4.2% |   -4.496 |      -46.1 |     33 | zero
      530 |       6 |     419 |       36 |      0 |    19 |    +4.2% |   -4.496 |      -45.8 |     33 | zero
      540 |       6 |     428 |       37 |      0 |    19 |    +4.4% |   -4.514 |      -45.8 |     33 | zero
      550 |       6 |     433 |       42 |      0 |    19 |    +5.0% |   -4.514 |      -46.7 |     33 | zero
      560 |       6 |     438 |       47 |      0 |    19 |    +5.5% |   -4.514 |      -47.6 |     33 | zero
      570 |       6 |     443 |       52 |      0 |    19 |    +6.1% |   -4.514 |      -48.5 |     33 | zero
      580 |       6 |     448 |       57 |      0 |    19 |    +6.6% |   -4.514 |      -49.4 |     33 | zero
      580 |       6 |     424 |       36 |      0 |    19 |    +4.2% |   -4.496 |      -45.6 |     33 | zero
      590 |       6 |     431 |       38 |      0 |    19 |    +4.4% |   -4.496 |      -44.9 |     33 | zero
      600 |       6 |     440 |       41 |      0 |    19 |    +4.8% |   -4.496 |      -43.5 |     33 | zero
      610 |       6 |     444 |       44 |      0 |    22 |    +5.0% |   -4.496 |      -44.5 |     33 | zero
      620 |       6 |     448 |       48 |      0 |    24 |    +5.4% |   -4.496 |      -45.4 |     33 | zero
      630 |       6 |     456 |       49 |      0 |    25 |    +5.6% |   -4.496 |      -43.2 |     33 | zero
      640 |       6 |     464 |       50 |      0 |    26 |    +5.8% |   -4.496 |      -41.9 |     33 | zero
      650 |       6 |     471 |       53 |      0 |    26 |    +6.1% |   -4.496 |      -43.3 |     33 | zero
      654 |       6 |     442 |       42 |      0 |    20 |    +4.9% |   -4.496 |      -42.7 |     33 | zero
      660 |       6 |     447 |       42 |      0 |    20 |    +4.8% |   -4.496 |      -42.3 |     33 | zero
      670 |       6 |     455 |       44 |      0 |    20 |    +5.3% |   -4.496 |      -43.6 |     33 | zero
      680 |       6 |     463 |       45 |      0 |    21 |    +5.6% |   -4.496 |      -42.2 |     33 | zero
      690 |       6 |     469 |       48 |      0 |    22 |    +5.9% |   -4.496 |      -42.1 |     33 | zero
      700 |       6 |     477 |       49 |      0 |    23 |    +6.1% |   -4.496 |      -40.4 |     33 | zero
      710 |       6 |     485 |       51 |      0 |    23 |    +6.4% |   -4.496 |      -39.8 |     33 | zero
      718 |       6 |     454 |       43 |      0 |    20 |    +5.3% |   -4.496 |      -41.9 |     33 | zero
      720 |       6 |     455 |       43 |      0 |    20 |    +5.2% |   -4.496 |      -42.0 |     33 | zero
      730 |       6 |     465 |       43 |      0 |    20 |    +5.2% |   -4.496 |      -40.8 |     33 | zero
      740 |       6 |     474 |       43 |      0 |    21 |    +5.6% |   -4.529 |      -40.5 |     33 | zero
      750 |       6 |     481 |       45 |      0 |    22 |    +5.9% |   -4.529 |      -40.4 |     33 | zero
      760 |       6 |     487 |       49 |      0 |    22 |    +6.5% |   -4.529 |      -41.1 |     33 | zero
      770 |       6 |     492 |       54 |      0 |    22 |    +7.0% |   -4.529 |      -42.0 |     33 | zero
      780 |       6 |     497 |       59 |      0 |    22 |    +7.5% |   -4.529 |      -42.9 |     33 | zero
      782 |       6 |     468 |       43 |      0 |    20 |    +5.2% |   -4.496 |      -40.7 |     33 | zero
      790 |       6 |     475 |       43 |      0 |    20 |    +5.2% |   -4.496 |      -40.2 |     33 | zero
      800 |       6 |     484 |       45 |      0 |    20 |    +5.6% |   -4.496 |      -39.8 |     33 | zero
      810 |       6 |     492 |       47 |      0 |    20 |    +6.0% |   -4.496 |      -39.6 |     33 | zero
      820 |       6 |     497 |       54 |      0 |    21 |    +6.4% |   -4.496 |      -39.5 |     33 | zero
      830 |       6 |     503 |       57 |      0 |    23 |    +6.7% |   -4.496 |      -39.6 |     33 | zero
      840 |       6 |     509 |       62 |      0 |    24 |    +7.0% |   -4.496 |      -39.5 |     33 | zero
      850 |       6 |     515 |       65 |      0 |    25 |    +7.4% |   -4.496 |      -40.7 |     33 | zero
      860 |       6 |     521 |       67 |      0 |    27 |    +7.6% |   -4.496 |      -39.8 |     33 | zero
      870 |       6 |     528 |       70 |      0 |    27 |    +7.9% |   -4.496 |      -38.3 |     33 | zero
      876 |       6 |     502 |       56 |      0 |    21 |    +6.6% |   -4.496 |      -39.4 |     33 | zero
      880 |       6 |     505 |       56 |      0 |    21 |    +6.6% |   -4.496 |      -39.1 |     33 | zero
      890 |       6 |     513 |       58 |      0 |    21 |    +6.9% |   -4.496 |      -40.8 |     33 | zero
      900 |       6 |     521 |       60 |      0 |    21 |    +7.2% |   -4.496 |      -38.4 |     33 | zero
      910 |       6 |     529 |       62 |      0 |    21 |    +7.5% |   -4.496 |      -37.9 |     33 | zero
      920 |       6 |     536 |       64 |      0 |    22 |    +7.9% |   -4.496 |      -37.6 |     33 | zero
      930 |       6 |     541 |       69 |      0 |    22 |    +8.4% |   -4.496 |      -38.5 |     33 | zero
      937 |       6 |     511 |       57 |      0 |    21 |    +6.8% |   -4.496 |      -38.9 |     33 | zero
      940 |       6 |     513 |       57 |      0 |    21 |    +6.8% |   -4.496 |      -38.8 |     33 | zero
      950 |       6 |     521 |       58 |      0 |    22 |    +7.0% |   -4.496 |      -38.6 |     33 | zero
      960 |       6 |     529 |       60 |      0 |    22 |    +7.3% |   -4.496 |      -37.9 |     33 | zero
      970 |       6 |     538 |       61 |      0 |    22 |    +7.6% |   -4.496 |      -36.7 |     33 | zero
      980 |       6 |     544 |       65 |      0 |    23 |    +8.0% |   -4.496 |      -36.8 |     33 | zero
      990 |       6 |     551 |       68 |      0 |    23 |    +8.5% |   -4.496 |      -37.0 |     33 | zero
     1000 |       6 |     556 |       73 |      0 |    23 |    +9.0% |   -4.496 |      -37.9 |     33 | zero
     1010 |       6 |     561 |       76 |      0 |    25 |    +9.4% |   -4.496 |      -39.5 |     33 | zero
     1011 |       6 |     555 |       72 |      0 |    23 |    +8.9% |   -4.496 |      -37.7 |     33 | zero
     1020 |       6 |     563 |       72 |      0 |    23 |    +9.0% |   -4.496 |      -37.2 |     33 | zero
     1030 |       6 |     570 |       74 |      0 |    24 |    +9.2% |   -4.496 |      -36.9 |     33 | zero
     1040 |       6 |     575 |       79 |      0 |    24 |    +9.8% |   -4.496 |      -37.8 |     33 | zero
     1050 |       6 |     580 |       84 |      0 |    24 |   +10.3% |   -4.496 |      -38.7 |     33 | zero
     1060 |       6 |     585 |       87 |      0 |    26 |   +10.7% |   -4.496 |      -39.1 |     33 | zero
     1070 |       6 |     591 |       91 |      0 |    26 |   +11.2% |   -4.496 |      -42.1 |     33 | zero
     1073 |       6 |     568 |       72 |      0 |    24 |    +9.1% |   -4.496 |      -36.5 |     33 | zero
     1080 |       6 |     574 |       72 |      0 |    24 |    +9.0% |   -4.496 |      -36.1 |     33 | zero
     1090 |       6 |     581 |       74 |      0 |    25 |    +9.5% |   -4.496 |      -36.3 |     33 | zero
     1100 |       6 |     588 |       77 |      0 |    25 |    +9.9% |   -4.497 |      -36.5 |     33 | zero
     1110 |       6 |     593 |       82 |      0 |    25 |   +10.5% |   -4.497 |      -37.4 |     33 | zero
     1120 |       6 |     598 |       87 |      0 |    25 |   +11.0% |   -4.497 |      -38.3 |     33 | zero
     1130 |       6 |     603 |       92 |      0 |    25 |   +11.5% |   -4.497 |      -39.2 |     33 | zero
     1133 |       6 |     576 |       72 |      0 |    25 |    +9.1% |   -4.496 |      -35.9 |     33 | zero
     1140 |       6 |     582 |       72 |      0 |    25 |    +9.1% |   -4.496 |      -35.5 |     33 | zero
     1150 |       6 |     590 |       74 |      0 |    25 |    +9.4% |   -4.496 |      -35.3 |     33 | zero
     1160 |       6 |     598 |       75 |      0 |    26 |    +9.6% |   -4.496 |      -34.1 |     33 | zero
     1170 |       6 |     603 |       80 |      0 |    26 |   +10.2% |   -4.496 |      -35.0 |     33 | zero
     1180 |       6 |     609 |       84 |      0 |    26 |   +10.7% |   -4.496 |      -35.7 |     33 | zero
     1188 |       6 |     594 |       74 |      0 |    25 |    +9.5% |   -4.496 |      -34.9 |     33 | zero
     1190 |       6 |     595 |       74 |      0 |    25 |    +9.5% |   -4.496 |      -34.8 |     33 | zero
     1200 |       6 |     605 |       74 |      0 |    25 |    +9.6% |   -4.496 |      -34.2 |     33 | zero
     1210 |       6 |     612 |       77 |      0 |    25 |   +10.0% |   -4.496 |      -33.9 |     33 | zero
     1220 |       6 |     618 |       80 |      0 |    26 |   +10.2% |   -4.496 |      -33.9 |     33 | zero
     1230 |       6 |     625 |       83 |      0 |    27 |   +10.6% |   -4.496 |      -33.8 |     33 | zero
     1240 |       6 |     633 |       86 |      0 |    27 |   +10.9% |   -4.496 |      -35.1 |     33 | zero
     1250 |       6 |     640 |       88 |      0 |    28 |   +10.9% |   -4.496 |      -34.4 |     33 | zero
     1260 |       6 |     647 |       91 |      0 |    28 |   +11.4% |   -4.496 |      -34.9 |     33 | zero
     1270 |       6 |     653 |       94 |      0 |    29 |   +11.8% |   -4.496 |      -35.2 |     33 | zero
     1273 |       6 |     629 |       83 |      0 |    27 |   +10.6% |   -4.496 |      -33.7 |     33 | zero
     1280 |       6 |     635 |       83 |      0 |    27 |   +10.6% |   -4.496 |      -33.3 |     33 | zero
     1290 |       6 |     641 |       87 |      0 |    27 |   +11.1% |   -4.496 |      -34.5 |     33 | zero
     1300 |       6 |     647 |       90 |      0 |    28 |   +11.4% |   -4.496 |      -36.9 |     33 | zero
     1300 |       6 |     637 |       84 |      0 |    27 |   +10.7% |   -4.496 |      -33.2 |     33 | zero
     1310 |       6 |     646 |       84 |      0 |    27 |   +10.8% |   -4.496 |      -32.7 |     33 | zero
     1320 |       6 |     651 |       88 |      0 |    28 |   +11.2% |   -4.496 |      -33.4 |     33 | zero
     1330 |       6 |     656 |       93 |      0 |    28 |   +11.7% |   -4.496 |      -34.3 |     33 | zero
     1340 |       6 |     662 |       97 |      0 |    28 |   +12.2% |   -4.496 |      -36.7 |     33 | zero
     1343 |       6 |     647 |       84 |      0 |    28 |   +10.8% |   -4.496 |      -32.6 |     33 | zero
     1350 |       6 |     653 |       84 |      0 |    28 |   +10.8% |   -4.496 |      -32.2 |     33 | zero
     1360 |       6 |     660 |       86 |      0 |    29 |   +11.1% |   -4.515 |      -32.7 |     33 | zero
     1369 |       6 |     656 |       84 |      0 |    28 |   +10.8% |   -4.496 |      -32.1 |     33 | zero
     1370 |       6 |     656 |       84 |      0 |    28 |   +10.8% |   -4.496 |      -32.1 |     33 | zero
     1380 |       6 |     666 |       84 |      0 |    28 |   +10.9% |   -4.496 |      -31.6 |     33 | zero
     1390 |       6 |     671 |       88 |      0 |    29 |   +11.4% |   -4.496 |      -32.3 |     33 | zero
     1400 |       6 |     676 |       93 |      0 |    29 |   +11.9% |   -4.496 |      -33.2 |     33 | zero
     1410 |       6 |     681 |       98 |      0 |    29 |   +12.5% |   -4.496 |      -34.1 |     33 | zero
     1420 |       6 |     687 |      102 |      0 |    29 |   +13.0% |   -4.496 |      -36.2 |     33 | zero
     1420 |       6 |     666 |       84 |      0 |    29 |   +10.9% |   -4.496 |      -31.6 |     33 | zero
     1430 |       6 |     675 |       84 |      0 |    29 |   +11.0% |   -4.496 |      -31.0 |     33 | zero
     1440 |       6 |     684 |       85 |      0 |    29 |   +11.4% |   -4.497 |      -29.8 |     33 | zero
     1448 |       6 |     688 |       88 |      0 |    30 |   +11.7% |   -4.489 |      -30.5 |     33 | zero
     1450 |       6 |     689 |       88 |      0 |    30 |   +11.7% |   -4.489 |      -30.5 |     33 | zero
     1460 |       6 |     699 |       88 |      0 |    30 |   +11.8% |   -4.489 |      -30.0 |     33 | zero
     1470 |       6 |     705 |       90 |      0 |    32 |   +12.0% |   -4.489 |      -31.9 |     33 | zero
     1480 |       6 |     712 |       95 |      0 |    32 |   +12.5% |   -4.490 |      -31.4 |     33 | zero
     1489 |       6 |     711 |       95 |      0 |    32 |   +12.5% |   -4.489 |      -31.4 |     33 | zero
     1490 |       6 |     711 |       95 |      0 |    32 |   +12.5% |   -4.489 |      -31.4 |     33 | zero
     1500 |       6 |     721 |       95 |      0 |    32 |   +12.6% |   -4.489 |      -30.9 |     33 | zero
     1510 |       6 |     727 |       98 |      0 |    33 |   +13.0% |   -4.489 |      -32.3 |     33 | zero
     1520 |       6 |     732 |      103 |      0 |    33 |   +13.5% |   -4.489 |      -33.2 |     33 | zero
     1530 |       6 |     737 |      108 |      0 |    33 |   +14.1% |   -4.489 |      -34.1 |     33 | zero
     1537 |       6 |     722 |       95 |      0 |    33 |   +12.6% |   -4.489 |      -30.9 |     33 | zero
     1540 |       6 |     724 |       95 |      0 |    33 |   +12.6% |   -4.489 |      -30.8 |     33 | zero
     1550 |       6 |     732 |       96 |      0 |    34 |   +12.7% |   -4.489 |      -30.6 |     33 | zero
     1560 |       6 |     737 |      100 |      0 |    35 |   +13.2% |   -4.489 |      -31.4 |     33 | zero
     1570 |       6 |     742 |      105 |      0 |    35 |   +13.8% |   -4.489 |      -32.3 |     33 | zero
     1580 |       6 |     747 |      110 |      0 |    35 |   +14.3% |   -4.489 |      -33.2 |     33 | zero
     1590 |       6 |     752 |      115 |      0 |    35 |   +14.9% |   -4.489 |      -34.1 |     33 | zero
     1596 |       6 |     730 |       95 |      0 |    33 |   +12.6% |   -4.489 |      -30.4 |     33 | zero
     1600 |       6 |     733 |       95 |      0 |    33 |   +12.7% |   -4.489 |      -30.1 |     33 | zero
     1610 |       6 |     741 |       96 |      0 |    34 |   +12.8% |   -4.489 |      -29.9 |     33 | zero
     1620 |       6 |     747 |      100 |      0 |    34 |   +13.3% |   -4.489 |      -30.7 |     33 | zero
     1630 |       6 |     752 |      105 |      0 |    34 |   +13.8% |   -4.489 |      -31.6 |     33 | zero
     1640 |       6 |     757 |      110 |      0 |    34 |   +14.3% |   -4.489 |      -32.5 |     33 | zero
     1650 |       6 |     762 |      115 |      0 |    34 |   +14.9% |   -4.489 |      -33.4 |     33 | zero
     1657 |       6 |     740 |       95 |      0 |    33 |   +12.7% |   -4.489 |      -29.7 |     33 | zero
     1660 |       6 |     742 |       95 |      0 |    33 |   +12.7% |   -4.489 |      -29.6 |     33 | zero
     1670 |       6 |     751 |       95 |      0 |    34 |   +12.8% |   -4.489 |      -29.1 |     33 | zero
     1680 |       6 |     756 |       97 |      0 |    37 |   +13.1% |   -4.489 |      -29.2 |     33 | zero
     1682 |       6 |     753 |       95 |      0 |    35 |   +12.8% |   -4.489 |      -28.9 |     33 | zero
     1690 |       6 |     760 |       95 |      0 |    35 |   +12.8% |   -4.489 |      -28.4 |     33 | zero
     1700 |       6 |     768 |       97 |      0 |    35 |   +13.0% |   -4.489 |      -28.3 |     33 | zero
     1710 |       7 |     773 |      101 |      0 |    36 |   +13.3% |   -4.489 |      -28.6 |     33 | zero
     1720 |       7 |     779 |      104 |      0 |    37 |   +13.7% |   -4.489 |      -30.2 |     33 | zero
     1730 |       7 |     784 |      109 |      0 |    37 |   +14.3% |   -4.489 |      -31.1 |     33 | zero
     1740 |       7 |     789 |      114 |      0 |    37 |   +14.8% |   -4.489 |      -32.0 |     33 | zero
     1741 |       6 |     766 |       95 |      0 |    35 |   +12.8% |   -4.489 |      -28.0 |     33 | zero
     1750 |       6 |     774 |       95 |      0 |    35 |   +12.8% |   -4.489 |      -27.2 |     33 | zero
     1755 |       6 |     778 |       96 |      0 |    35 |   +12.9% |   -4.489 |      -27.1 |     31 | zero
     1760 |       6 |     782 |       96 |      0 |    35 |   +12.8% |   -4.489 |      -26.6 |     31 | zero
     1770 |       6 |     791 |       96 |      0 |    36 |   +13.2% |   -4.522 |      -26.2 |     31 | zero
     1780 |       6 |     797 |      100 |      0 |    36 |   +13.7% |   -4.522 |      -27.0 |     31 | zero
     1790 |       6 |     802 |      105 |      0 |    36 |   +14.2% |   -4.522 |      -27.9 |     31 | zero
     1800 |       6 |     807 |      110 |      0 |    36 |   +14.8% |   -4.522 |      -28.8 |     31 | zero
     1800 |       6 |     787 |       96 |      0 |    35 |   +12.9% |   -4.489 |      -26.2 |     31 | zero
     1806 |       7 |     791 |       96 |      0 |    35 |   +12.8% |   -4.489 |      -25.7 |     29 | zero
     1810 |       7 |     794 |       96 |      0 |    35 |   +12.8% |   -4.489 |      -25.4 |     29 | zero
     1820 |       7 |     802 |       97 |      0 |    36 |   +13.0% |   -4.489 |      -25.1 |     29 | zero
     1825 |       7 |     804 |       98 |      0 |    37 |   +13.2% |   -4.484 |      -25.6 |     29 | zero
     1830 |       7 |     808 |       98 |      0 |    37 |   +13.1% |   -4.484 |      -25.2 |     29 | zero
     1835 |       7 |     812 |       98 |      0 |    37 |   +13.2% |   -4.484 |      -25.1 |     28 | zero
     1836 |       7 |     812 |       98 |      0 |    37 |   +13.2% |   -4.484 |      -25.1 |     27 | zero
     1840 |       7 |     815 |       98 |      0 |    37 |   +13.2% |   -4.484 |      -24.9 |     26 | zero
     1840 |       7 |     815 |       98 |      0 |    37 |   +13.2% |   -4.484 |      -24.9 |     25 | zero
     1845 |       7 |     819 |       98 |      0 |    37 |   +13.2% |   -4.484 |      -24.6 |     23 | zero
     1847 |       7 |     820 |       98 |      0 |    37 |   +13.2% |   -4.484 |      -24.6 |     21 | zero
    1848* |       7 |     820 |       98 |      0 |    37 |   +13.2% |   -4.484 |      -24.6 |     27 | zero
    1849* |       7 |     820 |       98 |      0 |    37 |   +13.2% |   -4.484 |      -24.6 |     27 | zero
    1850* |       7 |     820 |       98 |      0 |    37 |   +13.2% |   -4.484 |      -24.6 |     27 | zero
    1854* |       7 |     824 |       98 |      0 |    37 |   +13.4% |   -4.484 |      -24.5 |     27 | zero
    1855* |       7 |     824 |       98 |      0 |    37 |   +13.4% |   -4.484 |      -24.5 |     27 | zero
    1856* |       7 |     824 |       98 |      0 |    37 |   +13.4% |   -4.484 |      -24.5 |     27 | zero
    1857* |       7 |     824 |       98 |      0 |    37 |   +13.4% |   -4.484 |      -24.5 |     27 | zero
    1860* |       7 |     826 |       98 |      0 |    37 |   +13.4% |   -4.484 |      -24.5 |     27 | zero
    1861* |       7 |     826 |       98 |      0 |    38 |   +13.4% |   -4.484 |      -24.5 |     27 | zero
    1862* |       7 |     826 |       98 |      0 |    38 |   +13.4% |   -4.484 |      -24.5 |     27 | zero
    1863* |       7 |     826 |       98 |      0 |    38 |   +13.4% |   -4.484 |      -24.5 |     27 | zero
    1864* |       7 |     826 |       98 |      0 |    38 |   +13.4% |   -4.484 |      -24.5 |     27 | zero
    1865* |       7 |     826 |       98 |      0 |    38 |   +13.4% |   -4.484 |      -24.5 |     27 | zero
    1870* |       7 |     830 |       98 |      0 |    38 |   +13.6% |   -4.484 |      -24.4 |     27 | zero
    1871* |       7 |     831 |       98 |      0 |    38 |   +13.6% |   -4.484 |      -24.4 |     27 | zero
    1873* |       7 |     832 |       98 |      0 |    38 |   +13.7% |   -4.484 |      -24.4 |     27 | zero
    1874* |       7 |     832 |       98 |      0 |    38 |   +13.7% |   -4.484 |      -24.4 |     27 | zero
    1875* |       7 |     832 |       98 |      0 |    38 |   +13.7% |   -4.484 |      -24.4 |     27 | zero
    1876* |       7 |     832 |       98 |      0 |    38 |   +13.7% |   -4.484 |      -24.4 |     27 | zero
    1879* |       7 |     834 |       98 |      0 |    38 |   +13.8% |   -4.484 |      -24.3 |     27 | zero
    1880* |       7 |     834 |       98 |      0 |    38 |   +13.8% |   -4.484 |      -24.3 |     27 | zero
    1880* |       7 |     834 |       98 |      0 |    38 |   +13.8% |   -4.484 |      -24.3 |     27 | zero
    1882* |       7 |     835 |       98 |      0 |    38 |   +13.8% |   -4.484 |      -24.2 |     27 | zero
    1883* |       7 |     835 |       98 |      0 |    38 |   +13.8% |   -4.484 |      -24.2 |     27 | zero
    1884* |       7 |     835 |       98 |      0 |    38 |   +13.8% |   -4.484 |      -24.2 |     27 | zero
    1886* |       7 |     836 |       98 |      0 |    38 |   +13.9% |   -4.484 |      -24.2 |     27 | zero
    1887* |       7 |     836 |       98 |      0 |    38 |   +13.9% |   -4.484 |      -24.2 |     27 | zero
    1888* |       7 |     836 |       98 |      0 |    38 |   +13.9% |   -4.484 |      -24.2 |     27 | zero
    1889* |       7 |     836 |       98 |      0 |    38 |   +13.9% |   -4.484 |      -24.2 |     27 | zero
    1890* |       7 |     836 |       98 |      0 |    38 |   +13.9% |   -4.484 |      -24.2 |     27 | zero
    1892* |       7 |     838 |       98 |      0 |    38 |   +13.9% |   -4.484 |      -24.2 |     25 | zero
    1894* |       7 |     839 |       98 |      0 |    38 |   +14.0% |   -4.484 |      -24.2 |     23 | zero
    final |       7 |     839 |       98 |      0 |    38 |   +14.0% |   -4.484 |      -24.2 |     23 | zero
--------------------------------------------------------------------------------------------------------------
[INFO RSZ-0059] Removed 7 buffers.
[INFO RSZ-0040] Inserted 98 buffers.
[INFO RSZ-0051] Resized 839 instances: 839 up, 0 up match, 0 down, 0 VT
[INFO RSZ-0043] Swapped pins on 38 instances.
[WARNING RSZ-0062] Unable to repair all setup violations.
+ repair_timing -verbose -hold -setup_margin 0.05000000000000000277555756156289135105907917022705078125 -hold_margin 0.1000000000000000055511151231257827021181583404541015625 -max_buffer_percent 50
[INFO RSZ-0033] No hold violations found.
+ detailed_placement -max_displacement  500 100 
Placement Analysis
---------------------------------
total displacement       1401.7 u
average displacement        0.9 u
max displacement           16.3 u
original HPWL           32741.2 u
legalized HPWL          34552.4 u
delta HPWL                    6 %

[INFO DPL-0020] Mirrored 512 instances
[INFO DPL-0021] HPWL before           34552.4 u
[INFO DPL-0022] HPWL after            33518.9 u
[INFO DPL-0023] HPWL delta               -3.0 %
Setting global connections for newly added cells…
[INFO] Setting global connections...
[INFO ODB-0403] 392 connections made, 0 conflicts skipped.
Updating metrics…
Cell type report:                       Count       Area
  Fill cell                               106     397.88
  Tap cell                                302     377.86
  Timing Repair Buffer                    304    2782.67
  Inverter                                 27     103.85
  Multi-Input combinational cell          831    8923.56
  Total                                  1570   12585.82
Writing OpenROAD database to '/home/naghul/vlsi/projects/alu_pd/runs/RUN_2026-08-01_18-08-22/37-openroad-resizertimingpostcts/ALU.odb'…
Writing netlist to '/home/naghul/vlsi/projects/alu_pd/runs/RUN_2026-08-01_18-08-22/37-openroad-resizertimingpostcts/ALU.nl.v'…
Writing powered netlist to '/home/naghul/vlsi/projects/alu_pd/runs/RUN_2026-08-01_18-08-22/37-openroad-resizertimingpostcts/ALU.pnl.v'…
Writing layout to '/home/naghul/vlsi/projects/alu_pd/runs/RUN_2026-08-01_18-08-22/37-openroad-resizertimingpostcts/ALU.def'…
Writing timing constraints to '/home/naghul/vlsi/projects/alu_pd/runs/RUN_2026-08-01_18-08-22/37-openroad-resizertimingpostcts/ALU.sdc'…
