┏━━━━━━━━━━━━━━━━━━━━━━┳━━━━━━━━━━┳━━━━━━━━━━┳━━━━━━━━━━┳━━━━━━━━━━┳━━━━━━━━━━━┳━━━━━━━━━━┳━━━━━━━━━━━┳━━━━━━━━━━┳━━━━━━━━━━━┳━━━━━━━━━━┳━━━━━━━━━━━┳━━━━━━━━━━┓
┃                      ┃ Hold     ┃ Reg to   ┃          ┃          ┃ of which  ┃ Setup    ┃           ┃          ┃           ┃ of which ┃           ┃          ┃
┃                      ┃ Worst    ┃ Reg      ┃          ┃ Hold Vio ┃ reg to    ┃ Worst    ┃ Reg to    ┃ Setup    ┃ Setup Vio ┃ reg to   ┃ Max Cap   ┃ Max Slew ┃
┃ Corner/Group         ┃ Slack    ┃ Paths    ┃ Hold TNS ┃ Count    ┃ reg       ┃ Slack    ┃ Reg Paths ┃ TNS      ┃ Count     ┃ reg      ┃ Violatio… ┃ Violati… ┃
┡━━━━━━━━━━━━━━━━━━━━━━╇━━━━━━━━━━╇━━━━━━━━━━╇━━━━━━━━━━╇━━━━━━━━━━╇━━━━━━━━━━━╇━━━━━━━━━━╇━━━━━━━━━━━╇━━━━━━━━━━╇━━━━━━━━━━━╇━━━━━━━━━━╇━━━━━━━━━━━╇━━━━━━━━━━┩
│ Overall              │ 0.4156   │ 0.4156   │ 0.0000   │ 0        │ 0         │ -2.8252  │ N/A       │ -628.28… │ 1533      │ 0        │ 11        │ 1870     │
│ nom_tt_025C_1v80     │ 0.7664   │ 0.7664   │ 0.0000   │ 0        │ 0         │ 1.4038   │ N/A       │ 0.0000   │ 0         │ 0        │ 1         │ 279      │
│ nom_ss_100C_1v60     │ 1.3673   │ 1.7969   │ 0.0000   │ 0        │ 0         │ -2.3923  │ N/A       │ -453.09… │ 528       │ 0        │ 9         │ 1463     │
│ nom_ff_n40C_1v95     │ 0.4176   │ 0.4176   │ 0.0000   │ 0        │ 0         │ 2.9261   │ N/A       │ 0.0000   │ 0         │ 0        │ 1         │ 83       │
│ min_tt_025C_1v80     │ 0.7636   │ 0.7636   │ 0.0000   │ 0        │ 0         │ 1.6242   │ N/A       │ 0.0000   │ 0         │ 0        │ 1         │ 119      │
│ min_ss_100C_1v60     │ 1.4079   │ 1.7922   │ 0.0000   │ 0        │ 0         │ -1.9896  │ N/A       │ -277.09… │ 396       │ 0        │ 8         │ 1272     │
│ min_ff_n40C_1v95     │ 0.4156   │ 0.4156   │ 0.0000   │ 0        │ 0         │ 3.0669   │ N/A       │ 0.0000   │ 0         │ 0        │ 1         │ 39       │
│ max_tt_025C_1v80     │ 0.7695   │ 0.7695   │ 0.0000   │ 0        │ 0         │ 1.1585   │ N/A       │ 0.0000   │ 0         │ 0        │ 2         │ 482      │
│ max_ss_100C_1v60     │ 1.2947   │ 1.8021   │ 0.0000   │ 0        │ 0         │ -2.8252  │ N/A       │ -628.28… │ 609       │ 0        │ 11        │ 1870     │
│ max_ff_n40C_1v95     │ 0.4197   │ 0.4197   │ 0.0000   │ 0        │ 0         │ 2.7673   │ N/A       │ 0.0000   │ 0         │ 0        │ 1         │ 83       │
└──────────────────────┴──────────┴──────────┴──────────┴──────────┴───────────┴──────────┴───────────┴──────────┴───────────┴──────────┴───────────┴──────────┘
