Reading timing models for corner nom_tt_025C_1v80…
Reading timing library for the 'nom_tt_025C_1v80' corner at '/home/naghul/.ciel/ciel/sky130/versions/8afc8346a57fe1ab7934ba5a6056ea8b43078e71/sky130A/libs.ref/sky130_fd_sc_hd/lib/sky130_fd_sc_hd__tt_025C_1v80.lib'…
Reading OpenROAD database at '/home/naghul/vlsi/projects/alu_pd/runs/RUN_2026-08-01_18-08-22/42-openroad-repairantennas/1-openroad-diodeinsertion/ALU.odb'…
Reading design constraints file at '/nix/store/ffl2vg3m80k0p74pyffnmai83fnv38mf-python3-3.13.9-env/lib/python3.13/site-packages/librelane/scripts/base.sdc'…
[WARNING STA-0366] port '__VIRTUAL_CLK__' not found.
[INFO] Using clock __VIRTUAL_CLK__…
[INFO] Setting output delay to: 2
[INFO] Setting input delay to: 2
[WARNING STA-0366] port '__VIRTUAL_CLK__' not found.
[INFO] Setting load to: 0.033442
[INFO] Setting clock uncertainty to: 0.25
[INFO] Setting clock transition to: 0.1499999999999999944488848768742172978818416595458984375
[WARNING STA-0419] transition time can not be specified for virtual clocks.
[INFO] Setting timing derate to: 5%
[WARNING STA-0450] virtual clock __VIRTUAL_CLK__ can not be propagated.
[INFO ORD-0030] Using 16 thread(s).
+ detailed_route -droute_end_iter 64 -or_seed 42 -verbose 1 -output_drc /home/naghul/vlsi/projects/alu_pd/runs/RUN_2026-08-01_18-08-22/44-openroad-detailedrouting/drt-run-0/ALU.drc
[INFO DRT-0149] Reading tech and libs.
[WARNING DRT-0349] LEF58_ENCLOSURE with no CUTCLASS is not supported. Skipping for layer mcon
[WARNING DRT-0349] LEF58_ENCLOSURE with no CUTCLASS is not supported. Skipping for layer mcon
[WARNING DRT-0349] LEF58_ENCLOSURE with no CUTCLASS is not supported. Skipping for layer via
[WARNING DRT-0349] LEF58_ENCLOSURE with no CUTCLASS is not supported. Skipping for layer via
[WARNING DRT-0349] LEF58_ENCLOSURE with no CUTCLASS is not supported. Skipping for layer via2
[WARNING DRT-0349] LEF58_ENCLOSURE with no CUTCLASS is not supported. Skipping for layer via2
[WARNING DRT-0349] LEF58_ENCLOSURE with no CUTCLASS is not supported. Skipping for layer via3
[WARNING DRT-0349] LEF58_ENCLOSURE with no CUTCLASS is not supported. Skipping for layer via3
[WARNING DRT-0349] LEF58_ENCLOSURE with no CUTCLASS is not supported. Skipping for layer via4
[WARNING DRT-0349] LEF58_ENCLOSURE with no CUTCLASS is not supported. Skipping for layer via4

Units:                1000
Number of layers:     13
Number of macros:     445
Number of vias:       29
Number of viarulegen: 25

[INFO DRT-0150] Reading design.

Design:                   ALU
Die area:                 ( 0 0 ) ( 155450 166170 )
Number of track patterns: 12
Number of DEF vias:       0
Number of components:     1570
Number of terminals:      103
Number of snets:          2
Number of nets:           1230

[INFO DRT-0167] List of default vias:
  Layer via
    default via: M1M2_PR
  Layer via2
    default via: M2M3_PR
  Layer via3
    default via: M3M4_PR
  Layer via4
    default via: M4M5_PR
[INFO DRT-0162] Library cell analysis.
[INFO DRT-0163] Instance analysis.
[INFO DRT-0164] Number of unique instances = 260.
[INFO DRT-0168] Init region query.
[INFO DRT-0024]   Complete FR_MASTERSLICE.
[INFO DRT-0024]   Complete licon.
[INFO DRT-0024]   Complete li1.
[INFO DRT-0024]   Complete mcon.
[INFO DRT-0024]   Complete met1.
[INFO DRT-0024]   Complete via.
[INFO DRT-0024]   Complete met2.
[INFO DRT-0024]   Complete via2.
[INFO DRT-0024]   Complete met3.
[INFO DRT-0024]   Complete via3.
[INFO DRT-0024]   Complete met4.
[INFO DRT-0024]   Complete via4.
[INFO DRT-0024]   Complete met5.
[INFO DRT-0033] FR_MASTERSLICE shape region query size = 0.
[INFO DRT-0033] licon shape region query size = 0.
[INFO DRT-0033] li1 shape region query size = 35166.
[INFO DRT-0033] mcon shape region query size = 0.
[INFO DRT-0033] met1 shape region query size = 4104.
[INFO DRT-0033] via shape region query size = 270.
[INFO DRT-0033] met2 shape region query size = 212.
[INFO DRT-0033] via2 shape region query size = 216.
[INFO DRT-0033] met3 shape region query size = 213.
[INFO DRT-0033] via3 shape region query size = 216.
[INFO DRT-0033] met4 shape region query size = 60.
[INFO DRT-0033] via4 shape region query size = 2.
[INFO DRT-0033] met5 shape region query size = 6.
[INFO DRT-0165] Start pin access.
[INFO DRT-0076]   Complete 1000 pins.
[INFO DRT-0076]   Complete 2000 pins.
[INFO DRT-0078]   Complete 2052 pins.
[INFO DRT-0079]   Complete 100 unique inst patterns.
[INFO DRT-0079]   Complete 200 unique inst patterns.
[INFO DRT-0081]   Complete 260 unique inst patterns.
[INFO DRT-0084]   Complete 716 groups.
#scanned instances     = 1570
#unique  instances     = 260
#stdCellGenAp          = 7380
#stdCellValidPlanarAp  = 86
#stdCellValidViaAp     = 5640
#stdCellPinNoAp        = 0
#stdCellPinCnt         = 4184
#instTermValidViaApCnt = 0
#macroGenAp            = 0
#macroValidPlanarAp    = 0
#macroValidViaAp       = 0
#macroNoAp             = 0
[INFO DRT-0166] Complete pin access.
[INFO DRT-0267] cpu time = 00:03:25, elapsed time = 00:00:13, memory = 139.48 (MB), peak = 137.65 (MB)

[INFO DRT-0157] Number of guides:     9960

[INFO DRT-0169] Post process guides.
[INFO DRT-0176] GCELLGRID X 0 DO 22 STEP 6900 ;
[INFO DRT-0177] GCELLGRID Y 0 DO 24 STEP 6900 ;
[INFO DRT-0028]   Complete FR_MASTERSLICE.
[INFO DRT-0028]   Complete licon.
[INFO DRT-0028]   Complete li1.
[INFO DRT-0028]   Complete mcon.
[INFO DRT-0028]   Complete met1.
[INFO DRT-0028]   Complete via.
[INFO DRT-0028]   Complete met2.
[INFO DRT-0028]   Complete via2.
[INFO DRT-0028]   Complete met3.
[INFO DRT-0028]   Complete via3.
[INFO DRT-0028]   Complete met4.
[INFO DRT-0028]   Complete via4.
[INFO DRT-0028]   Complete met5.
[INFO DRT-0178] Init guide query.
[INFO DRT-0035]   Complete FR_MASTERSLICE (guide).
[INFO DRT-0035]   Complete licon (guide).
[INFO DRT-0035]   Complete li1 (guide).
[INFO DRT-0035]   Complete mcon (guide).
[INFO DRT-0035]   Complete met1 (guide).
[INFO DRT-0035]   Complete via (guide).
[INFO DRT-0035]   Complete met2 (guide).
[INFO DRT-0035]   Complete via2 (guide).
[INFO DRT-0035]   Complete met3 (guide).
[INFO DRT-0035]   Complete via3 (guide).
[INFO DRT-0035]   Complete met4 (guide).
[INFO DRT-0035]   Complete via4 (guide).
[INFO DRT-0035]   Complete met5 (guide).
[INFO DRT-0036] FR_MASTERSLICE guide region query size = 0.
[INFO DRT-0036] licon guide region query size = 0.
[INFO DRT-0036] li1 guide region query size = 3434.
[INFO DRT-0036] mcon guide region query size = 0.
[INFO DRT-0036] met1 guide region query size = 3042.
[INFO DRT-0036] via guide region query size = 0.
[INFO DRT-0036] met2 guide region query size = 1620.
[INFO DRT-0036] via2 guide region query size = 0.
[INFO DRT-0036] met3 guide region query size = 175.
[INFO DRT-0036] via3 guide region query size = 0.
[INFO DRT-0036] met4 guide region query size = 48.
[INFO DRT-0036] via4 guide region query size = 0.
[INFO DRT-0036] met5 guide region query size = 0.
[INFO DRT-0179] Init gr pin query.
[INFO DRT-0267] cpu time = 00:00:00, elapsed time = 00:00:00, memory = 142.70 (MB), peak = 140.78 (MB)
[INFO DRT-0245] skipped writing guide updates to database.
[INFO DRT-0185] Post process initialize RPin region query.
[INFO DRT-0181] Start track assignment.
[INFO DRT-0184] Done with 5102 vertical wires in 1 frboxes and 3217 horizontal wires in 1 frboxes.
[INFO DRT-0186] Done with 547 vertical wires in 1 frboxes and 1001 horizontal wires in 1 frboxes.
[INFO DRT-0182] Complete track assignment.
[INFO DRT-0267] cpu time = 00:00:05, elapsed time = 00:00:00, memory = 153.98 (MB), peak = 151.90 (MB)
[INFO DRT-0187] Start routing data preparation.
[INFO DRT-0267] cpu time = 00:00:00, elapsed time = 00:00:00, memory = 154.85 (MB), peak = 152.90 (MB)
[INFO DRT-0194] Start detail routing.
[INFO DRT-0195] Start 0th optimization iteration.
    Completing 10% with 0 violations.
    elapsed time = 00:00:01, memory = 228.00 (MB).
    Completing 20% with 0 violations.
    elapsed time = 00:00:01, memory = 198.19 (MB).
    Completing 30% with 98 violations.
    elapsed time = 00:00:01, memory = 263.57 (MB).
    Completing 40% with 98 violations.
    elapsed time = 00:00:03, memory = 262.75 (MB).
    Completing 50% with 98 violations.
    elapsed time = 00:00:05, memory = 238.50 (MB).
    Completing 60% with 175 violations.
    elapsed time = 00:00:05, memory = 273.78 (MB).
    Completing 70% with 175 violations.
    elapsed time = 00:00:09, memory = 282.76 (MB).
    Completing 80% with 307 violations.
    elapsed time = 00:00:09, memory = 282.76 (MB).
    Completing 90% with 307 violations.
    elapsed time = 00:00:09, memory = 306.96 (MB).
    Completing 100% with 371 violations.
    elapsed time = 00:00:11, memory = 314.43 (MB).
[INFO DRT-0199]   Number of violations = 417.
Viol/Layer        mcon   met1   met2   met3
Cut Spacing          2      0      0      0
Metal Spacing        0     81      8      3
Min Hole             0      1      0      0
Recheck              0     33     13      0
Short                0    258     18      0
[INFO DRT-0267] cpu time = 00:00:33, elapsed time = 00:00:11, memory = 636.18 (MB), peak = 634.66 (MB)
Total wire length = 38446 um.
Total wire length on LAYER li1 = 0 um.
Total wire length on LAYER met1 = 16995 um.
Total wire length on LAYER met2 = 17292 um.
Total wire length on LAYER met3 = 2406 um.
Total wire length on LAYER met4 = 1753 um.
Total wire length on LAYER met5 = 0 um.
Total number of vias = 9170.
Up-via summary (total 9170):

-----------------------
 FR_MASTERSLICE       0
            li1    4195
           met1    4659
           met2     236
           met3      80
           met4       0
-----------------------
               9170


[INFO DRT-0195] Start 1st optimization iteration.
    Completing 10% with 417 violations.
    elapsed time = 00:00:00, memory = 679.11 (MB).
    Completing 20% with 417 violations.
    elapsed time = 00:00:02, memory = 692.82 (MB).
    Completing 30% with 347 violations.
    elapsed time = 00:00:02, memory = 711.71 (MB).
    Completing 40% with 347 violations.
    elapsed time = 00:00:03, memory = 720.26 (MB).
    Completing 50% with 347 violations.
    elapsed time = 00:00:05, memory = 720.26 (MB).
    Completing 60% with 315 violations.
    elapsed time = 00:00:06, memory = 720.26 (MB).
    Completing 70% with 315 violations.
    elapsed time = 00:00:08, memory = 725.09 (MB).
    Completing 80% with 283 violations.
    elapsed time = 00:00:08, memory = 735.16 (MB).
    Completing 90% with 283 violations.
    elapsed time = 00:00:09, memory = 742.70 (MB).
    Completing 100% with 247 violations.
    elapsed time = 00:00:10, memory = 742.70 (MB).
[INFO DRT-0199]   Number of violations = 247.
Viol/Layer        mcon   met1   met2
Cut Spacing          1      0      0
Metal Spacing        0     46      8
Short                0    188      4
[INFO DRT-0267] cpu time = 00:00:31, elapsed time = 00:00:10, memory = 745.70 (MB), peak = 744.16 (MB)
Total wire length = 38121 um.
Total wire length on LAYER li1 = 0 um.
Total wire length on LAYER met1 = 16781 um.
Total wire length on LAYER met2 = 17219 um.
Total wire length on LAYER met3 = 2386 um.
Total wire length on LAYER met4 = 1734 um.
Total wire length on LAYER met5 = 0 um.
Total number of vias = 9020.
Up-via summary (total 9020):

-----------------------
 FR_MASTERSLICE       0
            li1    4199
           met1    4519
           met2     228
           met3      74
           met4       0
-----------------------
               9020


[INFO DRT-0195] Start 2nd optimization iteration.
    Completing 10% with 247 violations.
    elapsed time = 00:00:00, memory = 745.70 (MB).
    Completing 20% with 247 violations.
    elapsed time = 00:00:00, memory = 778.20 (MB).
    Completing 30% with 247 violations.
    elapsed time = 00:00:04, memory = 772.51 (MB).
    Completing 40% with 256 violations.
    elapsed time = 00:00:04, memory = 772.51 (MB).
    Completing 50% with 256 violations.
    elapsed time = 00:00:07, memory = 847.78 (MB).
    Completing 60% with 236 violations.
    elapsed time = 00:00:07, memory = 847.78 (MB).
    Completing 70% with 236 violations.
    elapsed time = 00:00:07, memory = 847.78 (MB).
    Completing 80% with 236 violations.
    elapsed time = 00:00:09, memory = 873.75 (MB).
    Completing 90% with 202 violations.
    elapsed time = 00:00:11, memory = 940.90 (MB).
    Completing 100% with 188 violations.
    elapsed time = 00:00:11, memory = 940.90 (MB).
[INFO DRT-0199]   Number of violations = 188.
Viol/Layer        met1   met2
Metal Spacing       46      4
Short              136      2
[INFO DRT-0267] cpu time = 00:00:33, elapsed time = 00:00:11, memory = 940.90 (MB), peak = 939.26 (MB)
Total wire length = 37996 um.
Total wire length on LAYER li1 = 0 um.
Total wire length on LAYER met1 = 16667 um.
Total wire length on LAYER met2 = 17155 um.
Total wire length on LAYER met3 = 2432 um.
Total wire length on LAYER met4 = 1740 um.
Total wire length on LAYER met5 = 0 um.
Total number of vias = 9027.
Up-via summary (total 9027):

-----------------------
 FR_MASTERSLICE       0
            li1    4193
           met1    4524
           met2     236
           met3      74
           met4       0
-----------------------
               9027


[INFO DRT-0195] Start 3rd optimization iteration.
    Completing 10% with 188 violations.
    elapsed time = 00:00:00, memory = 971.55 (MB).
    Completing 20% with 188 violations.
    elapsed time = 00:00:00, memory = 982.64 (MB).
    Completing 30% with 157 violations.
    elapsed time = 00:00:01, memory = 991.62 (MB).
    Completing 40% with 157 violations.
    elapsed time = 00:00:01, memory = 991.62 (MB).
    Completing 50% with 157 violations.
    elapsed time = 00:00:02, memory = 991.62 (MB).
    Completing 60% with 104 violations.
    elapsed time = 00:00:02, memory = 991.62 (MB).
    Completing 70% with 104 violations.
    elapsed time = 00:00:03, memory = 991.62 (MB).
    Completing 80% with 23 violations.
    elapsed time = 00:00:03, memory = 991.62 (MB).
    Completing 90% with 23 violations.
    elapsed time = 00:00:04, memory = 1010.64 (MB).
    Completing 100% with 0 violations.
    elapsed time = 00:00:04, memory = 1010.64 (MB).
[INFO DRT-0199]   Number of violations = 0.
[INFO DRT-0267] cpu time = 00:00:21, elapsed time = 00:00:05, memory = 1010.64 (MB), peak = 1021.89 (MB)
Total wire length = 37945 um.
Total wire length on LAYER li1 = 0 um.
Total wire length on LAYER met1 = 15991 um.
Total wire length on LAYER met2 = 17253 um.
Total wire length on LAYER met3 = 2966 um.
Total wire length on LAYER met4 = 1735 um.
Total wire length on LAYER met5 = 0 um.
Total number of vias = 9094.
Up-via summary (total 9094):

-----------------------
 FR_MASTERSLICE       0
            li1    4192
           met1    4515
           met2     315
           met3      72
           met4       0
-----------------------
               9094


[INFO DRT-0198] Complete detail routing.
Total wire length = 37945 um.
Total wire length on LAYER li1 = 0 um.
Total wire length on LAYER met1 = 15991 um.
Total wire length on LAYER met2 = 17253 um.
Total wire length on LAYER met3 = 2966 um.
Total wire length on LAYER met4 = 1735 um.
Total wire length on LAYER met5 = 0 um.
Total number of vias = 9094.
Up-via summary (total 9094):

-----------------------
 FR_MASTERSLICE       0
            li1    4192
           met1    4515
           met2     315
           met3      72
           met4       0
-----------------------
               9094


[INFO DRT-0267] cpu time = 00:02:00, elapsed time = 00:00:39, memory = 1010.73 (MB), peak = 1021.89 (MB)

[INFO DRT-0180] Post processing.
+ check_antennas 
[INFO ANT-0002] Found 0 net violations.
[INFO ANT-0001] Found 0 pin violations.
Setting global connections for newly added cells…
[INFO] Setting global connections...
[INFO ODB-0403] 0 connections made, 0 conflicts skipped.
Updating metrics…
Cell type report:                       Count       Area
  Fill cell                               106     397.88
  Tap cell                                302     377.86
  Timing Repair Buffer                    304    2782.67
  Inverter                                 27     103.85
  Multi-Input combinational cell          831    8923.56
  Total                                  1570   12585.82
Writing OpenROAD database to '/home/naghul/vlsi/projects/alu_pd/runs/RUN_2026-08-01_18-08-22/44-openroad-detailedrouting/ALU.odb'…
Writing netlist to '/home/naghul/vlsi/projects/alu_pd/runs/RUN_2026-08-01_18-08-22/44-openroad-detailedrouting/ALU.nl.v'…
Writing powered netlist to '/home/naghul/vlsi/projects/alu_pd/runs/RUN_2026-08-01_18-08-22/44-openroad-detailedrouting/ALU.pnl.v'…
Writing layout to '/home/naghul/vlsi/projects/alu_pd/runs/RUN_2026-08-01_18-08-22/44-openroad-detailedrouting/ALU.def'…
Writing timing constraints to '/home/naghul/vlsi/projects/alu_pd/runs/RUN_2026-08-01_18-08-22/44-openroad-detailedrouting/ALU.sdc'…
