Clock: clk
Sources: clk 
Generated: no
Virtual: yes
Propagated: no
Period: 10.000000

===========================================================================
report_clock_properties
============================================================================
Clock                   Period          Waveform
----------------------------------------------------
clk                  10.000000    0.000000  5.000000

===========================================================================
report_clock_latency
============================================================================
Clock clk
rise -> rise
    min     max
0.000000 0.000000 source latency
1.769026         network latency _5536_/CLK
        1.848464 network latency _6059_/CLK
---------------
1.769026 1.848464 latency
        0.079439 skew

fall -> fall
    min     max
0.000000 0.000000 source latency
1.467368         network latency _5536_/CLK
        1.525296 network latency _6059_/CLK
---------------
1.467368 1.525296 latency
        0.057928 skew



===========================================================================
report_clock_min_period
============================================================================
clk period_min = 2.82 fmax = 354.94
