
===========================================================================
Violator List
============================================================================
[setup in-out] rs1[3] -> rd1[16] : -2.825247
[setup in-out] rs1[3] -> rd1[13] : -2.697712
[setup in-out] rs1[3] -> rd1[11] : -2.685608
[setup in-out] rs1[3] -> rd1[5] : -2.651263
[setup in-reg] rst -> _5204_/D : -2.602523
[setup in-reg] rst -> _5184_/D : -2.594670
[setup in-reg] rst -> _5198_/D : -2.586826
[setup in-reg] rst -> _5199_/D : -2.578143
[setup in-reg] rst -> _5188_/D : -2.575592
[setup in-reg] rst -> _5195_/D : -2.572494
[setup in-reg] rst -> _5200_/D : -2.572381
[setup in-reg] rst -> _5176_/D : -2.567989
[setup in-reg] rst -> _5166_/D : -2.525578
[setup in-reg] rst -> _5152_/D : -2.525021
[setup in-reg] rst -> _5172_/D : -2.520295
[setup in-reg] rst -> _5167_/D : -2.506264
[setup in-out] rs1[3] -> rd1[22] : -2.502825
[setup in-reg] rst -> _5156_/D : -2.498972
[setup in-reg] rst -> _5168_/D : -2.495495
[setup in-reg] rst -> _5163_/D : -2.492616
[setup in-out] rs1[3] -> rd1[8] : -2.476402
[setup in-reg] rst -> _5144_/D : -2.471897
[setup in-reg] rst -> _5251_/D : -2.379553
[setup in-reg] rst -> _5219_/D : -2.367387
[setup in-out] rs1[3] -> rd1[9] : -2.357216
[setup in-reg] rst -> _5257_/D : -2.354810
[setup in-reg] rst -> _5241_/D : -2.344117
[setup in-out] rs1[3] -> rd1[27] : -2.340565
[setup in-reg] rst -> _5244_/D : -2.338015
[setup in-out] rs1[3] -> rd1[14] : -2.331977
[setup in-reg] rst -> _5225_/D : -2.331238
[setup in-reg] rst -> _5209_/D : -2.321657
[setup in-reg] rst -> _5212_/D : -2.309975
[setup in-out] rs1[3] -> rd1[29] : -2.282255
[setup in-reg] rst -> _5179_/D : -2.251061
[setup in-reg] rst -> _5178_/D : -2.249818
[setup in-reg] rst -> _5181_/D : -2.244728
[setup in-reg] rst -> _5149_/D : -2.240666
[setup in-reg] rst -> _5173_/D : -2.239658
[setup in-reg] rst -> _5205_/D : -2.239467
[setup in-reg] rst -> _5203_/D : -2.235242
[setup in-reg] rst -> _5146_/D : -2.223919
[setup in-reg] rst -> _5171_/D : -2.216156
[setup in-out] rs1[3] -> rd1[21] : -2.214140
[setup in-reg] rst -> _5147_/D : -2.213969
[setup in-out] rs2[4] -> rd2[0] : -2.174356
[setup in-out] rs2[4] -> rd2[28] : -2.157981
[setup in-out] rs2[4] -> rd2[30] : -2.155601
[setup in-reg] rst -> _5252_/D : -2.144712
[setup in-reg] rst -> _5201_/D : -2.143171
[setup in-reg] rst -> _5240_/D : -2.136221
[setup in-reg] rst -> _5189_/D : -2.131468
[setup in-out] rs2[4] -> rd2[17] : -2.130730
[setup in-out] rs2[4] -> rd2[24] : -2.130628
[setup in-reg] rst -> _5263_/D : -2.128987
[setup in-out] rs1[3] -> rd1[0] : -2.127867
[setup in-reg] rst -> _5253_/D : -2.115533
[setup in-out] rs2[4] -> rd2[16] : -2.112135
[setup in-reg] rst -> _5268_/D : -2.111598
[setup in-reg] rst -> _5265_/D : -2.109562
[setup in-out] rs2[4] -> rd2[19] : -2.109237
[setup in-reg] rst -> _5264_/D : -2.108258
[setup in-out] rs2[4] -> rd2[22] : -2.107818
[setup in-out] rs2[4] -> rd2[31] : -2.098659
[setup in-out] rs2[4] -> rd2[12] : -2.097525
[setup in-out] rs1[3] -> rd1[2] : -2.091444
[setup in-out] rs2[4] -> rd2[23] : -2.088339
[setup in-out] rs2[4] -> rd2[11] : -2.086983
[setup in-out] rs2[4] -> rd2[1] : -2.075886
[setup in-out] rs2[4] -> rd2[8] : -2.073249
[setup in-reg] rst -> _5157_/D : -2.064455
[setup in-out] rs1[3] -> rd1[26] : -2.061165
[setup in-reg] rst -> _5169_/D : -2.059622
[setup in-out] rs1[3] -> rd1[19] : -2.056131
[setup in-out] rs1[3] -> rd1[10] : -2.043492
[setup in-out] rs2[4] -> rd2[27] : -1.999051
[setup in-out] rs1[3] -> rd1[6] : -1.990175
[setup in-out] rs2[4] -> rd2[13] : -1.989899
[setup in-out] rs1[3] -> rd1[12] : -1.989023
[setup in-out] rs2[4] -> rd2[4] : -1.987835
[setup in-out] rs1[3] -> rd1[3] : -1.986149
[setup in-out] rs2[4] -> rd2[29] : -1.963867
[setup in-out] rs2[4] -> rd2[2] : -1.952798
[setup in-reg] rst -> _5220_/D : -1.936648
[setup in-reg] rst -> _5208_/D : -1.924522
[setup in-reg] rst -> _5233_/D : -1.923684
[setup in-reg] rst -> _5232_/D : -1.916405
[setup in-reg] rst -> _5231_/D : -1.913569
[setup in-out] rs1[2] -> rd1[1] : -1.900853
[setup in-reg] rst -> _5180_/D : -1.897403
[setup in-reg] rst -> _5187_/D : -1.895354
[setup in-reg] rst -> _5221_/D : -1.892182
[setup in-reg] rst -> _5193_/D : -1.891342
[setup in-reg] rst -> _5155_/D : -1.888026
[setup in-out] rs1[3] -> rd1[7] : -1.885932
[setup in-reg] rst -> _5236_/D : -1.884448
[setup in-reg] rst -> _5192_/D : -1.866814
[setup in-reg] rst -> _5267_/D : -1.856673
[setup in-reg] rst -> _5177_/D : -1.855842
[setup in-out] rs2[4] -> rd2[15] : -1.854033
[setup in-reg] rst -> _5161_/D : -1.849019
[setup in-reg] rst -> _5210_/D : -1.845820
[setup in-out] rs2[4] -> rd2[6] : -1.844440
[setup in-out] rs2[4] -> rd2[20] : -1.843611
[setup in-reg] rst -> _5243_/D : -1.843315
[setup in-reg] rst -> _5148_/D : -1.843223
[setup in-reg] rst -> _5145_/D : -1.842842
[setup in-out] rs2[4] -> rd2[26] : -1.841414
[setup in-reg] rst -> _5242_/D : -1.839853
[setup in-reg] rst -> _5269_/D : -1.838975
[setup in-reg] rst -> _5256_/D : -1.827066
[setup in-reg] rst -> _5235_/D : -1.823891
[setup in-reg] rst -> _5237_/D : -1.822728
[setup in-reg] rst -> _5160_/D : -1.817384
[setup in-reg] rst -> _5211_/D : -1.810369
[setup in-reg] rst -> _5224_/D : -1.805643
[setup in-out] rs2[4] -> rd2[10] : -1.794167
[setup in-out] rs2[4] -> rd2[21] : -1.774235
[setup in-out] rs2[4] -> rd2[5] : -1.769260
[setup in-out] rs1[3] -> rd1[31] : -1.754047
[setup in-out] rs2[4] -> rd2[18] : -1.706434
[setup in-reg] rst -> _5248_/D : -1.703711
[setup in-reg] rst -> _5262_/D : -1.696391
[setup in-out] rs2[4] -> rd2[25] : -1.691704
[setup in-reg] rst -> _5259_/D : -1.683146
[setup in-reg] rst -> _5164_/D : -1.665373
[setup in-reg] rst -> _5162_/D : -1.664302
[setup in-reg] rst -> _5154_/D : -1.653958
[setup in-reg] rst -> _5153_/D : -1.650907
[setup in-reg] rst -> _5159_/D : -1.650274
[setup in-reg] rst -> _5191_/D : -1.646912
[setup in-reg] rst -> _5175_/D : -1.645833
[setup in-reg] rst -> _5194_/D : -1.644693
[setup in-reg] rst -> _5151_/D : -1.644056
[setup in-reg] rst -> _5150_/D : -1.643106
[setup in-reg] rst -> _5182_/D : -1.638031
[setup in-reg] rst -> _5186_/D : -1.634043
[setup in-reg] rst -> _5196_/D : -1.627119
[setup in-reg] rst -> _5183_/D : -1.626302
[setup in-reg] rst -> _5185_/D : -1.625700
[setup in-reg] rst -> _5207_/D : -1.623756
[setup in-out] rs2[4] -> rd2[14] : -1.610343
[setup in-out] rs2[4] -> rd2[7] : -1.606332
[setup in-out] rs2[4] -> rd2[3] : -1.602393
[setup in-out] rs1[2] -> rd1[17] : -1.584507
[setup in-out] rs2[4] -> rd2[9] : -1.572896
[setup in-out] rs1[3] -> rd1[15] : -1.549423
[setup in-reg] rst -> _6048_/D : -1.490002
[setup in-reg] rst -> _6062_/D : -1.487474
[setup in-reg] rst -> _6051_/D : -1.487152
[setup in-reg] rst -> _5230_/D : -1.486746
[setup in-reg] rst -> _5216_/D : -1.482581
[setup in-reg] rst -> _5227_/D : -1.481099
[setup in-reg] rst -> _5245_/D : -1.472507
[setup in-reg] rst -> _6044_/D : -1.469984
[setup in-reg] rst -> _6067_/D : -1.469290
[setup in-reg] rst -> _6041_/D : -1.465533
[setup in-reg] rst -> _6057_/D : -1.461925
[setup in-reg] rst -> _5258_/D : -1.450396
[setup in-reg] rst -> _5250_/D : -1.448520
[setup in-reg] rst -> _5255_/D : -1.447569
[setup in-reg] rst -> _5213_/D : -1.440077
[setup in-reg] rst -> _5247_/D : -1.430436
[setup in-reg] rst -> _5260_/D : -1.418457
[setup in-reg] rst -> _5249_/D : -1.411001
[setup in-reg] rst -> _5494_/D : -1.405262
[setup in-reg] rst -> _5487_/D : -1.394835
[setup in-reg] rst -> _5271_/D : -1.393724
[setup in-reg] rst -> _5492_/D : -1.382318
[setup in-reg] rst -> _5488_/D : -1.375582
[setup in-reg] rst -> _5223_/D : -1.366520
[setup in-reg] rst -> _5476_/D : -1.365328
[setup in-reg] rst -> _5464_/D : -1.360607
[setup in-reg] rst -> _5426_/D : -1.356192
[setup in-reg] rst -> _5405_/D : -1.353067
[setup in-reg] rst -> _5407_/D : -1.339316
[setup in-reg] rst -> _6054_/D : -1.336704
[setup in-reg] rst -> _5226_/D : -1.335658
[setup in-reg] rst -> _5421_/D : -1.334785
[setup in-reg] rst -> _5409_/D : -1.332731
[setup in-reg] rst -> _5410_/D : -1.330805
[setup in-reg] rst -> _5215_/D : -1.323084
[setup in-reg] rst -> _5217_/D : -1.312454
[setup in-reg] rst -> _6066_/D : -1.311773
[setup in-reg] rst -> _5228_/D : -1.311568
[setup in-reg] rst -> _6061_/D : -1.308614
[setup in-reg] rst -> _5239_/D : -1.307867
[setup in-reg] rst -> _6069_/D : -1.306145
[setup in-reg] rst -> _6050_/D : -1.299496
[setup in-reg] rst -> _5952_/D : -1.296807
[setup in-reg] rst -> _6056_/D : -1.296262
[setup in-reg] rst -> _6058_/D : -1.292689
[setup in-reg] rst -> _5218_/D : -1.292558
[setup in-reg] rst -> _6046_/D : -1.292355
[setup in-reg] rst -> _5524_/D : -1.291136
[setup in-reg] rst -> _5519_/D : -1.291022
[setup in-reg] rst -> _5526_/D : -1.288920
[setup in-reg] rst -> _5961_/D : -1.285110
[setup in-reg] rst -> _5966_/D : -1.279016
[setup in-reg] rst -> _5955_/D : -1.277164
[setup in-reg] rst -> _6055_/D : -1.276515
[setup in-reg] rst -> _6071_/D : -1.272799
[setup in-reg] rst -> _5508_/D : -1.267746
[setup in-reg] rst -> _5945_/D : -1.265111
[setup in-reg] rst -> _5971_/D : -1.262477
[setup in-reg] rst -> _6060_/D : -1.261435
[setup in-reg] rst -> _5520_/D : -1.258480
[setup in-reg] rst -> _5948_/D : -1.254584
[setup in-reg] rst -> _6065_/D : -1.242371
[setup in-reg] rst -> _5496_/D : -1.229331
[setup in-reg] rst -> _5975_/D : -1.213365
[setup in-reg] rst -> _5174_/D : -1.203626
[setup in-reg] rst -> _5964_/D : -1.200513
[setup in-reg] rst -> _5959_/D : -1.198695
[setup in-reg] rst -> _5962_/D : -1.194803
[setup in-reg] rst -> _5960_/D : -1.194077
[setup in-out] rs1[1] -> rd1[4] : -1.194045
[setup in-reg] rst -> _6063_/D : -1.193972
[setup in-reg] rst -> _6070_/D : -1.191724
[setup in-reg] rst -> _6052_/D : -1.186526
[setup in-reg] rst -> _5206_/D : -1.182997
[setup in-reg] rst -> _6068_/D : -1.181686
[setup in-reg] rst -> _6040_/D : -1.176256
[setup in-reg] rst -> _5969_/D : -1.176049
[setup in-out] rs1[2] -> rd1[23] : -1.161101
[setup in-reg] rst -> _6059_/D : -1.159958
[setup in-reg] rst -> _6064_/D : -1.157573
[setup in-reg] rst -> _5965_/D : -1.148121
[setup in-reg] rst -> _5973_/D : -1.147263
[setup in-reg] rst -> _5958_/D : -1.146926
[setup in-out] rs1[2] -> rd1[24] : -1.143586
[setup in-out] rs1[2] -> rd1[28] : -1.140370
[setup in-reg] rst -> _5062_/D : -1.137686
[setup in-reg] rst -> _5074_/D : -1.133349
[setup in-out] rs1[3] -> rd1[18] : -1.133283
[setup in-reg] rst -> _5954_/D : -1.133193
[setup in-reg] rst -> _5970_/D : -1.131796
[setup in-reg] rst -> _5054_/D : -1.130569
[setup in-reg] rst -> _5069_/D : -1.130264
[setup in-reg] rst -> _5950_/D : -1.126915
[setup in-reg] rst -> _5058_/D : -1.119433
[setup in-reg] rst -> _5053_/D : -1.115581
[setup in-reg] rst -> _5071_/D : -1.115482
[setup in-reg] rst -> _5051_/D : -1.111954
[setup in-reg] rst -> _5048_/D : -1.108844
[setup in-out] rs1[3] -> rd1[25] : -1.104000
[setup in-out] rs1[2] -> rd1[30] : -1.102370
[setup in-reg] rst -> _5076_/D : -1.100582
[setup in-reg] rst -> _5060_/D : -1.096214
[setup in-reg] rst -> _5061_/D : -1.095430
[setup in-reg] rst -> _5078_/D : -1.094014
[setup in-reg] rst -> _5967_/D : -1.086591
[setup in-reg] rst -> _5974_/D : -1.084920
[setup in-reg] rst -> _5067_/D : -1.080556
[setup in-reg] rst -> _5072_/D : -1.076696
[setup in-out] rs1[3] -> rd1[20] : -1.068797
[setup in-reg] rst -> _5944_/D : -1.054201
[setup in-reg] rst -> _5972_/D : -1.051078
[setup in-reg] rst -> _5956_/D : -1.043342
[setup in-reg] rst -> _5968_/D : -1.034809
[setup in-reg] rst -> _5359_/D : -1.033853
[setup in-reg] rst -> _6042_/D : -1.025684
[setup in-reg] rst -> _5364_/D : -1.018200
[setup in-reg] rst -> _5963_/D : -1.018032
[setup in-reg] rst -> _5348_/D : -1.014344
[setup in-reg] rst -> _6045_/D : -1.013039
[setup in-reg] rst -> _5336_/D : -1.007153
[setup in-reg] rst -> _5349_/D : -0.997053
[setup in-reg] rst -> _6043_/D : -0.995902
[setup in-reg] rst -> _5360_/D : -0.968485
[setup in-reg] rst -> _5352_/D : -0.944865
[setup in-reg] rst -> _5362_/D : -0.943385
[setup in-reg] rst -> _5342_/D : -0.937307
[setup in-reg] rst -> _5288_/D : -0.916059
[setup in-reg] rst -> _5346_/D : -0.915786
[setup in-reg] rst -> _5365_/D : -0.905075
[setup in-reg] rst -> _5413_/D : -0.904755
[setup in-reg] rst -> _5935_/D : -0.900473
[setup in-reg] rst -> _5428_/D : -0.898377
[setup in-reg] rst -> _5412_/D : -0.897604
[setup in-reg] rst -> _5430_/D : -0.892078
[setup in-reg] rst -> _5411_/D : -0.888316
[setup in-reg] rst -> _5414_/D : -0.887081
[setup in-reg] rst -> _5423_/D : -0.883993
[setup in-reg] rst -> _5940_/D : -0.883070
[setup in-reg] rst -> _5924_/D : -0.882938
[setup in-reg] rst -> _5912_/D : -0.882521
[setup in-reg] rst -> _5920_/D : -0.878742
[setup in-reg] rst -> _5936_/D : -0.877296
[setup in-reg] rst -> _5416_/D : -0.876728
[setup in-reg] rst -> _5282_/D : -0.873292
[setup in-reg] rst -> _5406_/D : -0.872232
[setup in-reg] rst -> _5298_/D : -0.870873
[setup in-reg] rst -> _5270_/D : -0.870601
[setup in-reg] rst -> _5285_/D : -0.867128
[setup in-reg] rst -> _5422_/D : -0.866455
[setup in-reg] rst -> _5481_/D : -0.866040
[setup in-reg] rst -> _5400_/D : -0.865315
[setup in-reg] rst -> _5408_/D : -0.864992
[setup in-reg] rst -> _5401_/D : -0.864531
[setup in-reg] rst -> _5278_/D : -0.861569
[setup in-reg] rst -> _5475_/D : -0.861026
[setup in-reg] rst -> _5301_/D : -0.853458
[setup in-reg] rst -> _5934_/D : -0.852728
[setup in-reg] rst -> _5465_/D : -0.851853
[setup in-reg] rst -> _5419_/D : -0.850090
[setup in-reg] rst -> _5424_/D : -0.849271
[setup in-reg] rst -> _5486_/D : -0.848400
[setup in-reg] rst -> _5507_/D : -0.848165
[setup in-reg] rst -> _5417_/D : -0.847940
[setup in-reg] rst -> _5497_/D : -0.847229
[setup in-reg] rst -> _5931_/D : -0.846807
[setup in-reg] rst -> _5468_/D : -0.846158
[setup in-reg] rst -> _5500_/D : -0.845428
[setup in-reg] rst -> _5513_/D : -0.844036
[setup in-reg] rst -> _5923_/D : -0.842960
[setup in-reg] rst -> _5403_/D : -0.838845
[setup in-reg] rst -> _5473_/D : -0.838447
[setup in-reg] rst -> _5320_/D : -0.838369
[setup in-reg] rst -> _5284_/D : -0.836619
[setup in-reg] rst -> _5404_/D : -0.836556
[setup in-reg] rst -> _5913_/D : -0.835317
[setup in-reg] rst -> _5929_/D : -0.831539
[setup in-reg] rst -> _5295_/D : -0.831039
[setup in-reg] rst -> _5333_/D : -0.830910
[setup in-reg] rst -> _5775_/D : -0.829977
[setup in-reg] rst -> _5780_/D : -0.829671
[setup in-reg] rst -> _5764_/D : -0.828099
[setup in-reg] rst -> _5916_/D : -0.827662
[setup in-reg] rst -> _5518_/D : -0.822260
[setup in-reg] rst -> _5300_/D : -0.821588
[setup in-reg] rst -> _5479_/D : -0.821331
[setup in-reg] rst -> _5272_/D : -0.819834
[setup in-reg] rst -> _5752_/D : -0.819080
[setup in-reg] rst -> _5471_/D : -0.818713
[setup in-reg] rst -> _5776_/D : -0.818178
[setup in-reg] rst -> _5483_/D : -0.814057
[setup in-reg] rst -> _5949_/D : -0.813858
[setup in-reg] rst -> _5771_/D : -0.812225
[setup in-reg] rst -> _5310_/D : -0.811349
[setup in-reg] rst -> _5515_/D : -0.806621
[setup in-reg] rst -> _5939_/D : -0.806279
[setup in-reg] rst -> _5946_/D : -0.803586
[setup in-reg] rst -> _5314_/D : -0.799239
[setup in-reg] rst -> _5477_/D : -0.793705
[setup in-reg] rst -> _5760_/D : -0.787764
[setup in-reg] rst -> _5415_/D : -0.786898
[setup in-reg] rst -> _5888_/D : -0.781589
[setup in-reg] rst -> _5774_/D : -0.780974
[setup in-reg] rst -> _5296_/D : -0.780944
[setup in-reg] rst -> _5947_/D : -0.780935
[setup in-reg] rst -> _5238_/D : -0.780545
[setup in-reg] rst -> _5418_/D : -0.779144
[setup in-reg] rst -> _5763_/D : -0.774936
[setup in-reg] rst -> _5431_/D : -0.774783
[setup in-reg] rst -> _5330_/D : -0.772162
[setup in-reg] rst -> _5769_/D : -0.772153
[setup in-reg] rst -> _5756_/D : -0.765597
[setup in-reg] rst -> _5420_/D : -0.765376
[setup in-reg] rst -> _5903_/D : -0.764426
[setup in-reg] rst -> _5753_/D : -0.760989
[setup in-reg] rst -> _5779_/D : -0.759339
[setup in-reg] rst -> _5505_/D : -0.755287
[setup in-reg] rst -> _5503_/D : -0.750950
[setup in-reg] rst -> _5283_/D : -0.749735
[setup in-reg] rst -> _5511_/D : -0.747800
[setup in-reg] rst -> _5892_/D : -0.747262
[setup in-reg] rst -> _5891_/D : -0.743828
[setup in-reg] rst -> _5276_/D : -0.740351
[setup in-reg] rst -> _5908_/D : -0.740225
[setup in-reg] rst -> _5897_/D : -0.737028
[setup in-reg] rst -> _5880_/D : -0.736911
[setup in-reg] rst -> _5509_/D : -0.736891
[setup in-reg] rst -> _5902_/D : -0.736095
[setup in-reg] rst -> _5884_/D : -0.731248
[setup in-reg] rst -> _5299_/D : -0.730576
[setup in-reg] rst -> _5425_/D : -0.729726
[setup in-reg] rst -> _5280_/D : -0.728782
[setup in-reg] rst -> _5363_/D : -0.727877
[setup in-reg] rst -> _5344_/D : -0.726326
[setup in-reg] rst -> _5347_/D : -0.725970
[setup in-reg] rst -> _5289_/D : -0.725918
[setup in-reg] rst -> _5904_/D : -0.724743
[setup in-reg] rst -> _5273_/D : -0.723079
[setup in-reg] rst -> _5899_/D : -0.718880
[setup in-reg] rst -> _5294_/D : -0.718019
[setup in-reg] rst -> _5353_/D : -0.716519
[setup in-reg] rst -> _5881_/D : -0.714352
[setup in-reg] rst -> _5340_/D : -0.713800
[setup in-reg] rst -> _5337_/D : -0.708631
[setup in-reg] rst -> _5358_/D : -0.707923
[setup in-reg] rst -> _5907_/D : -0.706608
[setup in-reg] rst -> _5474_/D : -0.674717
[setup in-reg] rst -> _5291_/D : -0.674268
[setup in-reg] rst -> _5190_/D : -0.666965
[setup in-reg] rst -> _5485_/D : -0.663635
[setup in-reg] rst -> _5469_/D : -0.662229
[setup in-reg] rst -> _5478_/D : -0.661932
[setup in-reg] rst -> _5355_/D : -0.658203
[setup in-reg] rst -> _5197_/D : -0.654350
[setup in-reg] rst -> _6049_/D : -0.652561
[setup in-reg] rst -> _5894_/D : -0.651577
[setup in-reg] rst -> _5506_/D : -0.650448
[setup in-reg] rst -> _5202_/D : -0.644399
[setup in-reg] rst -> _5906_/D : -0.640640
[setup in-reg] rst -> _5886_/D : -0.638046
[setup in-reg] rst -> _5909_/D : -0.635185
[setup in-reg] rst -> _5510_/D : -0.631794
[setup in-reg] rst -> _5165_/D : -0.630275
[setup in-reg] rst -> _6053_/D : -0.628478
[setup in-reg] rst -> _5501_/D : -0.624149
[setup in-reg] rst -> _5170_/D : -0.623794
[setup in-reg] rst -> _5158_/D : -0.618837
[setup in-reg] rst -> _5901_/D : -0.617700
[setup in-reg] rst -> _5317_/D : -0.614372
[setup in-reg] rst -> _5517_/D : -0.611804
[setup in-reg] rst -> _6047_/D : -0.609991
[setup in-reg] rst -> _5926_/D : -0.609856
[setup in-reg] rst -> _5063_/D : -0.607000
[setup in-reg] rst -> _5055_/D : -0.605777
[setup in-reg] rst -> _5890_/D : -0.605715
[setup in-reg] rst -> _5332_/D : -0.603601
[setup in-reg] rst -> _5312_/D : -0.602854
[setup in-reg] rst -> _5327_/D : -0.598988
[setup in-reg] rst -> _5308_/D : -0.598241
[setup in-reg] rst -> _5938_/D : -0.594882
[setup in-reg] rst -> _5331_/D : -0.591236
[setup in-reg] rst -> _5304_/D : -0.590212
[setup in-reg] rst -> _5057_/D : -0.589137
[setup in-reg] rst -> _5316_/D : -0.587804
[setup in-reg] rst -> _5321_/D : -0.583830
[setup in-reg] rst -> _5305_/D : -0.583496
[setup in-reg] rst -> _5941_/D : -0.583222
[setup in-reg] rst -> _5354_/D : -0.577114
[setup in-reg] rst -> _5315_/D : -0.574151
[setup in-reg] rst -> _5326_/D : -0.573857
[setup in-reg] rst -> _5922_/D : -0.565191
[setup in-reg] rst -> _5328_/D : -0.557036
[setup in-reg] rst -> _5933_/D : -0.555718
[setup in-reg] rst -> _5918_/D : -0.553722
[setup in-reg] rst -> _5953_/D : -0.545121
[setup in-reg] rst -> _5351_/D : -0.539143
[setup in-reg] rst -> _5343_/D : -0.538556
[setup in-reg] rst -> _5319_/D : -0.534899
[setup in-reg] rst -> _5345_/D : -0.534114
[setup in-reg] rst -> _5323_/D : -0.503813
[setup in-reg] rst -> _5957_/D : -0.503521
[setup in-reg] rst -> _5951_/D : -0.492666
[setup in-reg] rst -> _5781_/D : -0.485580
[setup in-reg] rst -> _5056_/D : -0.480140
[setup in-reg] rst -> _5070_/D : -0.478682
[setup in-reg] rst -> _5059_/D : -0.476482
[setup in-reg] rst -> _5766_/D : -0.475244
[setup in-reg] rst -> _5049_/D : -0.472732
[setup in-reg] rst -> _5758_/D : -0.455808
[setup in-reg] rst -> _5065_/D : -0.454419
[setup in-reg] rst -> _5778_/D : -0.452027
[setup in-reg] rst -> _5075_/D : -0.449578
[setup in-reg] rst -> _5773_/D : -0.440265
[setup in-reg] rst -> _5762_/D : -0.439209
[setup in-reg] rst -> _5052_/D : -0.434757
[setup in-reg] rst -> _5261_/D : -0.428106
[setup in-reg] rst -> _5254_/D : -0.426057
[setup in-reg] rst -> _5266_/D : -0.425754
[setup in-reg] rst -> _5077_/D : -0.421370
[setup in-reg] rst -> _5281_/D : -0.406838
[setup in-reg] rst -> _5246_/D : -0.400983
[setup in-reg] rst -> _5279_/D : -0.398963
[setup in-reg] rst -> _5350_/D : -0.389345
[setup in-reg] rst -> _5523_/D : -0.384132
[setup in-reg] rst -> _5371_/D : -0.382318
[setup in-reg] rst -> _5374_/D : -0.380571
[setup in-reg] rst -> _5397_/D : -0.378990
[setup in-reg] rst -> _5290_/D : -0.378526
[setup in-reg] rst -> _5341_/D : -0.377544
[setup in-reg] rst -> _5357_/D : -0.377258
[setup in-reg] rst -> _5491_/D : -0.374180
[setup in-reg] rst -> _5440_/D : -0.370164
[setup in-reg] rst -> _5287_/D : -0.368941
[setup in-reg] rst -> _5433_/D : -0.365776
[setup in-reg] rst -> _5378_/D : -0.364139
[setup in-reg] rst -> _5394_/D : -0.363170
[setup in-reg] rst -> _5868_/D : -0.357923
[setup in-reg] rst -> _5864_/D : -0.356741
[setup in-reg] rst -> _5443_/D : -0.356555
[setup in-reg] rst -> _5459_/D : -0.353858
[setup in-reg] rst -> _5229_/D : -0.350817
[setup in-reg] rst -> _5214_/D : -0.348820
[setup in-reg] rst -> _5863_/D : -0.346533
[setup in-reg] rst -> _5921_/D : -0.346405
[setup in-reg] rst -> _5449_/D : -0.346306
[setup in-reg] rst -> _5391_/D : -0.339582
[setup in-reg] rst -> _5927_/D : -0.338435
[setup in-reg] rst -> _5919_/D : -0.337133
[setup in-reg] rst -> _5866_/D : -0.335405
[setup in-reg] rst -> _5222_/D : -0.334623
[setup in-reg] rst -> _5873_/D : -0.334311
[setup in-reg] rst -> _5381_/D : -0.333953
[setup in-reg] rst -> _5436_/D : -0.333555
[setup in-reg] rst -> _5467_/D : -0.331585
[setup in-reg] rst -> _5499_/D : -0.331135
[setup in-reg] rst -> _5925_/D : -0.330744
[setup in-reg] rst -> _5234_/D : -0.329440
[setup in-reg] rst -> _5396_/D : -0.329008
[setup in-reg] rst -> _5504_/D : -0.326967
[setup in-reg] rst -> _5879_/D : -0.326728
[setup in-reg] rst -> _5277_/D : -0.325296
[setup in-reg] rst -> _5472_/D : -0.322993
[setup in-reg] rst -> _5380_/D : -0.322168
[setup in-reg] rst -> _5765_/D : -0.320116
[setup in-reg] rst -> _5368_/D : -0.320013
[setup in-reg] rst -> _5286_/D : -0.319849
[setup in-reg] rst -> _5498_/D : -0.317709
[setup in-reg] rst -> _5466_/D : -0.317400
[setup in-reg] rst -> _5293_/D : -0.317070
[setup in-reg] rst -> _5385_/D : -0.315248
[setup in-reg] rst -> _5390_/D : -0.313886
[setup in-reg] rst -> _5395_/D : -0.312924
[setup in-reg] rst -> _5376_/D : -0.307391
[setup in-reg] rst -> _5372_/D : -0.304357
[setup in-reg] rst -> _5379_/D : -0.303731
[setup in-reg] rst -> _5427_/D : -0.301048
[setup in-reg] rst -> _5402_/D : -0.298897
[setup in-reg] rst -> _5761_/D : -0.297804
[setup in-reg] rst -> _5318_/D : -0.297435
[setup in-reg] rst -> _5915_/D : -0.295670
[setup in-reg] rst -> _5392_/D : -0.292649
[setup in-reg] rst -> _5429_/D : -0.291058
[setup in-reg] rst -> _5369_/D : -0.288299
[setup in-reg] rst -> _5309_/D : -0.287684
[setup in-reg] rst -> _5325_/D : -0.287603
[setup in-reg] rst -> _5914_/D : -0.277608
[setup in-reg] rst -> _5767_/D : -0.273127
[setup in-reg] rst -> _5759_/D : -0.272701
[setup in-reg] rst -> _5889_/D : -0.264736
[setup in-reg] rst -> _5942_/D : -0.262725
[setup in-reg] rst -> _5917_/D : -0.257861
[setup in-reg] rst -> _5893_/D : -0.255219
[setup in-reg] rst -> _5930_/D : -0.254603
[setup in-reg] rst -> _5932_/D : -0.248464
[setup in-reg] rst -> _5887_/D : -0.242798
[setup in-reg] rst -> _5943_/D : -0.240334
[setup in-reg] rst -> _5387_/D : -0.237420
[setup in-reg] rst -> _5895_/D : -0.234789
[setup in-reg] rst -> _5937_/D : -0.232346
[setup in-reg] rst -> _5757_/D : -0.224285
[setup in-reg] rst -> _5755_/D : -0.221904
[setup in-reg] rst -> _5480_/D : -0.209661
[setup in-reg] rst -> _5490_/D : -0.207517
[setup in-reg] rst -> _5754_/D : -0.205303
[setup in-reg] rst -> _5883_/D : -0.199425
[setup in-reg] rst -> _5805_/D : -0.190020
[setup in-reg] rst -> _5470_/D : -0.186060
[setup in-reg] rst -> _5493_/D : -0.184862
[setup in-reg] rst -> _5790_/D : -0.179803
[setup in-reg] rst -> _5338_/D : -0.179414
[setup in-reg] rst -> _5791_/D : -0.177856
[setup in-reg] rst -> _5810_/D : -0.175121
[setup in-reg] rst -> _5794_/D : -0.173499
[setup in-reg] rst -> _5789_/D : -0.172908
[setup in-reg] rst -> _5275_/D : -0.169756
[setup in-reg] rst -> _5882_/D : -0.167135
[setup in-reg] rst -> _5522_/D : -0.164281
[setup in-reg] rst -> _5782_/D : -0.162290
[setup in-reg] rst -> _5339_/D : -0.159439
[setup in-reg] rst -> _5772_/D : -0.159040
[setup in-reg] rst -> _5885_/D : -0.158831
[setup in-reg] rst -> _5102_/D : -0.153337
[setup in-reg] rst -> _5727_/D : -0.151681
[setup in-reg] rst -> _5274_/D : -0.150554
[setup in-reg] rst -> _5512_/D : -0.149960
[setup in-reg] rst -> _5502_/D : -0.144628
[setup in-reg] rst -> _5730_/D : -0.144156
[setup in-reg] rst -> _5726_/D : -0.139601
[setup in-reg] rst -> _5525_/D : -0.136785
[setup in-reg] rst -> _5725_/D : -0.133908
[setup in-reg] rst -> _5746_/D : -0.131200
[setup in-reg] rst -> _5741_/D : -0.131154
[setup in-reg] rst -> _5783_/D : -0.130871
[setup in-reg] rst -> _5311_/D : -0.129121
[setup in-reg] rst -> _5770_/D : -0.126019
[setup in-reg] rst -> _5104_/D : -0.122302
[setup in-reg] rst -> _5313_/D : -0.121926
[setup in-reg] rst -> _5777_/D : -0.119379
[setup in-reg] rst -> _5860_/D : -0.113192
[setup in-reg] rst -> _5537_/D : -0.112752
[setup in-reg] rst -> _5872_/D : -0.107275
[setup in-reg] rst -> _5871_/D : -0.107065
[setup in-reg] rst -> _5878_/D : -0.107042
[setup in-reg] rst -> _5322_/D : -0.105843
[setup in-reg] rst -> _5910_/D : -0.105676
[setup in-reg] rst -> _5558_/D : -0.104259
[setup in-reg] rst -> _5551_/D : -0.103769
[setup in-reg] rst -> _5848_/D : -0.103130
[setup in-reg] rst -> _5080_/D : -0.102991
[setup in-reg] rst -> _5108_/D : -0.102814
[setup in-reg] rst -> _5092_/D : -0.102158
[setup in-reg] rst -> _5876_/D : -0.099772
[setup in-reg] rst -> _5898_/D : -0.094046
[setup in-reg] rst -> _5535_/D : -0.092884
[setup in-reg] rst -> _5867_/D : -0.079591
[setup in-reg] rst -> _5556_/D : -0.078172
[setup in-reg] rst -> _5099_/D : -0.074606
[setup in-reg] rst -> _5540_/D : -0.073048
[setup in-reg] rst -> _5900_/D : -0.072566
[setup in-reg] rst -> _5905_/D : -0.057943
[setup in-reg] rst -> _5911_/D : -0.049811
[setup in-reg] rst -> _5306_/D : -0.042001
[setup in-reg] rst -> _5307_/D : -0.041891
