
===========================================================================
report_checks -path_delay min (Hold)
============================================================================
======================= nom_ss_100C_1v60 Corner ===================================

Startpoint: control[3] (input port clocked by __VIRTUAL_CLK__)
Endpoint: result[0] (output port clocked by __VIRTUAL_CLK__)
Path Group: __VIRTUAL_CLK__
Path Type: min

Fanout         Cap        Slew       Delay        Time   Description
---------------------------------------------------------------------------------------------
                      0.000000    0.000000    0.000000   clock __VIRTUAL_CLK__ (rise edge)
                                  0.000000    0.000000   clock network delay (ideal)
                                  2.000000    2.000000 v input external delay
    11    0.018640    0.083602    0.057368    2.057368 v control[3] (in)
                                                         control[3] (net)
                      0.083602    0.000000    2.057368 v _1068_/A2 (sky130_fd_sc_hd__a31o_2)
     2    0.034738    0.189908    0.569361    2.626730 v _1068_/X (sky130_fd_sc_hd__a31o_2)
                                                         result[0] (net)
                      0.189908    0.000000    2.626730 v result[0] (out)
                                              2.626730   data arrival time

                      0.000000    0.000000    0.000000   clock __VIRTUAL_CLK__ (rise edge)
                                  0.000000    0.000000   clock network delay (ideal)
                                  0.250000    0.250000   clock uncertainty
                                  0.000000    0.250000   clock reconvergence pessimism
                                 -2.000000   -1.750000   output external delay
                                             -1.750000   data required time
---------------------------------------------------------------------------------------------
                                             -1.750000   data required time
                                             -2.626730   data arrival time
---------------------------------------------------------------------------------------------
                                              4.376730   slack (MET)


Startpoint: control[0] (input port clocked by __VIRTUAL_CLK__)
Endpoint: result[14] (output port clocked by __VIRTUAL_CLK__)
Path Group: __VIRTUAL_CLK__
Path Type: min

Fanout         Cap        Slew       Delay        Time   Description
---------------------------------------------------------------------------------------------
                      0.000000    0.000000    0.000000   clock __VIRTUAL_CLK__ (rise edge)
                                  0.000000    0.000000   clock network delay (ideal)
                                  2.000000    2.000000 v input external delay
    14    0.030147    0.132337    0.092523    2.092523 v control[0] (in)
                                                         control[0] (net)
                      0.132337    0.000000    2.092523 v _1100_/A (sky130_fd_sc_hd__nand2_2)
     9    0.029551    0.255272    0.258727    2.351250 ^ _1100_/Y (sky130_fd_sc_hd__nand2_2)
                                                         _0274_ (net)
                      0.255272    0.000000    2.351250 ^ _1386_/A1 (sky130_fd_sc_hd__o21ai_2)
     2    0.034722    0.294770    0.367125    2.718375 v _1386_/Y (sky130_fd_sc_hd__o21ai_2)
                                                         result[14] (net)
                      0.294770    0.000000    2.718375 v result[14] (out)
                                              2.718375   data arrival time

                      0.000000    0.000000    0.000000   clock __VIRTUAL_CLK__ (rise edge)
                                  0.000000    0.000000   clock network delay (ideal)
                                  0.250000    0.250000   clock uncertainty
                                  0.000000    0.250000   clock reconvergence pessimism
                                 -2.000000   -1.750000   output external delay
                                             -1.750000   data required time
---------------------------------------------------------------------------------------------
                                             -1.750000   data required time
                                             -2.718375   data arrival time
---------------------------------------------------------------------------------------------
                                              4.468375   slack (MET)


Startpoint: B[10] (input port clocked by __VIRTUAL_CLK__)
Endpoint: result[11] (output port clocked by __VIRTUAL_CLK__)
Path Group: __VIRTUAL_CLK__
Path Type: min

Fanout         Cap        Slew       Delay        Time   Description
---------------------------------------------------------------------------------------------
                      0.000000    0.000000    0.000000   clock __VIRTUAL_CLK__ (rise edge)
                                  0.000000    0.000000   clock network delay (ideal)
                                  2.000000    2.000000 v input external delay
     4    0.012287    0.057718    0.038188    2.038188 v B[10] (in)
                                                         B[10] (net)
                      0.057718    0.000000    2.038188 v _1006_/A (sky130_fd_sc_hd__nand2_2)
     4    0.013429    0.128238    0.133431    2.171619 ^ _1006_/Y (sky130_fd_sc_hd__nand2_2)
                                                         _0181_ (net)
                      0.128238    0.000000    2.171619 ^ _1310_/A1 (sky130_fd_sc_hd__a21oi_2)
     1    0.004246    0.073138    0.123910    2.295529 v _1310_/Y (sky130_fd_sc_hd__a21oi_2)
                                                         _0474_ (net)
                      0.073138    0.000000    2.295529 v _1312_/A (sky130_fd_sc_hd__nor2_2)
     1    0.002524    0.097468    0.154069    2.449598 ^ _1312_/Y (sky130_fd_sc_hd__nor2_2)
                                                         _0476_ (net)
                      0.097468    0.000000    2.449598 ^ _1325_/B1 (sky130_fd_sc_hd__a211o_2)
     2    0.034930    0.269088    0.349120    2.798718 ^ _1325_/X (sky130_fd_sc_hd__a211o_2)
                                                         result[11] (net)
                      0.269088    0.000000    2.798718 ^ result[11] (out)
                                              2.798718   data arrival time

                      0.000000    0.000000    0.000000   clock __VIRTUAL_CLK__ (rise edge)
                                  0.000000    0.000000   clock network delay (ideal)
                                  0.250000    0.250000   clock uncertainty
                                  0.000000    0.250000   clock reconvergence pessimism
                                 -2.000000   -1.750000   output external delay
                                             -1.750000   data required time
---------------------------------------------------------------------------------------------
                                             -1.750000   data required time
                                             -2.798718   data arrival time
---------------------------------------------------------------------------------------------
                                              4.548718   slack (MET)


Startpoint: B[4] (input port clocked by __VIRTUAL_CLK__)
Endpoint: result[3] (output port clocked by __VIRTUAL_CLK__)
Path Group: __VIRTUAL_CLK__
Path Type: min

Fanout         Cap        Slew       Delay        Time   Description
---------------------------------------------------------------------------------------------
                      0.000000    0.000000    0.000000   clock __VIRTUAL_CLK__ (rise edge)
                                  0.000000    0.000000   clock network delay (ideal)
                                  2.000000    2.000000 v input external delay
    28    0.072653    0.310747    0.222164    2.222164 v B[4] (in)
                                                         B[4] (net)
                      0.310747    0.000000    2.222164 v _1170_/A1 (sky130_fd_sc_hd__a21o_2)
     2    0.034808    0.187271    0.585403    2.807568 v _1170_/X (sky130_fd_sc_hd__a21o_2)
                                                         result[3] (net)
                      0.187271    0.000000    2.807568 v result[3] (out)
                                              2.807568   data arrival time

                      0.000000    0.000000    0.000000   clock __VIRTUAL_CLK__ (rise edge)
                                  0.000000    0.000000   clock network delay (ideal)
                                  0.250000    0.250000   clock uncertainty
                                  0.000000    0.250000   clock reconvergence pessimism
                                 -2.000000   -1.750000   output external delay
                                             -1.750000   data required time
---------------------------------------------------------------------------------------------
                                             -1.750000   data required time
                                             -2.807568   data arrival time
---------------------------------------------------------------------------------------------
                                              4.557568   slack (MET)


Startpoint: B[4] (input port clocked by __VIRTUAL_CLK__)
Endpoint: result[8] (output port clocked by __VIRTUAL_CLK__)
Path Group: __VIRTUAL_CLK__
Path Type: min

Fanout         Cap        Slew       Delay        Time   Description
---------------------------------------------------------------------------------------------
                      0.000000    0.000000    0.000000   clock __VIRTUAL_CLK__ (rise edge)
                                  0.000000    0.000000   clock network delay (ideal)
                                  2.000000    2.000000 v input external delay
    28    0.072653    0.310747    0.222164    2.222164 v B[4] (in)
                                                         B[4] (net)
                      0.310747    0.000000    2.222164 v _1270_/A (sky130_fd_sc_hd__nor2_2)
     1    0.001514    0.080952    0.231263    2.453427 ^ _1270_/Y (sky130_fd_sc_hd__nor2_2)
                                                         _0437_ (net)
                      0.080952    0.000000    2.453427 ^ _1271_/C (sky130_fd_sc_hd__or4b_2)
     2    0.035073    0.322620    0.396533    2.849960 ^ _1271_/X (sky130_fd_sc_hd__or4b_2)
                                                         result[8] (net)
                      0.322620    0.000000    2.849960 ^ result[8] (out)
                                              2.849960   data arrival time

                      0.000000    0.000000    0.000000   clock __VIRTUAL_CLK__ (rise edge)
                                  0.000000    0.000000   clock network delay (ideal)
                                  0.250000    0.250000   clock uncertainty
                                  0.000000    0.250000   clock reconvergence pessimism
                                 -2.000000   -1.750000   output external delay
                                             -1.750000   data required time
---------------------------------------------------------------------------------------------
                                             -1.750000   data required time
                                             -2.849960   data arrival time
---------------------------------------------------------------------------------------------
                                              4.599960   slack (MET)


Startpoint: B[18] (input port clocked by __VIRTUAL_CLK__)
Endpoint: result[18] (output port clocked by __VIRTUAL_CLK__)
Path Group: __VIRTUAL_CLK__
Path Type: min

Fanout         Cap        Slew       Delay        Time   Description
---------------------------------------------------------------------------------------------
                      0.000000    0.000000    0.000000   clock __VIRTUAL_CLK__ (rise edge)
                                  0.000000    0.000000   clock network delay (ideal)
                                  2.000000    2.000000 ^ input external delay
     3    0.007293    0.064787    0.038911    2.038911 ^ B[18] (in)
                                                         B[18] (net)
                      0.064787    0.000000    2.038911 ^ _1042_/A (sky130_fd_sc_hd__nand2_2)
     5    0.014397    0.140212    0.146224    2.185135 v _1042_/Y (sky130_fd_sc_hd__nand2_2)
                                                         _0217_ (net)
                      0.140212    0.000000    2.185135 v _1452_/B (sky130_fd_sc_hd__nor2_2)
     1    0.002524    0.104111    0.143230    2.328365 ^ _1452_/Y (sky130_fd_sc_hd__nor2_2)
                                                         _0609_ (net)
                      0.104111    0.000000    2.328365 ^ _1454_/B1 (sky130_fd_sc_hd__a211o_2)
     1    0.001530    0.038043    0.168993    2.497357 ^ _1454_/X (sky130_fd_sc_hd__a211o_2)
                                                         _0611_ (net)
                      0.038043    0.000000    2.497357 ^ _1461_/C (sky130_fd_sc_hd__or4_2)
     2    0.035176    0.288496    0.354451    2.851808 ^ _1461_/X (sky130_fd_sc_hd__or4_2)
                                                         result[18] (net)
                      0.288496    0.000000    2.851808 ^ result[18] (out)
                                              2.851808   data arrival time

                      0.000000    0.000000    0.000000   clock __VIRTUAL_CLK__ (rise edge)
                                  0.000000    0.000000   clock network delay (ideal)
                                  0.250000    0.250000   clock uncertainty
                                  0.000000    0.250000   clock reconvergence pessimism
                                 -2.000000   -1.750000   output external delay
                                             -1.750000   data required time
---------------------------------------------------------------------------------------------
                                             -1.750000   data required time
                                             -2.851808   data arrival time
---------------------------------------------------------------------------------------------
                                              4.601808   slack (MET)


Startpoint: B[26] (input port clocked by __VIRTUAL_CLK__)
Endpoint: result[27] (output port clocked by __VIRTUAL_CLK__)
Path Group: __VIRTUAL_CLK__
Path Type: min

Fanout         Cap        Slew       Delay        Time   Description
---------------------------------------------------------------------------------------------
                      0.000000    0.000000    0.000000   clock __VIRTUAL_CLK__ (rise edge)
                                  0.000000    0.000000   clock network delay (ideal)
                                  2.000000    2.000000 ^ input external delay
     4    0.009660    0.081081    0.050649    2.050649 ^ B[26] (in)
                                                         B[26] (net)
                      0.081081    0.000000    2.050649 ^ _0913_/A (sky130_fd_sc_hd__nand2_2)
     4    0.012281    0.123153    0.139774    2.190424 v _0913_/Y (sky130_fd_sc_hd__nand2_2)
                                                         _0088_ (net)
                      0.123153    0.000000    2.190424 v _1597_/B (sky130_fd_sc_hd__nand3b_2)
     1    0.002501    0.070530    0.125510    2.315933 ^ _1597_/Y (sky130_fd_sc_hd__nand3b_2)
                                                         _0745_ (net)
                      0.070530    0.000000    2.315933 ^ _1607_/A3 (sky130_fd_sc_hd__a31o_2)
     2    0.035176    0.319788    0.541164    2.857098 ^ _1607_/X (sky130_fd_sc_hd__a31o_2)
                                                         result[27] (net)
                      0.319788    0.000000    2.857098 ^ result[27] (out)
                                              2.857098   data arrival time

                      0.000000    0.000000    0.000000   clock __VIRTUAL_CLK__ (rise edge)
                                  0.000000    0.000000   clock network delay (ideal)
                                  0.250000    0.250000   clock uncertainty
                                  0.000000    0.250000   clock reconvergence pessimism
                                 -2.000000   -1.750000   output external delay
                                             -1.750000   data required time
---------------------------------------------------------------------------------------------
                                             -1.750000   data required time
                                             -2.857098   data arrival time
---------------------------------------------------------------------------------------------
                                              4.607098   slack (MET)


Startpoint: B[24] (input port clocked by __VIRTUAL_CLK__)
Endpoint: result[24] (output port clocked by __VIRTUAL_CLK__)
Path Group: __VIRTUAL_CLK__
Path Type: min

Fanout         Cap        Slew       Delay        Time   Description
---------------------------------------------------------------------------------------------
                      0.000000    0.000000    0.000000   clock __VIRTUAL_CLK__ (rise edge)
                                  0.000000    0.000000   clock network delay (ideal)
                                  2.000000    2.000000 v input external delay
     4    0.009459    0.046196    0.029651    2.029650 v B[24] (in)
                                                         B[24] (net)
                      0.046196    0.000000    2.029650 v _1058_/A (sky130_fd_sc_hd__nand2_2)
     3    0.010580    0.105854    0.111850    2.141500 ^ _1058_/Y (sky130_fd_sc_hd__nand2_2)
                                                         _0233_ (net)
                      0.105854    0.000000    2.141500 ^ _1060_/A (sky130_fd_sc_hd__nand2_2)
     6    0.019532    0.179882    0.194204    2.335705 v _1060_/Y (sky130_fd_sc_hd__nand2_2)
                                                         _0235_ (net)
                      0.179882    0.000000    2.335705 v _1547_/A2 (sky130_fd_sc_hd__o21ai_2)
     1    0.004691    0.105513    0.238792    2.574497 ^ _1547_/Y (sky130_fd_sc_hd__o21ai_2)
                                                         _0698_ (net)
                      0.105513    0.000000    2.574497 ^ _1562_/A2 (sky130_fd_sc_hd__o21ai_2)
     2    0.034811    0.295096    0.292221    2.866718 v _1562_/Y (sky130_fd_sc_hd__o21ai_2)
                                                         result[24] (net)
                      0.295096    0.000000    2.866718 v result[24] (out)
                                              2.866718   data arrival time

                      0.000000    0.000000    0.000000   clock __VIRTUAL_CLK__ (rise edge)
                                  0.000000    0.000000   clock network delay (ideal)
                                  0.250000    0.250000   clock uncertainty
                                  0.000000    0.250000   clock reconvergence pessimism
                                 -2.000000   -1.750000   output external delay
                                             -1.750000   data required time
---------------------------------------------------------------------------------------------
                                             -1.750000   data required time
                                             -2.866718   data arrival time
---------------------------------------------------------------------------------------------
                                              4.616718   slack (MET)


Startpoint: A[6] (input port clocked by __VIRTUAL_CLK__)
Endpoint: result[7] (output port clocked by __VIRTUAL_CLK__)
Path Group: __VIRTUAL_CLK__
Path Type: min

Fanout         Cap        Slew       Delay        Time   Description
---------------------------------------------------------------------------------------------
                      0.000000    0.000000    0.000000   clock __VIRTUAL_CLK__ (rise edge)
                                  0.000000    0.000000   clock network delay (ideal)
                                  2.000000    2.000000 v input external delay
    12    0.031261    0.137057    0.095927    2.095927 v A[6] (in)
                                                         A[6] (net)
                      0.137057    0.000000    2.095927 v _0988_/B (sky130_fd_sc_hd__nand2b_2)
     3    0.011565    0.121194    0.171214    2.267141 ^ _0988_/Y (sky130_fd_sc_hd__nand2b_2)
                                                         _0163_ (net)
                      0.121194    0.000000    2.267141 ^ _1234_/A1 (sky130_fd_sc_hd__a21oi_2)
     1    0.004246    0.048184    0.120969    2.388110 v _1234_/Y (sky130_fd_sc_hd__a21oi_2)
                                                         _0402_ (net)
                      0.048184    0.000000    2.388110 v _1236_/A (sky130_fd_sc_hd__nor2_2)
     1    0.001631    0.082447    0.131624    2.519735 ^ _1236_/Y (sky130_fd_sc_hd__nor2_2)
                                                         _0404_ (net)
                      0.082447    0.000000    2.519735 ^ _1250_/B (sky130_fd_sc_hd__or3_2)
     2    0.034930    0.286150    0.368657    2.888391 ^ _1250_/X (sky130_fd_sc_hd__or3_2)
                                                         result[7] (net)
                      0.286150    0.000000    2.888391 ^ result[7] (out)
                                              2.888391   data arrival time

                      0.000000    0.000000    0.000000   clock __VIRTUAL_CLK__ (rise edge)
                                  0.000000    0.000000   clock network delay (ideal)
                                  0.250000    0.250000   clock uncertainty
                                  0.000000    0.250000   clock reconvergence pessimism
                                 -2.000000   -1.750000   output external delay
                                             -1.750000   data required time
---------------------------------------------------------------------------------------------
                                             -1.750000   data required time
                                             -2.888391   data arrival time
---------------------------------------------------------------------------------------------
                                              4.638391   slack (MET)


Startpoint: B[28] (input port clocked by __VIRTUAL_CLK__)
Endpoint: result[29] (output port clocked by __VIRTUAL_CLK__)
Path Group: __VIRTUAL_CLK__
Path Type: min

Fanout         Cap        Slew       Delay        Time   Description
---------------------------------------------------------------------------------------------
                      0.000000    0.000000    0.000000   clock __VIRTUAL_CLK__ (rise edge)
                                  0.000000    0.000000   clock network delay (ideal)
                                  2.000000    2.000000 v input external delay
     4    0.011152    0.053094    0.034762    2.034762 v B[28] (in)
                                                         B[28] (net)
                      0.053094    0.000000    2.034762 v _0904_/A (sky130_fd_sc_hd__nand2_2)
     3    0.007345    0.080614    0.096559    2.131320 ^ _0904_/Y (sky130_fd_sc_hd__nand2_2)
                                                         _0079_ (net)
                      0.080614    0.000000    2.131320 ^ _1636_/A1 (sky130_fd_sc_hd__a21bo_2)
     1    0.002501    0.051793    0.233521    2.364841 ^ _1636_/X (sky130_fd_sc_hd__a21bo_2)
                                                         _0782_ (net)
                      0.051793    0.000000    2.364841 ^ _1638_/A3 (sky130_fd_sc_hd__a31o_2)
     2    0.035176    0.319884    0.533970    2.898812 ^ _1638_/X (sky130_fd_sc_hd__a31o_2)
                                                         result[29] (net)
                      0.319884    0.000000    2.898812 ^ result[29] (out)
                                              2.898812   data arrival time

                      0.000000    0.000000    0.000000   clock __VIRTUAL_CLK__ (rise edge)
                                  0.000000    0.000000   clock network delay (ideal)
                                  0.250000    0.250000   clock uncertainty
                                  0.000000    0.250000   clock reconvergence pessimism
                                 -2.000000   -1.750000   output external delay
                                             -1.750000   data required time
---------------------------------------------------------------------------------------------
                                             -1.750000   data required time
                                             -2.898812   data arrival time
---------------------------------------------------------------------------------------------
                                              4.648811   slack (MET)


Startpoint: B[31] (input port clocked by __VIRTUAL_CLK__)
Endpoint: result[31] (output port clocked by __VIRTUAL_CLK__)
Path Group: __VIRTUAL_CLK__
Path Type: min

Fanout         Cap        Slew       Delay        Time   Description
---------------------------------------------------------------------------------------------
                      0.000000    0.000000    0.000000   clock __VIRTUAL_CLK__ (rise edge)
                                  0.000000    0.000000   clock network delay (ideal)
                                  2.000000    2.000000 ^ input external delay
     3    0.007293    0.064787    0.038911    2.038911 ^ B[31] (in)
                                                         B[31] (net)
                      0.064787    0.000000    2.038911 ^ _0886_/A (sky130_fd_sc_hd__nand2_2)
     2    0.005553    0.069124    0.091780    2.130691 v _0886_/Y (sky130_fd_sc_hd__nand2_2)
                                                         _0061_ (net)
                      0.069124    0.000000    2.130691 v _1659_/B (sky130_fd_sc_hd__nor2_2)
     1    0.002524    0.097449    0.114793    2.245483 ^ _1659_/Y (sky130_fd_sc_hd__nor2_2)
                                                         _0803_ (net)
                      0.097449    0.000000    2.245483 ^ _1661_/B1 (sky130_fd_sc_hd__a211o_2)
     1    0.002547    0.044851    0.173326    2.418810 ^ _1661_/X (sky130_fd_sc_hd__a211o_2)
                                                         _0805_ (net)
                      0.044851    0.000000    2.418810 ^ _1662_/B1 (sky130_fd_sc_hd__a21o_2)
     1    0.001530    0.037223    0.125030    2.543840 ^ _1662_/X (sky130_fd_sc_hd__a21o_2)
                                                         _0806_ (net)
                      0.037223    0.000000    2.543840 ^ _1668_/C (sky130_fd_sc_hd__or4_2)
     2    0.038023    0.309623    0.369498    2.913338 ^ _1668_/X (sky130_fd_sc_hd__or4_2)
                                                         result[31] (net)
                      0.309623    0.000000    2.913338 ^ result[31] (out)
                                              2.913338   data arrival time

                      0.000000    0.000000    0.000000   clock __VIRTUAL_CLK__ (rise edge)
                                  0.000000    0.000000   clock network delay (ideal)
                                  0.250000    0.250000   clock uncertainty
                                  0.000000    0.250000   clock reconvergence pessimism
                                 -2.000000   -1.750000   output external delay
                                             -1.750000   data required time
---------------------------------------------------------------------------------------------
                                             -1.750000   data required time
                                             -2.913338   data arrival time
---------------------------------------------------------------------------------------------
                                              4.663338   slack (MET)


Startpoint: A[1] (input port clocked by __VIRTUAL_CLK__)
Endpoint: result[1] (output port clocked by __VIRTUAL_CLK__)
Path Group: __VIRTUAL_CLK__
Path Type: min

Fanout         Cap        Slew       Delay        Time   Description
---------------------------------------------------------------------------------------------
                      0.000000    0.000000    0.000000   clock __VIRTUAL_CLK__ (rise edge)
                                  0.000000    0.000000   clock network delay (ideal)
                                  2.000000    2.000000 ^ input external delay
    10    0.030768    0.227846    0.155101    2.155101 ^ A[1] (in)
                                                         A[1] (net)
                      0.227846    0.000000    2.155101 ^ _1097_/A2 (sky130_fd_sc_hd__o21ai_2)
     1    0.002288    0.053212    0.140222    2.295323 v _1097_/Y (sky130_fd_sc_hd__o21ai_2)
                                                         _0271_ (net)
                      0.053212    0.000000    2.295323 v _1098_/C1 (sky130_fd_sc_hd__o221a_2)
     1    0.004296    0.060346    0.222595    2.517918 v _1098_/X (sky130_fd_sc_hd__o221a_2)
                                                         _0272_ (net)
                      0.060346    0.000000    2.517918 v _1109_/C1 (sky130_fd_sc_hd__o211ai_2)
     1    0.002514    0.065794    0.079033    2.596951 ^ _1109_/Y (sky130_fd_sc_hd__o211ai_2)
                                                         _0283_ (net)
                      0.065794    0.000000    2.596951 ^ _1110_/C1 (sky130_fd_sc_hd__a211o_2)
     2    0.034872    0.268831    0.329676    2.926627 ^ _1110_/X (sky130_fd_sc_hd__a211o_2)
                                                         result[1] (net)
                      0.268831    0.000000    2.926627 ^ result[1] (out)
                                              2.926627   data arrival time

                      0.000000    0.000000    0.000000   clock __VIRTUAL_CLK__ (rise edge)
                                  0.000000    0.000000   clock network delay (ideal)
                                  0.250000    0.250000   clock uncertainty
                                  0.000000    0.250000   clock reconvergence pessimism
                                 -2.000000   -1.750000   output external delay
                                             -1.750000   data required time
---------------------------------------------------------------------------------------------
                                             -1.750000   data required time
                                             -2.926627   data arrival time
---------------------------------------------------------------------------------------------
                                              4.676627   slack (MET)


Startpoint: A[2] (input port clocked by __VIRTUAL_CLK__)
Endpoint: result[2] (output port clocked by __VIRTUAL_CLK__)
Path Group: __VIRTUAL_CLK__
Path Type: min

Fanout         Cap        Slew       Delay        Time   Description
---------------------------------------------------------------------------------------------
                      0.000000    0.000000    0.000000   clock __VIRTUAL_CLK__ (rise edge)
                                  0.000000    0.000000   clock network delay (ideal)
                                  2.000000    2.000000 ^ input external delay
    10    0.020456    0.155605    0.104157    2.104157 ^ A[2] (in)
                                                         A[2] (net)
                      0.155605    0.000000    2.104157 ^ _1139_/A2 (sky130_fd_sc_hd__a31o_2)
     1    0.002427    0.053180    0.335642    2.439800 ^ _1139_/X (sky130_fd_sc_hd__a31o_2)
                                                         _0312_ (net)
                      0.053180    0.000000    2.439800 ^ _1140_/B1 (sky130_fd_sc_hd__a311o_2)
     1    0.002514    0.053116    0.164955    2.604755 ^ _1140_/X (sky130_fd_sc_hd__a311o_2)
                                                         _0313_ (net)
                      0.053116    0.000000    2.604755 ^ _1141_/C1 (sky130_fd_sc_hd__a211o_2)
     2    0.035176    0.270900    0.325402    2.930157 ^ _1141_/X (sky130_fd_sc_hd__a211o_2)
                                                         result[2] (net)
                      0.270900    0.000000    2.930157 ^ result[2] (out)
                                              2.930157   data arrival time

                      0.000000    0.000000    0.000000   clock __VIRTUAL_CLK__ (rise edge)
                                  0.000000    0.000000   clock network delay (ideal)
                                  0.250000    0.250000   clock uncertainty
                                  0.000000    0.250000   clock reconvergence pessimism
                                 -2.000000   -1.750000   output external delay
                                             -1.750000   data required time
---------------------------------------------------------------------------------------------
                                             -1.750000   data required time
                                             -2.930157   data arrival time
---------------------------------------------------------------------------------------------
                                              4.680158   slack (MET)


Startpoint: B[29] (input port clocked by __VIRTUAL_CLK__)
Endpoint: result[30] (output port clocked by __VIRTUAL_CLK__)
Path Group: __VIRTUAL_CLK__
Path Type: min

Fanout         Cap        Slew       Delay        Time   Description
---------------------------------------------------------------------------------------------
                      0.000000    0.000000    0.000000   clock __VIRTUAL_CLK__ (rise edge)
                                  0.000000    0.000000   clock network delay (ideal)
                                  2.000000    2.000000 v input external delay
     5    0.014442    0.066499    0.044694    2.044694 v B[29] (in)
                                                         B[29] (net)
                      0.066499    0.000000    2.044694 v _0895_/A (sky130_fd_sc_hd__nor2_2)
     2    0.004922    0.138002    0.181514    2.226208 ^ _0895_/Y (sky130_fd_sc_hd__nor2_2)
                                                         _0070_ (net)
                      0.138002    0.000000    2.226208 ^ _1651_/B1 (sky130_fd_sc_hd__a311o_2)
     3    0.009597    0.106513    0.255368    2.481576 ^ _1651_/X (sky130_fd_sc_hd__a311o_2)
                                                         _0796_ (net)
                      0.106513    0.000000    2.481576 ^ _1653_/A1 (sky130_fd_sc_hd__a211o_2)
     2    0.038002    0.290928    0.450746    2.932322 ^ _1653_/X (sky130_fd_sc_hd__a211o_2)
                                                         result[30] (net)
                      0.290928    0.000000    2.932322 ^ result[30] (out)
                                              2.932322   data arrival time

                      0.000000    0.000000    0.000000   clock __VIRTUAL_CLK__ (rise edge)
                                  0.000000    0.000000   clock network delay (ideal)
                                  0.250000    0.250000   clock uncertainty
                                  0.000000    0.250000   clock reconvergence pessimism
                                 -2.000000   -1.750000   output external delay
                                             -1.750000   data required time
---------------------------------------------------------------------------------------------
                                             -1.750000   data required time
                                             -2.932322   data arrival time
---------------------------------------------------------------------------------------------
                                              4.682322   slack (MET)


Startpoint: B[17] (input port clocked by __VIRTUAL_CLK__)
Endpoint: result[17] (output port clocked by __VIRTUAL_CLK__)
Path Group: __VIRTUAL_CLK__
Path Type: min

Fanout         Cap        Slew       Delay        Time   Description
---------------------------------------------------------------------------------------------
                      0.000000    0.000000    0.000000   clock __VIRTUAL_CLK__ (rise edge)
                                  0.000000    0.000000   clock network delay (ideal)
                                  2.000000    2.000000 ^ input external delay
     5    0.017614    0.135837    0.090095    2.090095 ^ B[17] (in)
                                                         B[17] (net)
                      0.135837    0.000000    2.090095 ^ _1437_/A1 (sky130_fd_sc_hd__a32o_2)
     1    0.001365    0.061993    0.324790    2.414885 ^ _1437_/X (sky130_fd_sc_hd__a32o_2)
                                                         _0595_ (net)
                      0.061993    0.000000    2.414885 ^ _1438_/D (sky130_fd_sc_hd__or4_2)
     1    0.001631    0.042069    0.168172    2.583058 ^ _1438_/X (sky130_fd_sc_hd__or4_2)
                                                         _0596_ (net)
                      0.042069    0.000000    2.583058 ^ _1445_/B (sky130_fd_sc_hd__or3_2)
     2    0.034807    0.285286    0.349444    2.932502 ^ _1445_/X (sky130_fd_sc_hd__or3_2)
                                                         result[17] (net)
                      0.285286    0.000000    2.932502 ^ result[17] (out)
                                              2.932502   data arrival time

                      0.000000    0.000000    0.000000   clock __VIRTUAL_CLK__ (rise edge)
                                  0.000000    0.000000   clock network delay (ideal)
                                  0.250000    0.250000   clock uncertainty
                                  0.000000    0.250000   clock reconvergence pessimism
                                 -2.000000   -1.750000   output external delay
                                             -1.750000   data required time
---------------------------------------------------------------------------------------------
                                             -1.750000   data required time
                                             -2.932502   data arrival time
---------------------------------------------------------------------------------------------
                                              4.682502   slack (MET)


Startpoint: B[8] (input port clocked by __VIRTUAL_CLK__)
Endpoint: result[9] (output port clocked by __VIRTUAL_CLK__)
Path Group: __VIRTUAL_CLK__
Path Type: min

Fanout         Cap        Slew       Delay        Time   Description
---------------------------------------------------------------------------------------------
                      0.000000    0.000000    0.000000   clock __VIRTUAL_CLK__ (rise edge)
                                  0.000000    0.000000   clock network delay (ideal)
                                  2.000000    2.000000 v input external delay
     4    0.009196    0.045125    0.028856    2.028857 v B[8] (in)
                                                         B[8] (net)
                      0.045125    0.000000    2.028857 v _1013_/A (sky130_fd_sc_hd__nand2_2)
     5    0.016744    0.153985    0.146450    2.175306 ^ _1013_/Y (sky130_fd_sc_hd__nand2_2)
                                                         _0188_ (net)
                      0.153985    0.000000    2.175306 ^ _1290_/A2 (sky130_fd_sc_hd__o2111a_2)
     1    0.001395    0.069469    0.404720    2.580026 ^ _1290_/X (sky130_fd_sc_hd__o2111a_2)
                                                         _0456_ (net)
                      0.069469    0.000000    2.580026 ^ _1291_/C (sky130_fd_sc_hd__or3_2)
     2    0.034837    0.285511    0.360926    2.940952 ^ _1291_/X (sky130_fd_sc_hd__or3_2)
                                                         result[9] (net)
                      0.285511    0.000000    2.940952 ^ result[9] (out)
                                              2.940952   data arrival time

                      0.000000    0.000000    0.000000   clock __VIRTUAL_CLK__ (rise edge)
                                  0.000000    0.000000   clock network delay (ideal)
                                  0.250000    0.250000   clock uncertainty
                                  0.000000    0.250000   clock reconvergence pessimism
                                 -2.000000   -1.750000   output external delay
                                             -1.750000   data required time
---------------------------------------------------------------------------------------------
                                             -1.750000   data required time
                                             -2.940952   data arrival time
---------------------------------------------------------------------------------------------
                                              4.690952   slack (MET)


Startpoint: B[22] (input port clocked by __VIRTUAL_CLK__)
Endpoint: result[23] (output port clocked by __VIRTUAL_CLK__)
Path Group: __VIRTUAL_CLK__
Path Type: min

Fanout         Cap        Slew       Delay        Time   Description
---------------------------------------------------------------------------------------------
                      0.000000    0.000000    0.000000   clock __VIRTUAL_CLK__ (rise edge)
                                  0.000000    0.000000   clock network delay (ideal)
                                  2.000000    2.000000 ^ input external delay
     4    0.010013    0.083511    0.052400    2.052400 ^ B[22] (in)
                                                         B[22] (net)
                      0.083511    0.000000    2.052400 ^ _0934_/A (sky130_fd_sc_hd__nand2_2)
     5    0.015407    0.148267    0.160147    2.212546 v _0934_/Y (sky130_fd_sc_hd__nand2_2)
                                                         _0109_ (net)
                      0.148267    0.000000    2.212546 v _1533_/A (sky130_fd_sc_hd__nand3_2)
     1    0.002452    0.063012    0.113696    2.326242 ^ _1533_/Y (sky130_fd_sc_hd__nand3_2)
                                                         _0685_ (net)
                      0.063012    0.000000    2.326242 ^ _1544_/A2 (sky130_fd_sc_hd__a31o_2)
     1    0.002514    0.053908    0.302637    2.628880 ^ _1544_/X (sky130_fd_sc_hd__a31o_2)
                                                         _0696_ (net)
                      0.053908    0.000000    2.628880 ^ _1545_/C1 (sky130_fd_sc_hd__a211o_2)
     2    0.034872    0.268744    0.324220    2.953100 ^ _1545_/X (sky130_fd_sc_hd__a211o_2)
                                                         result[23] (net)
                      0.268744    0.000000    2.953100 ^ result[23] (out)
                                              2.953100   data arrival time

                      0.000000    0.000000    0.000000   clock __VIRTUAL_CLK__ (rise edge)
                                  0.000000    0.000000   clock network delay (ideal)
                                  0.250000    0.250000   clock uncertainty
                                  0.000000    0.250000   clock reconvergence pessimism
                                 -2.000000   -1.750000   output external delay
                                             -1.750000   data required time
---------------------------------------------------------------------------------------------
                                             -1.750000   data required time
                                             -2.953100   data arrival time
---------------------------------------------------------------------------------------------
                                              4.703099   slack (MET)


Startpoint: B[24] (input port clocked by __VIRTUAL_CLK__)
Endpoint: result[25] (output port clocked by __VIRTUAL_CLK__)
Path Group: __VIRTUAL_CLK__
Path Type: min

Fanout         Cap        Slew       Delay        Time   Description
---------------------------------------------------------------------------------------------
                      0.000000    0.000000    0.000000   clock __VIRTUAL_CLK__ (rise edge)
                                  0.000000    0.000000   clock network delay (ideal)
                                  2.000000    2.000000 ^ input external delay
     4    0.010013    0.083511    0.052400    2.052400 ^ B[24] (in)
                                                         B[24] (net)
                      0.083511    0.000000    2.052400 ^ _1058_/A (sky130_fd_sc_hd__nand2_2)
     3    0.009851    0.103972    0.125661    2.178061 v _1058_/Y (sky130_fd_sc_hd__nand2_2)
                                                         _0233_ (net)
                      0.103972    0.000000    2.178061 v _1572_/B (sky130_fd_sc_hd__nand2_2)
     1    0.002476    0.057695    0.105597    2.283659 ^ _1572_/Y (sky130_fd_sc_hd__nand2_2)
                                                         _0722_ (net)
                      0.057695    0.000000    2.283659 ^ _1577_/A2 (sky130_fd_sc_hd__o211a_2)
     1    0.002514    0.076124    0.336510    2.620168 ^ _1577_/X (sky130_fd_sc_hd__o211a_2)
                                                         _0727_ (net)
                      0.076124    0.000000    2.620168 ^ _1578_/C1 (sky130_fd_sc_hd__a211o_2)
     2    0.034859    0.268814    0.334352    2.954520 ^ _1578_/X (sky130_fd_sc_hd__a211o_2)
                                                         result[25] (net)
                      0.268814    0.000000    2.954520 ^ result[25] (out)
                                              2.954520   data arrival time

                      0.000000    0.000000    0.000000   clock __VIRTUAL_CLK__ (rise edge)
                                  0.000000    0.000000   clock network delay (ideal)
                                  0.250000    0.250000   clock uncertainty
                                  0.000000    0.250000   clock reconvergence pessimism
                                 -2.000000   -1.750000   output external delay
                                             -1.750000   data required time
---------------------------------------------------------------------------------------------
                                             -1.750000   data required time
                                             -2.954520   data arrival time
---------------------------------------------------------------------------------------------
                                              4.704520   slack (MET)


Startpoint: B[20] (input port clocked by __VIRTUAL_CLK__)
Endpoint: result[20] (output port clocked by __VIRTUAL_CLK__)
Path Group: __VIRTUAL_CLK__
Path Type: min

Fanout         Cap        Slew       Delay        Time   Description
---------------------------------------------------------------------------------------------
                      0.000000    0.000000    0.000000   clock __VIRTUAL_CLK__ (rise edge)
                                  0.000000    0.000000   clock network delay (ideal)
                                  2.000000    2.000000 ^ input external delay
     5    0.012209    0.098629    0.063290    2.063290 ^ B[20] (in)
                                                         B[20] (net)
                      0.098629    0.000000    2.063290 ^ _1492_/A1 (sky130_fd_sc_hd__a31o_2)
     1    0.002514    0.057958    0.298767    2.362058 ^ _1492_/X (sky130_fd_sc_hd__a31o_2)
                                                         _0647_ (net)
                      0.057958    0.000000    2.362058 ^ _1493_/C1 (sky130_fd_sc_hd__a211o_2)
     1    0.002547    0.044835    0.149910    2.511968 ^ _1493_/X (sky130_fd_sc_hd__a211o_2)
                                                         _0648_ (net)
                      0.044835    0.000000    2.511968 ^ _1494_/B1 (sky130_fd_sc_hd__a21o_2)
     1    0.002514    0.044074    0.132057    2.644024 ^ _1494_/X (sky130_fd_sc_hd__a21o_2)
                                                         _0649_ (net)
                      0.044074    0.000000    2.644024 ^ _1495_/C1 (sky130_fd_sc_hd__a211o_2)
     2    0.034972    0.269383    0.320214    2.964239 ^ _1495_/X (sky130_fd_sc_hd__a211o_2)
                                                         result[20] (net)
                      0.269383    0.000000    2.964239 ^ result[20] (out)
                                              2.964239   data arrival time

                      0.000000    0.000000    0.000000   clock __VIRTUAL_CLK__ (rise edge)
                                  0.000000    0.000000   clock network delay (ideal)
                                  0.250000    0.250000   clock uncertainty
                                  0.000000    0.250000   clock reconvergence pessimism
                                 -2.000000   -1.750000   output external delay
                                             -1.750000   data required time
---------------------------------------------------------------------------------------------
                                             -1.750000   data required time
                                             -2.964239   data arrival time
---------------------------------------------------------------------------------------------
                                              4.714239   slack (MET)


Startpoint: A[4] (input port clocked by __VIRTUAL_CLK__)
Endpoint: result[4] (output port clocked by __VIRTUAL_CLK__)
Path Group: __VIRTUAL_CLK__
Path Type: min

Fanout         Cap        Slew       Delay        Time   Description
---------------------------------------------------------------------------------------------
                      0.000000    0.000000    0.000000   clock __VIRTUAL_CLK__ (rise edge)
                                  0.000000    0.000000   clock network delay (ideal)
                                  2.000000    2.000000 ^ input external delay
    11    0.022589    0.170548    0.114695    2.114695 ^ A[4] (in)
                                                         A[4] (net)
                      0.170548    0.000000    2.114695 ^ _1186_/A2 (sky130_fd_sc_hd__a31o_2)
     1    0.002524    0.053982    0.342043    2.456738 ^ _1186_/X (sky130_fd_sc_hd__a31o_2)
                                                         _0357_ (net)
                      0.053982    0.000000    2.456738 ^ _1189_/B1 (sky130_fd_sc_hd__a211o_2)
     1    0.002495    0.044491    0.152791    2.609529 ^ _1189_/X (sky130_fd_sc_hd__a211o_2)
                                                         _0360_ (net)
                      0.044491    0.000000    2.609529 ^ _1190_/B1 (sky130_fd_sc_hd__a31o_2)
     2    0.034807    0.316862    0.355119    2.964647 ^ _1190_/X (sky130_fd_sc_hd__a31o_2)
                                                         result[4] (net)
                      0.316862    0.000000    2.964647 ^ result[4] (out)
                                              2.964647   data arrival time

                      0.000000    0.000000    0.000000   clock __VIRTUAL_CLK__ (rise edge)
                                  0.000000    0.000000   clock network delay (ideal)
                                  0.250000    0.250000   clock uncertainty
                                  0.000000    0.250000   clock reconvergence pessimism
                                 -2.000000   -1.750000   output external delay
                                             -1.750000   data required time
---------------------------------------------------------------------------------------------
                                             -1.750000   data required time
                                             -2.964647   data arrival time
---------------------------------------------------------------------------------------------
                                              4.714647   slack (MET)


Startpoint: B[13] (input port clocked by __VIRTUAL_CLK__)
Endpoint: result[13] (output port clocked by __VIRTUAL_CLK__)
Path Group: __VIRTUAL_CLK__
Path Type: min

Fanout         Cap        Slew       Delay        Time   Description
---------------------------------------------------------------------------------------------
                      0.000000    0.000000    0.000000   clock __VIRTUAL_CLK__ (rise edge)
                                  0.000000    0.000000   clock network delay (ideal)
                                  2.000000    2.000000 ^ input external delay
     4    0.020174    0.153630    0.102764    2.102764 ^ B[13] (in)
                                                         B[13] (net)
                      0.153630    0.000000    2.102764 ^ _1363_/A1 (sky130_fd_sc_hd__o21ai_2)
     1    0.004185    0.067936    0.150611    2.253375 v _1363_/Y (sky130_fd_sc_hd__o21ai_2)
                                                         _0525_ (net)
                      0.067936    0.000000    2.253375 v _1364_/C1 (sky130_fd_sc_hd__o221ai_2)
     1    0.002446    0.080214    0.082159    2.335534 ^ _1364_/Y (sky130_fd_sc_hd__o221ai_2)
                                                         _0526_ (net)
                      0.080214    0.000000    2.335534 ^ _1365_/C1 (sky130_fd_sc_hd__a221o_2)
     1    0.002547    0.053460    0.178478    2.514012 ^ _1365_/X (sky130_fd_sc_hd__a221o_2)
                                                         _0527_ (net)
                      0.053460    0.000000    2.514012 ^ _1366_/B1 (sky130_fd_sc_hd__a21o_2)
     1    0.002514    0.044098    0.136023    2.650035 ^ _1366_/X (sky130_fd_sc_hd__a21o_2)
                                                         _0528_ (net)
                      0.044098    0.000000    2.650035 ^ _1367_/C1 (sky130_fd_sc_hd__a211o_2)
     2    0.035176    0.270833    0.321264    2.971298 ^ _1367_/X (sky130_fd_sc_hd__a211o_2)
                                                         result[13] (net)
                      0.270833    0.000000    2.971298 ^ result[13] (out)
                                              2.971298   data arrival time

                      0.000000    0.000000    0.000000   clock __VIRTUAL_CLK__ (rise edge)
                                  0.000000    0.000000   clock network delay (ideal)
                                  0.250000    0.250000   clock uncertainty
                                  0.000000    0.250000   clock reconvergence pessimism
                                 -2.000000   -1.750000   output external delay
                                             -1.750000   data required time
---------------------------------------------------------------------------------------------
                                             -1.750000   data required time
                                             -2.971298   data arrival time
---------------------------------------------------------------------------------------------
                                              4.721298   slack (MET)


Startpoint: B[18] (input port clocked by __VIRTUAL_CLK__)
Endpoint: result[19] (output port clocked by __VIRTUAL_CLK__)
Path Group: __VIRTUAL_CLK__
Path Type: min

Fanout         Cap        Slew       Delay        Time   Description
---------------------------------------------------------------------------------------------
                      0.000000    0.000000    0.000000   clock __VIRTUAL_CLK__ (rise edge)
                                  0.000000    0.000000   clock network delay (ideal)
                                  2.000000    2.000000 v input external delay
     3    0.006903    0.035783    0.021934    2.021934 v B[18] (in)
                                                         B[18] (net)
                      0.035783    0.000000    2.021934 v _1042_/A (sky130_fd_sc_hd__nand2_2)
     5    0.015592    0.144859    0.135513    2.157447 ^ _1042_/Y (sky130_fd_sc_hd__nand2_2)
                                                         _0217_ (net)
                      0.144859    0.000000    2.157447 ^ _1466_/A1 (sky130_fd_sc_hd__a311o_2)
     1    0.004683    0.070060    0.377444    2.534891 ^ _1466_/X (sky130_fd_sc_hd__a311o_2)
                                                         _0622_ (net)
                      0.070060    0.000000    2.534891 ^ _1476_/B (sky130_fd_sc_hd__nand3b_2)
     2    0.034811    0.485622    0.439532    2.974422 v _1476_/Y (sky130_fd_sc_hd__nand3b_2)
                                                         result[19] (net)
                      0.485622    0.000000    2.974422 v result[19] (out)
                                              2.974422   data arrival time

                      0.000000    0.000000    0.000000   clock __VIRTUAL_CLK__ (rise edge)
                                  0.000000    0.000000   clock network delay (ideal)
                                  0.250000    0.250000   clock uncertainty
                                  0.000000    0.250000   clock reconvergence pessimism
                                 -2.000000   -1.750000   output external delay
                                             -1.750000   data required time
---------------------------------------------------------------------------------------------
                                             -1.750000   data required time
                                             -2.974422   data arrival time
---------------------------------------------------------------------------------------------
                                              4.724423   slack (MET)


Startpoint: B[22] (input port clocked by __VIRTUAL_CLK__)
Endpoint: result[22] (output port clocked by __VIRTUAL_CLK__)
Path Group: __VIRTUAL_CLK__
Path Type: min

Fanout         Cap        Slew       Delay        Time   Description
---------------------------------------------------------------------------------------------
                      0.000000    0.000000    0.000000   clock __VIRTUAL_CLK__ (rise edge)
                                  0.000000    0.000000   clock network delay (ideal)
                                  2.000000    2.000000 v input external delay
     4    0.009459    0.046196    0.029651    2.029650 v B[22] (in)
                                                         B[22] (net)
                      0.046196    0.000000    2.029650 v _0934_/A (sky130_fd_sc_hd__nand2_2)
     5    0.016371    0.151088    0.144830    2.174480 ^ _0934_/Y (sky130_fd_sc_hd__nand2_2)
                                                         _0109_ (net)
                      0.151088    0.000000    2.174480 ^ _1516_/B1 (sky130_fd_sc_hd__a32o_2)
     2    0.004105    0.086521    0.260341    2.434821 ^ _1516_/X (sky130_fd_sc_hd__a32o_2)
                                                         _0669_ (net)
                      0.086521    0.000000    2.434821 ^ _1530_/A3 (sky130_fd_sc_hd__a31o_2)
     2    0.034859    0.317150    0.544993    2.979815 ^ _1530_/X (sky130_fd_sc_hd__a31o_2)
                                                         result[22] (net)
                      0.317150    0.000000    2.979815 ^ result[22] (out)
                                              2.979815   data arrival time

                      0.000000    0.000000    0.000000   clock __VIRTUAL_CLK__ (rise edge)
                                  0.000000    0.000000   clock network delay (ideal)
                                  0.250000    0.250000   clock uncertainty
                                  0.000000    0.250000   clock reconvergence pessimism
                                 -2.000000   -1.750000   output external delay
                                             -1.750000   data required time
---------------------------------------------------------------------------------------------
                                             -1.750000   data required time
                                             -2.979815   data arrival time
---------------------------------------------------------------------------------------------
                                              4.729815   slack (MET)


Startpoint: B[28] (input port clocked by __VIRTUAL_CLK__)
Endpoint: result[28] (output port clocked by __VIRTUAL_CLK__)
Path Group: __VIRTUAL_CLK__
Path Type: min

Fanout         Cap        Slew       Delay        Time   Description
---------------------------------------------------------------------------------------------
                      0.000000    0.000000    0.000000   clock __VIRTUAL_CLK__ (rise edge)
                                  0.000000    0.000000   clock network delay (ideal)
                                  2.000000    2.000000 v input external delay
     4    0.011152    0.053094    0.034762    2.034762 v B[28] (in)
                                                         B[28] (net)
                      0.053094    0.000000    2.034762 v _0905_/A (sky130_fd_sc_hd__nor2_2)
     2    0.006447    0.163167    0.194500    2.229261 ^ _0905_/Y (sky130_fd_sc_hd__nor2_2)
                                                         _0080_ (net)
                      0.163167    0.000000    2.229261 ^ _0906_/B (sky130_fd_sc_hd__nor2_2)
     7    0.018437    0.096611    0.148437    2.377699 v _0906_/Y (sky130_fd_sc_hd__nor2_2)
                                                         _0081_ (net)
                      0.096611    0.000000    2.377699 v _1608_/A (sky130_fd_sc_hd__nand2_2)
     1    0.002452    0.047418    0.086874    2.464573 ^ _1608_/Y (sky130_fd_sc_hd__nand2_2)
                                                         _0755_ (net)
                      0.047418    0.000000    2.464573 ^ _1625_/A2 (sky130_fd_sc_hd__a31o_2)
     2    0.034972    0.318236    0.520280    2.984853 ^ _1625_/X (sky130_fd_sc_hd__a31o_2)
                                                         result[28] (net)
                      0.318236    0.000000    2.984853 ^ result[28] (out)
                                              2.984853   data arrival time

                      0.000000    0.000000    0.000000   clock __VIRTUAL_CLK__ (rise edge)
                                  0.000000    0.000000   clock network delay (ideal)
                                  0.250000    0.250000   clock uncertainty
                                  0.000000    0.250000   clock reconvergence pessimism
                                 -2.000000   -1.750000   output external delay
                                             -1.750000   data required time
---------------------------------------------------------------------------------------------
                                             -1.750000   data required time
                                             -2.984853   data arrival time
---------------------------------------------------------------------------------------------
                                              4.734854   slack (MET)


Startpoint: A[20] (input port clocked by __VIRTUAL_CLK__)
Endpoint: result[21] (output port clocked by __VIRTUAL_CLK__)
Path Group: __VIRTUAL_CLK__
Path Type: min

Fanout         Cap        Slew       Delay        Time   Description
---------------------------------------------------------------------------------------------
                      0.000000    0.000000    0.000000   clock __VIRTUAL_CLK__ (rise edge)
                                  0.000000    0.000000   clock network delay (ideal)
                                  2.000000    2.000000 v input external delay
    11    0.024250    0.107350    0.074505    2.074505 v A[20] (in)
                                                         A[20] (net)
                      0.107350    0.000000    2.074505 v _0943_/B (sky130_fd_sc_hd__nand2b_2)
     2    0.006034    0.080368    0.126537    2.201041 ^ _0943_/Y (sky130_fd_sc_hd__nand2b_2)
                                                         _0118_ (net)
                      0.080368    0.000000    2.201041 ^ _0944_/B (sky130_fd_sc_hd__or2_2)
     3    0.009411    0.098896    0.218508    2.419549 ^ _0944_/X (sky130_fd_sc_hd__or2_2)
                                                         _0119_ (net)
                      0.098896    0.000000    2.419549 ^ _1514_/A1 (sky130_fd_sc_hd__a41o_2)
     2    0.034807    0.275938    0.598417    3.017966 ^ _1514_/X (sky130_fd_sc_hd__a41o_2)
                                                         result[21] (net)
                      0.275938    0.000000    3.017966 ^ result[21] (out)
                                              3.017966   data arrival time

                      0.000000    0.000000    0.000000   clock __VIRTUAL_CLK__ (rise edge)
                                  0.000000    0.000000   clock network delay (ideal)
                                  0.250000    0.250000   clock uncertainty
                                  0.000000    0.250000   clock reconvergence pessimism
                                 -2.000000   -1.750000   output external delay
                                             -1.750000   data required time
---------------------------------------------------------------------------------------------
                                             -1.750000   data required time
                                             -3.017966   data arrival time
---------------------------------------------------------------------------------------------
                                              4.767966   slack (MET)


Startpoint: B[12] (input port clocked by __VIRTUAL_CLK__)
Endpoint: result[12] (output port clocked by __VIRTUAL_CLK__)
Path Group: __VIRTUAL_CLK__
Path Type: min

Fanout         Cap        Slew       Delay        Time   Description
---------------------------------------------------------------------------------------------
                      0.000000    0.000000    0.000000   clock __VIRTUAL_CLK__ (rise edge)
                                  0.000000    0.000000   clock network delay (ideal)
                                  2.000000    2.000000 ^ input external delay
     3    0.007552    0.066570    0.040195    2.040195 ^ B[12] (in)
                                                         B[12] (net)
                      0.066570    0.000000    2.040195 ^ _0993_/A (sky130_fd_sc_hd__or2_2)
     2    0.006302    0.075662    0.195765    2.235960 ^ _0993_/X (sky130_fd_sc_hd__or2_2)
                                                         _0168_ (net)
                      0.075662    0.000000    2.235960 ^ _1345_/B1 (sky130_fd_sc_hd__a2bb2o_2)
     1    0.001631    0.048196    0.278560    2.514521 ^ _1345_/X (sky130_fd_sc_hd__a2bb2o_2)
                                                         _0508_ (net)
                      0.048196    0.000000    2.514521 ^ _1347_/B (sky130_fd_sc_hd__or3_2)
     1    0.001395    0.039307    0.158577    2.673097 ^ _1347_/X (sky130_fd_sc_hd__or3_2)
                                                         _0510_ (net)
                      0.039307    0.000000    2.673097 ^ _1348_/C (sky130_fd_sc_hd__or3_2)
     2    0.034872    0.285714    0.346636    3.019733 ^ _1348_/X (sky130_fd_sc_hd__or3_2)
                                                         result[12] (net)
                      0.285714    0.000000    3.019733 ^ result[12] (out)
                                              3.019733   data arrival time

                      0.000000    0.000000    0.000000   clock __VIRTUAL_CLK__ (rise edge)
                                  0.000000    0.000000   clock network delay (ideal)
                                  0.250000    0.250000   clock uncertainty
                                  0.000000    0.250000   clock reconvergence pessimism
                                 -2.000000   -1.750000   output external delay
                                             -1.750000   data required time
---------------------------------------------------------------------------------------------
                                             -1.750000   data required time
                                             -3.019733   data arrival time
---------------------------------------------------------------------------------------------
                                              4.769733   slack (MET)


Startpoint: B[6] (input port clocked by __VIRTUAL_CLK__)
Endpoint: result[6] (output port clocked by __VIRTUAL_CLK__)
Path Group: __VIRTUAL_CLK__
Path Type: min

Fanout         Cap        Slew       Delay        Time   Description
---------------------------------------------------------------------------------------------
                      0.000000    0.000000    0.000000   clock __VIRTUAL_CLK__ (rise edge)
                                  0.000000    0.000000   clock network delay (ideal)
                                  2.000000    2.000000 ^ input external delay
     4    0.016685    0.129441    0.085488    2.085488 ^ B[6] (in)
                                                         B[6] (net)
                      0.129441    0.000000    2.085488 ^ _0981_/A (sky130_fd_sc_hd__xor2_2)
     7    0.027639    0.161265    0.298174    2.383662 v _0981_/X (sky130_fd_sc_hd__xor2_2)
                                                         _0156_ (net)
                      0.161265    0.000000    2.383662 v _1213_/A (sky130_fd_sc_hd__xnor2_2)
     1    0.002432    0.056079    0.251011    2.634673 ^ _1213_/Y (sky130_fd_sc_hd__xnor2_2)
                                                         _0382_ (net)
                      0.056079    0.000000    2.634673 ^ _1231_/A2 (sky130_fd_sc_hd__a21o_2)
     2    0.035009    0.280168    0.414307    3.048980 ^ _1231_/X (sky130_fd_sc_hd__a21o_2)
                                                         result[6] (net)
                      0.280168    0.000000    3.048980 ^ result[6] (out)
                                              3.048980   data arrival time

                      0.000000    0.000000    0.000000   clock __VIRTUAL_CLK__ (rise edge)
                                  0.000000    0.000000   clock network delay (ideal)
                                  0.250000    0.250000   clock uncertainty
                                  0.000000    0.250000   clock reconvergence pessimism
                                 -2.000000   -1.750000   output external delay
                                             -1.750000   data required time
---------------------------------------------------------------------------------------------
                                             -1.750000   data required time
                                             -3.048980   data arrival time
---------------------------------------------------------------------------------------------
                                              4.798980   slack (MET)


Startpoint: B[5] (input port clocked by __VIRTUAL_CLK__)
Endpoint: result[5] (output port clocked by __VIRTUAL_CLK__)
Path Group: __VIRTUAL_CLK__
Path Type: min

Fanout         Cap        Slew       Delay        Time   Description
---------------------------------------------------------------------------------------------
                      0.000000    0.000000    0.000000   clock __VIRTUAL_CLK__ (rise edge)
                                  0.000000    0.000000   clock network delay (ideal)
                                  2.000000    2.000000 ^ input external delay
     4    0.019710    0.150379    0.100472    2.100472 ^ B[5] (in)
                                                         B[5] (net)
                      0.150379    0.000000    2.100472 ^ _0950_/A (sky130_fd_sc_hd__nor2_2)
     4    0.008829    0.066492    0.120568    2.221040 v _0950_/Y (sky130_fd_sc_hd__nor2_2)
                                                         _0125_ (net)
                      0.066492    0.000000    2.221040 v _1202_/A2 (sky130_fd_sc_hd__o22a_2)
     1    0.004330    0.081393    0.401542    2.622582 v _1202_/X (sky130_fd_sc_hd__o22a_2)
                                                         _0372_ (net)
                      0.081393    0.000000    2.622582 v _1204_/A (sky130_fd_sc_hd__nand2_2)
     1    0.001567    0.038064    0.075546    2.698128 ^ _1204_/Y (sky130_fd_sc_hd__nand2_2)
                                                         _0374_ (net)
                      0.038064    0.000000    2.698128 ^ _1210_/A (sky130_fd_sc_hd__or3_2)
     2    0.034930    0.286174    0.352836    3.050964 ^ _1210_/X (sky130_fd_sc_hd__or3_2)
                                                         result[5] (net)
                      0.286174    0.000000    3.050964 ^ result[5] (out)
                                              3.050964   data arrival time

                      0.000000    0.000000    0.000000   clock __VIRTUAL_CLK__ (rise edge)
                                  0.000000    0.000000   clock network delay (ideal)
                                  0.250000    0.250000   clock uncertainty
                                  0.000000    0.250000   clock reconvergence pessimism
                                 -2.000000   -1.750000   output external delay
                                             -1.750000   data required time
---------------------------------------------------------------------------------------------
                                             -1.750000   data required time
                                             -3.050964   data arrival time
---------------------------------------------------------------------------------------------
                                              4.800963   slack (MET)


Startpoint: B[25] (input port clocked by __VIRTUAL_CLK__)
Endpoint: result[26] (output port clocked by __VIRTUAL_CLK__)
Path Group: __VIRTUAL_CLK__
Path Type: min

Fanout         Cap        Slew       Delay        Time   Description
---------------------------------------------------------------------------------------------
                      0.000000    0.000000    0.000000   clock __VIRTUAL_CLK__ (rise edge)
                                  0.000000    0.000000   clock network delay (ideal)
                                  2.000000    2.000000 v input external delay
     4    0.012202    0.057372    0.037932    2.037932 v B[25] (in)
                                                         B[25] (net)
                      0.057372    0.000000    2.037932 v _0923_/A1 (sky130_fd_sc_hd__o21a_2)
     3    0.008976    0.076112    0.413380    2.451312 v _0923_/X (sky130_fd_sc_hd__o21a_2)
                                                         _0098_ (net)
                      0.076112    0.000000    2.451312 v _1579_/B (sky130_fd_sc_hd__nand3_2)
     1    0.002452    0.061967    0.100492    2.551804 ^ _1579_/Y (sky130_fd_sc_hd__nand3_2)
                                                         _0728_ (net)
                      0.061967    0.000000    2.551804 ^ _1593_/A2 (sky130_fd_sc_hd__a31o_2)
     2    0.034872    0.317270    0.525169    3.076973 ^ _1593_/X (sky130_fd_sc_hd__a31o_2)
                                                         result[26] (net)
                      0.317270    0.000000    3.076973 ^ result[26] (out)
                                              3.076973   data arrival time

                      0.000000    0.000000    0.000000   clock __VIRTUAL_CLK__ (rise edge)
                                  0.000000    0.000000   clock network delay (ideal)
                                  0.250000    0.250000   clock uncertainty
                                  0.000000    0.250000   clock reconvergence pessimism
                                 -2.000000   -1.750000   output external delay
                                             -1.750000   data required time
---------------------------------------------------------------------------------------------
                                             -1.750000   data required time
                                             -3.076973   data arrival time
---------------------------------------------------------------------------------------------
                                              4.826973   slack (MET)


Startpoint: B[15] (input port clocked by __VIRTUAL_CLK__)
Endpoint: result[15] (output port clocked by __VIRTUAL_CLK__)
Path Group: __VIRTUAL_CLK__
Path Type: min

Fanout         Cap        Slew       Delay        Time   Description
---------------------------------------------------------------------------------------------
                      0.000000    0.000000    0.000000   clock __VIRTUAL_CLK__ (rise edge)
                                  0.000000    0.000000   clock network delay (ideal)
                                  2.000000    2.000000 v input external delay
     3    0.007904    0.039861    0.024956    2.024956 v B[15] (in)
                                                         B[15] (net)
                      0.039861    0.000000    2.024956 v _1000_/A (sky130_fd_sc_hd__nor2_2)
     4    0.010560    0.230941    0.239548    2.264504 ^ _1000_/Y (sky130_fd_sc_hd__nor2_2)
                                                         _0175_ (net)
                      0.230941    0.000000    2.264504 ^ _1002_/A (sky130_fd_sc_hd__nor2_2)
     6    0.018551    0.094945    0.188625    2.453129 v _1002_/Y (sky130_fd_sc_hd__nor2_2)
                                                         _0177_ (net)
                      0.094945    0.000000    2.453129 v _1388_/A (sky130_fd_sc_hd__xnor2_2)
     1    0.002432    0.055969    0.223372    2.676501 ^ _1388_/Y (sky130_fd_sc_hd__xnor2_2)
                                                         _0548_ (net)
                      0.055969    0.000000    2.676501 ^ _1402_/A2 (sky130_fd_sc_hd__a21o_2)
     2    0.034872    0.279147    0.413525    3.090026 ^ _1402_/X (sky130_fd_sc_hd__a21o_2)
                                                         result[15] (net)
                      0.279147    0.000000    3.090026 ^ result[15] (out)
                                              3.090026   data arrival time

                      0.000000    0.000000    0.000000   clock __VIRTUAL_CLK__ (rise edge)
                                  0.000000    0.000000   clock network delay (ideal)
                                  0.250000    0.250000   clock uncertainty
                                  0.000000    0.250000   clock reconvergence pessimism
                                 -2.000000   -1.750000   output external delay
                                             -1.750000   data required time
---------------------------------------------------------------------------------------------
                                             -1.750000   data required time
                                             -3.090026   data arrival time
---------------------------------------------------------------------------------------------
                                              4.840026   slack (MET)


Startpoint: control[3] (input port clocked by __VIRTUAL_CLK__)
Endpoint: zero (output port clocked by __VIRTUAL_CLK__)
Path Group: __VIRTUAL_CLK__
Path Type: min

Fanout         Cap        Slew       Delay        Time   Description
---------------------------------------------------------------------------------------------
                      0.000000    0.000000    0.000000   clock __VIRTUAL_CLK__ (rise edge)
                                  0.000000    0.000000   clock network delay (ideal)
                                  2.000000    2.000000 ^ input external delay
    11    0.020279    0.154365    0.103283    2.103283 ^ control[3] (in)
                                                         control[3] (net)
                      0.154365    0.000000    2.103283 ^ _1068_/A2 (sky130_fd_sc_hd__a31o_2)
     2    0.034872    0.317403    0.559063    2.662346 ^ _1068_/X (sky130_fd_sc_hd__a31o_2)
                                                         result[0] (net)
                      0.317403    0.000000    2.662346 ^ _1678_/A (sky130_fd_sc_hd__or4_2)
     1    0.004609    0.063844    0.311162    2.973508 ^ _1678_/X (sky130_fd_sc_hd__or4_2)
                                                         _0821_ (net)
                      0.063844    0.000000    2.973508 ^ _1682_/C (sky130_fd_sc_hd__nor4_2)
     1    0.033442    0.154064    0.166178    3.139686 v _1682_/Y (sky130_fd_sc_hd__nor4_2)
                                                         zero (net)
                      0.154064    0.000000    3.139686 v zero (out)
                                              3.139686   data arrival time

                      0.000000    0.000000    0.000000   clock __VIRTUAL_CLK__ (rise edge)
                                  0.000000    0.000000   clock network delay (ideal)
                                  0.250000    0.250000   clock uncertainty
                                  0.000000    0.250000   clock reconvergence pessimism
                                 -2.000000   -1.750000   output external delay
                                             -1.750000   data required time
---------------------------------------------------------------------------------------------
                                             -1.750000   data required time
                                             -3.139686   data arrival time
---------------------------------------------------------------------------------------------
                                              4.889686   slack (MET)


Startpoint: B[10] (input port clocked by __VIRTUAL_CLK__)
Endpoint: result[10] (output port clocked by __VIRTUAL_CLK__)
Path Group: __VIRTUAL_CLK__
Path Type: min

Fanout         Cap        Slew       Delay        Time   Description
---------------------------------------------------------------------------------------------
                      0.000000    0.000000    0.000000   clock __VIRTUAL_CLK__ (rise edge)
                                  0.000000    0.000000   clock network delay (ideal)
                                  2.000000    2.000000 v input external delay
     4    0.012287    0.057718    0.038188    2.038188 v B[10] (in)
                                                         B[10] (net)
                      0.057718    0.000000    2.038188 v _1006_/A (sky130_fd_sc_hd__nand2_2)
     4    0.013429    0.128238    0.133431    2.171619 ^ _1006_/Y (sky130_fd_sc_hd__nand2_2)
                                                         _0181_ (net)
                      0.128238    0.000000    2.171619 ^ _1007_/B (sky130_fd_sc_hd__nand2_2)
     8    0.015792    0.151230    0.190991    2.362610 v _1007_/Y (sky130_fd_sc_hd__nand2_2)
                                                         _0182_ (net)
                      0.151230    0.000000    2.362610 v _1295_/A (sky130_fd_sc_hd__nand3_2)
     1    0.002452    0.062800    0.114939    2.477549 ^ _1295_/Y (sky130_fd_sc_hd__nand3_2)
                                                         _0460_ (net)
                      0.062800    0.000000    2.477549 ^ _1306_/A2 (sky130_fd_sc_hd__a31o_2)
     1    0.002495    0.053735    0.302367    2.779916 ^ _1306_/X (sky130_fd_sc_hd__a31o_2)
                                                         _0471_ (net)
                      0.053735    0.000000    2.779916 ^ _1307_/B1 (sky130_fd_sc_hd__a31o_2)
     2    0.034859    0.317150    0.359813    3.139728 ^ _1307_/X (sky130_fd_sc_hd__a31o_2)
                                                         result[10] (net)
                      0.317150    0.000000    3.139728 ^ result[10] (out)
                                              3.139728   data arrival time

                      0.000000    0.000000    0.000000   clock __VIRTUAL_CLK__ (rise edge)
                                  0.000000    0.000000   clock network delay (ideal)
                                  0.250000    0.250000   clock uncertainty
                                  0.000000    0.250000   clock reconvergence pessimism
                                 -2.000000   -1.750000   output external delay
                                             -1.750000   data required time
---------------------------------------------------------------------------------------------
                                             -1.750000   data required time
                                             -3.139728   data arrival time
---------------------------------------------------------------------------------------------
                                              4.889729   slack (MET)


Startpoint: B[16] (input port clocked by __VIRTUAL_CLK__)
Endpoint: result[16] (output port clocked by __VIRTUAL_CLK__)
Path Group: __VIRTUAL_CLK__
Path Type: min

Fanout         Cap        Slew       Delay        Time   Description
---------------------------------------------------------------------------------------------
                      0.000000    0.000000    0.000000   clock __VIRTUAL_CLK__ (rise edge)
                                  0.000000    0.000000   clock network delay (ideal)
                                  2.000000    2.000000 v input external delay
     3    0.009999    0.048397    0.031281    2.031281 v B[16] (in)
                                                         B[16] (net)
                      0.048397    0.000000    2.031281 v _1036_/A (sky130_fd_sc_hd__nand2_2)
     6    0.022305    0.197466    0.179072    2.210353 ^ _1036_/Y (sky130_fd_sc_hd__nand2_2)
                                                         _0211_ (net)
                      0.197466    0.000000    2.210353 ^ _1039_/A (sky130_fd_sc_hd__nand2_2)
     4    0.014108    0.137266    0.197822    2.408175 v _1039_/Y (sky130_fd_sc_hd__nand2_2)
                                                         _0214_ (net)
                      0.137266    0.000000    2.408175 v _1412_/A1 (sky130_fd_sc_hd__a311oi_2)
     1    0.001546    0.179718    0.318602    2.726778 ^ _1412_/Y (sky130_fd_sc_hd__a311oi_2)
                                                         _0571_ (net)
                      0.179718    0.000000    2.726778 ^ _1425_/B (sky130_fd_sc_hd__or3b_2)
     2    0.034972    0.317671    0.430854    3.157631 ^ _1425_/X (sky130_fd_sc_hd__or3b_2)
                                                         result[16] (net)
                      0.317671    0.000000    3.157631 ^ result[16] (out)
                                              3.157631   data arrival time

                      0.000000    0.000000    0.000000   clock __VIRTUAL_CLK__ (rise edge)
                                  0.000000    0.000000   clock network delay (ideal)
                                  0.250000    0.250000   clock uncertainty
                                  0.000000    0.250000   clock reconvergence pessimism
                                 -2.000000   -1.750000   output external delay
                                             -1.750000   data required time
---------------------------------------------------------------------------------------------
                                             -1.750000   data required time
                                             -3.157631   data arrival time
---------------------------------------------------------------------------------------------
                                              4.907631   slack (MET)



