Clock: clk
Sources: clk 
Generated: no
Virtual: yes
Propagated: no
Period: 10.000000

===========================================================================
report_clock_properties
============================================================================
Clock                   Period          Waveform
----------------------------------------------------
clk                  10.000000    0.000000  5.000000

===========================================================================
report_clock_latency
============================================================================
Clock clk
rise -> rise
    min     max
0.000000 0.000000 source latency
0.909881         network latency _5536_/CLK
        0.949002 network latency _6059_/CLK
---------------
0.909881 0.949002 latency
        0.039122 skew

fall -> fall
    min     max
0.000000 0.000000 source latency
0.743066         network latency _5536_/CLK
        0.771365 network latency _6059_/CLK
---------------
0.743066 0.771365 latency
        0.028298 skew



===========================================================================
report_clock_min_period
============================================================================
clk period_min = 1.49 fmax = 669.55
