93. Printing statistics.

=== ALU ===

        +----------Local Count, excluding submodules.
        | 
     1433 wires
     1529 wire bits
        5 public wires
      101 public wire bits
        5 ports
      101 port bits
     1461 cells
      552   $_ANDNOT_
       57   $_AND_
      310   $_MUX_
       64   $_NAND_
       30   $_NOR_
       28   $_NOT_
       64   $_ORNOT_
      261   $_OR_
       32   $_XNOR_
       63   $_XOR_

   Area for cell type $_ANDNOT_ is unknown!
   Area for cell type $_AND_ is unknown!
   Area for cell type $_MUX_ is unknown!
   Area for cell type $_NAND_ is unknown!
   Area for cell type $_NOR_ is unknown!
   Area for cell type $_NOT_ is unknown!
   Area for cell type $_ORNOT_ is unknown!
   Area for cell type $_OR_ is unknown!
   Area for cell type $_XNOR_ is unknown!
   Area for cell type $_XOR_ is unknown!

