107. Printing statistics.

=== ALU ===

        +----------Local Count, excluding submodules.
        |        +-Local Area, excluding submodules.
        |        | 
      830        - wires
      926        - wire bits
        5        - public wires
      101        - public wire bits
        5        - ports
      101        - port bits
      858  8341.75 cells
        1   12.512   sky130_fd_sc_hd__a2111o_2
       34  340.326   sky130_fd_sc_hd__a211o_2
        4   50.048   sky130_fd_sc_hd__a211oi_2
        9   90.086   sky130_fd_sc_hd__a21bo_2
        1   11.261   sky130_fd_sc_hd__a21boi_2
       55  481.712   sky130_fd_sc_hd__a21o_2
       32  280.269   sky130_fd_sc_hd__a21oi_2
       24  270.259   sky130_fd_sc_hd__a221o_2
        1   15.014   sky130_fd_sc_hd__a221oi_2
       24   240.23   sky130_fd_sc_hd__a22o_2
        1   12.512   sky130_fd_sc_hd__a22oi_2
       12   135.13   sky130_fd_sc_hd__a2bb2o_2
        9  101.347   sky130_fd_sc_hd__a311o_2
        3   45.043   sky130_fd_sc_hd__a311oi_2
       37  324.061   sky130_fd_sc_hd__a31o_2
        5   56.304   sky130_fd_sc_hd__a32o_2
        3   33.782   sky130_fd_sc_hd__a41o_2
       20  150.144   sky130_fd_sc_hd__and2_2
       18  157.651   sky130_fd_sc_hd__and2b_2
       21  157.651   sky130_fd_sc_hd__and3_2
        2   20.019   sky130_fd_sc_hd__and3b_2
        1    10.01   sky130_fd_sc_hd__and4_2
        2   22.522   sky130_fd_sc_hd__and4b_2
        1   12.512   sky130_fd_sc_hd__and4bb_2
       27  101.347   sky130_fd_sc_hd__inv_2
       99 1.11E+03   sky130_fd_sc_hd__mux2_1
       48 1.08E+03   sky130_fd_sc_hd__mux4_2
       76  475.456   sky130_fd_sc_hd__nand2_2
       15  131.376   sky130_fd_sc_hd__nand2b_2
        9   90.086   sky130_fd_sc_hd__nand3_2
        7   78.826   sky130_fd_sc_hd__nand3b_2
       47  294.032   sky130_fd_sc_hd__nor2_2
        2   20.019   sky130_fd_sc_hd__nor3_2
        1   12.512   sky130_fd_sc_hd__nor4_2
        3   37.536   sky130_fd_sc_hd__o2111a_2
       15  150.144   sky130_fd_sc_hd__o211a_2
        2   25.024   sky130_fd_sc_hd__o211ai_2
       20  175.168   sky130_fd_sc_hd__o21a_2
       14  122.618   sky130_fd_sc_hd__o21ai_2
        1   11.261   sky130_fd_sc_hd__o21bai_2
       12   135.13   sky130_fd_sc_hd__o221a_2
        1   15.014   sky130_fd_sc_hd__o221ai_2
        9   90.086   sky130_fd_sc_hd__o22a_2
        4   50.048   sky130_fd_sc_hd__o22ai_2
        2   22.522   sky130_fd_sc_hd__o2bb2a_2
        1   11.261   sky130_fd_sc_hd__o311a_2
        3   30.029   sky130_fd_sc_hd__o31a_2
        1   12.512   sky130_fd_sc_hd__o31ai_2
        1   12.512   sky130_fd_sc_hd__o41a_2
       53  331.568   sky130_fd_sc_hd__or2_2
       18   135.13   sky130_fd_sc_hd__or3_2
       11   96.342   sky130_fd_sc_hd__or3b_2
       15  131.376   sky130_fd_sc_hd__or4_2
        4   40.038   sky130_fd_sc_hd__or4b_2
       13  211.453   sky130_fd_sc_hd__xnor2_2
        4   65.062   sky130_fd_sc_hd__xor2_2

   Chip area for module '\ALU': 8341.750400
     of which used for sequential elements: 0.000000 (0.00%)

