┏━━━━━━━━━━━━━━━━━━━━━━┳━━━━━━━━━━┳━━━━━━━━━━┳━━━━━━━━━━┳━━━━━━━━━━┳━━━━━━━━━━━┳━━━━━━━━━━┳━━━━━━━━━━━┳━━━━━━━━━━┳━━━━━━━━━━━┳━━━━━━━━━━┳━━━━━━━━━━━┳━━━━━━━━━━┓
┃                      ┃ Hold     ┃ Reg to   ┃          ┃          ┃ of which  ┃ Setup    ┃           ┃          ┃           ┃ of which ┃           ┃          ┃
┃                      ┃ Worst    ┃ Reg      ┃          ┃ Hold Vio ┃ reg to    ┃ Worst    ┃ Reg to    ┃ Setup    ┃ Setup Vio ┃ reg to   ┃ Max Cap   ┃ Max Slew ┃
┃ Corner/Group         ┃ Slack    ┃ Paths    ┃ Hold TNS ┃ Count    ┃ reg       ┃ Slack    ┃ Reg Paths ┃ TNS      ┃ Count     ┃ reg      ┃ Violatio… ┃ Violati… ┃
┡━━━━━━━━━━━━━━━━━━━━━━╇━━━━━━━━━━╇━━━━━━━━━━╇━━━━━━━━━━╇━━━━━━━━━━╇━━━━━━━━━━━╇━━━━━━━━━━╇━━━━━━━━━━━╇━━━━━━━━━━╇━━━━━━━━━━━╇━━━━━━━━━━╇━━━━━━━━━━━╇━━━━━━━━━━┩
│ Overall              │ 3.9735   │ N/A      │ 0.0000   │ 0        │ 0         │ -9.7018  │ N/A       │ -51.0823 │ 33        │ 0        │ 1         │ 289      │
│ nom_tt_025C_1v80     │ 4.0904   │ N/A      │ 0.0000   │ 0        │ 0         │ -1.3359  │ N/A       │ -1.3359  │ 1         │ 0        │ 1         │ 127      │
│ nom_ss_100C_1v60     │ 4.3767   │ N/A      │ 0.0000   │ 0        │ 0         │ -9.7018  │ N/A       │ -51.0823 │ 32        │ 0        │ 1         │ 289      │
│ nom_ff_n40C_1v95     │ 3.9735   │ N/A      │ 0.0000   │ 0        │ 0         │ 1.5511   │ N/A       │ 0.0000   │ 0         │ 0        │ 1         │ 74       │
└──────────────────────┴──────────┴──────────┴──────────┴──────────┴───────────┴──────────┴───────────┴──────────┴───────────┴──────────┴───────────┴──────────┘
