Clock: clk
Sources: clk 
Generated: no
Virtual: yes
Propagated: no
Period: 10.000000

===========================================================================
report_clock_properties
============================================================================
Clock                   Period          Waveform
----------------------------------------------------
clk                  10.000000    0.000000  5.000000

===========================================================================
report_clock_latency
============================================================================
Clock clk
rise -> rise
    min     max
0.000000 0.000000 source latency
0.705194         network latency _5226_/CLK
        0.724618 network latency _5072_/CLK
---------------
0.705194 0.724618 latency
        0.019424 skew

fall -> fall
    min     max
0.000000 0.000000 source latency
0.609746         network latency _5226_/CLK
        0.623426 network latency _5072_/CLK
---------------
0.609746 0.623426 latency
        0.013680 skew



===========================================================================
report_clock_min_period
============================================================================
clk period_min = 0.90 fmax = 1116.76
