Clock: clk
Sources: clk 
Generated: no
Virtual: no
Propagated: no
Period: 10.000000

===========================================================================
report_clock_properties
============================================================================
Clock                   Period          Waveform
----------------------------------------------------
clk                  10.000000    0.000000  5.000000

===========================================================================
report_clock_latency
============================================================================
Clock clk
rise -> rise
    min     max
0.000000 0.000000 source latency
8.728287         network latency _5048_/CLK
        8.728287 network latency _5048_/CLK
---------------
8.728287 8.728287 latency
        0.000000 skew

fall -> fall
    min     max
0.000000 0.000000 source latency
4.901489         network latency _5048_/CLK
        4.901489 network latency _5048_/CLK
---------------
4.901489 4.901489 latency
        0.000000 skew



===========================================================================
report_clock_min_period
============================================================================
clk period_min = 0.00 fmax = inf
