
===========================================================================
Violator List
============================================================================
[setup in-out] rs1[0] -> rd1[4] : -7.260138
[setup in-out] rs2[0] -> rd2[10] : -6.925470
[setup in-out] rs2[0] -> rd2[16] : -6.925470
[setup in-out] rs2[0] -> rd2[5] : -6.925470
[setup in-out] rs1[0] -> rd1[2] : -6.868160
[setup in-out] rs1[0] -> rd1[8] : -6.833797
[setup in-out] rs1[0] -> rd1[28] : -6.682997
[setup in-out] rs1[0] -> rd1[13] : -6.663332
[setup in-out] rs1[0] -> rd1[15] : -6.663332
[setup in-out] rs1[0] -> rd1[18] : -6.663332
[setup in-out] rs1[0] -> rd1[23] : -6.663332
[setup in-out] rs1[0] -> rd1[30] : -6.663332
[setup in-out] rs1[0] -> rd1[0] : -6.663210
[setup in-out] rs2[0] -> rd2[26] : -6.641925
[setup in-out] rs2[0] -> rd2[19] : -6.631877
[setup in-out] rs2[0] -> rd2[22] : -6.631877
[setup in-out] rs2[0] -> rd2[24] : -6.631877
[setup in-out] rs2[0] -> rd2[6] : -6.631877
[setup in-out] rs1[0] -> rd1[25] : -6.600966
[setup in-out] rs2[0] -> rd2[23] : -6.599058
[setup in-out] rs1[0] -> rd1[1] : -6.558688
[setup in-out] rs2[0] -> rd2[11] : -6.555691
[setup in-out] rs2[0] -> rd2[28] : -6.555691
[setup in-out] rs2[0] -> rd2[15] : -6.555590
[setup in-out] rs2[0] -> rd2[17] : -6.555590
[setup in-out] rs2[0] -> rd2[21] : -6.555590
[setup in-out] rs1[0] -> rd1[21] : -6.546854
[setup in-out] rs2[0] -> rd2[13] : -6.535919
[setup in-out] rs2[0] -> rd2[14] : -6.535919
[setup in-out] rs2[0] -> rd2[29] : -6.535924
[setup in-out] rs1[0] -> rd1[10] : -6.509954
[setup in-out] rs1[0] -> rd1[11] : -6.509954
[setup in-out] rs1[0] -> rd1[12] : -6.509954
[setup in-out] rs1[0] -> rd1[17] : -6.509954
[setup in-out] rs1[0] -> rd1[19] : -6.509954
[setup in-out] rs1[0] -> rd1[20] : -6.509954
[setup in-out] rs1[0] -> rd1[22] : -6.509954
[setup in-out] rs1[0] -> rd1[24] : -6.509954
[setup in-out] rs1[0] -> rd1[26] : -6.509954
[setup in-out] rs1[0] -> rd1[27] : -6.509954
[setup in-out] rs1[0] -> rd1[31] : -6.509954
[setup in-out] rs1[0] -> rd1[6] : -6.509954
[setup in-out] rs1[0] -> rd1[7] : -6.509954
[setup in-out] rs1[0] -> rd1[16] : -6.509558
[setup in-out] rs1[0] -> rd1[29] : -6.509558
[setup in-out] rs1[0] -> rd1[14] : -6.499904
[setup in-out] rs2[0] -> rd2[18] : -6.473944
[setup in-out] rs2[0] -> rd2[4] : -6.463697
[setup in-out] rs2[0] -> rd2[8] : -6.435652
[setup in-out] rs2[0] -> rd2[20] : -6.382539
[setup in-out] rs2[0] -> rd2[2] : -6.382539
[setup in-out] rs2[0] -> rd2[3] : -6.373893
[setup in-out] rs2[0] -> rd2[25] : -6.372883
[setup in-out] rs2[0] -> rd2[27] : -6.372883
[setup in-out] rs2[0] -> rd2[12] : -6.365458
[setup in-out] rs2[0] -> rd2[7] : -6.365458
[setup in-out] rs2[0] -> rd2[30] : -6.360772
[setup in-out] rs2[0] -> rd2[9] : -6.360772
[setup in-out] rs2[0] -> rd2[1] : -6.339113
[setup in-out] rs2[0] -> rd2[31] : -6.319348
[setup in-out] rs2[0] -> rd2[0] : -6.319224
[setup in-out] rs1[0] -> rd1[3] : -6.309076
[setup in-out] rs1[0] -> rd1[5] : -6.309076
[setup in-out] rs1[0] -> rd1[9] : -6.309076
