Clock: clk
Sources: clk 
Generated: no
Virtual: yes
Propagated: no
Period: 10.000000

===========================================================================
report_clock_properties
============================================================================
Clock                   Period          Waveform
----------------------------------------------------
clk                  10.000000    0.000000  5.000000

===========================================================================
report_clock_latency
============================================================================
Clock clk
rise -> rise
    min     max
0.000000 0.000000 source latency
0.655904         network latency _5536_/CLK
        0.687171 network latency _6059_/CLK
---------------
0.655904 0.687171 latency
        0.031267 skew

fall -> fall
    min     max
0.000000 0.000000 source latency
0.536628         network latency _5536_/CLK
        0.558873 network latency _6059_/CLK
---------------
0.536628 0.558873 latency
        0.022245 skew



===========================================================================
report_clock_min_period
============================================================================
clk period_min = 1.03 fmax = 971.67
