
===========================================================================
 report_power
============================================================================
======================= nom_ff_n40C_1v95 Corner ===================================

Group                    Internal    Switching      Leakage        Total
                            Power        Power        Power        Power (Watts)
------------------------------------------------------------------------
Sequential           4.771327e-03 2.217002e-05 2.108031e-08 4.793518e-03  48.2%
Combinational        5.739509e-04 9.985490e-04 7.008050e-08 1.572570e-03  15.8%
Clock                1.692800e-03 1.880974e-03 2.684640e-08 3.573802e-03  36.0%
Macro                0.000000e+00 0.000000e+00 0.000000e+00 0.000000e+00   0.0%
Pad                  0.000000e+00 0.000000e+00 0.000000e+00 0.000000e+00   0.0%
------------------------------------------------------------------------
Total                7.038071e-03 2.901691e-03 1.180083e-07 9.939880e-03 100.0%
                            70.8%        29.2%         0.0%

