
===========================================================================
report_checks -unconstrained
===========================================================================
======================= nom_tt_025C_1v80 Corner ===================================

Startpoint: rs1[3] (input port clocked by clk)
Endpoint: rd1[16] (output port clocked by clk)
Path Group: clk
Path Type: max

Fanout         Cap        Slew       Delay        Time   Description
---------------------------------------------------------------------------------------------
                                  0.000000    0.000000   clock clk (rise edge)
                                  0.000000    0.000000   clock network delay (propagated)
                                  2.000000    2.000000 v input external delay
     1    0.004273    0.012029    0.006940    2.006940 v rs1[3] (in)
                                                         rs1[3] (net)
                      0.012030    0.000000    2.006940 v input9/A (sky130_fd_sc_hd__clkdlybuf4s25_1)
     7    0.034220    0.255417    0.399511    2.406451 v input9/X (sky130_fd_sc_hd__clkdlybuf4s25_1)
                                                         net9 (net)
                      0.255427    0.001840    2.408291 v _2493_/A (sky130_fd_sc_hd__inv_2)
     6    0.037237    0.184930    0.242467    2.650758 ^ _2493_/Y (sky130_fd_sc_hd__inv_2)
                                                         _1025_ (net)
                      0.184932    0.000906    2.651664 ^ _2500_/B (sky130_fd_sc_hd__and2_2)
     1    0.015571    0.095430    0.217882    2.869546 ^ _2500_/X (sky130_fd_sc_hd__and2_2)
                                                         _1032_ (net)
                      0.095444    0.001162    2.870708 ^ fanout565/A (sky130_fd_sc_hd__clkdlybuf4s25_1)
     8    0.142902    1.412743    1.218295    4.089003 ^ fanout565/X (sky130_fd_sc_hd__clkdlybuf4s25_1)
                                                         net565 (net)
                      1.412745    0.001669    4.090672 ^ fanout562/A (sky130_fd_sc_hd__clkdlybuf4s25_1)
    10    0.116117    1.142307    1.188826    5.279498 ^ fanout562/X (sky130_fd_sc_hd__clkdlybuf4s25_1)
                                                         net562 (net)
                      1.142315    0.002718    5.282216 ^ _2881_/C1 (sky130_fd_sc_hd__o211a_2)
     1    0.007224    0.078954    0.367268    5.649485 ^ _2881_/X (sky130_fd_sc_hd__o211a_2)
                                                         _1397_ (net)
                      0.078997    0.000328    5.649812 ^ _2887_/B1 (sky130_fd_sc_hd__a31o_2)
     1    0.016381    0.105884    0.155408    5.805221 ^ _2887_/X (sky130_fd_sc_hd__a31o_2)
                                                         _1403_ (net)
                      0.105894    0.001120    5.806341 ^ _2894_/A1 (sky130_fd_sc_hd__o21a_2)
     1    0.020904    0.117781    0.207449    6.013789 ^ _2894_/X (sky130_fd_sc_hd__o21a_2)
                                                         net57 (net)
                      0.117783    0.000720    6.014510 ^ output57/A (sky130_fd_sc_hd__dlymetal6s2s_1)
     1    0.034911    0.352313    0.330736    6.345245 ^ output57/X (sky130_fd_sc_hd__dlymetal6s2s_1)
                                                         rd1[16] (net)
                      0.352316    0.000909    6.346154 ^ rd1[16] (out)
                                              6.346154   data arrival time

                                 10.000000   10.000000   clock clk (rise edge)
                                  0.000000   10.000000   clock network delay (propagated)
                                 -0.250000    9.750000   clock uncertainty
                                  0.000000    9.750000   clock reconvergence pessimism
                                 -2.000000    7.750000   output external delay
                                              7.750000   data required time
---------------------------------------------------------------------------------------------
                                              7.750000   data required time
                                             -6.346154   data arrival time
---------------------------------------------------------------------------------------------
                                              1.403846   slack (MET)




===========================================================================
report_checks --slack_max -0.01
============================================================================
======================= nom_tt_025C_1v80 Corner ===================================

No paths found.


===========================================================================
 report_check_types -max_slew -max_cap -max_fanout -violators
============================================================================
======================= nom_tt_025C_1v80 Corner ===================================

max slew

Pin                                        Limit        Slew       Slack
------------------------------------------------------------------------
_3207_/B2                               0.750000    1.412855   -0.662855 (VIOLATED)
_3049_/C1                               0.750000    1.412848   -0.662848 (VIOLATED)
_3161_/C1                               0.750000    1.412842   -0.662842 (VIOLATED)
fanout564/A                             0.750000    1.412802   -0.662802 (VIOLATED)
_3066_/C1                               0.750000    1.412797   -0.662797 (VIOLATED)
ANTENNA_24/DIODE                        0.750000    1.412767   -0.662767 (VIOLATED)
fanout563/A                             0.750000    1.412767   -0.662767 (VIOLATED)
fanout562/A                             0.750000    1.412745   -0.662745 (VIOLATED)
fanout565/X                             0.750000    1.412743   -0.662743 (VIOLATED)
fanout636/A                             0.750000    1.252854   -0.502854 (VIOLATED)
_3196_/C1                               0.750000    1.252852   -0.502852 (VIOLATED)
_3050_/A1                               0.750000    1.252845   -0.502845 (VIOLATED)
_3162_/B1                               0.750000    1.252840   -0.502840 (VIOLATED)
_3073_/B2                               0.750000    1.252819   -0.502819 (VIOLATED)
fanout635/A                             0.750000    1.252746   -0.502746 (VIOLATED)
fanout634/A                             0.750000    1.252744   -0.502744 (VIOLATED)
fanout637/X                             0.750000    1.252738   -0.502738 (VIOLATED)
_2525_/B2                               0.750000    1.142371   -0.392371 (VIOLATED)
_2803_/B2                               0.750000    1.142371   -0.392371 (VIOLATED)
_2961_/B2                               0.750000    1.142336   -0.392336 (VIOLATED)
_3029_/B2                               0.750000    1.142325   -0.392325 (VIOLATED)
_2824_/C1                               0.750000    1.142322   -0.392322 (VIOLATED)
_2881_/C1                               0.750000    1.142315   -0.392315 (VIOLATED)
_3185_/A1                               0.750000    1.142315   -0.392315 (VIOLATED)
_2711_/A1                               0.750000    1.142314   -0.392314 (VIOLATED)
_3135_/A1                               0.750000    1.142313   -0.392313 (VIOLATED)
_2768_/C1                               0.750000    1.142307   -0.392307 (VIOLATED)
fanout562/X                             0.750000    1.142307   -0.392307 (VIOLATED)
_2524_/B1                               0.750000    1.076488   -0.326488 (VIOLATED)
_2791_/C1                               0.750000    1.076488   -0.326488 (VIOLATED)
_2774_/A1                               0.750000    1.076472   -0.326472 (VIOLATED)
_2955_/A1                               0.750000    1.076467   -0.326467 (VIOLATED)
_3023_/A1                               0.750000    1.076463   -0.326463 (VIOLATED)
_2694_/C_N                              0.750000    1.076440   -0.326440 (VIOLATED)
_2825_/A1                               0.750000    1.076439   -0.326439 (VIOLATED)
_2893_/B2                               0.750000    1.076416   -0.326416 (VIOLATED)
_3179_/A1                               0.750000    1.076400   -0.326400 (VIOLATED)
_3129_/C1                               0.750000    1.076399   -0.326399 (VIOLATED)
fanout634/X                             0.750000    1.076395   -0.326395 (VIOLATED)
_3446_/A1                               0.750000    1.069385   -0.319385 (VIOLATED)
_3881_/B2                               0.750000    1.069381   -0.319381 (VIOLATED)
_3291_/B2                               0.750000    1.069380   -0.319380 (VIOLATED)
_3392_/B2                               0.750000    1.069380   -0.319380 (VIOLATED)
_3400_/A1                               0.750000    1.069379   -0.319380 (VIOLATED)
_3555_/A1                               0.750000    1.069379   -0.319380 (VIOLATED)
_3708_/B2                               0.750000    1.069372   -0.319372 (VIOLATED)
_3381_/B2                               0.750000    1.069360   -0.319360 (VIOLATED)
_3376_/B2                               0.750000    1.069349   -0.319349 (VIOLATED)
_3387_/B2                               0.750000    1.069347   -0.319347 (VIOLATED)
fanout600/X                             0.750000    1.069342   -0.319342 (VIOLATED)
_2687_/B2                               0.750000    1.062443   -0.312443 (VIOLATED)
_2728_/C1                               0.750000    1.062430   -0.312430 (VIOLATED)
_2757_/B2                               0.750000    1.062423   -0.312423 (VIOLATED)
_2624_/C1                               0.750000    1.062406   -0.312406 (VIOLATED)
_2664_/B2                               0.750000    1.062384   -0.312384 (VIOLATED)
_2837_/C1                               0.750000    1.062375   -0.312375 (VIOLATED)
_3118_/B2                               0.750000    1.062374   -0.312374 (VIOLATED)
_3000_/C1                               0.750000    1.062368   -0.312368 (VIOLATED)
_2596_/A1                               0.750000    1.062355   -0.312355 (VIOLATED)
_2573_/A1                               0.750000    1.062328   -0.312328 (VIOLATED)
fanout563/X                             0.750000    1.062328   -0.312328 (VIOLATED)
_2717_/C1                               0.750000    1.053782   -0.303782 (VIOLATED)
_2681_/A1                               0.750000    1.053769   -0.303769 (VIOLATED)
_2745_/C1                               0.750000    1.053660   -0.303660 (VIOLATED)
_2657_/C1                               0.750000    1.053598   -0.303598 (VIOLATED)
_2629_/C1                               0.750000    1.053543   -0.303543 (VIOLATED)
_3106_/C1                               0.750000    1.053388   -0.303388 (VIOLATED)
_3006_/A1                               0.750000    1.053260   -0.303260 (VIOLATED)
_2842_/C1                               0.750000    1.053209   -0.303209 (VIOLATED)
_2595_/C1                               0.750000    1.053060   -0.303060 (VIOLATED)
_2573_/B2                               0.750000    1.053036   -0.303036 (VIOLATED)
fanout635/X                             0.750000    1.053034   -0.303034 (VIOLATED)
_3515_/B1                               0.750000    1.025370   -0.275370 (VIOLATED)
_3254_/B1                               0.750000    1.025358   -0.275358 (VIOLATED)
_3741_/B1                               0.750000    1.025316   -0.275316 (VIOLATED)
_3440_/A1                               0.750000    1.025281   -0.275281 (VIOLATED)
_3503_/C1                               0.750000    1.025189   -0.275189 (VIOLATED)
_3280_/A1                               0.750000    1.025136   -0.275136 (VIOLATED)
_3633_/B1                               0.750000    1.025092   -0.275092 (VIOLATED)
_3341_/A                                0.750000    1.025055   -0.275055 (VIOLATED)
_3854_/A1                               0.750000    1.025011   -0.275011 (VIOLATED)
_3897_/C1                               0.750000    1.024971   -0.274971 (VIOLATED)
fanout575/X                             0.750000    1.024968   -0.274968 (VIOLATED)
_5021_/A2                               0.750000    0.925840   -0.175840 (VIOLATED)
load_slew329/A                          0.750000    0.925827   -0.175827 (VIOLATED)
_5027_/A2                               0.750000    0.925826   -0.175826 (VIOLATED)
_5024_/A2                               0.750000    0.925820   -0.175820 (VIOLATED)
_5038_/A2                               0.750000    0.925575   -0.175575 (VIOLATED)
fanout328/X                             0.750000    0.925575   -0.175575 (VIOLATED)
_3472_/A1                               0.750000    0.891024   -0.141024 (VIOLATED)
_3360_/A1                               0.750000    0.891020   -0.141020 (VIOLATED)
_3377_/C1                               0.750000    0.891001   -0.141001 (VIOLATED)
_3370_/C1                               0.750000    0.890984   -0.140984 (VIOLATED)
_3781_/C1                               0.750000    0.890972   -0.140972 (VIOLATED)
_3662_/C1                               0.750000    0.890972   -0.140972 (VIOLATED)
_3735_/C1                               0.750000    0.890968   -0.140968 (VIOLATED)
_3429_/C1                               0.750000    0.890957   -0.140957 (VIOLATED)
_3607_/C1                               0.750000    0.890933   -0.140933 (VIOLATED)
_3602_/A1                               0.750000    0.890914   -0.140914 (VIOLATED)
fanout700/X                             0.750000    0.890909   -0.140909 (VIOLATED)
_4875_/B1                               0.750000    0.860754   -0.110754 (VIOLATED)
_4860_/B1                               0.750000    0.860726   -0.110726 (VIOLATED)
_4867_/B1                               0.750000    0.860709   -0.110709 (VIOLATED)
_4872_/B1                               0.750000    0.860695   -0.110695 (VIOLATED)
_4856_/B1                               0.750000    0.860679   -0.110679 (VIOLATED)
_4852_/B1                               0.750000    0.860678   -0.110678 (VIOLATED)
fanout147/X                             0.750000    0.860668   -0.110668 (VIOLATED)
_4330_/B1                               0.750000    0.858060   -0.108060 (VIOLATED)
fanout247/A                             0.750000    0.858060   -0.108060 (VIOLATED)
fanout249/A                             0.750000    0.858060   -0.108060 (VIOLATED)
_4325_/B1                               0.750000    0.858059   -0.108060 (VIOLATED)
_4331_/B1                               0.750000    0.858057   -0.108057 (VIOLATED)
_4320_/B1                               0.750000    0.858057   -0.108057 (VIOLATED)
fanout251/A                             0.750000    0.858053   -0.108053 (VIOLATED)
fanout253/X                             0.750000    0.858050   -0.108050 (VIOLATED)
_4837_/B1                               0.750000    0.830305   -0.080305 (VIOLATED)
_4832_/B1                               0.750000    0.830296   -0.080296 (VIOLATED)
_4830_/B1                               0.750000    0.830271   -0.080271 (VIOLATED)
_4828_/B1                               0.750000    0.830227   -0.080227 (VIOLATED)
_4827_/B1                               0.750000    0.830224   -0.080224 (VIOLATED)
_4843_/B1                               0.750000    0.830219   -0.080219 (VIOLATED)
fanout157/X                             0.750000    0.830215   -0.080215 (VIOLATED)
fanout536/A                             0.750000    0.821632   -0.071632 (VIOLATED)
fanout534/A                             0.750000    0.821612   -0.071612 (VIOLATED)
fanout539/A                             0.750000    0.821584   -0.071584 (VIOLATED)
_3987_/Y                                0.750000    0.821577   -0.071577 (VIOLATED)
fanout466/A                             0.750000    0.819501   -0.069501 (VIOLATED)
ANTENNA_7/DIODE                         0.750000    0.819501   -0.069501 (VIOLATED)
ANTENNA_6/DIODE                         0.750000    0.819500   -0.069500 (VIOLATED)
fanout464/A                             0.750000    0.819500   -0.069500 (VIOLATED)
fanout461/A                             0.750000    0.819490   -0.069491 (VIOLATED)
fanout463/A                             0.750000    0.819489   -0.069489 (VIOLATED)
_4332_/Y                                0.750000    0.819485   -0.069485 (VIOLATED)
_4341_/A2                               0.750000    0.808790   -0.058790 (VIOLATED)
_4333_/B                                0.750000    0.808540   -0.058540 (VIOLATED)
_4350_/A2                               0.750000    0.808540   -0.058540 (VIOLATED)
fanout464/X                             0.750000    0.808540   -0.058540 (VIOLATED)
wire465/A                               0.750000    0.808540   -0.058540 (VIOLATED)
_3241_/B1                               0.750000    0.799662   -0.049662 (VIOLATED)
_3786_/B2                               0.750000    0.799657   -0.049657 (VIOLATED)
_3791_/B2                               0.750000    0.799648   -0.049649 (VIOLATED)
_3672_/B2                               0.750000    0.799639   -0.049639 (VIOLATED)
_3775_/B2                               0.750000    0.799608   -0.049608 (VIOLATED)
_3752_/B2                               0.750000    0.799592   -0.049592 (VIOLATED)
_3734_/B2                               0.750000    0.799591   -0.049591 (VIOLATED)
_3510_/A1                               0.750000    0.799586   -0.049586 (VIOLATED)
fanout598/A                             0.750000    0.799565   -0.049565 (VIOLATED)
_3780_/B2                               0.750000    0.799543   -0.049543 (VIOLATED)
fanout599/X                             0.750000    0.799534   -0.049534 (VIOLATED)
_4841_/A2                               0.750000    0.794179   -0.044179 (VIOLATED)
_4826_/A2                               0.750000    0.794129   -0.044129 (VIOLATED)
_4833_/A2                               0.750000    0.794103   -0.044103 (VIOLATED)
_4838_/A2                               0.750000    0.794092   -0.044092 (VIOLATED)
_4822_/A2                               0.750000    0.794060   -0.044060 (VIOLATED)
_4818_/A2                               0.750000    0.794060   -0.044060 (VIOLATED)
fanout372/X                             0.750000    0.794053   -0.044054 (VIOLATED)
_5045_/B1                               0.750000    0.790760   -0.040760 (VIOLATED)
_5037_/B1                               0.750000    0.790741   -0.040741 (VIOLATED)
_5030_/B1                               0.750000    0.790726   -0.040726 (VIOLATED)
_5042_/B1                               0.750000    0.790693   -0.040693 (VIOLATED)
_5026_/B1                               0.750000    0.790556   -0.040556 (VIOLATED)
_5022_/B1                               0.750000    0.790555   -0.040555 (VIOLATED)
fanout116/X                             0.750000    0.790553   -0.040553 (VIOLATED)
_4885_/A2                               0.750000    0.790168   -0.040168 (VIOLATED)
_4891_/A2                               0.750000    0.790119   -0.040119 (VIOLATED)
load_slew357/A                          0.750000    0.790117   -0.040117 (VIOLATED)
_4888_/A2                               0.750000    0.790110   -0.040110 (VIOLATED)
_4902_/A2                               0.750000    0.790024   -0.040024 (VIOLATED)
fanout356/X                             0.750000    0.789806   -0.039806 (VIOLATED)
_4808_/A_N                              0.750000    0.785400   -0.035400 (VIOLATED)
_4801_/A_N                              0.750000    0.785380   -0.035380 (VIOLATED)
ANTENNA_13/DIODE                        0.750000    0.785379   -0.035379 (VIOLATED)
_4806_/A_N                              0.750000    0.785320   -0.035320 (VIOLATED)
ANTENNA_33/DIODE                        0.750000    0.785320   -0.035320 (VIOLATED)
fanout1002/A                            0.750000    0.785096   -0.035096 (VIOLATED)
ANTENNA_35/DIODE                        0.750000    0.785094   -0.035094 (VIOLATED)
fanout994/A                             0.750000    0.784953   -0.034953 (VIOLATED)
ANTENNA_34/DIODE                        0.750000    0.784953   -0.034953 (VIOLATED)
fanout993/A                             0.750000    0.784877   -0.034877 (VIOLATED)
fanout991/A                             0.750000    0.784847   -0.034847 (VIOLATED)
input16/X                               0.750000    0.784800   -0.034800 (VIOLATED)
fanout135/A                             0.750000    0.784723   -0.034723 (VIOLATED)
fanout132/A                             0.750000    0.784717   -0.034717 (VIOLATED)
fanout134/A                             0.750000    0.784710   -0.034710 (VIOLATED)
fanout137/A                             0.750000    0.784707   -0.034707 (VIOLATED)
_4913_/Y                                0.750000    0.784699   -0.034699 (VIOLATED)
_4919_/A2                               0.750000    0.784383   -0.034383 (VIOLATED)
_4925_/A2                               0.750000    0.784344   -0.034344 (VIOLATED)
load_slew350/A                          0.750000    0.784342   -0.034342 (VIOLATED)
_4922_/A2                               0.750000    0.784339   -0.034339 (VIOLATED)
_4936_/A2                               0.750000    0.784081   -0.034081 (VIOLATED)
fanout349/X                             0.750000    0.784081   -0.034081 (VIOLATED)
fanout330/A                             0.750000    0.783378   -0.033379 (VIOLATED)
fanout333/A                             0.750000    0.783356   -0.033356 (VIOLATED)
fanout328/A                             0.750000    0.783327   -0.033327 (VIOLATED)
_5014_/Y                                0.750000    0.783324   -0.033324 (VIOLATED)
fanout331/A                             0.750000    0.783324   -0.033324 (VIOLATED)
ANTENNA_38/DIODE                        0.750000    0.778472   -0.028472 (VIOLATED)
fanout351/A                             0.750000    0.778471   -0.028471 (VIOLATED)
fanout354/A                             0.750000    0.778431   -0.028431 (VIOLATED)
ANTENNA_39/DIODE                        0.750000    0.778430   -0.028430 (VIOLATED)
fanout349/A                             0.750000    0.778400   -0.028400 (VIOLATED)
fanout352/A                             0.750000    0.778342   -0.028342 (VIOLATED)
_4912_/Y                                0.750000    0.778339   -0.028339 (VIOLATED)
fanout358/A                             0.750000    0.778286   -0.028286 (VIOLATED)
ANTENNA_37/DIODE                        0.750000    0.778286   -0.028286 (VIOLATED)
fanout356/A                             0.750000    0.778277   -0.028277 (VIOLATED)
fanout361/A                             0.750000    0.778275   -0.028275 (VIOLATED)
_4878_/Y                                0.750000    0.778269   -0.028269 (VIOLATED)
fanout254/A                             0.750000    0.776512   -0.026512 (VIOLATED)
fanout256/A                             0.750000    0.776487   -0.026487 (VIOLATED)
_4297_/B1                               0.750000    0.776472   -0.026472 (VIOLATED)
_4286_/B1                               0.750000    0.776451   -0.026451 (VIOLATED)
_4291_/B1                               0.750000    0.776400   -0.026400 (VIOLATED)
_4296_/B1                               0.750000    0.776377   -0.026378 (VIOLATED)
fanout258/A                             0.750000    0.776349   -0.026349 (VIOLATED)
fanout260/X                             0.750000    0.776347   -0.026347 (VIOLATED)
_5045_/A2                               0.750000    0.772081   -0.022081 (VIOLATED)
_5037_/A2                               0.750000    0.772056   -0.022056 (VIOLATED)
_5030_/A2                               0.750000    0.772040   -0.022040 (VIOLATED)
_5042_/A2                               0.750000    0.772012   -0.022012 (VIOLATED)
_5026_/A2                               0.750000    0.771896   -0.021896 (VIOLATED)
_5022_/A2                               0.750000    0.771895   -0.021895 (VIOLATED)
fanout330/X                             0.750000    0.771892   -0.021893 (VIOLATED)
ANTENNA_40/DIODE                        0.750000    0.769368   -0.019368 (VIOLATED)
fanout114/A                             0.750000    0.769367   -0.019368 (VIOLATED)
fanout117/A                             0.750000    0.769361   -0.019361 (VIOLATED)
fanout116/A                             0.750000    0.769359   -0.019359 (VIOLATED)
ANTENNA_41/DIODE                        0.750000    0.769359   -0.019359 (VIOLATED)
fanout119/A                             0.750000    0.769346   -0.019346 (VIOLATED)
_5015_/Y                                0.750000    0.769341   -0.019341 (VIOLATED)
fanout387/A                             0.750000    0.765841   -0.015841 (VIOLATED)
fanout385/A                             0.750000    0.765772   -0.015772 (VIOLATED)
fanout390/A                             0.750000    0.765771   -0.015771 (VIOLATED)
_4710_/Y                                0.750000    0.765768   -0.015768 (VIOLATED)
_5041_/B1                               0.750000    0.763959   -0.013959 (VIOLATED)
_5036_/B1                               0.750000    0.763949   -0.013949 (VIOLATED)
_5034_/B1                               0.750000    0.763945   -0.013945 (VIOLATED)
_5031_/B1                               0.750000    0.763871   -0.013871 (VIOLATED)
_5047_/B1                               0.750000    0.763852   -0.013852 (VIOLATED)
_5032_/B1                               0.750000    0.763825   -0.013825 (VIOLATED)
fanout119/X                             0.750000    0.763606   -0.013606 (VIOLATED)
fanout416/A                             0.750000    0.763279   -0.013279 (VIOLATED)
fanout418/A                             0.750000    0.763273   -0.013273 (VIOLATED)
fanout413/A                             0.750000    0.763240   -0.013240 (VIOLATED)
fanout415/A                             0.750000    0.763240   -0.013240 (VIOLATED)
_4573_/Y                                0.750000    0.763236   -0.013236 (VIOLATED)
_4374_/A2                               0.750000    0.758167   -0.008167 (VIOLATED)
_4375_/A2                               0.750000    0.758163   -0.008163 (VIOLATED)
_4380_/A2                               0.750000    0.758108   -0.008108 (VIOLATED)
load_slew454/A                          0.750000    0.758107   -0.008107 (VIOLATED)
_4377_/A2                               0.750000    0.758105   -0.008105 (VIOLATED)
fanout453/X                             0.750000    0.758102   -0.008103 (VIOLATED)
fanout744/A                             0.750000    0.757618   -0.007618 (VIOLATED)
_2875_/A1                               0.750000    0.757611   -0.007611 (VIOLATED)
_2891_/A1                               0.750000    0.757609   -0.007609 (VIOLATED)
_3027_/A1                               0.750000    0.757601   -0.007601 (VIOLATED)
fanout742/A                             0.750000    0.757601   -0.007601 (VIOLATED)
_3011_/A1                               0.750000    0.757405   -0.007405 (VIOLATED)
fanout746/X                             0.750000    0.757405   -0.007405 (VIOLATED)
fanout435/A                             0.750000    0.754532   -0.004532 (VIOLATED)
fanout438/A                             0.750000    0.754522   -0.004522 (VIOLATED)
fanout433/A                             0.750000    0.754507   -0.004507 (VIOLATED)
fanout436/A                             0.750000    0.754505   -0.004505 (VIOLATED)
_4470_/Y                                0.750000    0.754500   -0.004500 (VIOLATED)
_4939_/B1                               0.750000    0.753126   -0.003126 (VIOLATED)
_4934_/B1                               0.750000    0.753097   -0.003097 (VIOLATED)
_4932_/B1                               0.750000    0.753084   -0.003084 (VIOLATED)
_4929_/B1                               0.750000    0.753070   -0.003070 (VIOLATED)
_4945_/B1                               0.750000    0.753007   -0.003007 (VIOLATED)
_4930_/B1                               0.750000    0.752936   -0.002937 (VIOLATED)
fanout137/X                             0.750000    0.752723   -0.002723 (VIOLATED)
_4841_/B1                               0.750000    0.752351   -0.002351 (VIOLATED)
_4826_/B1                               0.750000    0.752292   -0.002292 (VIOLATED)
_4833_/B1                               0.750000    0.752271   -0.002271 (VIOLATED)
_4838_/B1                               0.750000    0.752261   -0.002261 (VIOLATED)
_4822_/B1                               0.750000    0.752249   -0.002249 (VIOLATED)
_4818_/B1                               0.750000    0.752245   -0.002245 (VIOLATED)
fanout154/X                             0.750000    0.752241   -0.002241 (VIOLATED)

max fanout

Pin                                   Limit Fanout  Slack
---------------------------------------------------------
clkbuf_0_clk/X                           10     16     -6 (VIOLATED)
clkbuf_leaf_79_clk/X                     10     13     -3 (VIOLATED)
clkbuf_leaf_85_clk/X                     10     13     -3 (VIOLATED)
clkbuf_leaf_15_clk/X                     10     12     -2 (VIOLATED)
clkbuf_leaf_16_clk/X                     10     12     -2 (VIOLATED)
clkbuf_leaf_17_clk/X                     10     12     -2 (VIOLATED)
clkbuf_leaf_38_clk/X                     10     12     -2 (VIOLATED)
clkbuf_leaf_39_clk/X                     10     12     -2 (VIOLATED)
clkbuf_leaf_41_clk/X                     10     12     -2 (VIOLATED)
clkbuf_leaf_45_clk/X                     10     12     -2 (VIOLATED)
clkbuf_leaf_57_clk/X                     10     12     -2 (VIOLATED)
clkbuf_leaf_59_clk/X                     10     12     -2 (VIOLATED)
clkbuf_leaf_64_clk/X                     10     12     -2 (VIOLATED)
clkbuf_leaf_101_clk/X                    10     11        (VIOLATED)
clkbuf_leaf_11_clk/X                     10     11        (VIOLATED)
clkbuf_leaf_22_clk/X                     10     11        (VIOLATED)
clkbuf_leaf_31_clk/X                     10     11        (VIOLATED)
clkbuf_leaf_35_clk/X                     10     11        (VIOLATED)
clkbuf_leaf_50_clk/X                     10     11        (VIOLATED)
clkbuf_leaf_51_clk/X                     10     11        (VIOLATED)
clkbuf_leaf_53_clk/X                     10     11        (VIOLATED)
clkbuf_leaf_5_clk/X                      10     11        (VIOLATED)
clkbuf_leaf_65_clk/X                     10     11        (VIOLATED)
clkbuf_leaf_70_clk/X                     10     11        (VIOLATED)
clkbuf_leaf_73_clk/X                     10     11        (VIOLATED)
clkbuf_leaf_86_clk/X                     10     11        (VIOLATED)
clkbuf_leaf_97_clk/X                     10     11        (VIOLATED)
input16/X                                10     11        (VIOLATED)

max capacitance

Pin                                        Limit         Cap       Slack
------------------------------------------------------------------------
clkbuf_0_clk/X                          0.200000    0.223752   -0.023752 (VIOLATED)



===========================================================================
report_parasitic_annotation -report_unannotated
============================================================================
Found 51 unannotated drivers.
 clkload0/X
 clkload1/X
 clkload10/Y
 clkload11/Y
 clkload12/X
 clkload13/X
 clkload14/X
 clkload15/X
 clkload16/Y
 clkload17/X
 clkload18/X
 clkload19/Y
 clkload2/X
 clkload20/X
 clkload21/X
 clkload22/X
 clkload23/X
 clkload24/X
 clkload25/X
 clkload26/X
 clkload27/Y
 clkload28/X
 clkload29/X
 clkload3/X
 clkload30/Y
 clkload31/X
 clkload32/X
 clkload33/Y
 clkload34/Y
 clkload35/X
 clkload36/X
 clkload37/X
 clkload38/X
 clkload39/X
 clkload4/X
 clkload40/Y
 clkload41/Y
 clkload42/Y
 clkload43/Y
 clkload44/Y
 clkload45/X
 clkload46/Y
 clkload47/X
 clkload48/Y
 clkload49/Y
 clkload5/X
 clkload50/X
 clkload6/X
 clkload7/X
 clkload8/X
 clkload9/Y
Found 0 partially unannotated drivers.

===========================================================================
max slew violation count 279
max fanout violation count 28
max cap violation count 1
============================================================================

===========================================================================
check_setup -verbose -unconstrained_endpoints -multiple_clock -no_clock -no_input_delay -loops -generated_clocks
===========================================================================
