Clock: clk
Sources: clk 
Generated: no
Virtual: yes
Propagated: no
Period: 10.000000

===========================================================================
report_clock_properties
============================================================================
Clock                   Period          Waveform
----------------------------------------------------
clk                  10.000000    0.000000  5.000000

===========================================================================
report_clock_latency
============================================================================
Clock clk
rise -> rise
    min     max
0.000000 0.000000 source latency
0.961964         network latency _5536_/CLK
        1.005297 network latency _6059_/CLK
---------------
0.961964 1.005297 latency
        0.043333 skew

fall -> fall
    min     max
0.000000 0.000000 source latency
0.777862         network latency _5536_/CLK
        0.809771 network latency _6059_/CLK
---------------
0.777862 0.809771 latency
        0.031908 skew



===========================================================================
report_clock_min_period
============================================================================
clk period_min = 1.50 fmax = 665.19
