
===========================================================================
 report_power
============================================================================
======================= nom_tt_025C_1v80 Corner ===================================

Group                    Internal    Switching      Leakage        Total
                            Power        Power        Power        Power (Watts)
------------------------------------------------------------------------
Sequential           4.105630e-03 1.833006e-05 8.777412e-09 4.123969e-03  48.4%
Combinational        5.018535e-04 8.439632e-04 2.419387e-08 1.345841e-03  15.8%
Clock                1.482730e-03 1.576808e-03 1.952852e-08 3.059557e-03  35.9%
Macro                0.000000e+00 0.000000e+00 0.000000e+00 0.000000e+00   0.0%
Pad                  0.000000e+00 0.000000e+00 0.000000e+00 0.000000e+00   0.0%
------------------------------------------------------------------------
Total                6.090228e-03 2.439102e-03 5.250051e-08 8.529382e-03 100.0%
                            71.4%        28.6%         0.0%

